Picked up JAVA_TOOL_OPTIONS: -Dfile.encoding=UTF-8
WARNING: A restricted method in java.lang.System has been called
WARNING: java.lang.System::load has been called by net.rubygrapefruit.platform.internal.NativeLibraryLoader in an unnamed module (file:/C:/Users/david/.gradle/wrapper/dists/gradle-9.2.1-bin/2t0n5ozlw9xmuyvbp7dnzaxug/gradle-9.2.1/lib/native-platform-0.22-milestone-29.jar)
WARNING: Use --enable-native-access=ALL-UNNAMED to avoid a warning for callers in this module
WARNING: Restricted methods will be blocked in a future release unless native access is enabled

Initialized native services in: C:\Users\david\.gradle\native
Initialized jansi services in: C:\Users\david\.gradle\native
The client will now receive all logging from the daemon (pid: 10228). The daemon log file: C:\Users\david\.gradle\daemon\9.2.1\daemon-10228.out.log
Starting 10th build in daemon [uptime: 17 mins 44.422 secs, performance: 100%, GC rate: 0.00/s, heap usage: 2% of 512 MiB, non-heap usage: 23% of 384 MiB]
Using 12 worker leases.
Operational build model parameters: {requiresToolingModels=false, parallelProjectExecution=false, configureOnDemand=false, configurationCache=false, configurationCacheParallelStore=false, configurationCacheParallelLoad=true, isolatedProjects=false, parallelProjectConfiguration=false, intermediateModelCache=false, parallelToolingApiActions=false, invalidateCoupledProjects=false, modelAsProjectDependency=false, resilientModelBuilding=false}
Now considering [C:\Users\david\Projects\backend-core] as hierarchies to watch
Watching the file system is configured to be enabled if available
File system watching is active
Starting Build
Settings evaluated using settings file 'C:\Users\david\Projects\backend-core\settings.gradle'.
Projects loaded. Root project using build file 'C:\Users\david\Projects\backend-core\build.gradle'.
Included projects: [root project 'backendcore']

> Configure project :
Evaluating root project 'backendcore' using build file 'C:\Users\david\Projects\backend-core\build.gradle'.
Resolved plugin [id: 'java']
Resolved plugin [id: 'application']
Resolved plugin [id: 'checkstyle']
Resolved plugin [id: 'jacoco']
Resolved plugin [id: 'com.bakdata.mockito', version: '1.9.0']
Resolved plugin [id: 'gg.jte.gradle', version: '3.1.15']
Resolved plugin [id: 'org.springframework.boot', version: '3.5.7']
Resolved plugin [id: 'io.spring.dependency-management', version: '1.1.7']
Applying dependency management to configuration 'annotationProcessor' in project 'backendcore'
Applying dependency management to configuration 'apiElements' in project 'backendcore'
Applying dependency management to configuration 'archives' in project 'backendcore'
Applying dependency management to configuration 'bootArchives' in project 'backendcore'
Applying dependency management to configuration 'checkstyle' in project 'backendcore'
Applying dependency management to configuration 'compileClasspath' in project 'backendcore'
Applying dependency management to configuration 'compileOnly' in project 'backendcore'
Applying dependency management to configuration 'coverageDataElementsForTest' in project 'backendcore'
Applying dependency management to configuration 'default' in project 'backendcore'
Applying dependency management to configuration 'developmentOnly' in project 'backendcore'
Applying dependency management to configuration 'implementation' in project 'backendcore'
Applying dependency management to configuration 'jacocoAgent' in project 'backendcore'
Applying dependency management to configuration 'jacocoAnt' in project 'backendcore'
Applying dependency management to configuration 'jteGenerate' in project 'backendcore'
Applying dependency management to configuration 'mainSourceElements' in project 'backendcore'
Applying dependency management to configuration 'productionRuntimeClasspath' in project 'backendcore'
Applying dependency management to configuration 'runtimeClasspath' in project 'backendcore'
Applying dependency management to configuration 'runtimeElements' in project 'backendcore'
Applying dependency management to configuration 'runtimeOnly' in project 'backendcore'
Applying dependency management to configuration 'testAndDevelopmentOnly' in project 'backendcore'
Applying dependency management to configuration 'testAnnotationProcessor' in project 'backendcore'
Applying dependency management to configuration 'testCompileClasspath' in project 'backendcore'
Applying dependency management to configuration 'testCompileOnly' in project 'backendcore'
Applying dependency management to configuration 'testImplementation' in project 'backendcore'
Applying dependency management to configuration 'testResultsElementsForTest' in project 'backendcore'
Applying dependency management to configuration 'testRuntimeClasspath' in project 'backendcore'
Applying dependency management to configuration 'testRuntimeOnly' in project 'backendcore'
All projects evaluated.
Task name matched 'clean'
Task name matched 'test'
Selected primary task 'clean' from project :
Selected primary task 'test' from project :
Resolving global dependency management for project 'backendcore'
Excluding []
Excluding []
Excluding []
Configuring Mockito java agent for task test
Excluding []
Excluding []
Excluding []
Excluding []
Excluding []
Excluding []
Excluding []
Tasks to be executed: [task ':cleanGenerateJte', task ':cleanPrecompileJte', task ':clean', task ':generateJte', task ':compileJava', task ':processResources', task ':classes', task ':compileTestJava', task ':configureMockitoAgent', task ':precompileJte', task ':processTestResources', task ':testClasses', task ':test']
Tasks that were excluded: []
Resolve mutations for :cleanGenerateJte (Thread[#1699,Execution worker Thread 2,5,main]) started.
:cleanGenerateJte (Thread[#1699,Execution worker Thread 2,5,main]) started.

> Task :cleanGenerateJte
Caching disabled for task ':cleanGenerateJte' because:
  Build cache is disabled
Task ':cleanGenerateJte' is not up-to-date because:
  Task has not declared any outputs despite executing actions.
Resolve mutations for :cleanPrecompileJte (Thread[#1699,Execution worker Thread 2,5,main]) started.
:cleanPrecompileJte (Thread[#1699,Execution worker Thread 2,5,main]) started.

> Task :cleanPrecompileJte UP-TO-DATE
Caching disabled for task ':cleanPrecompileJte' because:
  Build cache is disabled
Task ':cleanPrecompileJte' is not up-to-date because:
  Task has not declared any outputs despite executing actions.
Resolve mutations for :clean (Thread[#1699,Execution worker Thread 2,5,main]) started.
:clean (Thread[#1699,Execution worker Thread 2,5,main]) started.
destroyer locations for task group 0 (Thread[#1697,included builds,5,main]) started.

> Task :clean
Caching disabled for task ':clean' because:
  Build cache is disabled
Task ':clean' is not up-to-date because:
  Task has not declared any outputs despite executing actions.
Resolve mutations for :generateJte (Thread[#1699,Execution worker Thread 2,5,main]) started.
:generateJte (Thread[#1699,Execution worker Thread 2,5,main]) started.

> Task :generateJte
Caching disabled for task ':generateJte' because:
  Build cache is disabled
Task ':generateJte' is not up-to-date because:
  Output property 'targetDirectory' file C:\Users\david\Projects\backend-core\build\generated-sources\jte has been removed.
  Output property 'targetDirectory' file C:\Users\david\Projects\backend-core\build\generated-sources\jte\gg has been removed.
  Output property 'targetDirectory' file C:\Users\david\Projects\backend-core\build\generated-sources\jte\gg\jte has been removed.
  and more...
Generating jte templates found in C:\Users\david\Projects\backend-core\src\main\jte
Successfully generated 3 jte files in 0s to C:\Users\david\Projects\backend-core\build\generated-sources\jte
Resolve mutations for :compileJava (Thread[#1699,Execution worker Thread 2,5,main]) started.
:compileJava (Thread[#1699,Execution worker Thread 2,5,main]) started.

> Task :compileJava
Custom actions are attached to task ':compileJava'.
Caching disabled for task ':compileJava' because:
  Build cache is disabled
Task ':compileJava' is not up-to-date because:
  Output property 'destinationDirectory' file C:\Users\david\Projects\backend-core\build\classes\java\main has been removed.
  Output property 'destinationDirectory' file C:\Users\david\Projects\backend-core\build\classes\java\main\ru has been removed.
  Output property 'destinationDirectory' file C:\Users\david\Projects\backend-core\build\classes\java\main\ru\mentee has been removed.
  and more...
The input changes require a full rebuild for incremental task ':compileJava'.
Compilation mode: in-process compilation
Full recompilation is required because no incremental change information is available. This is usually caused by clean builds or changing compiler arguments.
Compiling with toolchain 'C:\Program Files\Eclipse Adoptium\jdk-25.0.1.8-hotspot'.
Compiling with JDK Java compiler API.
Class dependency analysis for incremental compilation took 0.01 secs.
Created classpath snapshot for incremental compilation in 0.012 secs.
Resolve mutations for :processResources (Thread[#1699,Execution worker Thread 2,5,main]) started.
:processResources (Thread[#1699,Execution worker Thread 2,5,main]) started.

> Task :processResources
Caching disabled for task ':processResources' because:
  Build cache is disabled
  Not worth caching
Task ':processResources' is not up-to-date because:
  Output property 'destinationDir' file C:\Users\david\Projects\backend-core\build\resources\main has been removed.
  Output property 'destinationDir' file C:\Users\david\Projects\backend-core\build\resources\main\application-dev.yml has been removed.
  Output property 'destinationDir' file C:\Users\david\Projects\backend-core\build\resources\main\application.yml has been removed.
  and more...
Resolve mutations for :classes (Thread[#1699,Execution worker Thread 2,5,main]) started.
:classes (Thread[#1699,Execution worker Thread 2,5,main]) started.

> Task :classes
Skipping task ':classes' as it has no actions.
Resolve mutations for :compileTestJava (Thread[#1699,Execution worker Thread 2,5,main]) started.
:compileTestJava (Thread[#1699,Execution worker Thread 2,5,main]) started.

> Task :compileTestJava
Custom actions are attached to task ':compileTestJava'.
Caching disabled for task ':compileTestJava' because:
  Build cache is disabled
Task ':compileTestJava' is not up-to-date because:
  Output property 'destinationDirectory' file C:\Users\david\Projects\backend-core\build\classes\java\test has been removed.
  Output property 'destinationDirectory' file C:\Users\david\Projects\backend-core\build\classes\java\test\ru has been removed.
  Output property 'destinationDirectory' file C:\Users\david\Projects\backend-core\build\classes\java\test\ru\mentee has been removed.
  and more...
The input changes require a full rebuild for incremental task ':compileTestJava'.
Compilation mode: in-process compilation
Full recompilation is required because no incremental change information is available. This is usually caused by clean builds or changing compiler arguments.
Compiling with toolchain 'C:\Program Files\Eclipse Adoptium\jdk-25.0.1.8-hotspot'.
Compiling with JDK Java compiler API.
Note: C:\Users\david\Projects\backend-core\src\test\java\ru\mentee\power\crm\spring\service\LeadServiceMockTest.java uses unchecked or unsafe operations.
Note: Recompile with -Xlint:unchecked for details.
Class dependency analysis for incremental compilation took 0.009 secs.
Created classpath snapshot for incremental compilation in 0.012 secs.
Resolve mutations for :configureMockitoAgent (Thread[#1699,Execution worker Thread 2,5,main]) started.
:configureMockitoAgent (Thread[#1699,Execution worker Thread 2,5,main]) started.

> Task :configureMockitoAgent UP-TO-DATE
Skipping task ':configureMockitoAgent' as it has no actions.
Resolve mutations for :precompileJte (Thread[#1699,Execution worker Thread 2,5,main]) started.
:precompileJte (Thread[#1699,Execution worker Thread 2,5,main]) started.

> Task :precompileJte SKIPPED
Skipping task ':precompileJte' as task onlyIf 'Task satisfies onlyIf spec' is false.
Resolve mutations for :processTestResources (Thread[#1699,Execution worker Thread 2,5,main]) started.
:processTestResources (Thread[#1699,Execution worker Thread 2,5,main]) started.

> Task :processTestResources
Caching disabled for task ':processTestResources' because:
  Build cache is disabled
  Not worth caching
Task ':processTestResources' is not up-to-date because:
  Output property 'destinationDir' file C:\Users\david\Projects\backend-core\build\resources\test has been removed.
  Output property 'destinationDir' file C:\Users\david\Projects\backend-core\build\resources\test\application-test.yml has been removed.
Resolve mutations for :testClasses (Thread[#1699,Execution worker Thread 2,5,main]) started.
:testClasses (Thread[#1699,Execution worker Thread 2,5,main]) started.

> Task :testClasses
Skipping task ':testClasses' as it has no actions.
Resolve mutations for :test (Thread[#1699,Execution worker Thread 2,5,main]) started.
:test (Thread[#1699,Execution worker Thread 2,5,main]) started.
Gradle Test Executor 10 started executing tests.

> Task :test
Custom actions are attached to task ':test'.
Caching disabled for task ':test' because:
  Build cache is disabled
Task ':test' is not up-to-date because:
  Task has failed previously.
Starting process 'Gradle Test Executor 10'. Working directory: C:\Users\david\Projects\backend-core Command: C:\Program Files\Eclipse Adoptium\jdk-25.0.1.8-hotspot\bin\java.exe -Dorg.gradle.internal.worker.tmpdir=C:\Users\david\Projects\backend-core\build\tmp\test\work -javaagent:C:\Users\david\.gradle\caches\modules-2\files-2.1\org.mockito\mockito-core\5.14.2\f7bf936008d7664e2002c3faf0c02071c8d10e7c\mockito-core-5.14.2.jar -javaagent:C:\Users\david\Projects\backend-core\build\tmp\.cache\expanded\zip_27729b840c216bdc69a9315e04b27ab1\jacocoagent.jar=destfile=build/jacoco/test.exec,append=true,inclnolocationclasses=false,dumponexit=true,output=file,jmx=false @C:\Users\david\.gradle\.tmp\gradle-worker-classpath4643469404256421118txt -Xmx512m -Dfile.encoding=UTF-8 -Duser.country=RU -Duser.language=ru -Duser.variant -ea worker.org.gradle.process.internal.worker.GradleWorkerMain 'Gradle Test Executor 10'
Successfully started process 'Gradle Test Executor 10'
Picked up JAVA_TOOL_OPTIONS: -Dfile.encoding=UTF-8

DataBaseStructureTest STANDARD_OUT
    23:14:00.534 [Test worker] INFO org.springframework.test.context.support.AnnotationConfigContextLoaderUtils -- Could not detect default configuration classes for test class [ru.mentee.power.crm.DataBaseStructureTest]: DataBaseStructureTest does not declare any static, non-private, non-final, nested classes annotated with @Configuration.
    23:14:00.659 [Test worker] INFO org.springframework.boot.test.context.SpringBootTestContextBootstrapper -- Found @SpringBootConfiguration ru.mentee.power.crm.Application for test class ru.mentee.power.crm.DataBaseStructureTest

      .   ____          _            __ _ _
     /\\ / ___'_ __ _ _(_)_ __  __ _ \ \ \ \
    ( ( )\___ | '_ | '_| | '_ \/ _` | \ \ \ \
     \\/  ___)| |_)| | | | | || (_| |  ) ) ) )
      '  |____| .__|_| |_|_| |_\__, | / / / /
     =========|_|==============|___/=/_/_/_/

     :: Spring Boot ::                (v3.5.7)

    2026-06-23T23:14:01.411+03:00  INFO 26748 --- [mentee-power-crm] [    Test worker] r.m.power.crm.DataBaseStructureTest      : Starting DataBaseStructureTest using Java 25.0.1 with PID 26748 (started by david in C:\Users\david\Projects\backend-core)
    2026-06-23T23:14:01.412+03:00  INFO 26748 --- [mentee-power-crm] [    Test worker] r.m.power.crm.DataBaseStructureTest      : The following 1 profile is active: "test"
    2026-06-23T23:14:02.194+03:00  INFO 26748 --- [mentee-power-crm] [    Test worker] .s.d.r.c.RepositoryConfigurationDelegate : Bootstrapping Spring Data JPA repositories in DEFAULT mode.
    2026-06-23T23:14:02.278+03:00  INFO 26748 --- [mentee-power-crm] [    Test worker] .s.d.r.c.RepositoryConfigurationDelegate : Finished Spring Data repository scanning in 70 ms. Found 4 JPA repository interfaces.
    2026-06-23T23:14:02.732+03:00  INFO 26748 --- [mentee-power-crm] [    Test worker] com.zaxxer.hikari.HikariDataSource       : HikariPool-1 - Starting...
    2026-06-23T23:14:03.119+03:00  INFO 26748 --- [mentee-power-crm] [    Test worker] com.zaxxer.hikari.pool.HikariPool        : HikariPool-1 - Added connection conn0: url=jdbc:h2:mem:testdb user=SA
    2026-06-23T23:14:03.122+03:00  INFO 26748 --- [mentee-power-crm] [    Test worker] com.zaxxer.hikari.HikariDataSource       : HikariPool-1 - Start completed.
    2026-06-23T23:14:03.230+03:00  INFO 26748 --- [mentee-power-crm] [    Test worker] liquibase.database                       : Set default schema name to PUBLIC
    2026-06-23T23:14:03.469+03:00  INFO 26748 --- [mentee-power-crm] [    Test worker] liquibase.changelog                      : Creating database history table with name: PUBLIC.DATABASECHANGELOG
    2026-06-23T23:14:03.578+03:00  INFO 26748 --- [mentee-power-crm] [    Test worker] liquibase.changelog                      : Reading from PUBLIC.DATABASECHANGELOG
    2026-06-23T23:14:03.631+03:00  INFO 26748 --- [mentee-power-crm] [    Test worker] liquibase.lockservice                    : Successfully acquired change log lock
    2026-06-23T23:14:03.632+03:00  INFO 26748 --- [mentee-power-crm] [    Test worker] liquibase.command                        : Using deploymentId: 2245643632
    2026-06-23T23:14:03.634+03:00  INFO 26748 --- [mentee-power-crm] [    Test worker] liquibase.changelog                      : Reading from PUBLIC.DATABASECHANGELOG
    2026-06-23T23:14:03.666+03:00  INFO 26748 --- [mentee-power-crm] [    Test worker] liquibase.ui                             : Running Changeset: db/changelog/migrations/001_create_companies.sql::BCORE-32-1::Ismail
    2026-06-23T23:14:03.683+03:00  INFO 26748 --- [mentee-power-crm] [    Test worker] liquibase.changelog                      : Custom SQL executed
    2026-06-23T23:14:03.683+03:00  INFO 26748 --- [mentee-power-crm] [    Test worker] liquibase.changelog                      : ChangeSet db/changelog/migrations/001_create_companies.sql::BCORE-32-1::Ismail ran successfully in 15ms
    2026-06-23T23:14:03.690+03:00  INFO 26748 --- [mentee-power-crm] [    Test worker] liquibase.ui                             : Running Changeset: db/changelog/migrations/002_create_leads.sql::BCORE-32-2::Ismail
    2026-06-23T23:14:03.698+03:00  INFO 26748 --- [mentee-power-crm] [    Test worker] liquibase.changelog                      : Custom SQL executed
    2026-06-23T23:14:03.698+03:00  INFO 26748 --- [mentee-power-crm] [    Test worker] liquibase.changelog                      : ChangeSet db/changelog/migrations/002_create_leads.sql::BCORE-32-2::Ismail ran successfully in 8ms
    2026-06-23T23:14:03.700+03:00  INFO 26748 --- [mentee-power-crm] [    Test worker] liquibase.ui                             : Running Changeset: db/changelog/migrations/003_create_contacts.sql::BCORE-32-3::Ismail
    2026-06-23T23:14:03.703+03:00  INFO 26748 --- [mentee-power-crm] [    Test worker] liquibase.changelog                      : Custom SQL executed
    2026-06-23T23:14:03.704+03:00  INFO 26748 --- [mentee-power-crm] [    Test worker] liquibase.changelog                      : ChangeSet db/changelog/migrations/003_create_contacts.sql::BCORE-32-3::Ismail ran successfully in 3ms
    2026-06-23T23:14:03.706+03:00  INFO 26748 --- [mentee-power-crm] [    Test worker] liquibase.ui                             : Running Changeset: db/changelog/migrations/004_create_deals.sql::BCORE-32-4::Ismail
    2026-06-23T23:14:03.709+03:00  INFO 26748 --- [mentee-power-crm] [    Test worker] liquibase.changelog                      : Custom SQL executed
    2026-06-23T23:14:03.709+03:00  INFO 26748 --- [mentee-power-crm] [    Test worker] liquibase.changelog                      : ChangeSet db/changelog/migrations/004_create_deals.sql::BCORE-32-4::Ismail ran successfully in 3ms
    2026-06-23T23:14:03.711+03:00  INFO 26748 --- [mentee-power-crm] [    Test worker] liquibase.ui                             : Running Changeset: db/changelog/migrations/005_create_products.sql::BCORE-32-5::Ismail
    2026-06-23T23:14:03.715+03:00  INFO 26748 --- [mentee-power-crm] [    Test worker] liquibase.changelog                      : Custom SQL executed
    2026-06-23T23:14:03.716+03:00  INFO 26748 --- [mentee-power-crm] [    Test worker] liquibase.changelog                      : ChangeSet db/changelog/migrations/005_create_products.sql::BCORE-32-5::Ismail ran successfully in 5ms
    2026-06-23T23:14:03.724+03:00  INFO 26748 --- [mentee-power-crm] [    Test worker] liquibase.util                           : UPDATE SUMMARY
    2026-06-23T23:14:03.724+03:00  INFO 26748 --- [mentee-power-crm] [    Test worker] liquibase.util                           : Run:                          5
    2026-06-23T23:14:03.724+03:00  INFO 26748 --- [mentee-power-crm] [    Test worker] liquibase.util                           : Previously run:               0
    2026-06-23T23:14:03.724+03:00  INFO 26748 --- [mentee-power-crm] [    Test worker] liquibase.util                           : Filtered out:                 0
    2026-06-23T23:14:03.724+03:00  INFO 26748 --- [mentee-power-crm] [    Test worker] liquibase.util                           : -------------------------------
    2026-06-23T23:14:03.724+03:00  INFO 26748 --- [mentee-power-crm] [    Test worker] liquibase.util                           : Total change sets:            5
    2026-06-23T23:14:03.725+03:00  INFO 26748 --- [mentee-power-crm] [    Test worker] liquibase.util                           : Update summary generated
    2026-06-23T23:14:03.727+03:00  INFO 26748 --- [mentee-power-crm] [    Test worker] liquibase.command                        : Update command completed successfully.
    2026-06-23T23:14:03.727+03:00  INFO 26748 --- [mentee-power-crm] [    Test worker] liquibase.ui                             : Liquibase: Update has been successful. Rows affected: 5
    2026-06-23T23:14:03.729+03:00  INFO 26748 --- [mentee-power-crm] [    Test worker] liquibase.lockservice                    : Successfully released change log lock
    2026-06-23T23:14:03.729+03:00  INFO 26748 --- [mentee-power-crm] [    Test worker] liquibase.command                        : Command execution complete
    2026-06-23T23:14:03.846+03:00  INFO 26748 --- [mentee-power-crm] [    Test worker] o.hibernate.jpa.internal.util.LogHelper  : HHH000204: Processing PersistenceUnitInfo [name: default]
    2026-06-23T23:14:03.918+03:00  INFO 26748 --- [mentee-power-crm] [    Test worker] org.hibernate.Version                    : HHH000412: Hibernate ORM core version 6.6.33.Final
    2026-06-23T23:14:03.967+03:00  INFO 26748 --- [mentee-power-crm] [    Test worker] o.h.c.internal.RegionFactoryInitiator    : HHH000026: Second-level cache disabled
    2026-06-23T23:14:04.346+03:00  INFO 26748 --- [mentee-power-crm] [    Test worker] o.s.o.j.p.SpringPersistenceUnitInfo      : No LoadTimeWeaver setup: ignoring JPA class transformer
    2026-06-23T23:14:04.430+03:00  WARN 26748 --- [mentee-power-crm] [    Test worker] org.hibernate.orm.deprecation            : HHH90000025: H2Dialect does not need to be specified explicitly using 'hibernate.dialect' (remove the property setting and it will be selected by default)
    2026-06-23T23:14:04.449+03:00  INFO 26748 --- [mentee-power-crm] [    Test worker] org.hibernate.orm.connections.pooling    : HHH10001005: Database info:
    	Database JDBC URL [Connecting through datasource 'HikariDataSource (HikariPool-1)']
    	Database driver: undefined/unknown
    	Database version: 2.3.232
    	Autocommit mode: undefined/unknown
    	Isolation level: undefined/unknown
    	Minimum pool size: undefined/unknown
    	Maximum pool size: undefined/unknown
    2026-06-23T23:14:05.776+03:00  INFO 26748 --- [mentee-power-crm] [    Test worker] o.h.e.t.j.p.i.JtaPlatformInitiator       : HHH000489: No JTA platform available (set 'hibernate.transaction.jta.platform' to enable JTA platform integration)
    2026-06-23T23:14:05.821+03:00  INFO 26748 --- [mentee-power-crm] [    Test worker] j.LocalContainerEntityManagerFactoryBean : Initialized JPA EntityManagerFactory for persistence unit 'default'
    2026-06-23T23:14:06.097+03:00  INFO 26748 --- [mentee-power-crm] [    Test worker] o.s.d.j.r.query.QueryEnhancerFactory     : Hibernate is in classpath; If applicable, HQL parser will be used.
    2026-06-23T23:14:06.794+03:00  INFO 26748 --- [mentee-power-crm] [    Test worker] r.m.p.crm.spring.service.LeadService     : LeadService constructor called
    2026-06-23T23:14:06.796+03:00  INFO 26748 --- [mentee-power-crm] [    Test worker] r.m.p.crm.spring.service.LeadService     : LeadService @PostConstruct init() called - Bean lifecycle phase
    2026-06-23T23:14:06.956+03:00  WARN 26748 --- [mentee-power-crm] [    Test worker] JpaBaseConfiguration$JpaWebConfiguration : spring.jpa.open-in-view is enabled by default. Therefore, database queries may be performed during view rendering. Explicitly configure spring.jpa.open-in-view to disable this warning
    2026-06-23T23:14:07.339+03:00  INFO 26748 --- [mentee-power-crm] [    Test worker] o.s.b.a.h2.H2ConsoleAutoConfiguration    : H2 console available at '/h2-console'. Database available at 'jdbc:h2:mem:testdb'
    2026-06-23T23:14:07.418+03:00  INFO 26748 --- [mentee-power-crm] [    Test worker] r.m.power.crm.DataBaseStructureTest      : Started DataBaseStructureTest in 6.5 seconds (process running for 8.318)

OpenJDK 64-Bit Server VM warning: Sharing is only supported for boot loader classes because bootstrap classpath has been appended
WARNING: A terminally deprecated method in sun.misc.Unsafe has been called
WARNING: sun.misc.Unsafe::objectFieldOffset has been called by net.bytebuddy.dynamic.loading.ClassInjector$UsingUnsafe$Dispatcher$CreationAction (file:/C:/Users/david/.gradle/caches/modules-2/files-2.1/net.bytebuddy/byte-buddy/1.17.6/8c70cbc6950b2ae5291a98d5003e06406d633803/byte-buddy-1.17.6.jar)
WARNING: Please consider reporting this to the maintainers of class net.bytebuddy.dynamic.loading.ClassInjector$UsingUnsafe$Dispatcher$CreationAction
WARNING: sun.misc.Unsafe::objectFieldOffset will be removed in a future release

> Task :test

DataBaseStructureTest > testLiquibaseMigrations() STANDARD_OUT

    === 3. Проверка Liquibase миграций ===

DataBaseStructureTest > testCompanyTableStructure() STANDARD_OUT

    === 1. Проверка структуры таблицы companies ===
      ✓ ID (UUID)
      ✓ NAME (CHARACTER VARYING)
      ✓ INDUSTRY (CHARACTER VARYING)

      ✅ Таблица companies создана корректно!

DataBaseStructureTest > testForeignKeyInLeads() STANDARD_OUT

    === 2. Проверка foreign key в таблице leads ===
      ✓ FK найден: CONSTRAINT_44F

      ✅ Foreign key в таблице leads создан корректно!

DataBaseStructureTest > testDataInTables() STANDARD_OUT

    === 4. Проверка данных в таблицах ===
      Компаний в БД: 0
      Лидов в БД: 0

CompanyRepositoryTest STANDARD_OUT
    2026-06-23T23:14:07.873+03:00  INFO 26748 --- [mentee-power-crm] [    Test worker] t.c.s.AnnotationConfigContextLoaderUtils : Could not detect default configuration classes for test class [ru.mentee.power.crm.repository.CompanyRepositoryTest]: CompanyRepositoryTest does not declare any static, non-private, non-final, nested classes annotated with @Configuration.
    2026-06-23T23:14:07.893+03:00  INFO 26748 --- [mentee-power-crm] [    Test worker] .b.t.c.SpringBootTestContextBootstrapper : Found @SpringBootConfiguration ru.mentee.power.crm.Application for test class ru.mentee.power.crm.repository.CompanyRepositoryTest

      .   ____          _            __ _ _
     /\\ / ___'_ __ _ _(_)_ __  __ _ \ \ \ \
    ( ( )\___ | '_ | '_| | '_ \/ _` | \ \ \ \
     \\/  ___)| |_)| | | | | || (_| |  ) ) ) )
      '  |____| .__|_| |_|_| |_\__, | / / / /
     =========|_|==============|___/=/_/_/_/

     :: Spring Boot ::                (v3.5.7)

    2026-06-23T23:14:07.927+03:00  INFO 26748 --- [mentee-power-crm] [    Test worker] r.m.p.c.r.CompanyRepositoryTest          : Starting CompanyRepositoryTest using Java 25.0.1 with PID 26748 (started by david in C:\Users\david\Projects\backend-core)
    2026-06-23T23:14:07.927+03:00  INFO 26748 --- [mentee-power-crm] [    Test worker] r.m.p.c.r.CompanyRepositoryTest          : The following 1 profile is active: "test"
    2026-06-23T23:14:07.993+03:00  INFO 26748 --- [mentee-power-crm] [    Test worker] .s.d.r.c.RepositoryConfigurationDelegate : Bootstrapping Spring Data JPA repositories in DEFAULT mode.
    2026-06-23T23:14:08.004+03:00  INFO 26748 --- [mentee-power-crm] [    Test worker] .s.d.r.c.RepositoryConfigurationDelegate : Finished Spring Data repository scanning in 10 ms. Found 4 JPA repository interfaces.
    2026-06-23T23:14:08.016+03:00  INFO 26748 --- [mentee-power-crm] [    Test worker] beddedDataSourceBeanFactoryPostProcessor : Replacing 'dataSource' DataSource bean with embedded version
    2026-06-23T23:14:08.040+03:00  INFO 26748 --- [mentee-power-crm] [    Test worker] o.s.j.d.e.EmbeddedDatabaseFactory        : Starting embedded database: url='jdbc:h2:mem:d8c8a831-febc-4c32-99eb-d7828899fe8c;DB_CLOSE_DELAY=-1;DB_CLOSE_ON_EXIT=false', username='sa'
    2026-06-23T23:14:08.046+03:00  INFO 26748 --- [mentee-power-crm] [    Test worker] liquibase.database                       : Set default schema name to PUBLIC
    2026-06-23T23:14:08.058+03:00  INFO 26748 --- [mentee-power-crm] [    Test worker] liquibase.changelog                      : Creating database history table with name: PUBLIC.DATABASECHANGELOG
    2026-06-23T23:14:08.060+03:00  INFO 26748 --- [mentee-power-crm] [    Test worker] liquibase.changelog                      : Reading from PUBLIC.DATABASECHANGELOG
    2026-06-23T23:14:08.067+03:00  INFO 26748 --- [mentee-power-crm] [    Test worker] liquibase.lockservice                    : Successfully acquired change log lock
    2026-06-23T23:14:08.067+03:00  INFO 26748 --- [mentee-power-crm] [    Test worker] liquibase.command                        : Using deploymentId: 2245648067
    2026-06-23T23:14:08.068+03:00  INFO 26748 --- [mentee-power-crm] [    Test worker] liquibase.changelog                      : Reading from PUBLIC.DATABASECHANGELOG
    2026-06-23T23:14:08.070+03:00  INFO 26748 --- [mentee-power-crm] [    Test worker] liquibase.ui                             : Running Changeset: db/changelog/migrations/001_create_companies.sql::BCORE-32-1::Ismail
    2026-06-23T23:14:08.072+03:00  INFO 26748 --- [mentee-power-crm] [    Test worker] liquibase.changelog                      : Custom SQL executed
    2026-06-23T23:14:08.072+03:00  INFO 26748 --- [mentee-power-crm] [    Test worker] liquibase.changelog                      : ChangeSet db/changelog/migrations/001_create_companies.sql::BCORE-32-1::Ismail ran successfully in 2ms
    2026-06-23T23:14:08.074+03:00  INFO 26748 --- [mentee-power-crm] [    Test worker] liquibase.ui                             : Running Changeset: db/changelog/migrations/002_create_leads.sql::BCORE-32-2::Ismail
    2026-06-23T23:14:08.077+03:00  INFO 26748 --- [mentee-power-crm] [    Test worker] liquibase.changelog                      : Custom SQL executed
    2026-06-23T23:14:08.077+03:00  INFO 26748 --- [mentee-power-crm] [    Test worker] liquibase.changelog                      : ChangeSet db/changelog/migrations/002_create_leads.sql::BCORE-32-2::Ismail ran successfully in 2ms
    2026-06-23T23:14:08.079+03:00  INFO 26748 --- [mentee-power-crm] [    Test worker] liquibase.ui                             : Running Changeset: db/changelog/migrations/003_create_contacts.sql::BCORE-32-3::Ismail
    2026-06-23T23:14:08.081+03:00  INFO 26748 --- [mentee-power-crm] [    Test worker] liquibase.changelog                      : Custom SQL executed
    2026-06-23T23:14:08.082+03:00  INFO 26748 --- [mentee-power-crm] [    Test worker] liquibase.changelog                      : ChangeSet db/changelog/migrations/003_create_contacts.sql::BCORE-32-3::Ismail ran successfully in 3ms
    2026-06-23T23:14:08.084+03:00  INFO 26748 --- [mentee-power-crm] [    Test worker] liquibase.ui                             : Running Changeset: db/changelog/migrations/004_create_deals.sql::BCORE-32-4::Ismail
    2026-06-23T23:14:08.086+03:00  INFO 26748 --- [mentee-power-crm] [    Test worker] liquibase.changelog                      : Custom SQL executed
    2026-06-23T23:14:08.086+03:00  INFO 26748 --- [mentee-power-crm] [    Test worker] liquibase.changelog                      : ChangeSet db/changelog/migrations/004_create_deals.sql::BCORE-32-4::Ismail ran successfully in 2ms
    2026-06-23T23:14:08.087+03:00  INFO 26748 --- [mentee-power-crm] [    Test worker] liquibase.ui                             : Running Changeset: db/changelog/migrations/005_create_products.sql::BCORE-32-5::Ismail
    2026-06-23T23:14:08.089+03:00  INFO 26748 --- [mentee-power-crm] [    Test worker] liquibase.changelog                      : Custom SQL executed
    2026-06-23T23:14:08.090+03:00  INFO 26748 --- [mentee-power-crm] [    Test worker] liquibase.changelog                      : ChangeSet db/changelog/migrations/005_create_products.sql::BCORE-32-5::Ismail ran successfully in 2ms
    2026-06-23T23:14:08.091+03:00  INFO 26748 --- [mentee-power-crm] [    Test worker] liquibase.util                           : UPDATE SUMMARY
    2026-06-23T23:14:08.091+03:00  INFO 26748 --- [mentee-power-crm] [    Test worker] liquibase.util                           : Run:                          5
    2026-06-23T23:14:08.091+03:00  INFO 26748 --- [mentee-power-crm] [    Test worker] liquibase.util                           : Previously run:               0
    2026-06-23T23:14:08.091+03:00  INFO 26748 --- [mentee-power-crm] [    Test worker] liquibase.util                           : Filtered out:                 0
    2026-06-23T23:14:08.091+03:00  INFO 26748 --- [mentee-power-crm] [    Test worker] liquibase.util                           : -------------------------------
    2026-06-23T23:14:08.091+03:00  INFO 26748 --- [mentee-power-crm] [    Test worker] liquibase.util                           : Total change sets:            5
    2026-06-23T23:14:08.092+03:00  INFO 26748 --- [mentee-power-crm] [    Test worker] liquibase.util                           : Update summary generated
    2026-06-23T23:14:08.092+03:00  INFO 26748 --- [mentee-power-crm] [    Test worker] liquibase.command                        : Update command completed successfully.
    2026-06-23T23:14:08.092+03:00  INFO 26748 --- [mentee-power-crm] [    Test worker] liquibase.ui                             : Liquibase: Update has been successful. Rows affected: 5
    2026-06-23T23:14:08.093+03:00  INFO 26748 --- [mentee-power-crm] [    Test worker] liquibase.lockservice                    : Successfully released change log lock
    2026-06-23T23:14:08.093+03:00  INFO 26748 --- [mentee-power-crm] [    Test worker] liquibase.command                        : Command execution complete
    2026-06-23T23:14:08.107+03:00  INFO 26748 --- [mentee-power-crm] [    Test worker] o.hibernate.jpa.internal.util.LogHelper  : HHH000204: Processing PersistenceUnitInfo [name: default]
    2026-06-23T23:14:08.110+03:00  INFO 26748 --- [mentee-power-crm] [    Test worker] o.h.c.internal.RegionFactoryInitiator    : HHH000026: Second-level cache disabled
    2026-06-23T23:14:08.119+03:00  INFO 26748 --- [mentee-power-crm] [    Test worker] o.s.o.j.p.SpringPersistenceUnitInfo      : No LoadTimeWeaver setup: ignoring JPA class transformer
    2026-06-23T23:14:08.122+03:00  WARN 26748 --- [mentee-power-crm] [    Test worker] org.hibernate.orm.deprecation            : HHH90000025: H2Dialect does not need to be specified explicitly using 'hibernate.dialect' (remove the property setting and it will be selected by default)
    2026-06-23T23:14:08.123+03:00  INFO 26748 --- [mentee-power-crm] [    Test worker] org.hibernate.orm.connections.pooling    : HHH10001005: Database info:
    	Database JDBC URL [Connecting through datasource 'org.springframework.jdbc.datasource.embedded.EmbeddedDatabaseFactory$EmbeddedDataSourceProxy@148dc990']
    	Database driver: undefined/unknown
    	Database version: 2.3.232
    	Autocommit mode: undefined/unknown
    	Isolation level: undefined/unknown
    	Minimum pool size: undefined/unknown
    	Maximum pool size: undefined/unknown
    2026-06-23T23:14:08.165+03:00  INFO 26748 --- [mentee-power-crm] [    Test worker] o.h.e.t.j.p.i.JtaPlatformInitiator       : HHH000489: No JTA platform available (set 'hibernate.transaction.jta.platform' to enable JTA platform integration)
    2026-06-23T23:14:08.167+03:00  INFO 26748 --- [mentee-power-crm] [    Test worker] j.LocalContainerEntityManagerFactoryBean : Initialized JPA EntityManagerFactory for persistence unit 'default'
    2026-06-23T23:14:08.222+03:00  INFO 26748 --- [mentee-power-crm] [    Test worker] r.m.p.c.r.CompanyRepositoryTest          : Started CompanyRepositoryTest in 0.325 seconds (process running for 9.122)

CompanyRepositoryTest > shouldAvoidN1WithEntityGraph() STANDARD_OUT
    2026-06-23T23:14:08.290+03:00 DEBUG 26748 --- [mentee-power-crm] [    Test worker] org.hibernate.SQL                        : 
        /* insert for
            ru.mentee.power.crm.model.Company */insert 
        into
            companies (industry, name, id) 
        values
            (?, ?, ?)
    Hibernate: 
        /* insert for
            ru.mentee.power.crm.model.Company */insert 
        into
            companies (industry, name, id) 
        values
            (?, ?, ?)
    2026-06-23T23:14:08.294+03:00 TRACE 26748 --- [mentee-power-crm] [    Test worker] org.hibernate.orm.jdbc.bind              : binding parameter (1:VARCHAR) <- [Finance]
    2026-06-23T23:14:08.295+03:00 TRACE 26748 --- [mentee-power-crm] [    Test worker] org.hibernate.orm.jdbc.bind              : binding parameter (2:VARCHAR) <- [Тинькофф]
    2026-06-23T23:14:08.295+03:00 TRACE 26748 --- [mentee-power-crm] [    Test worker] org.hibernate.orm.jdbc.bind              : binding parameter (3:UUID) <- [bcdee243-9fef-44e4-8e84-ede96a956fd0]
    2026-06-23T23:14:08.335+03:00 DEBUG 26748 --- [mentee-power-crm] [    Test worker] org.hibernate.SQL                        : 
        /* insert for
            ru.mentee.power.crm.model.Lead */insert 
        into
            leads (company_id, created_at, email, name, status, version, id) 
        values
            (?, ?, ?, ?, ?, ?, ?)
    Hibernate: 
        /* insert for
            ru.mentee.power.crm.model.Lead */insert 
        into
            leads (company_id, created_at, email, name, status, version, id) 
        values
            (?, ?, ?, ?, ?, ?, ?)
    2026-06-23T23:14:08.338+03:00 TRACE 26748 --- [mentee-power-crm] [    Test worker] org.hibernate.orm.jdbc.bind              : binding parameter (1:UUID) <- [bcdee243-9fef-44e4-8e84-ede96a956fd0]
    2026-06-23T23:14:08.339+03:00 TRACE 26748 --- [mentee-power-crm] [    Test worker] org.hibernate.orm.jdbc.bind              : binding parameter (2:TIMESTAMP) <- [2026-06-23T23:14:08.265600700]
    2026-06-23T23:14:08.340+03:00 TRACE 26748 --- [mentee-power-crm] [    Test worker] org.hibernate.orm.jdbc.bind              : binding parameter (3:VARCHAR) <- [lead0@tinkoff.ru]
    2026-06-23T23:14:08.341+03:00 TRACE 26748 --- [mentee-power-crm] [    Test worker] org.hibernate.orm.jdbc.bind              : binding parameter (4:VARCHAR) <- [Lead0]
    2026-06-23T23:14:08.341+03:00 TRACE 26748 --- [mentee-power-crm] [    Test worker] org.hibernate.orm.jdbc.bind              : binding parameter (5:ENUM) <- [NEW]
    2026-06-23T23:14:08.341+03:00 TRACE 26748 --- [mentee-power-crm] [    Test worker] org.hibernate.orm.jdbc.bind              : binding parameter (6:BIGINT) <- [0]
    2026-06-23T23:14:08.341+03:00 TRACE 26748 --- [mentee-power-crm] [    Test worker] org.hibernate.orm.jdbc.bind              : binding parameter (7:UUID) <- [edc615c4-da70-4abe-b919-0c5f545a5ad7]
    2026-06-23T23:14:08.343+03:00 DEBUG 26748 --- [mentee-power-crm] [    Test worker] org.hibernate.SQL                        : 
        /* insert for
            ru.mentee.power.crm.model.Lead */insert 
        into
            leads (company_id, created_at, email, name, status, version, id) 
        values
            (?, ?, ?, ?, ?, ?, ?)
    Hibernate: 
        /* insert for
            ru.mentee.power.crm.model.Lead */insert 
        into
            leads (company_id, created_at, email, name, status, version, id) 
        values
            (?, ?, ?, ?, ?, ?, ?)
    2026-06-23T23:14:08.344+03:00 TRACE 26748 --- [mentee-power-crm] [    Test worker] org.hibernate.orm.jdbc.bind              : binding parameter (1:UUID) <- [bcdee243-9fef-44e4-8e84-ede96a956fd0]
    2026-06-23T23:14:08.344+03:00 TRACE 26748 --- [mentee-power-crm] [    Test worker] org.hibernate.orm.jdbc.bind              : binding parameter (2:TIMESTAMP) <- [2026-06-23T23:14:08.265600700]
    2026-06-23T23:14:08.344+03:00 TRACE 26748 --- [mentee-power-crm] [    Test worker] org.hibernate.orm.jdbc.bind              : binding parameter (3:VARCHAR) <- [lead1@tinkoff.ru]
    2026-06-23T23:14:08.344+03:00 TRACE 26748 --- [mentee-power-crm] [    Test worker] org.hibernate.orm.jdbc.bind              : binding parameter (4:VARCHAR) <- [Lead1]
    2026-06-23T23:14:08.344+03:00 TRACE 26748 --- [mentee-power-crm] [    Test worker] org.hibernate.orm.jdbc.bind              : binding parameter (5:ENUM) <- [NEW]
    2026-06-23T23:14:08.344+03:00 TRACE 26748 --- [mentee-power-crm] [    Test worker] org.hibernate.orm.jdbc.bind              : binding parameter (6:BIGINT) <- [0]
    2026-06-23T23:14:08.344+03:00 TRACE 26748 --- [mentee-power-crm] [    Test worker] org.hibernate.orm.jdbc.bind              : binding parameter (7:UUID) <- [815c1cd1-7354-448c-8ae3-4e0341fe0429]
    2026-06-23T23:14:08.345+03:00 DEBUG 26748 --- [mentee-power-crm] [    Test worker] org.hibernate.SQL                        : 
        /* insert for
            ru.mentee.power.crm.model.Lead */insert 
        into
            leads (company_id, created_at, email, name, status, version, id) 
        values
            (?, ?, ?, ?, ?, ?, ?)
    Hibernate: 
        /* insert for
            ru.mentee.power.crm.model.Lead */insert 
        into
            leads (company_id, created_at, email, name, status, version, id) 
        values
            (?, ?, ?, ?, ?, ?, ?)
    2026-06-23T23:14:08.345+03:00 TRACE 26748 --- [mentee-power-crm] [    Test worker] org.hibernate.orm.jdbc.bind              : binding parameter (1:UUID) <- [bcdee243-9fef-44e4-8e84-ede96a956fd0]
    2026-06-23T23:14:08.346+03:00 TRACE 26748 --- [mentee-power-crm] [    Test worker] org.hibernate.orm.jdbc.bind              : binding parameter (2:TIMESTAMP) <- [2026-06-23T23:14:08.265600700]
    2026-06-23T23:14:08.346+03:00 TRACE 26748 --- [mentee-power-crm] [    Test worker] org.hibernate.orm.jdbc.bind              : binding parameter (3:VARCHAR) <- [lead2@tinkoff.ru]
    2026-06-23T23:14:08.346+03:00 TRACE 26748 --- [mentee-power-crm] [    Test worker] org.hibernate.orm.jdbc.bind              : binding parameter (4:VARCHAR) <- [Lead2]
    2026-06-23T23:14:08.346+03:00 TRACE 26748 --- [mentee-power-crm] [    Test worker] org.hibernate.orm.jdbc.bind              : binding parameter (5:ENUM) <- [NEW]
    2026-06-23T23:14:08.346+03:00 TRACE 26748 --- [mentee-power-crm] [    Test worker] org.hibernate.orm.jdbc.bind              : binding parameter (6:BIGINT) <- [0]
    2026-06-23T23:14:08.346+03:00 TRACE 26748 --- [mentee-power-crm] [    Test worker] org.hibernate.orm.jdbc.bind              : binding parameter (7:UUID) <- [3150ac06-c688-472c-8526-3a69cdbe4a3a]
    2026-06-23T23:14:08.348+03:00 DEBUG 26748 --- [mentee-power-crm] [    Test worker] org.hibernate.SQL                        : 
        /* insert for
            ru.mentee.power.crm.model.Lead */insert 
        into
            leads (company_id, created_at, email, name, status, version, id) 
        values
            (?, ?, ?, ?, ?, ?, ?)
    Hibernate: 
        /* insert for
            ru.mentee.power.crm.model.Lead */insert 
        into
            leads (company_id, created_at, email, name, status, version, id) 
        values
            (?, ?, ?, ?, ?, ?, ?)
    2026-06-23T23:14:08.348+03:00 TRACE 26748 --- [mentee-power-crm] [    Test worker] org.hibernate.orm.jdbc.bind              : binding parameter (1:UUID) <- [bcdee243-9fef-44e4-8e84-ede96a956fd0]
    2026-06-23T23:14:08.349+03:00 TRACE 26748 --- [mentee-power-crm] [    Test worker] org.hibernate.orm.jdbc.bind              : binding parameter (2:TIMESTAMP) <- [2026-06-23T23:14:08.265600700]
    2026-06-23T23:14:08.349+03:00 TRACE 26748 --- [mentee-power-crm] [    Test worker] org.hibernate.orm.jdbc.bind              : binding parameter (3:VARCHAR) <- [lead3@tinkoff.ru]
    2026-06-23T23:14:08.349+03:00 TRACE 26748 --- [mentee-power-crm] [    Test worker] org.hibernate.orm.jdbc.bind              : binding parameter (4:VARCHAR) <- [Lead3]
    2026-06-23T23:14:08.350+03:00 TRACE 26748 --- [mentee-power-crm] [    Test worker] org.hibernate.orm.jdbc.bind              : binding parameter (5:ENUM) <- [NEW]
    2026-06-23T23:14:08.350+03:00 TRACE 26748 --- [mentee-power-crm] [    Test worker] org.hibernate.orm.jdbc.bind              : binding parameter (6:BIGINT) <- [0]
    2026-06-23T23:14:08.350+03:00 TRACE 26748 --- [mentee-power-crm] [    Test worker] org.hibernate.orm.jdbc.bind              : binding parameter (7:UUID) <- [1e36d84a-189a-4c7e-ac0a-e602f6c5ca84]
    2026-06-23T23:14:08.353+03:00 DEBUG 26748 --- [mentee-power-crm] [    Test worker] org.hibernate.SQL                        : 
        /* insert for
            ru.mentee.power.crm.model.Lead */insert 
        into
            leads (company_id, created_at, email, name, status, version, id) 
        values
            (?, ?, ?, ?, ?, ?, ?)
    Hibernate: 
        /* insert for
            ru.mentee.power.crm.model.Lead */insert 
        into
            leads (company_id, created_at, email, name, status, version, id) 
        values
            (?, ?, ?, ?, ?, ?, ?)
    2026-06-23T23:14:08.353+03:00 TRACE 26748 --- [mentee-power-crm] [    Test worker] org.hibernate.orm.jdbc.bind              : binding parameter (1:UUID) <- [bcdee243-9fef-44e4-8e84-ede96a956fd0]
    2026-06-23T23:14:08.353+03:00 TRACE 26748 --- [mentee-power-crm] [    Test worker] org.hibernate.orm.jdbc.bind              : binding parameter (2:TIMESTAMP) <- [2026-06-23T23:14:08.265600700]
    2026-06-23T23:14:08.355+03:00 TRACE 26748 --- [mentee-power-crm] [    Test worker] org.hibernate.orm.jdbc.bind              : binding parameter (3:VARCHAR) <- [lead4@tinkoff.ru]
    2026-06-23T23:14:08.355+03:00 TRACE 26748 --- [mentee-power-crm] [    Test worker] org.hibernate.orm.jdbc.bind              : binding parameter (4:VARCHAR) <- [Lead4]
    2026-06-23T23:14:08.355+03:00 TRACE 26748 --- [mentee-power-crm] [    Test worker] org.hibernate.orm.jdbc.bind              : binding parameter (5:ENUM) <- [NEW]
    2026-06-23T23:14:08.355+03:00 TRACE 26748 --- [mentee-power-crm] [    Test worker] org.hibernate.orm.jdbc.bind              : binding parameter (6:BIGINT) <- [0]
    2026-06-23T23:14:08.355+03:00 TRACE 26748 --- [mentee-power-crm] [    Test worker] org.hibernate.orm.jdbc.bind              : binding parameter (7:UUID) <- [72112d74-0e98-4f8b-bbab-d356ab779a25]
    2026-06-23T23:14:08.487+03:00 DEBUG 26748 --- [mentee-power-crm] [    Test worker] org.hibernate.SQL                        : 
        /* SELECT
            c 
        FROM
            Company c 
        WHERE
            c.id = :id */ select
                c1_0.id,
                c1_0.industry,
                l1_0.company_id,
                l1_0.id,
                l1_0.created_at,
                l1_0.email,
                l1_0.name,
                l1_0.status,
                l1_0.version,
                c1_0.name 
            from
                companies c1_0 
            left join
                leads l1_0 
                    on c1_0.id=l1_0.company_id 
            where
                c1_0.id=?
    Hibernate: 
        /* SELECT
            c 
        FROM
            Company c 
        WHERE
            c.id = :id */ select
                c1_0.id,
                c1_0.industry,
                l1_0.company_id,
                l1_0.id,
                l1_0.created_at,
                l1_0.email,
                l1_0.name,
                l1_0.status,
                l1_0.version,
                c1_0.name 
            from
                companies c1_0 
            left join
                leads l1_0 
                    on c1_0.id=l1_0.company_id 
            where
                c1_0.id=?
    2026-06-23T23:14:08.491+03:00 TRACE 26748 --- [mentee-power-crm] [    Test worker] org.hibernate.orm.jdbc.bind              : binding parameter (1:UUID) <- [bcdee243-9fef-44e4-8e84-ede96a956fd0]

LeadRepositoryTest STANDARD_OUT
    2026-06-23T23:14:08.625+03:00  INFO 26748 --- [mentee-power-crm] [    Test worker] t.c.s.AnnotationConfigContextLoaderUtils : Could not detect default configuration classes for test class [ru.mentee.power.crm.repository.LeadRepositoryTest]: LeadRepositoryTest does not declare any static, non-private, non-final, nested classes annotated with @Configuration.
    2026-06-23T23:14:08.640+03:00  INFO 26748 --- [mentee-power-crm] [    Test worker] .b.t.c.SpringBootTestContextBootstrapper : Found @SpringBootConfiguration ru.mentee.power.crm.Application for test class ru.mentee.power.crm.repository.LeadRepositoryTest

      .   ____          _            __ _ _
     /\\ / ___'_ __ _ _(_)_ __  __ _ \ \ \ \
    ( ( )\___ | '_ | '_| | '_ \/ _` | \ \ \ \
     \\/  ___)| |_)| | | | | || (_| |  ) ) ) )
      '  |____| .__|_| |_|_| |_\__, | / / / /
     =========|_|==============|___/=/_/_/_/

     :: Spring Boot ::                (v3.5.7)

    2026-06-23T23:14:08.670+03:00  INFO 26748 --- [mentee-power-crm] [    Test worker] r.m.p.crm.repository.LeadRepositoryTest  : Starting LeadRepositoryTest using Java 25.0.1 with PID 26748 (started by david in C:\Users\david\Projects\backend-core)
    2026-06-23T23:14:08.671+03:00  INFO 26748 --- [mentee-power-crm] [    Test worker] r.m.p.crm.repository.LeadRepositoryTest  : The following 1 profile is active: "test"
    2026-06-23T23:14:08.735+03:00  INFO 26748 --- [mentee-power-crm] [    Test worker] .s.d.r.c.RepositoryConfigurationDelegate : Bootstrapping Spring Data JPA repositories in DEFAULT mode.
    2026-06-23T23:14:08.750+03:00  INFO 26748 --- [mentee-power-crm] [    Test worker] .s.d.r.c.RepositoryConfigurationDelegate : Finished Spring Data repository scanning in 14 ms. Found 4 JPA repository interfaces.
    2026-06-23T23:14:08.777+03:00  INFO 26748 --- [mentee-power-crm] [    Test worker] com.zaxxer.hikari.HikariDataSource       : HikariPool-2 - Starting...
    2026-06-23T23:14:08.778+03:00  INFO 26748 --- [mentee-power-crm] [    Test worker] com.zaxxer.hikari.pool.HikariPool        : HikariPool-2 - Added connection conn19: url=jdbc:h2:mem:testdb user=SA
    2026-06-23T23:14:08.778+03:00  INFO 26748 --- [mentee-power-crm] [    Test worker] com.zaxxer.hikari.HikariDataSource       : HikariPool-2 - Start completed.
    2026-06-23T23:14:08.779+03:00  INFO 26748 --- [mentee-power-crm] [    Test worker] liquibase.database                       : Set default schema name to PUBLIC
    2026-06-23T23:14:08.807+03:00  INFO 26748 --- [mentee-power-crm] [    Test worker] liquibase.changelog                      : Reading from PUBLIC.DATABASECHANGELOG
    2026-06-23T23:14:08.813+03:00  INFO 26748 --- [mentee-power-crm] [    Test worker] liquibase.lockservice                    : Successfully acquired change log lock
    2026-06-23T23:14:08.813+03:00  INFO 26748 --- [mentee-power-crm] [    Test worker] liquibase.command                        : Using deploymentId: 2245648813
    2026-06-23T23:14:08.814+03:00  INFO 26748 --- [mentee-power-crm] [    Test worker] liquibase.changelog                      : Reading from PUBLIC.DATABASECHANGELOG
    2026-06-23T23:14:08.815+03:00  INFO 26748 --- [mentee-power-crm] [    Test worker] liquibase.util                           : UPDATE SUMMARY
    2026-06-23T23:14:08.815+03:00  INFO 26748 --- [mentee-power-crm] [    Test worker] liquibase.util                           : Run:                          0
    2026-06-23T23:14:08.815+03:00  INFO 26748 --- [mentee-power-crm] [    Test worker] liquibase.util                           : Previously run:               5
    2026-06-23T23:14:08.815+03:00  INFO 26748 --- [mentee-power-crm] [    Test worker] liquibase.util                           : Filtered out:                 0
    2026-06-23T23:14:08.815+03:00  INFO 26748 --- [mentee-power-crm] [    Test worker] liquibase.util                           : -------------------------------
    2026-06-23T23:14:08.816+03:00  INFO 26748 --- [mentee-power-crm] [    Test worker] liquibase.util                           : Total change sets:            5
    2026-06-23T23:14:08.816+03:00  INFO 26748 --- [mentee-power-crm] [    Test worker] liquibase.util                           : Update summary generated
    2026-06-23T23:14:08.816+03:00  INFO 26748 --- [mentee-power-crm] [    Test worker] liquibase.command                        : Update command completed successfully.
    2026-06-23T23:14:08.816+03:00  INFO 26748 --- [mentee-power-crm] [    Test worker] liquibase.ui                             : Liquibase: Update has been successful. Rows affected: 0
    2026-06-23T23:14:08.817+03:00  INFO 26748 --- [mentee-power-crm] [    Test worker] liquibase.lockservice                    : Successfully released change log lock
    2026-06-23T23:14:08.817+03:00  INFO 26748 --- [mentee-power-crm] [    Test worker] liquibase.command                        : Command execution complete
    2026-06-23T23:14:08.828+03:00  INFO 26748 --- [mentee-power-crm] [    Test worker] o.hibernate.jpa.internal.util.LogHelper  : HHH000204: Processing PersistenceUnitInfo [name: default]
    2026-06-23T23:14:08.831+03:00  INFO 26748 --- [mentee-power-crm] [    Test worker] o.h.c.internal.RegionFactoryInitiator    : HHH000026: Second-level cache disabled
    2026-06-23T23:14:08.838+03:00  INFO 26748 --- [mentee-power-crm] [    Test worker] o.s.o.j.p.SpringPersistenceUnitInfo      : No LoadTimeWeaver setup: ignoring JPA class transformer
    2026-06-23T23:14:08.840+03:00  WARN 26748 --- [mentee-power-crm] [    Test worker] org.hibernate.orm.deprecation            : HHH90000025: H2Dialect does not need to be specified explicitly using 'hibernate.dialect' (remove the property setting and it will be selected by default)
    2026-06-23T23:14:08.840+03:00  INFO 26748 --- [mentee-power-crm] [    Test worker] org.hibernate.orm.connections.pooling    : HHH10001005: Database info:
    	Database JDBC URL [Connecting through datasource 'HikariDataSource (HikariPool-2)']
    	Database driver: undefined/unknown
    	Database version: 2.3.232
    	Autocommit mode: undefined/unknown
    	Isolation level: undefined/unknown
    	Minimum pool size: undefined/unknown
    	Maximum pool size: undefined/unknown
    2026-06-23T23:14:08.879+03:00  INFO 26748 --- [mentee-power-crm] [    Test worker] o.h.e.t.j.p.i.JtaPlatformInitiator       : HHH000489: No JTA platform available (set 'hibernate.transaction.jta.platform' to enable JTA platform integration)
    2026-06-23T23:14:08.882+03:00  INFO 26748 --- [mentee-power-crm] [    Test worker] j.LocalContainerEntityManagerFactoryBean : Initialized JPA EntityManagerFactory for persistence unit 'default'
    2026-06-23T23:14:08.935+03:00  INFO 26748 --- [mentee-power-crm] [    Test worker] r.m.p.crm.repository.LeadRepositoryTest  : Started LeadRepositoryTest in 0.293 seconds (process running for 9.836)

LeadRepositoryTest > existByEmailShouldReturnTrueWhenLeadWithGivenEmailExists() STANDARD_OUT
    2026-06-23T23:14:08.956+03:00 DEBUG 26748 --- [mentee-power-crm] [    Test worker] org.hibernate.SQL                        : 
        /* insert for
            ru.mentee.power.crm.model.Company */insert 
        into
            companies (industry, name, id) 
        values
            (?, ?, ?)
    Hibernate: 
        /* insert for
            ru.mentee.power.crm.model.Company */insert 
        into
            companies (industry, name, id) 
        values
            (?, ?, ?)
    2026-06-23T23:14:08.957+03:00 TRACE 26748 --- [mentee-power-crm] [    Test worker] org.hibernate.orm.jdbc.bind              : binding parameter (1:VARCHAR) <- [TestIndustry]
    2026-06-23T23:14:08.957+03:00 TRACE 26748 --- [mentee-power-crm] [    Test worker] org.hibernate.orm.jdbc.bind              : binding parameter (2:VARCHAR) <- [ACME Corp]
    2026-06-23T23:14:08.957+03:00 TRACE 26748 --- [mentee-power-crm] [    Test worker] org.hibernate.orm.jdbc.bind              : binding parameter (3:UUID) <- [93bc16f2-0c9c-419e-852d-2348970d4b7e]
    2026-06-23T23:14:08.959+03:00 DEBUG 26748 --- [mentee-power-crm] [    Test worker] org.hibernate.SQL                        : 
        /* insert for
            ru.mentee.power.crm.model.Lead */insert 
        into
            leads (company_id, created_at, email, name, status, version, id) 
        values
            (?, ?, ?, ?, ?, ?, ?)
    Hibernate: 
        /* insert for
            ru.mentee.power.crm.model.Lead */insert 
        into
            leads (company_id, created_at, email, name, status, version, id) 
        values
            (?, ?, ?, ?, ?, ?, ?)
    2026-06-23T23:14:08.960+03:00 TRACE 26748 --- [mentee-power-crm] [    Test worker] org.hibernate.orm.jdbc.bind              : binding parameter (1:UUID) <- [93bc16f2-0c9c-419e-852d-2348970d4b7e]
    2026-06-23T23:14:08.960+03:00 TRACE 26748 --- [mentee-power-crm] [    Test worker] org.hibernate.orm.jdbc.bind              : binding parameter (2:TIMESTAMP) <- [2026-06-23T23:14:08.941171300]
    2026-06-23T23:14:08.960+03:00 TRACE 26748 --- [mentee-power-crm] [    Test worker] org.hibernate.orm.jdbc.bind              : binding parameter (3:VARCHAR) <- [john@example.com]
    2026-06-23T23:14:08.960+03:00 TRACE 26748 --- [mentee-power-crm] [    Test worker] org.hibernate.orm.jdbc.bind              : binding parameter (4:VARCHAR) <- [John]
    2026-06-23T23:14:08.960+03:00 TRACE 26748 --- [mentee-power-crm] [    Test worker] org.hibernate.orm.jdbc.bind              : binding parameter (5:ENUM) <- [NEW]
    2026-06-23T23:14:08.960+03:00 TRACE 26748 --- [mentee-power-crm] [    Test worker] org.hibernate.orm.jdbc.bind              : binding parameter (6:BIGINT) <- [0]
    2026-06-23T23:14:08.960+03:00 TRACE 26748 --- [mentee-power-crm] [    Test worker] org.hibernate.orm.jdbc.bind              : binding parameter (7:UUID) <- [3315b49a-c845-4c53-ad20-5b5bec98bdba]
    2026-06-23T23:14:08.961+03:00 DEBUG 26748 --- [mentee-power-crm] [    Test worker] org.hibernate.SQL                        : 
        /* insert for
            ru.mentee.power.crm.model.Company */insert 
        into
            companies (industry, name, id) 
        values
            (?, ?, ?)
    Hibernate: 
        /* insert for
            ru.mentee.power.crm.model.Company */insert 
        into
            companies (industry, name, id) 
        values
            (?, ?, ?)
    2026-06-23T23:14:08.961+03:00 TRACE 26748 --- [mentee-power-crm] [    Test worker] org.hibernate.orm.jdbc.bind              : binding parameter (1:VARCHAR) <- [TestIndustry]
    2026-06-23T23:14:08.961+03:00 TRACE 26748 --- [mentee-power-crm] [    Test worker] org.hibernate.orm.jdbc.bind              : binding parameter (2:VARCHAR) <- [TechInc]
    2026-06-23T23:14:08.961+03:00 TRACE 26748 --- [mentee-power-crm] [    Test worker] org.hibernate.orm.jdbc.bind              : binding parameter (3:UUID) <- [f0a86295-5636-49f5-9aa2-52ace9206ecb]
    2026-06-23T23:14:08.962+03:00 DEBUG 26748 --- [mentee-power-crm] [    Test worker] org.hibernate.SQL                        : 
        /* insert for
            ru.mentee.power.crm.model.Lead */insert 
        into
            leads (company_id, created_at, email, name, status, version, id) 
        values
            (?, ?, ?, ?, ?, ?, ?)
    Hibernate: 
        /* insert for
            ru.mentee.power.crm.model.Lead */insert 
        into
            leads (company_id, created_at, email, name, status, version, id) 
        values
            (?, ?, ?, ?, ?, ?, ?)
    2026-06-23T23:14:08.962+03:00 TRACE 26748 --- [mentee-power-crm] [    Test worker] org.hibernate.orm.jdbc.bind              : binding parameter (1:UUID) <- [f0a86295-5636-49f5-9aa2-52ace9206ecb]
    2026-06-23T23:14:08.962+03:00 TRACE 26748 --- [mentee-power-crm] [    Test worker] org.hibernate.orm.jdbc.bind              : binding parameter (2:TIMESTAMP) <- [2026-06-23T23:14:08.941171300]
    2026-06-23T23:14:08.962+03:00 TRACE 26748 --- [mentee-power-crm] [    Test worker] org.hibernate.orm.jdbc.bind              : binding parameter (3:VARCHAR) <- [jane@example.com]
    2026-06-23T23:14:08.962+03:00 TRACE 26748 --- [mentee-power-crm] [    Test worker] org.hibernate.orm.jdbc.bind              : binding parameter (4:VARCHAR) <- [Jane]
    2026-06-23T23:14:08.962+03:00 TRACE 26748 --- [mentee-power-crm] [    Test worker] org.hibernate.orm.jdbc.bind              : binding parameter (5:ENUM) <- [CONTACTED]
    2026-06-23T23:14:08.962+03:00 TRACE 26748 --- [mentee-power-crm] [    Test worker] org.hibernate.orm.jdbc.bind              : binding parameter (6:BIGINT) <- [0]
    2026-06-23T23:14:08.962+03:00 TRACE 26748 --- [mentee-power-crm] [    Test worker] org.hibernate.orm.jdbc.bind              : binding parameter (7:UUID) <- [a1baf6af-fb3a-40e8-bf39-164ff7bccd39]
    2026-06-23T23:14:08.963+03:00 DEBUG 26748 --- [mentee-power-crm] [    Test worker] org.hibernate.SQL                        : 
        /* <criteria> */ select
            l1_0.id 
        from
            leads l1_0 
        where
            l1_0.email=? 
        fetch
            first ? rows only
    Hibernate: 
        /* <criteria> */ select
            l1_0.id 
        from
            leads l1_0 
        where
            l1_0.email=? 
        fetch
            first ? rows only
    2026-06-23T23:14:08.964+03:00 TRACE 26748 --- [mentee-power-crm] [    Test worker] org.hibernate.orm.jdbc.bind              : binding parameter (1:VARCHAR) <- [john@example.com]
    2026-06-23T23:14:08.964+03:00 TRACE 26748 --- [mentee-power-crm] [    Test worker] org.hibernate.orm.jdbc.bind              : binding parameter (2:INTEGER) <- [1]

LeadRepositoryTest > contByStatusShouldReturnCountOfLeadsWithGivenStatus() STANDARD_OUT
    2026-06-23T23:14:08.977+03:00 DEBUG 26748 --- [mentee-power-crm] [    Test worker] org.hibernate.SQL                        : 
        /* insert for
            ru.mentee.power.crm.model.Company */insert 
        into
            companies (industry, name, id) 
        values
            (?, ?, ?)
    Hibernate: 
        /* insert for
            ru.mentee.power.crm.model.Company */insert 
        into
            companies (industry, name, id) 
        values
            (?, ?, ?)
    2026-06-23T23:14:08.977+03:00 TRACE 26748 --- [mentee-power-crm] [    Test worker] org.hibernate.orm.jdbc.bind              : binding parameter (1:VARCHAR) <- [TestIndustry]
    2026-06-23T23:14:08.977+03:00 TRACE 26748 --- [mentee-power-crm] [    Test worker] org.hibernate.orm.jdbc.bind              : binding parameter (2:VARCHAR) <- [ACME Corp]
    2026-06-23T23:14:08.977+03:00 TRACE 26748 --- [mentee-power-crm] [    Test worker] org.hibernate.orm.jdbc.bind              : binding parameter (3:UUID) <- [01b89a3e-bfcc-48ad-aa42-f2992d47e328]
    2026-06-23T23:14:08.979+03:00 DEBUG 26748 --- [mentee-power-crm] [    Test worker] org.hibernate.SQL                        : 
        /* insert for
            ru.mentee.power.crm.model.Lead */insert 
        into
            leads (company_id, created_at, email, name, status, version, id) 
        values
            (?, ?, ?, ?, ?, ?, ?)
    Hibernate: 
        /* insert for
            ru.mentee.power.crm.model.Lead */insert 
        into
            leads (company_id, created_at, email, name, status, version, id) 
        values
            (?, ?, ?, ?, ?, ?, ?)
    2026-06-23T23:14:08.979+03:00 TRACE 26748 --- [mentee-power-crm] [    Test worker] org.hibernate.orm.jdbc.bind              : binding parameter (1:UUID) <- [01b89a3e-bfcc-48ad-aa42-f2992d47e328]
    2026-06-23T23:14:08.979+03:00 TRACE 26748 --- [mentee-power-crm] [    Test worker] org.hibernate.orm.jdbc.bind              : binding parameter (2:TIMESTAMP) <- [2026-06-23T23:14:08.972730]
    2026-06-23T23:14:08.979+03:00 TRACE 26748 --- [mentee-power-crm] [    Test worker] org.hibernate.orm.jdbc.bind              : binding parameter (3:VARCHAR) <- [john@example.com]
    2026-06-23T23:14:08.979+03:00 TRACE 26748 --- [mentee-power-crm] [    Test worker] org.hibernate.orm.jdbc.bind              : binding parameter (4:VARCHAR) <- [John]
    2026-06-23T23:14:08.979+03:00 TRACE 26748 --- [mentee-power-crm] [    Test worker] org.hibernate.orm.jdbc.bind              : binding parameter (5:ENUM) <- [NEW]
    2026-06-23T23:14:08.979+03:00 TRACE 26748 --- [mentee-power-crm] [    Test worker] org.hibernate.orm.jdbc.bind              : binding parameter (6:BIGINT) <- [0]
    2026-06-23T23:14:08.979+03:00 TRACE 26748 --- [mentee-power-crm] [    Test worker] org.hibernate.orm.jdbc.bind              : binding parameter (7:UUID) <- [b212909f-6b31-45a1-a130-2eecd925e3ed]
    2026-06-23T23:14:08.980+03:00 DEBUG 26748 --- [mentee-power-crm] [    Test worker] org.hibernate.SQL                        : 
        /* insert for
            ru.mentee.power.crm.model.Company */insert 
        into
            companies (industry, name, id) 
        values
            (?, ?, ?)
    Hibernate: 
        /* insert for
            ru.mentee.power.crm.model.Company */insert 
        into
            companies (industry, name, id) 
        values
            (?, ?, ?)
    2026-06-23T23:14:08.980+03:00 TRACE 26748 --- [mentee-power-crm] [    Test worker] org.hibernate.orm.jdbc.bind              : binding parameter (1:VARCHAR) <- [TestIndustry]
    2026-06-23T23:14:08.980+03:00 TRACE 26748 --- [mentee-power-crm] [    Test worker] org.hibernate.orm.jdbc.bind              : binding parameter (2:VARCHAR) <- [TechInc]
    2026-06-23T23:14:08.980+03:00 TRACE 26748 --- [mentee-power-crm] [    Test worker] org.hibernate.orm.jdbc.bind              : binding parameter (3:UUID) <- [25a29e26-fe05-4ef5-b97b-1aab1f490e7a]
    2026-06-23T23:14:08.981+03:00 DEBUG 26748 --- [mentee-power-crm] [    Test worker] org.hibernate.SQL                        : 
        /* insert for
            ru.mentee.power.crm.model.Lead */insert 
        into
            leads (company_id, created_at, email, name, status, version, id) 
        values
            (?, ?, ?, ?, ?, ?, ?)
    Hibernate: 
        /* insert for
            ru.mentee.power.crm.model.Lead */insert 
        into
            leads (company_id, created_at, email, name, status, version, id) 
        values
            (?, ?, ?, ?, ?, ?, ?)
    2026-06-23T23:14:08.981+03:00 TRACE 26748 --- [mentee-power-crm] [    Test worker] org.hibernate.orm.jdbc.bind              : binding parameter (1:UUID) <- [25a29e26-fe05-4ef5-b97b-1aab1f490e7a]
    2026-06-23T23:14:08.981+03:00 TRACE 26748 --- [mentee-power-crm] [    Test worker] org.hibernate.orm.jdbc.bind              : binding parameter (2:TIMESTAMP) <- [2026-06-23T23:14:08.972730]
    2026-06-23T23:14:08.981+03:00 TRACE 26748 --- [mentee-power-crm] [    Test worker] org.hibernate.orm.jdbc.bind              : binding parameter (3:VARCHAR) <- [jane@example.com]
    2026-06-23T23:14:08.981+03:00 TRACE 26748 --- [mentee-power-crm] [    Test worker] org.hibernate.orm.jdbc.bind              : binding parameter (4:VARCHAR) <- [Jane]
    2026-06-23T23:14:08.981+03:00 TRACE 26748 --- [mentee-power-crm] [    Test worker] org.hibernate.orm.jdbc.bind              : binding parameter (5:ENUM) <- [CONTACTED]
    2026-06-23T23:14:08.981+03:00 TRACE 26748 --- [mentee-power-crm] [    Test worker] org.hibernate.orm.jdbc.bind              : binding parameter (6:BIGINT) <- [0]
    2026-06-23T23:14:08.981+03:00 TRACE 26748 --- [mentee-power-crm] [    Test worker] org.hibernate.orm.jdbc.bind              : binding parameter (7:UUID) <- [66579d2e-3fb1-4940-a3ea-94345b5f0115]
    2026-06-23T23:14:08.982+03:00 DEBUG 26748 --- [mentee-power-crm] [    Test worker] org.hibernate.SQL                        : 
        /* <criteria> */ select
            count(l1_0.id) 
        from
            leads l1_0 
        where
            l1_0.status=?
    Hibernate: 
        /* <criteria> */ select
            count(l1_0.id) 
        from
            leads l1_0 
        where
            l1_0.status=?
    2026-06-23T23:14:08.982+03:00 TRACE 26748 --- [mentee-power-crm] [    Test worker] org.hibernate.orm.jdbc.bind              : binding parameter (1:ENUM) <- [NEW]
    2026-06-23T23:14:08.985+03:00 DEBUG 26748 --- [mentee-power-crm] [    Test worker] org.hibernate.SQL                        : 
        /* <criteria> */ select
            count(l1_0.id) 
        from
            leads l1_0 
        where
            l1_0.status=?
    Hibernate: 
        /* <criteria> */ select
            count(l1_0.id) 
        from
            leads l1_0 
        where
            l1_0.status=?
    2026-06-23T23:14:08.986+03:00 TRACE 26748 --- [mentee-power-crm] [    Test worker] org.hibernate.orm.jdbc.bind              : binding parameter (1:ENUM) <- [CONTACTED]

LeadRepositoryTest > shouldReturnEmptyOptionalWhenEmailNotFound() STANDARD_OUT
    2026-06-23T23:14:09.014+03:00 DEBUG 26748 --- [mentee-power-crm] [    Test worker] org.hibernate.SQL                        : 
        /* insert for
            ru.mentee.power.crm.model.Company */insert 
        into
            companies (industry, name, id) 
        values
            (?, ?, ?)
    Hibernate: 
        /* insert for
            ru.mentee.power.crm.model.Company */insert 
        into
            companies (industry, name, id) 
        values
            (?, ?, ?)
    2026-06-23T23:14:09.014+03:00 TRACE 26748 --- [mentee-power-crm] [    Test worker] org.hibernate.orm.jdbc.bind              : binding parameter (1:VARCHAR) <- [TestIndustry]
    2026-06-23T23:14:09.014+03:00 TRACE 26748 --- [mentee-power-crm] [    Test worker] org.hibernate.orm.jdbc.bind              : binding parameter (2:VARCHAR) <- [ACME Corp]
    2026-06-23T23:14:09.014+03:00 TRACE 26748 --- [mentee-power-crm] [    Test worker] org.hibernate.orm.jdbc.bind              : binding parameter (3:UUID) <- [faa16b10-625a-4d27-973b-4e5426436bac]
    2026-06-23T23:14:09.015+03:00 DEBUG 26748 --- [mentee-power-crm] [    Test worker] org.hibernate.SQL                        : 
        /* insert for
            ru.mentee.power.crm.model.Lead */insert 
        into
            leads (company_id, created_at, email, name, status, version, id) 
        values
            (?, ?, ?, ?, ?, ?, ?)
    Hibernate: 
        /* insert for
            ru.mentee.power.crm.model.Lead */insert 
        into
            leads (company_id, created_at, email, name, status, version, id) 
        values
            (?, ?, ?, ?, ?, ?, ?)
    2026-06-23T23:14:09.018+03:00 TRACE 26748 --- [mentee-power-crm] [    Test worker] org.hibernate.orm.jdbc.bind              : binding parameter (1:UUID) <- [faa16b10-625a-4d27-973b-4e5426436bac]
    2026-06-23T23:14:09.019+03:00 TRACE 26748 --- [mentee-power-crm] [    Test worker] org.hibernate.orm.jdbc.bind              : binding parameter (2:TIMESTAMP) <- [2026-06-23T23:14:08.989730300]
    2026-06-23T23:14:09.019+03:00 TRACE 26748 --- [mentee-power-crm] [    Test worker] org.hibernate.orm.jdbc.bind              : binding parameter (3:VARCHAR) <- [john@example.com]
    2026-06-23T23:14:09.019+03:00 TRACE 26748 --- [mentee-power-crm] [    Test worker] org.hibernate.orm.jdbc.bind              : binding parameter (4:VARCHAR) <- [John]
    2026-06-23T23:14:09.019+03:00 TRACE 26748 --- [mentee-power-crm] [    Test worker] org.hibernate.orm.jdbc.bind              : binding parameter (5:ENUM) <- [NEW]
    2026-06-23T23:14:09.020+03:00 TRACE 26748 --- [mentee-power-crm] [    Test worker] org.hibernate.orm.jdbc.bind              : binding parameter (6:BIGINT) <- [0]
    2026-06-23T23:14:09.020+03:00 TRACE 26748 --- [mentee-power-crm] [    Test worker] org.hibernate.orm.jdbc.bind              : binding parameter (7:UUID) <- [ddaa7a2f-111d-4417-ac2b-5fdfd4b7ad0f]
    2026-06-23T23:14:09.021+03:00 DEBUG 26748 --- [mentee-power-crm] [    Test worker] org.hibernate.SQL                        : 
        /* insert for
            ru.mentee.power.crm.model.Company */insert 
        into
            companies (industry, name, id) 
        values
            (?, ?, ?)
    Hibernate: 
        /* insert for
            ru.mentee.power.crm.model.Company */insert 
        into
            companies (industry, name, id) 
        values
            (?, ?, ?)
    2026-06-23T23:14:09.021+03:00 TRACE 26748 --- [mentee-power-crm] [    Test worker] org.hibernate.orm.jdbc.bind              : binding parameter (1:VARCHAR) <- [TestIndustry]
    2026-06-23T23:14:09.022+03:00 TRACE 26748 --- [mentee-power-crm] [    Test worker] org.hibernate.orm.jdbc.bind              : binding parameter (2:VARCHAR) <- [TechInc]
    2026-06-23T23:14:09.022+03:00 TRACE 26748 --- [mentee-power-crm] [    Test worker] org.hibernate.orm.jdbc.bind              : binding parameter (3:UUID) <- [433bdcf7-63ea-43b3-b4f8-282e1c7aa6ec]
    2026-06-23T23:14:09.023+03:00 DEBUG 26748 --- [mentee-power-crm] [    Test worker] org.hibernate.SQL                        : 
        /* insert for
            ru.mentee.power.crm.model.Lead */insert 
        into
            leads (company_id, created_at, email, name, status, version, id) 
        values
            (?, ?, ?, ?, ?, ?, ?)
    Hibernate: 
        /* insert for
            ru.mentee.power.crm.model.Lead */insert 
        into
            leads (company_id, created_at, email, name, status, version, id) 
        values
            (?, ?, ?, ?, ?, ?, ?)
    2026-06-23T23:14:09.023+03:00 TRACE 26748 --- [mentee-power-crm] [    Test worker] org.hibernate.orm.jdbc.bind              : binding parameter (1:UUID) <- [433bdcf7-63ea-43b3-b4f8-282e1c7aa6ec]
    2026-06-23T23:14:09.023+03:00 TRACE 26748 --- [mentee-power-crm] [    Test worker] org.hibernate.orm.jdbc.bind              : binding parameter (2:TIMESTAMP) <- [2026-06-23T23:14:08.990729200]
    2026-06-23T23:14:09.024+03:00 TRACE 26748 --- [mentee-power-crm] [    Test worker] org.hibernate.orm.jdbc.bind              : binding parameter (3:VARCHAR) <- [jane@example.com]
    2026-06-23T23:14:09.024+03:00 TRACE 26748 --- [mentee-power-crm] [    Test worker] org.hibernate.orm.jdbc.bind              : binding parameter (4:VARCHAR) <- [Jane]
    2026-06-23T23:14:09.024+03:00 TRACE 26748 --- [mentee-power-crm] [    Test worker] org.hibernate.orm.jdbc.bind              : binding parameter (5:ENUM) <- [CONTACTED]
    2026-06-23T23:14:09.024+03:00 TRACE 26748 --- [mentee-power-crm] [    Test worker] org.hibernate.orm.jdbc.bind              : binding parameter (6:BIGINT) <- [0]
    2026-06-23T23:14:09.024+03:00 TRACE 26748 --- [mentee-power-crm] [    Test worker] org.hibernate.orm.jdbc.bind              : binding parameter (7:UUID) <- [1aa4ad17-733b-4e3c-b854-e138f19a89d7]
    2026-06-23T23:14:09.053+03:00 DEBUG 26748 --- [mentee-power-crm] [    Test worker] org.hibernate.SQL                        : 
        /* dynamic native SQL query */ SELECT
            * 
        FROM
            leads 
        WHERE
            email = ?
    Hibernate: 
        /* dynamic native SQL query */ SELECT
            * 
        FROM
            leads 
        WHERE
            email = ?
    2026-06-23T23:14:09.054+03:00 TRACE 26748 --- [mentee-power-crm] [    Test worker] org.hibernate.orm.jdbc.bind              : binding parameter (1:VARCHAR) <- [nonexistent@test.com]

LeadRepositoryTest > shouldDeleteLeadWhenCalledDelete() STANDARD_OUT
    2026-06-23T23:14:09.081+03:00 DEBUG 26748 --- [mentee-power-crm] [    Test worker] org.hibernate.SQL                        : 
        /* insert for
            ru.mentee.power.crm.model.Company */insert 
        into
            companies (industry, name, id) 
        values
            (?, ?, ?)
    Hibernate: 
        /* insert for
            ru.mentee.power.crm.model.Company */insert 
        into
            companies (industry, name, id) 
        values
            (?, ?, ?)
    2026-06-23T23:14:09.082+03:00 TRACE 26748 --- [mentee-power-crm] [    Test worker] org.hibernate.orm.jdbc.bind              : binding parameter (1:VARCHAR) <- [TestIndustry]
    2026-06-23T23:14:09.082+03:00 TRACE 26748 --- [mentee-power-crm] [    Test worker] org.hibernate.orm.jdbc.bind              : binding parameter (2:VARCHAR) <- [ACME Corp]
    2026-06-23T23:14:09.082+03:00 TRACE 26748 --- [mentee-power-crm] [    Test worker] org.hibernate.orm.jdbc.bind              : binding parameter (3:UUID) <- [eefb7858-e047-4316-af85-c113be0910df]
    2026-06-23T23:14:09.083+03:00 DEBUG 26748 --- [mentee-power-crm] [    Test worker] org.hibernate.SQL                        : 
        /* insert for
            ru.mentee.power.crm.model.Lead */insert 
        into
            leads (company_id, created_at, email, name, status, version, id) 
        values
            (?, ?, ?, ?, ?, ?, ?)
    Hibernate: 
        /* insert for
            ru.mentee.power.crm.model.Lead */insert 
        into
            leads (company_id, created_at, email, name, status, version, id) 
        values
            (?, ?, ?, ?, ?, ?, ?)
    2026-06-23T23:14:09.084+03:00 TRACE 26748 --- [mentee-power-crm] [    Test worker] org.hibernate.orm.jdbc.bind              : binding parameter (1:UUID) <- [eefb7858-e047-4316-af85-c113be0910df]
    2026-06-23T23:14:09.084+03:00 TRACE 26748 --- [mentee-power-crm] [    Test worker] org.hibernate.orm.jdbc.bind              : binding parameter (2:TIMESTAMP) <- [2026-06-23T23:14:09.073919700]
    2026-06-23T23:14:09.084+03:00 TRACE 26748 --- [mentee-power-crm] [    Test worker] org.hibernate.orm.jdbc.bind              : binding parameter (3:VARCHAR) <- [john@example.com]
    2026-06-23T23:14:09.084+03:00 TRACE 26748 --- [mentee-power-crm] [    Test worker] org.hibernate.orm.jdbc.bind              : binding parameter (4:VARCHAR) <- [John]
    2026-06-23T23:14:09.084+03:00 TRACE 26748 --- [mentee-power-crm] [    Test worker] org.hibernate.orm.jdbc.bind              : binding parameter (5:ENUM) <- [NEW]
    2026-06-23T23:14:09.084+03:00 TRACE 26748 --- [mentee-power-crm] [    Test worker] org.hibernate.orm.jdbc.bind              : binding parameter (6:BIGINT) <- [0]
    2026-06-23T23:14:09.084+03:00 TRACE 26748 --- [mentee-power-crm] [    Test worker] org.hibernate.orm.jdbc.bind              : binding parameter (7:UUID) <- [47378e21-0d51-43c8-8430-b93c5f1e696f]
    2026-06-23T23:14:09.085+03:00 DEBUG 26748 --- [mentee-power-crm] [    Test worker] org.hibernate.SQL                        : 
        /* insert for
            ru.mentee.power.crm.model.Company */insert 
        into
            companies (industry, name, id) 
        values
            (?, ?, ?)
    Hibernate: 
        /* insert for
            ru.mentee.power.crm.model.Company */insert 
        into
            companies (industry, name, id) 
        values
            (?, ?, ?)
    2026-06-23T23:14:09.085+03:00 TRACE 26748 --- [mentee-power-crm] [    Test worker] org.hibernate.orm.jdbc.bind              : binding parameter (1:VARCHAR) <- [TestIndustry]
    2026-06-23T23:14:09.085+03:00 TRACE 26748 --- [mentee-power-crm] [    Test worker] org.hibernate.orm.jdbc.bind              : binding parameter (2:VARCHAR) <- [TechInc]
    2026-06-23T23:14:09.085+03:00 TRACE 26748 --- [mentee-power-crm] [    Test worker] org.hibernate.orm.jdbc.bind              : binding parameter (3:UUID) <- [e38d54b6-8534-4940-b009-f86bee6d761f]
    2026-06-23T23:14:09.085+03:00 DEBUG 26748 --- [mentee-power-crm] [    Test worker] org.hibernate.SQL                        : 
        /* insert for
            ru.mentee.power.crm.model.Lead */insert 
        into
            leads (company_id, created_at, email, name, status, version, id) 
        values
            (?, ?, ?, ?, ?, ?, ?)
    Hibernate: 
        /* insert for
            ru.mentee.power.crm.model.Lead */insert 
        into
            leads (company_id, created_at, email, name, status, version, id) 
        values
            (?, ?, ?, ?, ?, ?, ?)
    2026-06-23T23:14:09.086+03:00 TRACE 26748 --- [mentee-power-crm] [    Test worker] org.hibernate.orm.jdbc.bind              : binding parameter (1:UUID) <- [e38d54b6-8534-4940-b009-f86bee6d761f]
    2026-06-23T23:14:09.086+03:00 TRACE 26748 --- [mentee-power-crm] [    Test worker] org.hibernate.orm.jdbc.bind              : binding parameter (2:TIMESTAMP) <- [2026-06-23T23:14:09.073919700]
    2026-06-23T23:14:09.086+03:00 TRACE 26748 --- [mentee-power-crm] [    Test worker] org.hibernate.orm.jdbc.bind              : binding parameter (3:VARCHAR) <- [jane@example.com]
    2026-06-23T23:14:09.086+03:00 TRACE 26748 --- [mentee-power-crm] [    Test worker] org.hibernate.orm.jdbc.bind              : binding parameter (4:VARCHAR) <- [Jane]
    2026-06-23T23:14:09.086+03:00 TRACE 26748 --- [mentee-power-crm] [    Test worker] org.hibernate.orm.jdbc.bind              : binding parameter (5:ENUM) <- [CONTACTED]
    2026-06-23T23:14:09.086+03:00 TRACE 26748 --- [mentee-power-crm] [    Test worker] org.hibernate.orm.jdbc.bind              : binding parameter (6:BIGINT) <- [0]
    2026-06-23T23:14:09.086+03:00 TRACE 26748 --- [mentee-power-crm] [    Test worker] org.hibernate.orm.jdbc.bind              : binding parameter (7:UUID) <- [e87b7ac2-e4cd-4391-8eaf-d848d62b2b1a]
    2026-06-23T23:14:09.086+03:00 DEBUG 26748 --- [mentee-power-crm] [    Test worker] org.hibernate.SQL                        : 
        /* insert for
            ru.mentee.power.crm.model.Lead */insert 
        into
            leads (company_id, created_at, email, name, status, version, id) 
        values
            (?, ?, ?, ?, ?, ?, ?)
    Hibernate: 
        /* insert for
            ru.mentee.power.crm.model.Lead */insert 
        into
            leads (company_id, created_at, email, name, status, version, id) 
        values
            (?, ?, ?, ?, ?, ?, ?)
    2026-06-23T23:14:09.086+03:00 TRACE 26748 --- [mentee-power-crm] [    Test worker] org.hibernate.orm.jdbc.bind              : binding parameter (1:UUID) <- [eefb7858-e047-4316-af85-c113be0910df]
    2026-06-23T23:14:09.086+03:00 TRACE 26748 --- [mentee-power-crm] [    Test worker] org.hibernate.orm.jdbc.bind              : binding parameter (2:TIMESTAMP) <- [2026-06-23T23:14:09.076979700]
    2026-06-23T23:14:09.086+03:00 TRACE 26748 --- [mentee-power-crm] [    Test worker] org.hibernate.orm.jdbc.bind              : binding parameter (3:VARCHAR) <- [mike@example.com]
    2026-06-23T23:14:09.086+03:00 TRACE 26748 --- [mentee-power-crm] [    Test worker] org.hibernate.orm.jdbc.bind              : binding parameter (4:VARCHAR) <- [Mike]
    2026-06-23T23:14:09.086+03:00 TRACE 26748 --- [mentee-power-crm] [    Test worker] org.hibernate.orm.jdbc.bind              : binding parameter (5:ENUM) <- [NEW]
    2026-06-23T23:14:09.087+03:00 TRACE 26748 --- [mentee-power-crm] [    Test worker] org.hibernate.orm.jdbc.bind              : binding parameter (6:BIGINT) <- [0]
    2026-06-23T23:14:09.087+03:00 TRACE 26748 --- [mentee-power-crm] [    Test worker] org.hibernate.orm.jdbc.bind              : binding parameter (7:UUID) <- [9fbffbe5-cc54-4b59-bb77-a8f20c345c5c]
    2026-06-23T23:14:09.089+03:00 DEBUG 26748 --- [mentee-power-crm] [    Test worker] org.hibernate.SQL                        : 
        /* delete for ru.mentee.power.crm.model.Lead */delete 
        from
            leads 
        where
            id=? 
            and version=?
    Hibernate: 
        /* delete for ru.mentee.power.crm.model.Lead */delete 
        from
            leads 
        where
            id=? 
            and version=?
    2026-06-23T23:14:09.089+03:00 TRACE 26748 --- [mentee-power-crm] [    Test worker] org.hibernate.orm.jdbc.bind              : binding parameter (1:UUID) <- [9fbffbe5-cc54-4b59-bb77-a8f20c345c5c]
    2026-06-23T23:14:09.089+03:00 TRACE 26748 --- [mentee-power-crm] [    Test worker] org.hibernate.orm.jdbc.bind              : binding parameter (2:BIGINT) <- [0]
    2026-06-23T23:14:09.091+03:00 DEBUG 26748 --- [mentee-power-crm] [    Test worker] org.hibernate.SQL                        : 
        /* <criteria> */ select
            l1_0.id,
            l1_0.company_id,
            l1_0.created_at,
            l1_0.email,
            l1_0.name,
            l1_0.status,
            l1_0.version 
        from
            leads l1_0
    Hibernate: 
        /* <criteria> */ select
            l1_0.id,
            l1_0.company_id,
            l1_0.created_at,
            l1_0.email,
            l1_0.name,
            l1_0.status,
            l1_0.version 
        from
            leads l1_0

LeadRepositoryTest > existByEmailShouldReturnFalseWhenLeadWithGivenEmailNotExists() STANDARD_OUT
    2026-06-23T23:14:09.098+03:00 DEBUG 26748 --- [mentee-power-crm] [    Test worker] org.hibernate.SQL                        : 
        /* insert for
            ru.mentee.power.crm.model.Company */insert 
        into
            companies (industry, name, id) 
        values
            (?, ?, ?)
    Hibernate: 
        /* insert for
            ru.mentee.power.crm.model.Company */insert 
        into
            companies (industry, name, id) 
        values
            (?, ?, ?)
    2026-06-23T23:14:09.099+03:00 TRACE 26748 --- [mentee-power-crm] [    Test worker] org.hibernate.orm.jdbc.bind              : binding parameter (1:VARCHAR) <- [TestIndustry]
    2026-06-23T23:14:09.099+03:00 TRACE 26748 --- [mentee-power-crm] [    Test worker] org.hibernate.orm.jdbc.bind              : binding parameter (2:VARCHAR) <- [ACME Corp]
    2026-06-23T23:14:09.099+03:00 TRACE 26748 --- [mentee-power-crm] [    Test worker] org.hibernate.orm.jdbc.bind              : binding parameter (3:UUID) <- [c14226d2-f6e3-42e6-bd92-5eff44488107]
    2026-06-23T23:14:09.100+03:00 DEBUG 26748 --- [mentee-power-crm] [    Test worker] org.hibernate.SQL                        : 
        /* insert for
            ru.mentee.power.crm.model.Lead */insert 
        into
            leads (company_id, created_at, email, name, status, version, id) 
        values
            (?, ?, ?, ?, ?, ?, ?)
    Hibernate: 
        /* insert for
            ru.mentee.power.crm.model.Lead */insert 
        into
            leads (company_id, created_at, email, name, status, version, id) 
        values
            (?, ?, ?, ?, ?, ?, ?)
    2026-06-23T23:14:09.100+03:00 TRACE 26748 --- [mentee-power-crm] [    Test worker] org.hibernate.orm.jdbc.bind              : binding parameter (1:UUID) <- [c14226d2-f6e3-42e6-bd92-5eff44488107]
    2026-06-23T23:14:09.100+03:00 TRACE 26748 --- [mentee-power-crm] [    Test worker] org.hibernate.orm.jdbc.bind              : binding parameter (2:TIMESTAMP) <- [2026-06-23T23:14:09.096918800]
    2026-06-23T23:14:09.100+03:00 TRACE 26748 --- [mentee-power-crm] [    Test worker] org.hibernate.orm.jdbc.bind              : binding parameter (3:VARCHAR) <- [john@example.com]
    2026-06-23T23:14:09.100+03:00 TRACE 26748 --- [mentee-power-crm] [    Test worker] org.hibernate.orm.jdbc.bind              : binding parameter (4:VARCHAR) <- [John]
    2026-06-23T23:14:09.100+03:00 TRACE 26748 --- [mentee-power-crm] [    Test worker] org.hibernate.orm.jdbc.bind              : binding parameter (5:ENUM) <- [NEW]
    2026-06-23T23:14:09.100+03:00 TRACE 26748 --- [mentee-power-crm] [    Test worker] org.hibernate.orm.jdbc.bind              : binding parameter (6:BIGINT) <- [0]
    2026-06-23T23:14:09.100+03:00 TRACE 26748 --- [mentee-power-crm] [    Test worker] org.hibernate.orm.jdbc.bind              : binding parameter (7:UUID) <- [62359b4b-a3ec-4207-b2df-9fb6ff5eb42c]
    2026-06-23T23:14:09.100+03:00 DEBUG 26748 --- [mentee-power-crm] [    Test worker] org.hibernate.SQL                        : 
        /* insert for
            ru.mentee.power.crm.model.Company */insert 
        into
            companies (industry, name, id) 
        values
            (?, ?, ?)
    Hibernate: 
        /* insert for
            ru.mentee.power.crm.model.Company */insert 
        into
            companies (industry, name, id) 
        values
            (?, ?, ?)
    2026-06-23T23:14:09.101+03:00 TRACE 26748 --- [mentee-power-crm] [    Test worker] org.hibernate.orm.jdbc.bind              : binding parameter (1:VARCHAR) <- [TestIndustry]
    2026-06-23T23:14:09.101+03:00 TRACE 26748 --- [mentee-power-crm] [    Test worker] org.hibernate.orm.jdbc.bind              : binding parameter (2:VARCHAR) <- [TechInc]
    2026-06-23T23:14:09.101+03:00 TRACE 26748 --- [mentee-power-crm] [    Test worker] org.hibernate.orm.jdbc.bind              : binding parameter (3:UUID) <- [67882dcc-d23d-4e61-975f-8c43e62cb8c3]
    2026-06-23T23:14:09.101+03:00 DEBUG 26748 --- [mentee-power-crm] [    Test worker] org.hibernate.SQL                        : 
        /* insert for
            ru.mentee.power.crm.model.Lead */insert 
        into
            leads (company_id, created_at, email, name, status, version, id) 
        values
            (?, ?, ?, ?, ?, ?, ?)
    Hibernate: 
        /* insert for
            ru.mentee.power.crm.model.Lead */insert 
        into
            leads (company_id, created_at, email, name, status, version, id) 
        values
            (?, ?, ?, ?, ?, ?, ?)
    2026-06-23T23:14:09.101+03:00 TRACE 26748 --- [mentee-power-crm] [    Test worker] org.hibernate.orm.jdbc.bind              : binding parameter (1:UUID) <- [67882dcc-d23d-4e61-975f-8c43e62cb8c3]
    2026-06-23T23:14:09.101+03:00 TRACE 26748 --- [mentee-power-crm] [    Test worker] org.hibernate.orm.jdbc.bind              : binding parameter (2:TIMESTAMP) <- [2026-06-23T23:14:09.097927200]
    2026-06-23T23:14:09.101+03:00 TRACE 26748 --- [mentee-power-crm] [    Test worker] org.hibernate.orm.jdbc.bind              : binding parameter (3:VARCHAR) <- [jane@example.com]
    2026-06-23T23:14:09.101+03:00 TRACE 26748 --- [mentee-power-crm] [    Test worker] org.hibernate.orm.jdbc.bind              : binding parameter (4:VARCHAR) <- [Jane]
    2026-06-23T23:14:09.101+03:00 TRACE 26748 --- [mentee-power-crm] [    Test worker] org.hibernate.orm.jdbc.bind              : binding parameter (5:ENUM) <- [CONTACTED]
    2026-06-23T23:14:09.101+03:00 TRACE 26748 --- [mentee-power-crm] [    Test worker] org.hibernate.orm.jdbc.bind              : binding parameter (6:BIGINT) <- [0]
    2026-06-23T23:14:09.101+03:00 TRACE 26748 --- [mentee-power-crm] [    Test worker] org.hibernate.orm.jdbc.bind              : binding parameter (7:UUID) <- [44378349-4059-48b5-82c5-55123ed7579e]
    2026-06-23T23:14:09.102+03:00 DEBUG 26748 --- [mentee-power-crm] [    Test worker] org.hibernate.SQL                        : 
        /* <criteria> */ select
            l1_0.id 
        from
            leads l1_0 
        where
            l1_0.email=? 
        fetch
            first ? rows only
    Hibernate: 
        /* <criteria> */ select
            l1_0.id 
        from
            leads l1_0 
        where
            l1_0.email=? 
        fetch
            first ? rows only
    2026-06-23T23:14:09.102+03:00 TRACE 26748 --- [mentee-power-crm] [    Test worker] org.hibernate.orm.jdbc.bind              : binding parameter (1:VARCHAR) <- [notexist@example.com]
    2026-06-23T23:14:09.102+03:00 TRACE 26748 --- [mentee-power-crm] [    Test worker] org.hibernate.orm.jdbc.bind              : binding parameter (2:INTEGER) <- [1]

LeadRepositoryTest > updateStatusBulkShouldUpdateLeadsWithGivenStatus() STANDARD_OUT
    2026-06-23T23:14:09.116+03:00 DEBUG 26748 --- [mentee-power-crm] [    Test worker] org.hibernate.SQL                        : 
        /* insert for
            ru.mentee.power.crm.model.Company */insert 
        into
            companies (industry, name, id) 
        values
            (?, ?, ?)
    Hibernate: 
        /* insert for
            ru.mentee.power.crm.model.Company */insert 
        into
            companies (industry, name, id) 
        values
            (?, ?, ?)
    2026-06-23T23:14:09.117+03:00 TRACE 26748 --- [mentee-power-crm] [    Test worker] org.hibernate.orm.jdbc.bind              : binding parameter (1:VARCHAR) <- [TestIndustry]
    2026-06-23T23:14:09.117+03:00 TRACE 26748 --- [mentee-power-crm] [    Test worker] org.hibernate.orm.jdbc.bind              : binding parameter (2:VARCHAR) <- [ACME Corp]
    2026-06-23T23:14:09.117+03:00 TRACE 26748 --- [mentee-power-crm] [    Test worker] org.hibernate.orm.jdbc.bind              : binding parameter (3:UUID) <- [338cd319-811e-4504-b3ab-876908a53cd4]
    2026-06-23T23:14:09.117+03:00 DEBUG 26748 --- [mentee-power-crm] [    Test worker] org.hibernate.SQL                        : 
        /* insert for
            ru.mentee.power.crm.model.Lead */insert 
        into
            leads (company_id, created_at, email, name, status, version, id) 
        values
            (?, ?, ?, ?, ?, ?, ?)
    Hibernate: 
        /* insert for
            ru.mentee.power.crm.model.Lead */insert 
        into
            leads (company_id, created_at, email, name, status, version, id) 
        values
            (?, ?, ?, ?, ?, ?, ?)
    2026-06-23T23:14:09.118+03:00 TRACE 26748 --- [mentee-power-crm] [    Test worker] org.hibernate.orm.jdbc.bind              : binding parameter (1:UUID) <- [338cd319-811e-4504-b3ab-876908a53cd4]
    2026-06-23T23:14:09.118+03:00 TRACE 26748 --- [mentee-power-crm] [    Test worker] org.hibernate.orm.jdbc.bind              : binding parameter (2:TIMESTAMP) <- [2026-06-23T23:14:09.106918100]
    2026-06-23T23:14:09.118+03:00 TRACE 26748 --- [mentee-power-crm] [    Test worker] org.hibernate.orm.jdbc.bind              : binding parameter (3:VARCHAR) <- [john@example.com]
    2026-06-23T23:14:09.118+03:00 TRACE 26748 --- [mentee-power-crm] [    Test worker] org.hibernate.orm.jdbc.bind              : binding parameter (4:VARCHAR) <- [John]
    2026-06-23T23:14:09.118+03:00 TRACE 26748 --- [mentee-power-crm] [    Test worker] org.hibernate.orm.jdbc.bind              : binding parameter (5:ENUM) <- [NEW]
    2026-06-23T23:14:09.118+03:00 TRACE 26748 --- [mentee-power-crm] [    Test worker] org.hibernate.orm.jdbc.bind              : binding parameter (6:BIGINT) <- [0]
    2026-06-23T23:14:09.118+03:00 TRACE 26748 --- [mentee-power-crm] [    Test worker] org.hibernate.orm.jdbc.bind              : binding parameter (7:UUID) <- [2ecf2115-9ca0-4dc1-a3c4-abaae17844e3]
    2026-06-23T23:14:09.118+03:00 DEBUG 26748 --- [mentee-power-crm] [    Test worker] org.hibernate.SQL                        : 
        /* insert for
            ru.mentee.power.crm.model.Company */insert 
        into
            companies (industry, name, id) 
        values
            (?, ?, ?)
    Hibernate: 
        /* insert for
            ru.mentee.power.crm.model.Company */insert 
        into
            companies (industry, name, id) 
        values
            (?, ?, ?)
    2026-06-23T23:14:09.119+03:00 TRACE 26748 --- [mentee-power-crm] [    Test worker] org.hibernate.orm.jdbc.bind              : binding parameter (1:VARCHAR) <- [TestIndustry]
    2026-06-23T23:14:09.119+03:00 TRACE 26748 --- [mentee-power-crm] [    Test worker] org.hibernate.orm.jdbc.bind              : binding parameter (2:VARCHAR) <- [TechInc]
    2026-06-23T23:14:09.119+03:00 TRACE 26748 --- [mentee-power-crm] [    Test worker] org.hibernate.orm.jdbc.bind              : binding parameter (3:UUID) <- [e84c9f55-5ebf-4d7e-8a87-1862c40336b5]
    2026-06-23T23:14:09.119+03:00 DEBUG 26748 --- [mentee-power-crm] [    Test worker] org.hibernate.SQL                        : 
        /* insert for
            ru.mentee.power.crm.model.Lead */insert 
        into
            leads (company_id, created_at, email, name, status, version, id) 
        values
            (?, ?, ?, ?, ?, ?, ?)
    Hibernate: 
        /* insert for
            ru.mentee.power.crm.model.Lead */insert 
        into
            leads (company_id, created_at, email, name, status, version, id) 
        values
            (?, ?, ?, ?, ?, ?, ?)
    2026-06-23T23:14:09.120+03:00 TRACE 26748 --- [mentee-power-crm] [    Test worker] org.hibernate.orm.jdbc.bind              : binding parameter (1:UUID) <- [e84c9f55-5ebf-4d7e-8a87-1862c40336b5]
    2026-06-23T23:14:09.120+03:00 TRACE 26748 --- [mentee-power-crm] [    Test worker] org.hibernate.orm.jdbc.bind              : binding parameter (2:TIMESTAMP) <- [2026-06-23T23:14:09.106918100]
    2026-06-23T23:14:09.120+03:00 TRACE 26748 --- [mentee-power-crm] [    Test worker] org.hibernate.orm.jdbc.bind              : binding parameter (3:VARCHAR) <- [jane@example.com]
    2026-06-23T23:14:09.120+03:00 TRACE 26748 --- [mentee-power-crm] [    Test worker] org.hibernate.orm.jdbc.bind              : binding parameter (4:VARCHAR) <- [Jane]
    2026-06-23T23:14:09.120+03:00 TRACE 26748 --- [mentee-power-crm] [    Test worker] org.hibernate.orm.jdbc.bind              : binding parameter (5:ENUM) <- [CONTACTED]
    2026-06-23T23:14:09.120+03:00 TRACE 26748 --- [mentee-power-crm] [    Test worker] org.hibernate.orm.jdbc.bind              : binding parameter (6:BIGINT) <- [0]
    2026-06-23T23:14:09.120+03:00 TRACE 26748 --- [mentee-power-crm] [    Test worker] org.hibernate.orm.jdbc.bind              : binding parameter (7:UUID) <- [619036ee-3c1f-459a-b685-65f902c81247]
    2026-06-23T23:14:09.121+03:00 DEBUG 26748 --- [mentee-power-crm] [    Test worker] org.hibernate.SQL                        : 
        /* insert for
            ru.mentee.power.crm.model.Lead */insert 
        into
            leads (company_id, created_at, email, name, status, version, id) 
        values
            (?, ?, ?, ?, ?, ?, ?)
    Hibernate: 
        /* insert for
            ru.mentee.power.crm.model.Lead */insert 
        into
            leads (company_id, created_at, email, name, status, version, id) 
        values
            (?, ?, ?, ?, ?, ?, ?)
    2026-06-23T23:14:09.121+03:00 TRACE 26748 --- [mentee-power-crm] [    Test worker] org.hibernate.orm.jdbc.bind              : binding parameter (1:UUID) <- [338cd319-811e-4504-b3ab-876908a53cd4]
    2026-06-23T23:14:09.121+03:00 TRACE 26748 --- [mentee-power-crm] [    Test worker] org.hibernate.orm.jdbc.bind              : binding parameter (2:TIMESTAMP) <- [2026-06-23T23:14:09.106918100]
    2026-06-23T23:14:09.121+03:00 TRACE 26748 --- [mentee-power-crm] [    Test worker] org.hibernate.orm.jdbc.bind              : binding parameter (3:VARCHAR) <- [mike@example.com]
    2026-06-23T23:14:09.121+03:00 TRACE 26748 --- [mentee-power-crm] [    Test worker] org.hibernate.orm.jdbc.bind              : binding parameter (4:VARCHAR) <- [Mike]
    2026-06-23T23:14:09.121+03:00 TRACE 26748 --- [mentee-power-crm] [    Test worker] org.hibernate.orm.jdbc.bind              : binding parameter (5:ENUM) <- [NEW]
    2026-06-23T23:14:09.121+03:00 TRACE 26748 --- [mentee-power-crm] [    Test worker] org.hibernate.orm.jdbc.bind              : binding parameter (6:BIGINT) <- [0]
    2026-06-23T23:14:09.121+03:00 TRACE 26748 --- [mentee-power-crm] [    Test worker] org.hibernate.orm.jdbc.bind              : binding parameter (7:UUID) <- [153e7133-6887-4eb7-971f-81ac97033f27]
    2026-06-23T23:14:09.122+03:00 DEBUG 26748 --- [mentee-power-crm] [    Test worker] org.hibernate.SQL                        : 
        /* insert for
            ru.mentee.power.crm.model.Lead */insert 
        into
            leads (company_id, created_at, email, name, status, version, id) 
        values
            (?, ?, ?, ?, ?, ?, ?)
    Hibernate: 
        /* insert for
            ru.mentee.power.crm.model.Lead */insert 
        into
            leads (company_id, created_at, email, name, status, version, id) 
        values
            (?, ?, ?, ?, ?, ?, ?)
    2026-06-23T23:14:09.122+03:00 TRACE 26748 --- [mentee-power-crm] [    Test worker] org.hibernate.orm.jdbc.bind              : binding parameter (1:UUID) <- [338cd319-811e-4504-b3ab-876908a53cd4]
    2026-06-23T23:14:09.122+03:00 TRACE 26748 --- [mentee-power-crm] [    Test worker] org.hibernate.orm.jdbc.bind              : binding parameter (2:TIMESTAMP) <- [2026-06-23T23:14:09.107920500]
    2026-06-23T23:14:09.122+03:00 TRACE 26748 --- [mentee-power-crm] [    Test worker] org.hibernate.orm.jdbc.bind              : binding parameter (3:VARCHAR) <- [fred@example.com]
    2026-06-23T23:14:09.122+03:00 TRACE 26748 --- [mentee-power-crm] [    Test worker] org.hibernate.orm.jdbc.bind              : binding parameter (4:VARCHAR) <- [Fred]
    2026-06-23T23:14:09.122+03:00 TRACE 26748 --- [mentee-power-crm] [    Test worker] org.hibernate.orm.jdbc.bind              : binding parameter (5:ENUM) <- [QUALIFIED]
    2026-06-23T23:14:09.122+03:00 TRACE 26748 --- [mentee-power-crm] [    Test worker] org.hibernate.orm.jdbc.bind              : binding parameter (6:BIGINT) <- [0]
    2026-06-23T23:14:09.122+03:00 TRACE 26748 --- [mentee-power-crm] [    Test worker] org.hibernate.orm.jdbc.bind              : binding parameter (7:UUID) <- [65ade417-2dfe-43ce-af0f-2a0f9a68c86d]
    2026-06-23T23:14:09.123+03:00 DEBUG 26748 --- [mentee-power-crm] [    Test worker] org.hibernate.SQL                        : 
        /* UPDATE
            Lead l 
        SET
            l.status = :newStatus 
        WHERE
            l.status = :oldStatus */ update leads l1_0 
        set
            status=? 
        where
            l1_0.status=?
    Hibernate: 
        /* UPDATE
            Lead l 
        SET
            l.status = :newStatus 
        WHERE
            l.status = :oldStatus */ update leads l1_0 
        set
            status=? 
        where
            l1_0.status=?
    2026-06-23T23:14:09.123+03:00 TRACE 26748 --- [mentee-power-crm] [    Test worker] org.hibernate.orm.jdbc.bind              : binding parameter (1:ENUM) <- [CONTACTED]
    2026-06-23T23:14:09.123+03:00 TRACE 26748 --- [mentee-power-crm] [    Test worker] org.hibernate.orm.jdbc.bind              : binding parameter (2:ENUM) <- [NEW]
    2026-06-23T23:14:09.126+03:00 DEBUG 26748 --- [mentee-power-crm] [    Test worker] org.hibernate.SQL                        : 
        /* <criteria> */ select
            l1_0.id,
            l1_0.company_id,
            l1_0.created_at,
            l1_0.email,
            l1_0.name,
            l1_0.status,
            l1_0.version 
        from
            leads l1_0 
        where
            l1_0.status=?
    Hibernate: 
        /* <criteria> */ select
            l1_0.id,
            l1_0.company_id,
            l1_0.created_at,
            l1_0.email,
            l1_0.name,
            l1_0.status,
            l1_0.version 
        from
            leads l1_0 
        where
            l1_0.status=?
    2026-06-23T23:14:09.127+03:00 TRACE 26748 --- [mentee-power-crm] [    Test worker] org.hibernate.orm.jdbc.bind              : binding parameter (1:ENUM) <- [CONTACTED]

LeadRepositoryTest > shouldReturnLeadsWhenFindAll() STANDARD_OUT
    2026-06-23T23:14:09.138+03:00 DEBUG 26748 --- [mentee-power-crm] [    Test worker] org.hibernate.SQL                        : 
        /* insert for
            ru.mentee.power.crm.model.Company */insert 
        into
            companies (industry, name, id) 
        values
            (?, ?, ?)
    Hibernate: 
        /* insert for
            ru.mentee.power.crm.model.Company */insert 
        into
            companies (industry, name, id) 
        values
            (?, ?, ?)
    2026-06-23T23:14:09.138+03:00 TRACE 26748 --- [mentee-power-crm] [    Test worker] org.hibernate.orm.jdbc.bind              : binding parameter (1:VARCHAR) <- [TestIndustry]
    2026-06-23T23:14:09.138+03:00 TRACE 26748 --- [mentee-power-crm] [    Test worker] org.hibernate.orm.jdbc.bind              : binding parameter (2:VARCHAR) <- [ACME Corp]
    2026-06-23T23:14:09.138+03:00 TRACE 26748 --- [mentee-power-crm] [    Test worker] org.hibernate.orm.jdbc.bind              : binding parameter (3:UUID) <- [194af4f9-ebaf-4cf3-b310-452f00dbb8e0]
    2026-06-23T23:14:09.139+03:00 DEBUG 26748 --- [mentee-power-crm] [    Test worker] org.hibernate.SQL                        : 
        /* insert for
            ru.mentee.power.crm.model.Lead */insert 
        into
            leads (company_id, created_at, email, name, status, version, id) 
        values
            (?, ?, ?, ?, ?, ?, ?)
    Hibernate: 
        /* insert for
            ru.mentee.power.crm.model.Lead */insert 
        into
            leads (company_id, created_at, email, name, status, version, id) 
        values
            (?, ?, ?, ?, ?, ?, ?)
    2026-06-23T23:14:09.139+03:00 TRACE 26748 --- [mentee-power-crm] [    Test worker] org.hibernate.orm.jdbc.bind              : binding parameter (1:UUID) <- [194af4f9-ebaf-4cf3-b310-452f00dbb8e0]
    2026-06-23T23:14:09.139+03:00 TRACE 26748 --- [mentee-power-crm] [    Test worker] org.hibernate.orm.jdbc.bind              : binding parameter (2:TIMESTAMP) <- [2026-06-23T23:14:09.136362400]
    2026-06-23T23:14:09.139+03:00 TRACE 26748 --- [mentee-power-crm] [    Test worker] org.hibernate.orm.jdbc.bind              : binding parameter (3:VARCHAR) <- [john@example.com]
    2026-06-23T23:14:09.139+03:00 TRACE 26748 --- [mentee-power-crm] [    Test worker] org.hibernate.orm.jdbc.bind              : binding parameter (4:VARCHAR) <- [John]
    2026-06-23T23:14:09.140+03:00 TRACE 26748 --- [mentee-power-crm] [    Test worker] org.hibernate.orm.jdbc.bind              : binding parameter (5:ENUM) <- [NEW]
    2026-06-23T23:14:09.140+03:00 TRACE 26748 --- [mentee-power-crm] [    Test worker] org.hibernate.orm.jdbc.bind              : binding parameter (6:BIGINT) <- [0]
    2026-06-23T23:14:09.140+03:00 TRACE 26748 --- [mentee-power-crm] [    Test worker] org.hibernate.orm.jdbc.bind              : binding parameter (7:UUID) <- [7c98c99f-c597-4940-88e3-5d4c01004cca]
    2026-06-23T23:14:09.140+03:00 DEBUG 26748 --- [mentee-power-crm] [    Test worker] org.hibernate.SQL                        : 
        /* insert for
            ru.mentee.power.crm.model.Company */insert 
        into
            companies (industry, name, id) 
        values
            (?, ?, ?)
    Hibernate: 
        /* insert for
            ru.mentee.power.crm.model.Company */insert 
        into
            companies (industry, name, id) 
        values
            (?, ?, ?)
    2026-06-23T23:14:09.140+03:00 TRACE 26748 --- [mentee-power-crm] [    Test worker] org.hibernate.orm.jdbc.bind              : binding parameter (1:VARCHAR) <- [TestIndustry]
    2026-06-23T23:14:09.140+03:00 TRACE 26748 --- [mentee-power-crm] [    Test worker] org.hibernate.orm.jdbc.bind              : binding parameter (2:VARCHAR) <- [TechInc]
    2026-06-23T23:14:09.140+03:00 TRACE 26748 --- [mentee-power-crm] [    Test worker] org.hibernate.orm.jdbc.bind              : binding parameter (3:UUID) <- [51f487b8-986b-4eec-a77a-4078873dbf92]
    2026-06-23T23:14:09.141+03:00 DEBUG 26748 --- [mentee-power-crm] [    Test worker] org.hibernate.SQL                        : 
        /* insert for
            ru.mentee.power.crm.model.Lead */insert 
        into
            leads (company_id, created_at, email, name, status, version, id) 
        values
            (?, ?, ?, ?, ?, ?, ?)
    Hibernate: 
        /* insert for
            ru.mentee.power.crm.model.Lead */insert 
        into
            leads (company_id, created_at, email, name, status, version, id) 
        values
            (?, ?, ?, ?, ?, ?, ?)
    2026-06-23T23:14:09.141+03:00 TRACE 26748 --- [mentee-power-crm] [    Test worker] org.hibernate.orm.jdbc.bind              : binding parameter (1:UUID) <- [51f487b8-986b-4eec-a77a-4078873dbf92]
    2026-06-23T23:14:09.141+03:00 TRACE 26748 --- [mentee-power-crm] [    Test worker] org.hibernate.orm.jdbc.bind              : binding parameter (2:TIMESTAMP) <- [2026-06-23T23:14:09.137327]
    2026-06-23T23:14:09.141+03:00 TRACE 26748 --- [mentee-power-crm] [    Test worker] org.hibernate.orm.jdbc.bind              : binding parameter (3:VARCHAR) <- [jane@example.com]
    2026-06-23T23:14:09.141+03:00 TRACE 26748 --- [mentee-power-crm] [    Test worker] org.hibernate.orm.jdbc.bind              : binding parameter (4:VARCHAR) <- [Jane]
    2026-06-23T23:14:09.141+03:00 TRACE 26748 --- [mentee-power-crm] [    Test worker] org.hibernate.orm.jdbc.bind              : binding parameter (5:ENUM) <- [CONTACTED]
    2026-06-23T23:14:09.141+03:00 TRACE 26748 --- [mentee-power-crm] [    Test worker] org.hibernate.orm.jdbc.bind              : binding parameter (6:BIGINT) <- [0]
    2026-06-23T23:14:09.141+03:00 TRACE 26748 --- [mentee-power-crm] [    Test worker] org.hibernate.orm.jdbc.bind              : binding parameter (7:UUID) <- [59aef3dd-dae9-4f4f-a13b-c72b8dbef3a1]
    2026-06-23T23:14:09.141+03:00 DEBUG 26748 --- [mentee-power-crm] [    Test worker] org.hibernate.SQL                        : 
        /* <criteria> */ select
            l1_0.id,
            l1_0.company_id,
            l1_0.created_at,
            l1_0.email,
            l1_0.name,
            l1_0.status,
            l1_0.version 
        from
            leads l1_0
    Hibernate: 
        /* <criteria> */ select
            l1_0.id,
            l1_0.company_id,
            l1_0.created_at,
            l1_0.email,
            l1_0.name,
            l1_0.status,
            l1_0.version 
        from
            leads l1_0

LeadRepositoryTest > findByEmailShouldReturnLeadWhenExists() STANDARD_OUT
    2026-06-23T23:14:09.148+03:00 DEBUG 26748 --- [mentee-power-crm] [    Test worker] org.hibernate.SQL                        : 
        /* insert for
            ru.mentee.power.crm.model.Company */insert 
        into
            companies (industry, name, id) 
        values
            (?, ?, ?)
    Hibernate: 
        /* insert for
            ru.mentee.power.crm.model.Company */insert 
        into
            companies (industry, name, id) 
        values
            (?, ?, ?)
    2026-06-23T23:14:09.148+03:00 TRACE 26748 --- [mentee-power-crm] [    Test worker] org.hibernate.orm.jdbc.bind              : binding parameter (1:VARCHAR) <- [TestIndustry]
    2026-06-23T23:14:09.148+03:00 TRACE 26748 --- [mentee-power-crm] [    Test worker] org.hibernate.orm.jdbc.bind              : binding parameter (2:VARCHAR) <- [ACME Corp]
    2026-06-23T23:14:09.148+03:00 TRACE 26748 --- [mentee-power-crm] [    Test worker] org.hibernate.orm.jdbc.bind              : binding parameter (3:UUID) <- [15553897-7344-4040-9bea-bebfb3738d43]
    2026-06-23T23:14:09.149+03:00 DEBUG 26748 --- [mentee-power-crm] [    Test worker] org.hibernate.SQL                        : 
        /* insert for
            ru.mentee.power.crm.model.Lead */insert 
        into
            leads (company_id, created_at, email, name, status, version, id) 
        values
            (?, ?, ?, ?, ?, ?, ?)
    Hibernate: 
        /* insert for
            ru.mentee.power.crm.model.Lead */insert 
        into
            leads (company_id, created_at, email, name, status, version, id) 
        values
            (?, ?, ?, ?, ?, ?, ?)
    2026-06-23T23:14:09.149+03:00 TRACE 26748 --- [mentee-power-crm] [    Test worker] org.hibernate.orm.jdbc.bind              : binding parameter (1:UUID) <- [15553897-7344-4040-9bea-bebfb3738d43]
    2026-06-23T23:14:09.149+03:00 TRACE 26748 --- [mentee-power-crm] [    Test worker] org.hibernate.orm.jdbc.bind              : binding parameter (2:TIMESTAMP) <- [2026-06-23T23:14:09.145029]
    2026-06-23T23:14:09.150+03:00 TRACE 26748 --- [mentee-power-crm] [    Test worker] org.hibernate.orm.jdbc.bind              : binding parameter (3:VARCHAR) <- [john@example.com]
    2026-06-23T23:14:09.150+03:00 TRACE 26748 --- [mentee-power-crm] [    Test worker] org.hibernate.orm.jdbc.bind              : binding parameter (4:VARCHAR) <- [John]
    2026-06-23T23:14:09.150+03:00 TRACE 26748 --- [mentee-power-crm] [    Test worker] org.hibernate.orm.jdbc.bind              : binding parameter (5:ENUM) <- [NEW]
    2026-06-23T23:14:09.150+03:00 TRACE 26748 --- [mentee-power-crm] [    Test worker] org.hibernate.orm.jdbc.bind              : binding parameter (6:BIGINT) <- [0]
    2026-06-23T23:14:09.150+03:00 TRACE 26748 --- [mentee-power-crm] [    Test worker] org.hibernate.orm.jdbc.bind              : binding parameter (7:UUID) <- [b1a6724b-64ae-4e3d-b7dc-ae144d651636]
    2026-06-23T23:14:09.151+03:00 DEBUG 26748 --- [mentee-power-crm] [    Test worker] org.hibernate.SQL                        : 
        /* insert for
            ru.mentee.power.crm.model.Company */insert 
        into
            companies (industry, name, id) 
        values
            (?, ?, ?)
    Hibernate: 
        /* insert for
            ru.mentee.power.crm.model.Company */insert 
        into
            companies (industry, name, id) 
        values
            (?, ?, ?)
    2026-06-23T23:14:09.151+03:00 TRACE 26748 --- [mentee-power-crm] [    Test worker] org.hibernate.orm.jdbc.bind              : binding parameter (1:VARCHAR) <- [TestIndustry]
    2026-06-23T23:14:09.151+03:00 TRACE 26748 --- [mentee-power-crm] [    Test worker] org.hibernate.orm.jdbc.bind              : binding parameter (2:VARCHAR) <- [TechInc]
    2026-06-23T23:14:09.151+03:00 TRACE 26748 --- [mentee-power-crm] [    Test worker] org.hibernate.orm.jdbc.bind              : binding parameter (3:UUID) <- [987ef7fb-2786-4d21-8d38-a83456db6467]
    2026-06-23T23:14:09.152+03:00 DEBUG 26748 --- [mentee-power-crm] [    Test worker] org.hibernate.SQL                        : 
        /* insert for
            ru.mentee.power.crm.model.Lead */insert 
        into
            leads (company_id, created_at, email, name, status, version, id) 
        values
            (?, ?, ?, ?, ?, ?, ?)
    Hibernate: 
        /* insert for
            ru.mentee.power.crm.model.Lead */insert 
        into
            leads (company_id, created_at, email, name, status, version, id) 
        values
            (?, ?, ?, ?, ?, ?, ?)
    2026-06-23T23:14:09.152+03:00 TRACE 26748 --- [mentee-power-crm] [    Test worker] org.hibernate.orm.jdbc.bind              : binding parameter (1:UUID) <- [987ef7fb-2786-4d21-8d38-a83456db6467]
    2026-06-23T23:14:09.152+03:00 TRACE 26748 --- [mentee-power-crm] [    Test worker] org.hibernate.orm.jdbc.bind              : binding parameter (2:TIMESTAMP) <- [2026-06-23T23:14:09.146028800]
    2026-06-23T23:14:09.153+03:00 TRACE 26748 --- [mentee-power-crm] [    Test worker] org.hibernate.orm.jdbc.bind              : binding parameter (3:VARCHAR) <- [jane@example.com]
    2026-06-23T23:14:09.153+03:00 TRACE 26748 --- [mentee-power-crm] [    Test worker] org.hibernate.orm.jdbc.bind              : binding parameter (4:VARCHAR) <- [Jane]
    2026-06-23T23:14:09.153+03:00 TRACE 26748 --- [mentee-power-crm] [    Test worker] org.hibernate.orm.jdbc.bind              : binding parameter (5:ENUM) <- [CONTACTED]
    2026-06-23T23:14:09.153+03:00 TRACE 26748 --- [mentee-power-crm] [    Test worker] org.hibernate.orm.jdbc.bind              : binding parameter (6:BIGINT) <- [0]
    2026-06-23T23:14:09.153+03:00 TRACE 26748 --- [mentee-power-crm] [    Test worker] org.hibernate.orm.jdbc.bind              : binding parameter (7:UUID) <- [8a4aad03-eac6-4c5e-b97b-22740da18d43]
    2026-06-23T23:14:09.154+03:00 DEBUG 26748 --- [mentee-power-crm] [    Test worker] org.hibernate.SQL                        : 
        /* <criteria> */ select
            l1_0.id,
            l1_0.company_id,
            l1_0.created_at,
            l1_0.email,
            l1_0.name,
            l1_0.status,
            l1_0.version 
        from
            leads l1_0 
        where
            l1_0.email=?
    Hibernate: 
        /* <criteria> */ select
            l1_0.id,
            l1_0.company_id,
            l1_0.created_at,
            l1_0.email,
            l1_0.name,
            l1_0.status,
            l1_0.version 
        from
            leads l1_0 
        where
            l1_0.email=?
    2026-06-23T23:14:09.155+03:00 TRACE 26748 --- [mentee-power-crm] [    Test worker] org.hibernate.orm.jdbc.bind              : binding parameter (1:VARCHAR) <- [john@example.com]

LeadRepositoryTest > shouldFindByEmailNativeWhenLeadExists() STANDARD_OUT
    2026-06-23T23:14:09.162+03:00 DEBUG 26748 --- [mentee-power-crm] [    Test worker] org.hibernate.SQL                        : 
        /* insert for
            ru.mentee.power.crm.model.Company */insert 
        into
            companies (industry, name, id) 
        values
            (?, ?, ?)
    Hibernate: 
        /* insert for
            ru.mentee.power.crm.model.Company */insert 
        into
            companies (industry, name, id) 
        values
            (?, ?, ?)
    2026-06-23T23:14:09.162+03:00 TRACE 26748 --- [mentee-power-crm] [    Test worker] org.hibernate.orm.jdbc.bind              : binding parameter (1:VARCHAR) <- [TestIndustry]
    2026-06-23T23:14:09.162+03:00 TRACE 26748 --- [mentee-power-crm] [    Test worker] org.hibernate.orm.jdbc.bind              : binding parameter (2:VARCHAR) <- [ACME Corp]
    2026-06-23T23:14:09.162+03:00 TRACE 26748 --- [mentee-power-crm] [    Test worker] org.hibernate.orm.jdbc.bind              : binding parameter (3:UUID) <- [f35d833d-654f-4a38-8a1d-8d41be009c44]
    2026-06-23T23:14:09.163+03:00 DEBUG 26748 --- [mentee-power-crm] [    Test worker] org.hibernate.SQL                        : 
        /* insert for
            ru.mentee.power.crm.model.Lead */insert 
        into
            leads (company_id, created_at, email, name, status, version, id) 
        values
            (?, ?, ?, ?, ?, ?, ?)
    Hibernate: 
        /* insert for
            ru.mentee.power.crm.model.Lead */insert 
        into
            leads (company_id, created_at, email, name, status, version, id) 
        values
            (?, ?, ?, ?, ?, ?, ?)
    2026-06-23T23:14:09.163+03:00 TRACE 26748 --- [mentee-power-crm] [    Test worker] org.hibernate.orm.jdbc.bind              : binding parameter (1:UUID) <- [f35d833d-654f-4a38-8a1d-8d41be009c44]
    2026-06-23T23:14:09.163+03:00 TRACE 26748 --- [mentee-power-crm] [    Test worker] org.hibernate.orm.jdbc.bind              : binding parameter (2:TIMESTAMP) <- [2026-06-23T23:14:09.160558700]
    2026-06-23T23:14:09.163+03:00 TRACE 26748 --- [mentee-power-crm] [    Test worker] org.hibernate.orm.jdbc.bind              : binding parameter (3:VARCHAR) <- [john@example.com]
    2026-06-23T23:14:09.163+03:00 TRACE 26748 --- [mentee-power-crm] [    Test worker] org.hibernate.orm.jdbc.bind              : binding parameter (4:VARCHAR) <- [John]
    2026-06-23T23:14:09.163+03:00 TRACE 26748 --- [mentee-power-crm] [    Test worker] org.hibernate.orm.jdbc.bind              : binding parameter (5:ENUM) <- [NEW]
    2026-06-23T23:14:09.163+03:00 TRACE 26748 --- [mentee-power-crm] [    Test worker] org.hibernate.orm.jdbc.bind              : binding parameter (6:BIGINT) <- [0]
    2026-06-23T23:14:09.163+03:00 TRACE 26748 --- [mentee-power-crm] [    Test worker] org.hibernate.orm.jdbc.bind              : binding parameter (7:UUID) <- [5eacf7ff-aeea-4a11-a3f8-3d2fbe090101]
    2026-06-23T23:14:09.164+03:00 DEBUG 26748 --- [mentee-power-crm] [    Test worker] org.hibernate.SQL                        : 
        /* insert for
            ru.mentee.power.crm.model.Company */insert 
        into
            companies (industry, name, id) 
        values
            (?, ?, ?)
    Hibernate: 
        /* insert for
            ru.mentee.power.crm.model.Company */insert 
        into
            companies (industry, name, id) 
        values
            (?, ?, ?)
    2026-06-23T23:14:09.164+03:00 TRACE 26748 --- [mentee-power-crm] [    Test worker] org.hibernate.orm.jdbc.bind              : binding parameter (1:VARCHAR) <- [TestIndustry]
    2026-06-23T23:14:09.164+03:00 TRACE 26748 --- [mentee-power-crm] [    Test worker] org.hibernate.orm.jdbc.bind              : binding parameter (2:VARCHAR) <- [TechInc]
    2026-06-23T23:14:09.164+03:00 TRACE 26748 --- [mentee-power-crm] [    Test worker] org.hibernate.orm.jdbc.bind              : binding parameter (3:UUID) <- [a5faa949-1a2f-4f02-b837-5e98a9b93ef2]
    2026-06-23T23:14:09.164+03:00 DEBUG 26748 --- [mentee-power-crm] [    Test worker] org.hibernate.SQL                        : 
        /* insert for
            ru.mentee.power.crm.model.Lead */insert 
        into
            leads (company_id, created_at, email, name, status, version, id) 
        values
            (?, ?, ?, ?, ?, ?, ?)
    Hibernate: 
        /* insert for
            ru.mentee.power.crm.model.Lead */insert 
        into
            leads (company_id, created_at, email, name, status, version, id) 
        values
            (?, ?, ?, ?, ?, ?, ?)
    2026-06-23T23:14:09.164+03:00 TRACE 26748 --- [mentee-power-crm] [    Test worker] org.hibernate.orm.jdbc.bind              : binding parameter (1:UUID) <- [a5faa949-1a2f-4f02-b837-5e98a9b93ef2]
    2026-06-23T23:14:09.164+03:00 TRACE 26748 --- [mentee-power-crm] [    Test worker] org.hibernate.orm.jdbc.bind              : binding parameter (2:TIMESTAMP) <- [2026-06-23T23:14:09.161557400]
    2026-06-23T23:14:09.164+03:00 TRACE 26748 --- [mentee-power-crm] [    Test worker] org.hibernate.orm.jdbc.bind              : binding parameter (3:VARCHAR) <- [jane@example.com]
    2026-06-23T23:14:09.164+03:00 TRACE 26748 --- [mentee-power-crm] [    Test worker] org.hibernate.orm.jdbc.bind              : binding parameter (4:VARCHAR) <- [Jane]
    2026-06-23T23:14:09.164+03:00 TRACE 26748 --- [mentee-power-crm] [    Test worker] org.hibernate.orm.jdbc.bind              : binding parameter (5:ENUM) <- [CONTACTED]
    2026-06-23T23:14:09.164+03:00 TRACE 26748 --- [mentee-power-crm] [    Test worker] org.hibernate.orm.jdbc.bind              : binding parameter (6:BIGINT) <- [0]
    2026-06-23T23:14:09.164+03:00 TRACE 26748 --- [mentee-power-crm] [    Test worker] org.hibernate.orm.jdbc.bind              : binding parameter (7:UUID) <- [7eade3f1-411a-4ad0-acfd-eac2be391fcd]
    2026-06-23T23:14:09.165+03:00 DEBUG 26748 --- [mentee-power-crm] [    Test worker] org.hibernate.SQL                        : 
        /* dynamic native SQL query */ SELECT
            * 
        FROM
            leads 
        WHERE
            email = ?
    Hibernate: 
        /* dynamic native SQL query */ SELECT
            * 
        FROM
            leads 
        WHERE
            email = ?
    2026-06-23T23:14:09.165+03:00 TRACE 26748 --- [mentee-power-crm] [    Test worker] org.hibernate.orm.jdbc.bind              : binding parameter (1:VARCHAR) <- [jane@example.com]

LeadRepositoryTest > findAllWithPageableShouldReturnPage() STANDARD_OUT
    2026-06-23T23:14:09.173+03:00 DEBUG 26748 --- [mentee-power-crm] [    Test worker] org.hibernate.SQL                        : 
        /* insert for
            ru.mentee.power.crm.model.Company */insert 
        into
            companies (industry, name, id) 
        values
            (?, ?, ?)
    Hibernate: 
        /* insert for
            ru.mentee.power.crm.model.Company */insert 
        into
            companies (industry, name, id) 
        values
            (?, ?, ?)
    2026-06-23T23:14:09.173+03:00 TRACE 26748 --- [mentee-power-crm] [    Test worker] org.hibernate.orm.jdbc.bind              : binding parameter (1:VARCHAR) <- [TestIndustry]
    2026-06-23T23:14:09.173+03:00 TRACE 26748 --- [mentee-power-crm] [    Test worker] org.hibernate.orm.jdbc.bind              : binding parameter (2:VARCHAR) <- [ACME Corp]
    2026-06-23T23:14:09.173+03:00 TRACE 26748 --- [mentee-power-crm] [    Test worker] org.hibernate.orm.jdbc.bind              : binding parameter (3:UUID) <- [33046f6b-4c33-4c03-b843-06a19bd9100c]
    2026-06-23T23:14:09.174+03:00 DEBUG 26748 --- [mentee-power-crm] [    Test worker] org.hibernate.SQL                        : 
        /* insert for
            ru.mentee.power.crm.model.Lead */insert 
        into
            leads (company_id, created_at, email, name, status, version, id) 
        values
            (?, ?, ?, ?, ?, ?, ?)
    Hibernate: 
        /* insert for
            ru.mentee.power.crm.model.Lead */insert 
        into
            leads (company_id, created_at, email, name, status, version, id) 
        values
            (?, ?, ?, ?, ?, ?, ?)
    2026-06-23T23:14:09.175+03:00 TRACE 26748 --- [mentee-power-crm] [    Test worker] org.hibernate.orm.jdbc.bind              : binding parameter (1:UUID) <- [33046f6b-4c33-4c03-b843-06a19bd9100c]
    2026-06-23T23:14:09.175+03:00 TRACE 26748 --- [mentee-power-crm] [    Test worker] org.hibernate.orm.jdbc.bind              : binding parameter (2:TIMESTAMP) <- [2026-06-23T23:14:09.169553]
    2026-06-23T23:14:09.175+03:00 TRACE 26748 --- [mentee-power-crm] [    Test worker] org.hibernate.orm.jdbc.bind              : binding parameter (3:VARCHAR) <- [john@example.com]
    2026-06-23T23:14:09.175+03:00 TRACE 26748 --- [mentee-power-crm] [    Test worker] org.hibernate.orm.jdbc.bind              : binding parameter (4:VARCHAR) <- [John]
    2026-06-23T23:14:09.175+03:00 TRACE 26748 --- [mentee-power-crm] [    Test worker] org.hibernate.orm.jdbc.bind              : binding parameter (5:ENUM) <- [NEW]
    2026-06-23T23:14:09.175+03:00 TRACE 26748 --- [mentee-power-crm] [    Test worker] org.hibernate.orm.jdbc.bind              : binding parameter (6:BIGINT) <- [0]
    2026-06-23T23:14:09.175+03:00 TRACE 26748 --- [mentee-power-crm] [    Test worker] org.hibernate.orm.jdbc.bind              : binding parameter (7:UUID) <- [35efe683-951f-44c1-8abe-f42db44dac29]
    2026-06-23T23:14:09.176+03:00 DEBUG 26748 --- [mentee-power-crm] [    Test worker] org.hibernate.SQL                        : 
        /* insert for
            ru.mentee.power.crm.model.Company */insert 
        into
            companies (industry, name, id) 
        values
            (?, ?, ?)
    Hibernate: 
        /* insert for
            ru.mentee.power.crm.model.Company */insert 
        into
            companies (industry, name, id) 
        values
            (?, ?, ?)
    2026-06-23T23:14:09.176+03:00 TRACE 26748 --- [mentee-power-crm] [    Test worker] org.hibernate.orm.jdbc.bind              : binding parameter (1:VARCHAR) <- [TestIndustry]
    2026-06-23T23:14:09.176+03:00 TRACE 26748 --- [mentee-power-crm] [    Test worker] org.hibernate.orm.jdbc.bind              : binding parameter (2:VARCHAR) <- [TechInc]
    2026-06-23T23:14:09.176+03:00 TRACE 26748 --- [mentee-power-crm] [    Test worker] org.hibernate.orm.jdbc.bind              : binding parameter (3:UUID) <- [d1004bca-39ae-4249-abe8-6e79e0678086]
    2026-06-23T23:14:09.176+03:00 DEBUG 26748 --- [mentee-power-crm] [    Test worker] org.hibernate.SQL                        : 
        /* insert for
            ru.mentee.power.crm.model.Lead */insert 
        into
            leads (company_id, created_at, email, name, status, version, id) 
        values
            (?, ?, ?, ?, ?, ?, ?)
    Hibernate: 
        /* insert for
            ru.mentee.power.crm.model.Lead */insert 
        into
            leads (company_id, created_at, email, name, status, version, id) 
        values
            (?, ?, ?, ?, ?, ?, ?)
    2026-06-23T23:14:09.177+03:00 TRACE 26748 --- [mentee-power-crm] [    Test worker] org.hibernate.orm.jdbc.bind              : binding parameter (1:UUID) <- [d1004bca-39ae-4249-abe8-6e79e0678086]
    2026-06-23T23:14:09.177+03:00 TRACE 26748 --- [mentee-power-crm] [    Test worker] org.hibernate.orm.jdbc.bind              : binding parameter (2:TIMESTAMP) <- [2026-06-23T23:14:09.170556600]
    2026-06-23T23:14:09.177+03:00 TRACE 26748 --- [mentee-power-crm] [    Test worker] org.hibernate.orm.jdbc.bind              : binding parameter (3:VARCHAR) <- [jane@example.com]
    2026-06-23T23:14:09.177+03:00 TRACE 26748 --- [mentee-power-crm] [    Test worker] org.hibernate.orm.jdbc.bind              : binding parameter (4:VARCHAR) <- [Jane]
    2026-06-23T23:14:09.177+03:00 TRACE 26748 --- [mentee-power-crm] [    Test worker] org.hibernate.orm.jdbc.bind              : binding parameter (5:ENUM) <- [CONTACTED]
    2026-06-23T23:14:09.177+03:00 TRACE 26748 --- [mentee-power-crm] [    Test worker] org.hibernate.orm.jdbc.bind              : binding parameter (6:BIGINT) <- [0]
    2026-06-23T23:14:09.177+03:00 TRACE 26748 --- [mentee-power-crm] [    Test worker] org.hibernate.orm.jdbc.bind              : binding parameter (7:UUID) <- [4e7ec859-cec0-4a12-8dc7-77b04f63df2e]
    2026-06-23T23:14:09.177+03:00 DEBUG 26748 --- [mentee-power-crm] [    Test worker] org.hibernate.SQL                        : 
        /* <criteria> */ select
            l1_0.id,
            l1_0.company_id,
            l1_0.created_at,
            l1_0.email,
            l1_0.name,
            l1_0.status,
            l1_0.version 
        from
            leads l1_0 
        offset
            ? rows 
        fetch
            first ? rows only
    Hibernate: 
        /* <criteria> */ select
            l1_0.id,
            l1_0.company_id,
            l1_0.created_at,
            l1_0.email,
            l1_0.name,
            l1_0.status,
            l1_0.version 
        from
            leads l1_0 
        offset
            ? rows 
        fetch
            first ? rows only
    2026-06-23T23:14:09.178+03:00 TRACE 26748 --- [mentee-power-crm] [    Test worker] org.hibernate.orm.jdbc.bind              : binding parameter (1:INTEGER) <- [0]
    2026-06-23T23:14:09.178+03:00 TRACE 26748 --- [mentee-power-crm] [    Test worker] org.hibernate.orm.jdbc.bind              : binding parameter (2:INTEGER) <- [1]
    2026-06-23T23:14:09.182+03:00 DEBUG 26748 --- [mentee-power-crm] [    Test worker] org.hibernate.SQL                        : 
        /* <criteria> */ select
            count(l1_0.id) 
        from
            leads l1_0
    Hibernate: 
        /* <criteria> */ select
            count(l1_0.id) 
        from
            leads l1_0

LeadRepositoryTest > findByStatusShouldReturnFilteredLeads() STANDARD_OUT
    2026-06-23T23:14:09.189+03:00 DEBUG 26748 --- [mentee-power-crm] [    Test worker] org.hibernate.SQL                        : 
        /* insert for
            ru.mentee.power.crm.model.Company */insert 
        into
            companies (industry, name, id) 
        values
            (?, ?, ?)
    Hibernate: 
        /* insert for
            ru.mentee.power.crm.model.Company */insert 
        into
            companies (industry, name, id) 
        values
            (?, ?, ?)
    2026-06-23T23:14:09.189+03:00 TRACE 26748 --- [mentee-power-crm] [    Test worker] org.hibernate.orm.jdbc.bind              : binding parameter (1:VARCHAR) <- [TestIndustry]
    2026-06-23T23:14:09.189+03:00 TRACE 26748 --- [mentee-power-crm] [    Test worker] org.hibernate.orm.jdbc.bind              : binding parameter (2:VARCHAR) <- [ACME Corp]
    2026-06-23T23:14:09.189+03:00 TRACE 26748 --- [mentee-power-crm] [    Test worker] org.hibernate.orm.jdbc.bind              : binding parameter (3:UUID) <- [baef132e-0d89-414c-b0a8-d2e66c8667e2]
    2026-06-23T23:14:09.190+03:00 DEBUG 26748 --- [mentee-power-crm] [    Test worker] org.hibernate.SQL                        : 
        /* insert for
            ru.mentee.power.crm.model.Lead */insert 
        into
            leads (company_id, created_at, email, name, status, version, id) 
        values
            (?, ?, ?, ?, ?, ?, ?)
    Hibernate: 
        /* insert for
            ru.mentee.power.crm.model.Lead */insert 
        into
            leads (company_id, created_at, email, name, status, version, id) 
        values
            (?, ?, ?, ?, ?, ?, ?)
    2026-06-23T23:14:09.190+03:00 TRACE 26748 --- [mentee-power-crm] [    Test worker] org.hibernate.orm.jdbc.bind              : binding parameter (1:UUID) <- [baef132e-0d89-414c-b0a8-d2e66c8667e2]
    2026-06-23T23:14:09.190+03:00 TRACE 26748 --- [mentee-power-crm] [    Test worker] org.hibernate.orm.jdbc.bind              : binding parameter (2:TIMESTAMP) <- [2026-06-23T23:14:09.187554900]
    2026-06-23T23:14:09.190+03:00 TRACE 26748 --- [mentee-power-crm] [    Test worker] org.hibernate.orm.jdbc.bind              : binding parameter (3:VARCHAR) <- [john@example.com]
    2026-06-23T23:14:09.190+03:00 TRACE 26748 --- [mentee-power-crm] [    Test worker] org.hibernate.orm.jdbc.bind              : binding parameter (4:VARCHAR) <- [John]
    2026-06-23T23:14:09.190+03:00 TRACE 26748 --- [mentee-power-crm] [    Test worker] org.hibernate.orm.jdbc.bind              : binding parameter (5:ENUM) <- [NEW]
    2026-06-23T23:14:09.190+03:00 TRACE 26748 --- [mentee-power-crm] [    Test worker] org.hibernate.orm.jdbc.bind              : binding parameter (6:BIGINT) <- [0]
    2026-06-23T23:14:09.190+03:00 TRACE 26748 --- [mentee-power-crm] [    Test worker] org.hibernate.orm.jdbc.bind              : binding parameter (7:UUID) <- [434c95b1-6177-4e18-aa5e-e251c027048d]
    2026-06-23T23:14:09.191+03:00 DEBUG 26748 --- [mentee-power-crm] [    Test worker] org.hibernate.SQL                        : 
        /* insert for
            ru.mentee.power.crm.model.Company */insert 
        into
            companies (industry, name, id) 
        values
            (?, ?, ?)
    Hibernate: 
        /* insert for
            ru.mentee.power.crm.model.Company */insert 
        into
            companies (industry, name, id) 
        values
            (?, ?, ?)
    2026-06-23T23:14:09.191+03:00 TRACE 26748 --- [mentee-power-crm] [    Test worker] org.hibernate.orm.jdbc.bind              : binding parameter (1:VARCHAR) <- [TestIndustry]
    2026-06-23T23:14:09.191+03:00 TRACE 26748 --- [mentee-power-crm] [    Test worker] org.hibernate.orm.jdbc.bind              : binding parameter (2:VARCHAR) <- [TechInc]
    2026-06-23T23:14:09.191+03:00 TRACE 26748 --- [mentee-power-crm] [    Test worker] org.hibernate.orm.jdbc.bind              : binding parameter (3:UUID) <- [9d50d1ee-4228-4966-b572-8a5d3d1a46d2]
    2026-06-23T23:14:09.191+03:00 DEBUG 26748 --- [mentee-power-crm] [    Test worker] org.hibernate.SQL                        : 
        /* insert for
            ru.mentee.power.crm.model.Lead */insert 
        into
            leads (company_id, created_at, email, name, status, version, id) 
        values
            (?, ?, ?, ?, ?, ?, ?)
    Hibernate: 
        /* insert for
            ru.mentee.power.crm.model.Lead */insert 
        into
            leads (company_id, created_at, email, name, status, version, id) 
        values
            (?, ?, ?, ?, ?, ?, ?)
    2026-06-23T23:14:09.191+03:00 TRACE 26748 --- [mentee-power-crm] [    Test worker] org.hibernate.orm.jdbc.bind              : binding parameter (1:UUID) <- [9d50d1ee-4228-4966-b572-8a5d3d1a46d2]
    2026-06-23T23:14:09.191+03:00 TRACE 26748 --- [mentee-power-crm] [    Test worker] org.hibernate.orm.jdbc.bind              : binding parameter (2:TIMESTAMP) <- [2026-06-23T23:14:09.187554900]
    2026-06-23T23:14:09.191+03:00 TRACE 26748 --- [mentee-power-crm] [    Test worker] org.hibernate.orm.jdbc.bind              : binding parameter (3:VARCHAR) <- [jane@example.com]
    2026-06-23T23:14:09.191+03:00 TRACE 26748 --- [mentee-power-crm] [    Test worker] org.hibernate.orm.jdbc.bind              : binding parameter (4:VARCHAR) <- [Jane]
    2026-06-23T23:14:09.191+03:00 TRACE 26748 --- [mentee-power-crm] [    Test worker] org.hibernate.orm.jdbc.bind              : binding parameter (5:ENUM) <- [CONTACTED]
    2026-06-23T23:14:09.191+03:00 TRACE 26748 --- [mentee-power-crm] [    Test worker] org.hibernate.orm.jdbc.bind              : binding parameter (6:BIGINT) <- [0]
    2026-06-23T23:14:09.191+03:00 TRACE 26748 --- [mentee-power-crm] [    Test worker] org.hibernate.orm.jdbc.bind              : binding parameter (7:UUID) <- [771a8c0f-b672-4917-90ca-1541c2eede75]
    2026-06-23T23:14:09.192+03:00 DEBUG 26748 --- [mentee-power-crm] [    Test worker] org.hibernate.SQL                        : 
        /* <criteria> */ select
            l1_0.id,
            l1_0.company_id,
            l1_0.created_at,
            l1_0.email,
            l1_0.name,
            l1_0.status,
            l1_0.version 
        from
            leads l1_0 
        where
            l1_0.status=?
    Hibernate: 
        /* <criteria> */ select
            l1_0.id,
            l1_0.company_id,
            l1_0.created_at,
            l1_0.email,
            l1_0.name,
            l1_0.status,
            l1_0.version 
        from
            leads l1_0 
        where
            l1_0.status=?
    2026-06-23T23:14:09.192+03:00 TRACE 26748 --- [mentee-power-crm] [    Test worker] org.hibernate.orm.jdbc.bind              : binding parameter (1:ENUM) <- [NEW]

LeadRepositoryTest > findByStatusInShouldReturnLeadsWithMultipleStatuses() STANDARD_OUT
    2026-06-23T23:14:09.203+03:00 DEBUG 26748 --- [mentee-power-crm] [    Test worker] org.hibernate.SQL                        : 
        /* insert for
            ru.mentee.power.crm.model.Company */insert 
        into
            companies (industry, name, id) 
        values
            (?, ?, ?)
    Hibernate: 
        /* insert for
            ru.mentee.power.crm.model.Company */insert 
        into
            companies (industry, name, id) 
        values
            (?, ?, ?)
    2026-06-23T23:14:09.203+03:00 TRACE 26748 --- [mentee-power-crm] [    Test worker] org.hibernate.orm.jdbc.bind              : binding parameter (1:VARCHAR) <- [TestIndustry]
    2026-06-23T23:14:09.203+03:00 TRACE 26748 --- [mentee-power-crm] [    Test worker] org.hibernate.orm.jdbc.bind              : binding parameter (2:VARCHAR) <- [ACME Corp]
    2026-06-23T23:14:09.203+03:00 TRACE 26748 --- [mentee-power-crm] [    Test worker] org.hibernate.orm.jdbc.bind              : binding parameter (3:UUID) <- [478dbc44-21d3-495a-b6eb-47bfa2cc64af]
    2026-06-23T23:14:09.204+03:00 DEBUG 26748 --- [mentee-power-crm] [    Test worker] org.hibernate.SQL                        : 
        /* insert for
            ru.mentee.power.crm.model.Lead */insert 
        into
            leads (company_id, created_at, email, name, status, version, id) 
        values
            (?, ?, ?, ?, ?, ?, ?)
    Hibernate: 
        /* insert for
            ru.mentee.power.crm.model.Lead */insert 
        into
            leads (company_id, created_at, email, name, status, version, id) 
        values
            (?, ?, ?, ?, ?, ?, ?)
    2026-06-23T23:14:09.204+03:00 TRACE 26748 --- [mentee-power-crm] [    Test worker] org.hibernate.orm.jdbc.bind              : binding parameter (1:UUID) <- [478dbc44-21d3-495a-b6eb-47bfa2cc64af]
    2026-06-23T23:14:09.204+03:00 TRACE 26748 --- [mentee-power-crm] [    Test worker] org.hibernate.orm.jdbc.bind              : binding parameter (2:TIMESTAMP) <- [2026-06-23T23:14:09.199590]
    2026-06-23T23:14:09.204+03:00 TRACE 26748 --- [mentee-power-crm] [    Test worker] org.hibernate.orm.jdbc.bind              : binding parameter (3:VARCHAR) <- [john@example.com]
    2026-06-23T23:14:09.204+03:00 TRACE 26748 --- [mentee-power-crm] [    Test worker] org.hibernate.orm.jdbc.bind              : binding parameter (4:VARCHAR) <- [John]
    2026-06-23T23:14:09.204+03:00 TRACE 26748 --- [mentee-power-crm] [    Test worker] org.hibernate.orm.jdbc.bind              : binding parameter (5:ENUM) <- [NEW]
    2026-06-23T23:14:09.204+03:00 TRACE 26748 --- [mentee-power-crm] [    Test worker] org.hibernate.orm.jdbc.bind              : binding parameter (6:BIGINT) <- [0]
    2026-06-23T23:14:09.204+03:00 TRACE 26748 --- [mentee-power-crm] [    Test worker] org.hibernate.orm.jdbc.bind              : binding parameter (7:UUID) <- [3945d0e1-3191-47be-958c-89d810abfbf7]
    2026-06-23T23:14:09.204+03:00 DEBUG 26748 --- [mentee-power-crm] [    Test worker] org.hibernate.SQL                        : 
        /* insert for
            ru.mentee.power.crm.model.Company */insert 
        into
            companies (industry, name, id) 
        values
            (?, ?, ?)
    Hibernate: 
        /* insert for
            ru.mentee.power.crm.model.Company */insert 
        into
            companies (industry, name, id) 
        values
            (?, ?, ?)
    2026-06-23T23:14:09.204+03:00 TRACE 26748 --- [mentee-power-crm] [    Test worker] org.hibernate.orm.jdbc.bind              : binding parameter (1:VARCHAR) <- [TestIndustry]
    2026-06-23T23:14:09.204+03:00 TRACE 26748 --- [mentee-power-crm] [    Test worker] org.hibernate.orm.jdbc.bind              : binding parameter (2:VARCHAR) <- [TechInc]
    2026-06-23T23:14:09.204+03:00 TRACE 26748 --- [mentee-power-crm] [    Test worker] org.hibernate.orm.jdbc.bind              : binding parameter (3:UUID) <- [e210f530-0594-4a9b-9404-211f6692efeb]
    2026-06-23T23:14:09.205+03:00 DEBUG 26748 --- [mentee-power-crm] [    Test worker] org.hibernate.SQL                        : 
        /* insert for
            ru.mentee.power.crm.model.Lead */insert 
        into
            leads (company_id, created_at, email, name, status, version, id) 
        values
            (?, ?, ?, ?, ?, ?, ?)
    Hibernate: 
        /* insert for
            ru.mentee.power.crm.model.Lead */insert 
        into
            leads (company_id, created_at, email, name, status, version, id) 
        values
            (?, ?, ?, ?, ?, ?, ?)
    2026-06-23T23:14:09.205+03:00 TRACE 26748 --- [mentee-power-crm] [    Test worker] org.hibernate.orm.jdbc.bind              : binding parameter (1:UUID) <- [e210f530-0594-4a9b-9404-211f6692efeb]
    2026-06-23T23:14:09.205+03:00 TRACE 26748 --- [mentee-power-crm] [    Test worker] org.hibernate.orm.jdbc.bind              : binding parameter (2:TIMESTAMP) <- [2026-06-23T23:14:09.199590]
    2026-06-23T23:14:09.205+03:00 TRACE 26748 --- [mentee-power-crm] [    Test worker] org.hibernate.orm.jdbc.bind              : binding parameter (3:VARCHAR) <- [jane@example.com]
    2026-06-23T23:14:09.205+03:00 TRACE 26748 --- [mentee-power-crm] [    Test worker] org.hibernate.orm.jdbc.bind              : binding parameter (4:VARCHAR) <- [Jane]
    2026-06-23T23:14:09.205+03:00 TRACE 26748 --- [mentee-power-crm] [    Test worker] org.hibernate.orm.jdbc.bind              : binding parameter (5:ENUM) <- [CONTACTED]
    2026-06-23T23:14:09.205+03:00 TRACE 26748 --- [mentee-power-crm] [    Test worker] org.hibernate.orm.jdbc.bind              : binding parameter (6:BIGINT) <- [0]
    2026-06-23T23:14:09.205+03:00 TRACE 26748 --- [mentee-power-crm] [    Test worker] org.hibernate.orm.jdbc.bind              : binding parameter (7:UUID) <- [d6ef582e-6122-4c06-adde-4d3a4fe4c080]
    2026-06-23T23:14:09.205+03:00 DEBUG 26748 --- [mentee-power-crm] [    Test worker] org.hibernate.SQL                        : 
        /* SELECT
            l 
        FROM
            Lead l 
        WHERE
            l.status IN :statuses */ select
                l1_0.id,
                l1_0.company_id,
                l1_0.created_at,
                l1_0.email,
                l1_0.name,
                l1_0.status,
                l1_0.version 
            from
                leads l1_0 
            where
                l1_0.status in (?, ?)
    Hibernate: 
        /* SELECT
            l 
        FROM
            Lead l 
        WHERE
            l.status IN :statuses */ select
                l1_0.id,
                l1_0.company_id,
                l1_0.created_at,
                l1_0.email,
                l1_0.name,
                l1_0.status,
                l1_0.version 
            from
                leads l1_0 
            where
                l1_0.status in (?, ?)
    2026-06-23T23:14:09.206+03:00 TRACE 26748 --- [mentee-power-crm] [    Test worker] org.hibernate.orm.jdbc.bind              : binding parameter (1:ENUM) <- [NEW]
    2026-06-23T23:14:09.206+03:00 TRACE 26748 --- [mentee-power-crm] [    Test worker] org.hibernate.orm.jdbc.bind              : binding parameter (2:ENUM) <- [CONTACTED]

LeadRepositoryTest > findByStatusAndCompanyShouldReturnSearchedLeads() STANDARD_OUT
    2026-06-23T23:14:09.218+03:00 DEBUG 26748 --- [mentee-power-crm] [    Test worker] org.hibernate.SQL                        : 
        /* insert for
            ru.mentee.power.crm.model.Company */insert 
        into
            companies (industry, name, id) 
        values
            (?, ?, ?)
    Hibernate: 
        /* insert for
            ru.mentee.power.crm.model.Company */insert 
        into
            companies (industry, name, id) 
        values
            (?, ?, ?)
    2026-06-23T23:14:09.218+03:00 TRACE 26748 --- [mentee-power-crm] [    Test worker] org.hibernate.orm.jdbc.bind              : binding parameter (1:VARCHAR) <- [TestIndustry]
    2026-06-23T23:14:09.218+03:00 TRACE 26748 --- [mentee-power-crm] [    Test worker] org.hibernate.orm.jdbc.bind              : binding parameter (2:VARCHAR) <- [ACME Corp]
    2026-06-23T23:14:09.218+03:00 TRACE 26748 --- [mentee-power-crm] [    Test worker] org.hibernate.orm.jdbc.bind              : binding parameter (3:UUID) <- [3466923a-20bd-4e76-abe9-1481503d749a]
    2026-06-23T23:14:09.219+03:00 DEBUG 26748 --- [mentee-power-crm] [    Test worker] org.hibernate.SQL                        : 
        /* insert for
            ru.mentee.power.crm.model.Lead */insert 
        into
            leads (company_id, created_at, email, name, status, version, id) 
        values
            (?, ?, ?, ?, ?, ?, ?)
    Hibernate: 
        /* insert for
            ru.mentee.power.crm.model.Lead */insert 
        into
            leads (company_id, created_at, email, name, status, version, id) 
        values
            (?, ?, ?, ?, ?, ?, ?)
    2026-06-23T23:14:09.219+03:00 TRACE 26748 --- [mentee-power-crm] [    Test worker] org.hibernate.orm.jdbc.bind              : binding parameter (1:UUID) <- [3466923a-20bd-4e76-abe9-1481503d749a]
    2026-06-23T23:14:09.219+03:00 TRACE 26748 --- [mentee-power-crm] [    Test worker] org.hibernate.orm.jdbc.bind              : binding parameter (2:TIMESTAMP) <- [2026-06-23T23:14:09.210553600]
    2026-06-23T23:14:09.219+03:00 TRACE 26748 --- [mentee-power-crm] [    Test worker] org.hibernate.orm.jdbc.bind              : binding parameter (3:VARCHAR) <- [john@example.com]
    2026-06-23T23:14:09.219+03:00 TRACE 26748 --- [mentee-power-crm] [    Test worker] org.hibernate.orm.jdbc.bind              : binding parameter (4:VARCHAR) <- [John]
    2026-06-23T23:14:09.219+03:00 TRACE 26748 --- [mentee-power-crm] [    Test worker] org.hibernate.orm.jdbc.bind              : binding parameter (5:ENUM) <- [NEW]
    2026-06-23T23:14:09.219+03:00 TRACE 26748 --- [mentee-power-crm] [    Test worker] org.hibernate.orm.jdbc.bind              : binding parameter (6:BIGINT) <- [0]
    2026-06-23T23:14:09.219+03:00 TRACE 26748 --- [mentee-power-crm] [    Test worker] org.hibernate.orm.jdbc.bind              : binding parameter (7:UUID) <- [82a33209-1d20-48bd-9905-9eb78f68fafe]
    2026-06-23T23:14:09.220+03:00 DEBUG 26748 --- [mentee-power-crm] [    Test worker] org.hibernate.SQL                        : 
        /* insert for
            ru.mentee.power.crm.model.Company */insert 
        into
            companies (industry, name, id) 
        values
            (?, ?, ?)
    Hibernate: 
        /* insert for
            ru.mentee.power.crm.model.Company */insert 
        into
            companies (industry, name, id) 
        values
            (?, ?, ?)
    2026-06-23T23:14:09.220+03:00 TRACE 26748 --- [mentee-power-crm] [    Test worker] org.hibernate.orm.jdbc.bind              : binding parameter (1:VARCHAR) <- [TestIndustry]
    2026-06-23T23:14:09.220+03:00 TRACE 26748 --- [mentee-power-crm] [    Test worker] org.hibernate.orm.jdbc.bind              : binding parameter (2:VARCHAR) <- [TechInc]
    2026-06-23T23:14:09.220+03:00 TRACE 26748 --- [mentee-power-crm] [    Test worker] org.hibernate.orm.jdbc.bind              : binding parameter (3:UUID) <- [c691e200-6a1e-420e-9b53-8b26820eead1]
    2026-06-23T23:14:09.220+03:00 DEBUG 26748 --- [mentee-power-crm] [    Test worker] org.hibernate.SQL                        : 
        /* insert for
            ru.mentee.power.crm.model.Lead */insert 
        into
            leads (company_id, created_at, email, name, status, version, id) 
        values
            (?, ?, ?, ?, ?, ?, ?)
    Hibernate: 
        /* insert for
            ru.mentee.power.crm.model.Lead */insert 
        into
            leads (company_id, created_at, email, name, status, version, id) 
        values
            (?, ?, ?, ?, ?, ?, ?)
    2026-06-23T23:14:09.220+03:00 TRACE 26748 --- [mentee-power-crm] [    Test worker] org.hibernate.orm.jdbc.bind              : binding parameter (1:UUID) <- [c691e200-6a1e-420e-9b53-8b26820eead1]
    2026-06-23T23:14:09.220+03:00 TRACE 26748 --- [mentee-power-crm] [    Test worker] org.hibernate.orm.jdbc.bind              : binding parameter (2:TIMESTAMP) <- [2026-06-23T23:14:09.210553600]
    2026-06-23T23:14:09.220+03:00 TRACE 26748 --- [mentee-power-crm] [    Test worker] org.hibernate.orm.jdbc.bind              : binding parameter (3:VARCHAR) <- [jane@example.com]
    2026-06-23T23:14:09.220+03:00 TRACE 26748 --- [mentee-power-crm] [    Test worker] org.hibernate.orm.jdbc.bind              : binding parameter (4:VARCHAR) <- [Jane]
    2026-06-23T23:14:09.220+03:00 TRACE 26748 --- [mentee-power-crm] [    Test worker] org.hibernate.orm.jdbc.bind              : binding parameter (5:ENUM) <- [CONTACTED]
    2026-06-23T23:14:09.221+03:00 TRACE 26748 --- [mentee-power-crm] [    Test worker] org.hibernate.orm.jdbc.bind              : binding parameter (6:BIGINT) <- [0]
    2026-06-23T23:14:09.221+03:00 TRACE 26748 --- [mentee-power-crm] [    Test worker] org.hibernate.orm.jdbc.bind              : binding parameter (7:UUID) <- [20a28154-0280-430a-8681-f7c6e01858be]
    2026-06-23T23:14:09.221+03:00 DEBUG 26748 --- [mentee-power-crm] [    Test worker] org.hibernate.SQL                        : 
        /* insert for
            ru.mentee.power.crm.model.Lead */insert 
        into
            leads (company_id, created_at, email, name, status, version, id) 
        values
            (?, ?, ?, ?, ?, ?, ?)
    Hibernate: 
        /* insert for
            ru.mentee.power.crm.model.Lead */insert 
        into
            leads (company_id, created_at, email, name, status, version, id) 
        values
            (?, ?, ?, ?, ?, ?, ?)
    2026-06-23T23:14:09.222+03:00 TRACE 26748 --- [mentee-power-crm] [    Test worker] org.hibernate.orm.jdbc.bind              : binding parameter (1:UUID) <- [3466923a-20bd-4e76-abe9-1481503d749a]
    2026-06-23T23:14:09.222+03:00 TRACE 26748 --- [mentee-power-crm] [    Test worker] org.hibernate.orm.jdbc.bind              : binding parameter (2:TIMESTAMP) <- [2026-06-23T23:14:09.210553600]
    2026-06-23T23:14:09.222+03:00 TRACE 26748 --- [mentee-power-crm] [    Test worker] org.hibernate.orm.jdbc.bind              : binding parameter (3:VARCHAR) <- [mike@example.com]
    2026-06-23T23:14:09.222+03:00 TRACE 26748 --- [mentee-power-crm] [    Test worker] org.hibernate.orm.jdbc.bind              : binding parameter (4:VARCHAR) <- [Mike]
    2026-06-23T23:14:09.222+03:00 TRACE 26748 --- [mentee-power-crm] [    Test worker] org.hibernate.orm.jdbc.bind              : binding parameter (5:ENUM) <- [NEW]
    2026-06-23T23:14:09.222+03:00 TRACE 26748 --- [mentee-power-crm] [    Test worker] org.hibernate.orm.jdbc.bind              : binding parameter (6:BIGINT) <- [0]
    2026-06-23T23:14:09.222+03:00 TRACE 26748 --- [mentee-power-crm] [    Test worker] org.hibernate.orm.jdbc.bind              : binding parameter (7:UUID) <- [8dcb9a46-f067-4fb5-8b23-19b39b8d420f]
    2026-06-23T23:14:09.222+03:00 DEBUG 26748 --- [mentee-power-crm] [    Test worker] org.hibernate.SQL                        : 
        /* insert for
            ru.mentee.power.crm.model.Lead */insert 
        into
            leads (company_id, created_at, email, name, status, version, id) 
        values
            (?, ?, ?, ?, ?, ?, ?)
    Hibernate: 
        /* insert for
            ru.mentee.power.crm.model.Lead */insert 
        into
            leads (company_id, created_at, email, name, status, version, id) 
        values
            (?, ?, ?, ?, ?, ?, ?)
    2026-06-23T23:14:09.222+03:00 TRACE 26748 --- [mentee-power-crm] [    Test worker] org.hibernate.orm.jdbc.bind              : binding parameter (1:UUID) <- [3466923a-20bd-4e76-abe9-1481503d749a]
    2026-06-23T23:14:09.222+03:00 TRACE 26748 --- [mentee-power-crm] [    Test worker] org.hibernate.orm.jdbc.bind              : binding parameter (2:TIMESTAMP) <- [2026-06-23T23:14:09.210553600]
    2026-06-23T23:14:09.222+03:00 TRACE 26748 --- [mentee-power-crm] [    Test worker] org.hibernate.orm.jdbc.bind              : binding parameter (3:VARCHAR) <- [fred@example.com]
    2026-06-23T23:14:09.223+03:00 TRACE 26748 --- [mentee-power-crm] [    Test worker] org.hibernate.orm.jdbc.bind              : binding parameter (4:VARCHAR) <- [Fred]
    2026-06-23T23:14:09.223+03:00 TRACE 26748 --- [mentee-power-crm] [    Test worker] org.hibernate.orm.jdbc.bind              : binding parameter (5:ENUM) <- [CONTACTED]
    2026-06-23T23:14:09.223+03:00 TRACE 26748 --- [mentee-power-crm] [    Test worker] org.hibernate.orm.jdbc.bind              : binding parameter (6:BIGINT) <- [0]
    2026-06-23T23:14:09.223+03:00 TRACE 26748 --- [mentee-power-crm] [    Test worker] org.hibernate.orm.jdbc.bind              : binding parameter (7:UUID) <- [d71a378e-b5f0-4a6e-bd33-275df462f06b]
    2026-06-23T23:14:09.223+03:00 DEBUG 26748 --- [mentee-power-crm] [    Test worker] org.hibernate.SQL                        : 
        /* <criteria> */ select
            l1_0.id,
            l1_0.company_id,
            l1_0.created_at,
            l1_0.email,
            l1_0.name,
            l1_0.status,
            l1_0.version 
        from
            leads l1_0 
        where
            l1_0.status=? 
            and l1_0.company_id=? 
        fetch
            first ? rows only
    Hibernate: 
        /* <criteria> */ select
            l1_0.id,
            l1_0.company_id,
            l1_0.created_at,
            l1_0.email,
            l1_0.name,
            l1_0.status,
            l1_0.version 
        from
            leads l1_0 
        where
            l1_0.status=? 
            and l1_0.company_id=? 
        fetch
            first ? rows only
    2026-06-23T23:14:09.223+03:00 TRACE 26748 --- [mentee-power-crm] [    Test worker] org.hibernate.orm.jdbc.bind              : binding parameter (1:ENUM) <- [NEW]
    2026-06-23T23:14:09.223+03:00 TRACE 26748 --- [mentee-power-crm] [    Test worker] org.hibernate.orm.jdbc.bind              : binding parameter (2:UUID) <- [3466923a-20bd-4e76-abe9-1481503d749a]
    2026-06-23T23:14:09.224+03:00 TRACE 26748 --- [mentee-power-crm] [    Test worker] org.hibernate.orm.jdbc.bind              : binding parameter (3:INTEGER) <- [5]

PostgresConnectionTest > testPostgresConnection() STANDARD_OUT
    ✅ Connected to: PostgreSQL
    ✅ Version: 17.9

ProductJpaRepositoryTest STANDARD_OUT
    2026-06-23T23:14:09.467+03:00  INFO 26748 --- [mentee-power-crm] [    Test worker] t.c.s.AnnotationConfigContextLoaderUtils : Could not detect default configuration classes for test class [ru.mentee.power.crm.repository.ProductJpaRepositoryTest]: ProductJpaRepositoryTest does not declare any static, non-private, non-final, nested classes annotated with @Configuration.
    2026-06-23T23:14:09.474+03:00  INFO 26748 --- [mentee-power-crm] [    Test worker] .b.t.c.SpringBootTestContextBootstrapper : Found @SpringBootConfiguration ru.mentee.power.crm.Application for test class ru.mentee.power.crm.repository.ProductJpaRepositoryTest

ProductJpaRepositoryTest > shouldFindActiveProductsWhenActiveTrue() STANDARD_OUT
    2026-06-23T23:14:09.487+03:00 DEBUG 26748 --- [mentee-power-crm] [    Test worker] org.hibernate.SQL                        : 
        /* insert for
            ru.mentee.power.crm.model.Product */insert 
        into
            products (active, name, price, sku, id) 
        values
            (?, ?, ?, ?, ?)
    Hibernate: 
        /* insert for
            ru.mentee.power.crm.model.Product */insert 
        into
            products (active, name, price, sku, id) 
        values
            (?, ?, ?, ?, ?)
    2026-06-23T23:14:09.487+03:00 TRACE 26748 --- [mentee-power-crm] [    Test worker] org.hibernate.orm.jdbc.bind              : binding parameter (1:BOOLEAN) <- [true]
    2026-06-23T23:14:09.487+03:00 TRACE 26748 --- [mentee-power-crm] [    Test worker] org.hibernate.orm.jdbc.bind              : binding parameter (2:VARCHAR) <- [Активный товар 1]
    2026-06-23T23:14:09.487+03:00 TRACE 26748 --- [mentee-power-crm] [    Test worker] org.hibernate.orm.jdbc.bind              : binding parameter (3:NUMERIC) <- [100.00]
    2026-06-23T23:14:09.487+03:00 TRACE 26748 --- [mentee-power-crm] [    Test worker] org.hibernate.orm.jdbc.bind              : binding parameter (4:VARCHAR) <- [ACTIVE-001]
    2026-06-23T23:14:09.488+03:00 TRACE 26748 --- [mentee-power-crm] [    Test worker] org.hibernate.orm.jdbc.bind              : binding parameter (5:UUID) <- [66c7e226-8188-46a6-b067-f437ca009f69]
    2026-06-23T23:14:09.489+03:00 DEBUG 26748 --- [mentee-power-crm] [    Test worker] org.hibernate.SQL                        : 
        /* insert for
            ru.mentee.power.crm.model.Product */insert 
        into
            products (active, name, price, sku, id) 
        values
            (?, ?, ?, ?, ?)
    Hibernate: 
        /* insert for
            ru.mentee.power.crm.model.Product */insert 
        into
            products (active, name, price, sku, id) 
        values
            (?, ?, ?, ?, ?)
    2026-06-23T23:14:09.489+03:00 TRACE 26748 --- [mentee-power-crm] [    Test worker] org.hibernate.orm.jdbc.bind              : binding parameter (1:BOOLEAN) <- [true]
    2026-06-23T23:14:09.489+03:00 TRACE 26748 --- [mentee-power-crm] [    Test worker] org.hibernate.orm.jdbc.bind              : binding parameter (2:VARCHAR) <- [Активный товар 2]
    2026-06-23T23:14:09.489+03:00 TRACE 26748 --- [mentee-power-crm] [    Test worker] org.hibernate.orm.jdbc.bind              : binding parameter (3:NUMERIC) <- [200.00]
    2026-06-23T23:14:09.489+03:00 TRACE 26748 --- [mentee-power-crm] [    Test worker] org.hibernate.orm.jdbc.bind              : binding parameter (4:VARCHAR) <- [ACTIVE-002]
    2026-06-23T23:14:09.489+03:00 TRACE 26748 --- [mentee-power-crm] [    Test worker] org.hibernate.orm.jdbc.bind              : binding parameter (5:UUID) <- [4e0efbd8-5031-46d9-8729-4a18ba7de610]
    2026-06-23T23:14:09.489+03:00 DEBUG 26748 --- [mentee-power-crm] [    Test worker] org.hibernate.SQL                        : 
        /* insert for
            ru.mentee.power.crm.model.Product */insert 
        into
            products (active, name, price, sku, id) 
        values
            (?, ?, ?, ?, ?)
    Hibernate: 
        /* insert for
            ru.mentee.power.crm.model.Product */insert 
        into
            products (active, name, price, sku, id) 
        values
            (?, ?, ?, ?, ?)
    2026-06-23T23:14:09.489+03:00 TRACE 26748 --- [mentee-power-crm] [    Test worker] org.hibernate.orm.jdbc.bind              : binding parameter (1:BOOLEAN) <- [false]
    2026-06-23T23:14:09.489+03:00 TRACE 26748 --- [mentee-power-crm] [    Test worker] org.hibernate.orm.jdbc.bind              : binding parameter (2:VARCHAR) <- [Неактивный товар]
    2026-06-23T23:14:09.489+03:00 TRACE 26748 --- [mentee-power-crm] [    Test worker] org.hibernate.orm.jdbc.bind              : binding parameter (3:NUMERIC) <- [50.00]
    2026-06-23T23:14:09.489+03:00 TRACE 26748 --- [mentee-power-crm] [    Test worker] org.hibernate.orm.jdbc.bind              : binding parameter (4:VARCHAR) <- [INACTIVE-001]
    2026-06-23T23:14:09.489+03:00 TRACE 26748 --- [mentee-power-crm] [    Test worker] org.hibernate.orm.jdbc.bind              : binding parameter (5:UUID) <- [b7512f95-aa9a-4ae0-a4c5-4ffc344b45f9]
    2026-06-23T23:14:09.490+03:00 DEBUG 26748 --- [mentee-power-crm] [    Test worker] org.hibernate.SQL                        : 
        /* <criteria> */ select
            p1_0.id,
            p1_0.active,
            p1_0.name,
            p1_0.price,
            p1_0.sku 
        from
            products p1_0 
        where
            p1_0.active
    Hibernate: 
        /* <criteria> */ select
            p1_0.id,
            p1_0.active,
            p1_0.name,
            p1_0.price,
            p1_0.sku 
        from
            products p1_0 
        where
            p1_0.active

ProductJpaRepositoryTest > shouldThrowExceptionWhenSkuNotUnique() STANDARD_OUT
    2026-06-23T23:14:09.498+03:00 DEBUG 26748 --- [mentee-power-crm] [    Test worker] org.hibernate.SQL                        : 
        /* insert for
            ru.mentee.power.crm.model.Product */insert 
        into
            products (active, name, price, sku, id) 
        values
            (?, ?, ?, ?, ?)
    Hibernate: 
        /* insert for
            ru.mentee.power.crm.model.Product */insert 
        into
            products (active, name, price, sku, id) 
        values
            (?, ?, ?, ?, ?)
    2026-06-23T23:14:09.498+03:00 TRACE 26748 --- [mentee-power-crm] [    Test worker] org.hibernate.orm.jdbc.bind              : binding parameter (1:BOOLEAN) <- [true]
    2026-06-23T23:14:09.498+03:00 TRACE 26748 --- [mentee-power-crm] [    Test worker] org.hibernate.orm.jdbc.bind              : binding parameter (2:VARCHAR) <- [Тестовый ноутбук]
    2026-06-23T23:14:09.499+03:00 TRACE 26748 --- [mentee-power-crm] [    Test worker] org.hibernate.orm.jdbc.bind              : binding parameter (3:NUMERIC) <- [99999.99]
    2026-06-23T23:14:09.499+03:00 TRACE 26748 --- [mentee-power-crm] [    Test worker] org.hibernate.orm.jdbc.bind              : binding parameter (4:VARCHAR) <- [LAPTOP-TEST-001]
    2026-06-23T23:14:09.499+03:00 TRACE 26748 --- [mentee-power-crm] [    Test worker] org.hibernate.orm.jdbc.bind              : binding parameter (5:UUID) <- [aad3c1d6-dcc5-4df9-bbba-ee8701d9c69f]
    2026-06-23T23:14:09.501+03:00 DEBUG 26748 --- [mentee-power-crm] [    Test worker] org.hibernate.SQL                        : 
        /* insert for
            ru.mentee.power.crm.model.Product */insert 
        into
            products (active, name, price, sku, id) 
        values
            (?, ?, ?, ?, ?)
    Hibernate: 
        /* insert for
            ru.mentee.power.crm.model.Product */insert 
        into
            products (active, name, price, sku, id) 
        values
            (?, ?, ?, ?, ?)
    2026-06-23T23:14:09.501+03:00 TRACE 26748 --- [mentee-power-crm] [    Test worker] org.hibernate.orm.jdbc.bind              : binding parameter (1:BOOLEAN) <- [true]
    2026-06-23T23:14:09.502+03:00 TRACE 26748 --- [mentee-power-crm] [    Test worker] org.hibernate.orm.jdbc.bind              : binding parameter (2:VARCHAR) <- [Дубликат товара]
    2026-06-23T23:14:09.502+03:00 TRACE 26748 --- [mentee-power-crm] [    Test worker] org.hibernate.orm.jdbc.bind              : binding parameter (3:NUMERIC) <- [150.00]
    2026-06-23T23:14:09.502+03:00 TRACE 26748 --- [mentee-power-crm] [    Test worker] org.hibernate.orm.jdbc.bind              : binding parameter (4:VARCHAR) <- [LAPTOP-TEST-001]
    2026-06-23T23:14:09.502+03:00 TRACE 26748 --- [mentee-power-crm] [    Test worker] org.hibernate.orm.jdbc.bind              : binding parameter (5:UUID) <- [dff1d080-3d56-4ad8-a1fe-a94a13ff3d43]
    2026-06-23T23:14:09.506+03:00  WARN 26748 --- [mentee-power-crm] [    Test worker] o.h.engine.jdbc.spi.SqlExceptionHelper   : SQL Error: 23505, SQLState: 23505
    2026-06-23T23:14:09.506+03:00 ERROR 26748 --- [mentee-power-crm] [    Test worker] o.h.engine.jdbc.spi.SqlExceptionHelper   : Нарушение уникального индекса или первичного ключа: "PUBLIC.CONSTRAINT_INDEX_F ON PUBLIC.PRODUCTS(SKU NULLS FIRST) VALUES ( /* 4 */ 'LAPTOP-TEST-001' )"
    Unique index or primary key violation: "PUBLIC.CONSTRAINT_INDEX_F ON PUBLIC.PRODUCTS(SKU NULLS FIRST) VALUES ( /* 4 */ 'LAPTOP-TEST-001' )"; SQL statement:
    /* insert for ru.mentee.power.crm.model.Product */insert into prod [23505-232]

ProductJpaRepositoryTest > shouldFindProductBySkuWhenProductExists() STANDARD_OUT
    2026-06-23T23:14:09.517+03:00 DEBUG 26748 --- [mentee-power-crm] [    Test worker] org.hibernate.SQL                        : 
        /* insert for
            ru.mentee.power.crm.model.Product */insert 
        into
            products (active, name, price, sku, id) 
        values
            (?, ?, ?, ?, ?)
    Hibernate: 
        /* insert for
            ru.mentee.power.crm.model.Product */insert 
        into
            products (active, name, price, sku, id) 
        values
            (?, ?, ?, ?, ?)
    2026-06-23T23:14:09.518+03:00 TRACE 26748 --- [mentee-power-crm] [    Test worker] org.hibernate.orm.jdbc.bind              : binding parameter (1:BOOLEAN) <- [true]
    2026-06-23T23:14:09.518+03:00 TRACE 26748 --- [mentee-power-crm] [    Test worker] org.hibernate.orm.jdbc.bind              : binding parameter (2:VARCHAR) <- [Тестовый ноутбук]
    2026-06-23T23:14:09.518+03:00 TRACE 26748 --- [mentee-power-crm] [    Test worker] org.hibernate.orm.jdbc.bind              : binding parameter (3:NUMERIC) <- [99999.99]
    2026-06-23T23:14:09.518+03:00 TRACE 26748 --- [mentee-power-crm] [    Test worker] org.hibernate.orm.jdbc.bind              : binding parameter (4:VARCHAR) <- [LAPTOP-TEST-001]
    2026-06-23T23:14:09.518+03:00 TRACE 26748 --- [mentee-power-crm] [    Test worker] org.hibernate.orm.jdbc.bind              : binding parameter (5:UUID) <- [941d440d-3330-44a4-955f-2c1965164f64]
    2026-06-23T23:14:09.519+03:00 DEBUG 26748 --- [mentee-power-crm] [    Test worker] org.hibernate.SQL                        : 
        /* <criteria> */ select
            p1_0.id,
            p1_0.active,
            p1_0.name,
            p1_0.price,
            p1_0.sku 
        from
            products p1_0 
        where
            p1_0.sku=?
    Hibernate: 
        /* <criteria> */ select
            p1_0.id,
            p1_0.active,
            p1_0.name,
            p1_0.price,
            p1_0.sku 
        from
            products p1_0 
        where
            p1_0.sku=?
    2026-06-23T23:14:09.519+03:00 TRACE 26748 --- [mentee-power-crm] [    Test worker] org.hibernate.orm.jdbc.bind              : binding parameter (1:VARCHAR) <- [LAPTOP-TEST-001]

ProductJpaRepositoryTest > shouldReturnEmptyOptionalWhenSkuNotFound() STANDARD_OUT
    2026-06-23T23:14:09.524+03:00 DEBUG 26748 --- [mentee-power-crm] [    Test worker] org.hibernate.SQL                        : 
        /* <criteria> */ select
            p1_0.id,
            p1_0.active,
            p1_0.name,
            p1_0.price,
            p1_0.sku 
        from
            products p1_0 
        where
            p1_0.sku=?
    Hibernate: 
        /* <criteria> */ select
            p1_0.id,
            p1_0.active,
            p1_0.name,
            p1_0.price,
            p1_0.sku 
        from
            products p1_0 
        where
            p1_0.sku=?
    2026-06-23T23:14:09.525+03:00 TRACE 26748 --- [mentee-power-crm] [    Test worker] org.hibernate.orm.jdbc.bind              : binding parameter (1:VARCHAR) <- [NONEXISTENT-SKU]

ProductJpaRepositoryTest > shouldThrowExceptionWhenRequiredFieldIsNull() STANDARD_OUT
    2026-06-23T23:14:09.546+03:00 DEBUG 26748 --- [mentee-power-crm] [    Test worker] org.hibernate.SQL                        : 
        /* insert for
            ru.mentee.power.crm.model.Product */insert 
        into
            products (active, name, price, sku, id) 
        values
            (?, ?, ?, ?, ?)
    Hibernate: 
        /* insert for
            ru.mentee.power.crm.model.Product */insert 
        into
            products (active, name, price, sku, id) 
        values
            (?, ?, ?, ?, ?)
    2026-06-23T23:14:09.546+03:00 TRACE 26748 --- [mentee-power-crm] [    Test worker] org.hibernate.orm.jdbc.bind              : binding parameter (1:BOOLEAN) <- [true]
    2026-06-23T23:14:09.546+03:00 TRACE 26748 --- [mentee-power-crm] [    Test worker] org.hibernate.orm.jdbc.bind              : binding parameter (2:VARCHAR) <- [null]
    2026-06-23T23:14:09.546+03:00 TRACE 26748 --- [mentee-power-crm] [    Test worker] org.hibernate.orm.jdbc.bind              : binding parameter (3:NUMERIC) <- [100.00]
    2026-06-23T23:14:09.546+03:00 TRACE 26748 --- [mentee-power-crm] [    Test worker] org.hibernate.orm.jdbc.bind              : binding parameter (4:VARCHAR) <- [NULL-TEST-001]
    2026-06-23T23:14:09.546+03:00 TRACE 26748 --- [mentee-power-crm] [    Test worker] org.hibernate.orm.jdbc.bind              : binding parameter (5:UUID) <- [e6ba958f-e69a-4fd7-ab2b-98963bcddd89]
    2026-06-23T23:14:09.548+03:00  WARN 26748 --- [mentee-power-crm] [    Test worker] o.h.engine.jdbc.spi.SqlExceptionHelper   : SQL Error: 23502, SQLState: 23502
    2026-06-23T23:14:09.548+03:00 ERROR 26748 --- [mentee-power-crm] [    Test worker] o.h.engine.jdbc.spi.SqlExceptionHelper   : Значение NULL не разрешено для поля "NAME"
    NULL not allowed for column "NAME"; SQL statement:
    /* insert for ru.mentee.power.crm.model.Product */insert into prod [23502-232]

ProductJpaRepositoryTest > shouldFindAllProductsWhenMultipleProductsExist() STANDARD_OUT
    2026-06-23T23:14:09.556+03:00 DEBUG 26748 --- [mentee-power-crm] [    Test worker] org.hibernate.SQL                        : 
        /* insert for
            ru.mentee.power.crm.model.Product */insert 
        into
            products (active, name, price, sku, id) 
        values
            (?, ?, ?, ?, ?)
    Hibernate: 
        /* insert for
            ru.mentee.power.crm.model.Product */insert 
        into
            products (active, name, price, sku, id) 
        values
            (?, ?, ?, ?, ?)
    2026-06-23T23:14:09.556+03:00 TRACE 26748 --- [mentee-power-crm] [    Test worker] org.hibernate.orm.jdbc.bind              : binding parameter (1:BOOLEAN) <- [true]
    2026-06-23T23:14:09.556+03:00 TRACE 26748 --- [mentee-power-crm] [    Test worker] org.hibernate.orm.jdbc.bind              : binding parameter (2:VARCHAR) <- [Товар 1]
    2026-06-23T23:14:09.556+03:00 TRACE 26748 --- [mentee-power-crm] [    Test worker] org.hibernate.orm.jdbc.bind              : binding parameter (3:NUMERIC) <- [100.00]
    2026-06-23T23:14:09.556+03:00 TRACE 26748 --- [mentee-power-crm] [    Test worker] org.hibernate.orm.jdbc.bind              : binding parameter (4:VARCHAR) <- [ALL-001]
    2026-06-23T23:14:09.556+03:00 TRACE 26748 --- [mentee-power-crm] [    Test worker] org.hibernate.orm.jdbc.bind              : binding parameter (5:UUID) <- [3fd9aec8-f071-4f5a-af8f-4fbb09095545]
    2026-06-23T23:14:09.557+03:00 DEBUG 26748 --- [mentee-power-crm] [    Test worker] org.hibernate.SQL                        : 
        /* insert for
            ru.mentee.power.crm.model.Product */insert 
        into
            products (active, name, price, sku, id) 
        values
            (?, ?, ?, ?, ?)
    Hibernate: 
        /* insert for
            ru.mentee.power.crm.model.Product */insert 
        into
            products (active, name, price, sku, id) 
        values
            (?, ?, ?, ?, ?)
    2026-06-23T23:14:09.557+03:00 TRACE 26748 --- [mentee-power-crm] [    Test worker] org.hibernate.orm.jdbc.bind              : binding parameter (1:BOOLEAN) <- [false]
    2026-06-23T23:14:09.557+03:00 TRACE 26748 --- [mentee-power-crm] [    Test worker] org.hibernate.orm.jdbc.bind              : binding parameter (2:VARCHAR) <- [Товар 2]
    2026-06-23T23:14:09.557+03:00 TRACE 26748 --- [mentee-power-crm] [    Test worker] org.hibernate.orm.jdbc.bind              : binding parameter (3:NUMERIC) <- [200.00]
    2026-06-23T23:14:09.558+03:00 TRACE 26748 --- [mentee-power-crm] [    Test worker] org.hibernate.orm.jdbc.bind              : binding parameter (4:VARCHAR) <- [ALL-002]
    2026-06-23T23:14:09.558+03:00 TRACE 26748 --- [mentee-power-crm] [    Test worker] org.hibernate.orm.jdbc.bind              : binding parameter (5:UUID) <- [fe9f36dc-ad5e-4221-9fff-27fbc7a39d25]
    2026-06-23T23:14:09.558+03:00 DEBUG 26748 --- [mentee-power-crm] [    Test worker] org.hibernate.SQL                        : 
        /* <criteria> */ select
            p1_0.id,
            p1_0.active,
            p1_0.name,
            p1_0.price,
            p1_0.sku 
        from
            products p1_0
    Hibernate: 
        /* <criteria> */ select
            p1_0.id,
            p1_0.active,
            p1_0.name,
            p1_0.price,
            p1_0.sku 
        from
            products p1_0

LeadServiceBeanTest STANDARD_OUT
    2026-06-23T23:14:09.565+03:00  INFO 26748 --- [mentee-power-crm] [    Test worker] t.c.s.AnnotationConfigContextLoaderUtils : Could not detect default configuration classes for test class [ru.mentee.power.crm.spring.LeadServiceBeanTest]: LeadServiceBeanTest does not declare any static, non-private, non-final, nested classes annotated with @Configuration.
    2026-06-23T23:14:09.573+03:00  INFO 26748 --- [mentee-power-crm] [    Test worker] .b.t.c.SpringBootTestContextBootstrapper : Found @SpringBootConfiguration ru.mentee.power.crm.Application for test class ru.mentee.power.crm.spring.LeadServiceBeanTest

      .   ____          _            __ _ _
     /\\ / ___'_ __ _ _(_)_ __  __ _ \ \ \ \
    ( ( )\___ | '_ | '_| | '_ \/ _` | \ \ \ \
     \\/  ___)| |_)| | | | | || (_| |  ) ) ) )
      '  |____| .__|_| |_|_| |_\__, | / / / /
     =========|_|==============|___/=/_/_/_/

     :: Spring Boot ::                (v3.5.7)

    2026-06-23T23:14:09.598+03:00  INFO 26748 --- [mentee-power-crm] [    Test worker] r.m.p.crm.spring.LeadServiceBeanTest     : Starting LeadServiceBeanTest using Java 25.0.1 with PID 26748 (started by david in C:\Users\david\Projects\backend-core)
    2026-06-23T23:14:09.598+03:00  INFO 26748 --- [mentee-power-crm] [    Test worker] r.m.p.crm.spring.LeadServiceBeanTest     : No active profile set, falling back to 1 default profile: "default"
    2026-06-23T23:14:09.717+03:00  INFO 26748 --- [mentee-power-crm] [    Test worker] .s.d.r.c.RepositoryConfigurationDelegate : Bootstrapping Spring Data JPA repositories in DEFAULT mode.
    2026-06-23T23:14:09.729+03:00  INFO 26748 --- [mentee-power-crm] [    Test worker] .s.d.r.c.RepositoryConfigurationDelegate : Finished Spring Data repository scanning in 11 ms. Found 4 JPA repository interfaces.
    2026-06-23T23:14:09.780+03:00  INFO 26748 --- [mentee-power-crm] [    Test worker] com.zaxxer.hikari.HikariDataSource       : HikariPool-3 - Starting...
    2026-06-23T23:14:09.781+03:00  INFO 26748 --- [mentee-power-crm] [    Test worker] com.zaxxer.hikari.pool.HikariPool        : HikariPool-3 - Added connection conn39: url=jdbc:h2:mem:testdb user=SA
    2026-06-23T23:14:09.781+03:00  INFO 26748 --- [mentee-power-crm] [    Test worker] com.zaxxer.hikari.HikariDataSource       : HikariPool-3 - Start completed.
    2026-06-23T23:14:09.782+03:00  INFO 26748 --- [mentee-power-crm] [    Test worker] liquibase.database                       : Set default schema name to PUBLIC
    2026-06-23T23:14:09.799+03:00  INFO 26748 --- [mentee-power-crm] [    Test worker] liquibase.changelog                      : Reading from PUBLIC.DATABASECHANGELOG
    2026-06-23T23:14:09.803+03:00  INFO 26748 --- [mentee-power-crm] [    Test worker] liquibase.lockservice                    : Successfully acquired change log lock
    2026-06-23T23:14:09.804+03:00  INFO 26748 --- [mentee-power-crm] [    Test worker] liquibase.command                        : Using deploymentId: 2245649804
    2026-06-23T23:14:09.805+03:00  INFO 26748 --- [mentee-power-crm] [    Test worker] liquibase.changelog                      : Reading from PUBLIC.DATABASECHANGELOG
    2026-06-23T23:14:09.806+03:00  INFO 26748 --- [mentee-power-crm] [    Test worker] liquibase.util                           : UPDATE SUMMARY
    2026-06-23T23:14:09.806+03:00  INFO 26748 --- [mentee-power-crm] [    Test worker] liquibase.util                           : Run:                          0
    2026-06-23T23:14:09.806+03:00  INFO 26748 --- [mentee-power-crm] [    Test worker] liquibase.util                           : Previously run:               5
    2026-06-23T23:14:09.806+03:00  INFO 26748 --- [mentee-power-crm] [    Test worker] liquibase.util                           : Filtered out:                 0
    2026-06-23T23:14:09.806+03:00  INFO 26748 --- [mentee-power-crm] [    Test worker] liquibase.util                           : -------------------------------
    2026-06-23T23:14:09.806+03:00  INFO 26748 --- [mentee-power-crm] [    Test worker] liquibase.util                           : Total change sets:            5
    2026-06-23T23:14:09.806+03:00  INFO 26748 --- [mentee-power-crm] [    Test worker] liquibase.util                           : Update summary generated
    2026-06-23T23:14:09.807+03:00  INFO 26748 --- [mentee-power-crm] [    Test worker] liquibase.command                        : Update command completed successfully.
    2026-06-23T23:14:09.807+03:00  INFO 26748 --- [mentee-power-crm] [    Test worker] liquibase.ui                             : Liquibase: Update has been successful. Rows affected: 0
    2026-06-23T23:14:09.807+03:00  INFO 26748 --- [mentee-power-crm] [    Test worker] liquibase.lockservice                    : Successfully released change log lock
    2026-06-23T23:14:09.807+03:00  INFO 26748 --- [mentee-power-crm] [    Test worker] liquibase.command                        : Command execution complete
    2026-06-23T23:14:09.818+03:00  INFO 26748 --- [mentee-power-crm] [    Test worker] o.hibernate.jpa.internal.util.LogHelper  : HHH000204: Processing PersistenceUnitInfo [name: default]
    2026-06-23T23:14:09.821+03:00  INFO 26748 --- [mentee-power-crm] [    Test worker] o.h.c.internal.RegionFactoryInitiator    : HHH000026: Second-level cache disabled
    2026-06-23T23:14:09.833+03:00  INFO 26748 --- [mentee-power-crm] [    Test worker] o.s.o.j.p.SpringPersistenceUnitInfo      : No LoadTimeWeaver setup: ignoring JPA class transformer
    2026-06-23T23:14:09.867+03:00  INFO 26748 --- [mentee-power-crm] [    Test worker] org.hibernate.orm.connections.pooling    : HHH10001005: Database info:
    	Database JDBC URL [Connecting through datasource 'HikariDataSource (HikariPool-3)']
    	Database driver: undefined/unknown
    	Database version: 2.3.232
    	Autocommit mode: undefined/unknown
    	Isolation level: undefined/unknown
    	Minimum pool size: undefined/unknown
    	Maximum pool size: undefined/unknown
    2026-06-23T23:14:09.908+03:00  INFO 26748 --- [mentee-power-crm] [    Test worker] o.h.e.t.j.p.i.JtaPlatformInitiator       : HHH000489: No JTA platform available (set 'hibernate.transaction.jta.platform' to enable JTA platform integration)
    2026-06-23T23:14:09.909+03:00  INFO 26748 --- [mentee-power-crm] [    Test worker] j.LocalContainerEntityManagerFactoryBean : Initialized JPA EntityManagerFactory for persistence unit 'default'
    2026-06-23T23:14:09.944+03:00  INFO 26748 --- [mentee-power-crm] [    Test worker] r.m.p.crm.spring.service.LeadService     : LeadService constructor called
    2026-06-23T23:14:09.944+03:00  INFO 26748 --- [mentee-power-crm] [    Test worker] r.m.p.crm.spring.service.LeadService     : LeadService @PostConstruct init() called - Bean lifecycle phase
    2026-06-23T23:14:09.971+03:00  WARN 26748 --- [mentee-power-crm] [    Test worker] JpaBaseConfiguration$JpaWebConfiguration : spring.jpa.open-in-view is enabled by default. Therefore, database queries may be performed during view rendering. Explicitly configure spring.jpa.open-in-view to disable this warning
    2026-06-23T23:14:10.058+03:00  INFO 26748 --- [mentee-power-crm] [    Test worker] o.s.b.a.h2.H2ConsoleAutoConfiguration    : H2 console available at '/h2-console'. Database available at 'jdbc:h2:mem:testdb'
    2026-06-23T23:14:10.068+03:00  INFO 26748 --- [mentee-power-crm] [    Test worker] r.m.p.crm.spring.LeadServiceBeanTest     : Started LeadServiceBeanTest in 0.492 seconds (process running for 10.968)

LeadServiceBeanTest > shouldInjectLeadRepositoryIntoService() STANDARD_OUT
    2026-06-23T23:14:10.076+03:00 DEBUG 26748 --- [mentee-power-crm] [    Test worker] org.hibernate.SQL                        : 
        /* <criteria> */ select
            l1_0.id,
            l1_0.company_id,
            l1_0.created_at,
            l1_0.email,
            l1_0.name,
            l1_0.status,
            l1_0.version 
        from
            leads l1_0
    Hibernate: 
        /* <criteria> */ select
            l1_0.id,
            l1_0.company_id,
            l1_0.created_at,
            l1_0.email,
            l1_0.name,
            l1_0.status,
            l1_0.version 
        from
            leads l1_0

AdminControllerTest STANDARD_OUT
    2026-06-23T23:14:10.087+03:00  INFO 26748 --- [mentee-power-crm] [    Test worker] t.c.s.AnnotationConfigContextLoaderUtils : Could not detect default configuration classes for test class [ru.mentee.power.crm.spring.controller.AdminControllerTest]: AdminControllerTest does not declare any static, non-private, non-final, nested classes annotated with @Configuration.
    2026-06-23T23:14:10.109+03:00  INFO 26748 --- [mentee-power-crm] [    Test worker] .b.t.c.SpringBootTestContextBootstrapper : Found @SpringBootConfiguration ru.mentee.power.crm.Application for test class ru.mentee.power.crm.spring.controller.AdminControllerTest

      .   ____          _            __ _ _
     /\\ / ___'_ __ _ _(_)_ __  __ _ \ \ \ \
    ( ( )\___ | '_ | '_| | '_ \/ _` | \ \ \ \
     \\/  ___)| |_)| | | | | || (_| |  ) ) ) )
      '  |____| .__|_| |_|_| |_\__, | / / / /
     =========|_|==============|___/=/_/_/_/

     :: Spring Boot ::                (v3.5.7)

    2026-06-23T23:14:10.135+03:00  INFO 26748 --- [mentee-power-crm] [    Test worker] r.m.p.c.s.c.AdminControllerTest          : Starting AdminControllerTest using Java 25.0.1 with PID 26748 (started by david in C:\Users\david\Projects\backend-core)
    2026-06-23T23:14:10.135+03:00  INFO 26748 --- [mentee-power-crm] [    Test worker] r.m.p.c.s.c.AdminControllerTest          : No active profile set, falling back to 1 default profile: "default"
    2026-06-23T23:14:10.524+03:00  INFO 26748 --- [mentee-power-crm] [    Test worker] o.s.b.t.m.w.SpringBootMockServletContext : Initializing Spring TestDispatcherServlet ''
    2026-06-23T23:14:10.526+03:00  INFO 26748 --- [mentee-power-crm] [    Test worker] o.s.t.web.servlet.TestDispatcherServlet  : Initializing Servlet ''
    2026-06-23T23:14:10.528+03:00  INFO 26748 --- [mentee-power-crm] [    Test worker] o.s.t.web.servlet.TestDispatcherServlet  : Completed initialization in 1 ms
    2026-06-23T23:14:10.547+03:00  INFO 26748 --- [mentee-power-crm] [    Test worker] r.m.p.c.s.c.AdminControllerTest          : Started AdminControllerTest in 0.436 seconds (process running for 11.448)

CompanyControllerTest STANDARD_OUT
    2026-06-23T23:14:10.762+03:00  INFO 26748 --- [mentee-power-crm] [    Test worker] t.c.s.AnnotationConfigContextLoaderUtils : Could not detect default configuration classes for test class [ru.mentee.power.crm.spring.controller.CompanyControllerTest]: CompanyControllerTest does not declare any static, non-private, non-final, nested classes annotated with @Configuration.
    2026-06-23T23:14:10.772+03:00  INFO 26748 --- [mentee-power-crm] [    Test worker] .b.t.c.SpringBootTestContextBootstrapper : Found @SpringBootConfiguration ru.mentee.power.crm.Application for test class ru.mentee.power.crm.spring.controller.CompanyControllerTest

      .   ____          _            __ _ _
     /\\ / ___'_ __ _ _(_)_ __  __ _ \ \ \ \
    ( ( )\___ | '_ | '_| | '_ \/ _` | \ \ \ \
     \\/  ___)| |_)| | | | | || (_| |  ) ) ) )
      '  |____| .__|_| |_|_| |_\__, | / / / /
     =========|_|==============|___/=/_/_/_/

     :: Spring Boot ::                (v3.5.7)

    2026-06-23T23:14:10.808+03:00  INFO 26748 --- [mentee-power-crm] [    Test worker] r.m.p.c.s.c.CompanyControllerTest        : Starting CompanyControllerTest using Java 25.0.1 with PID 26748 (started by david in C:\Users\david\Projects\backend-core)
    2026-06-23T23:14:10.808+03:00  INFO 26748 --- [mentee-power-crm] [    Test worker] r.m.p.c.s.c.CompanyControllerTest        : No active profile set, falling back to 1 default profile: "default"
    2026-06-23T23:14:11.021+03:00  INFO 26748 --- [mentee-power-crm] [    Test worker] o.s.b.t.m.w.SpringBootMockServletContext : Initializing Spring TestDispatcherServlet ''
    2026-06-23T23:14:11.021+03:00  INFO 26748 --- [mentee-power-crm] [    Test worker] o.s.t.web.servlet.TestDispatcherServlet  : Initializing Servlet ''
    2026-06-23T23:14:11.021+03:00  INFO 26748 --- [mentee-power-crm] [    Test worker] o.s.t.web.servlet.TestDispatcherServlet  : Completed initialization in 0 ms
    2026-06-23T23:14:11.025+03:00  INFO 26748 --- [mentee-power-crm] [    Test worker] r.m.p.c.s.c.CompanyControllerTest        : Started CompanyControllerTest in 0.25 seconds (process running for 11.926)

CompanyControllerTest > shouldReturnCompaniesWhenFilteredByName() STANDARD_OUT

    MockHttpServletRequest:
          HTTP Method = GET
          Request URI = /companies
           Parameters = {name=[TestCorp]}
              Headers = []
                 Body = null
        Session Attrs = {}

    Handler:
                 Type = ru.mentee.power.crm.spring.controller.CompanyController
               Method = ru.mentee.power.crm.spring.controller.CompanyController#showCompanies(String, String, Model)

    Async:
        Async started = false
         Async result = null

    Resolved Exception:
                 Type = null

    ModelAndView:
            View name = companies/list
                 View = null
            Attribute = companies
                value = [ru.mentee.power.crm.model.Company@66]
            Attribute = name
                value = TestCorp
            Attribute = industry
                value = null

    FlashMap:
           Attributes = null

    MockHttpServletResponse:
               Status = 200
        Error message = null
              Headers = [Content-Language:"en"]
         Content type = null
                 Body = 
        Forwarded URL = companies/list
       Redirected URL = null
              Cookies = []

CompanyControllerTest > shouldReturnCompaniesWhenFilteredByIndustry() STANDARD_OUT

    MockHttpServletRequest:
          HTTP Method = GET
          Request URI = /companies
           Parameters = {industry=[TestIndustry]}
              Headers = []
                 Body = null
        Session Attrs = {}

    Handler:
                 Type = ru.mentee.power.crm.spring.controller.CompanyController
               Method = ru.mentee.power.crm.spring.controller.CompanyController#showCompanies(String, String, Model)

    Async:
        Async started = false
         Async result = null

    Resolved Exception:
                 Type = null

    ModelAndView:
            View name = companies/list
                 View = null
            Attribute = companies
                value = [ru.mentee.power.crm.model.Company@66]
            Attribute = name
                value = null
            Attribute = industry
                value = TestIndustry

    FlashMap:
           Attributes = null

    MockHttpServletResponse:
               Status = 200
        Error message = null
              Headers = [Content-Language:"en"]
         Content type = null
                 Body = 
        Forwarded URL = companies/list
       Redirected URL = null
              Cookies = []

DealControllerTest STANDARD_OUT
    2026-06-23T23:14:11.133+03:00  INFO 26748 --- [mentee-power-crm] [    Test worker] t.c.s.AnnotationConfigContextLoaderUtils : Could not detect default configuration classes for test class [ru.mentee.power.crm.spring.controller.DealControllerTest]: DealControllerTest does not declare any static, non-private, non-final, nested classes annotated with @Configuration.
    2026-06-23T23:14:11.140+03:00  INFO 26748 --- [mentee-power-crm] [    Test worker] .b.t.c.SpringBootTestContextBootstrapper : Found @SpringBootConfiguration ru.mentee.power.crm.Application for test class ru.mentee.power.crm.spring.controller.DealControllerTest

      .   ____          _            __ _ _
     /\\ / ___'_ __ _ _(_)_ __  __ _ \ \ \ \
    ( ( )\___ | '_ | '_| | '_ \/ _` | \ \ \ \
     \\/  ___)| |_)| | | | | || (_| |  ) ) ) )
      '  |____| .__|_| |_|_| |_\__, | / / / /
     =========|_|==============|___/=/_/_/_/

     :: Spring Boot ::                (v3.5.7)

    2026-06-23T23:14:11.165+03:00  INFO 26748 --- [mentee-power-crm] [    Test worker] r.m.p.c.s.controller.DealControllerTest  : Starting DealControllerTest using Java 25.0.1 with PID 26748 (started by david in C:\Users\david\Projects\backend-core)
    2026-06-23T23:14:11.165+03:00  INFO 26748 --- [mentee-power-crm] [    Test worker] r.m.p.c.s.controller.DealControllerTest  : No active profile set, falling back to 1 default profile: "default"
    2026-06-23T23:14:11.378+03:00  INFO 26748 --- [mentee-power-crm] [    Test worker] o.s.b.t.m.w.SpringBootMockServletContext : Initializing Spring TestDispatcherServlet ''
    2026-06-23T23:14:11.378+03:00  INFO 26748 --- [mentee-power-crm] [    Test worker] o.s.t.web.servlet.TestDispatcherServlet  : Initializing Servlet ''
    2026-06-23T23:14:11.378+03:00  INFO 26748 --- [mentee-power-crm] [    Test worker] o.s.t.web.servlet.TestDispatcherServlet  : Completed initialization in 0 ms
    2026-06-23T23:14:11.382+03:00  INFO 26748 --- [mentee-power-crm] [    Test worker] r.m.p.c.s.controller.DealControllerTest  : Started DealControllerTest in 0.24 seconds (process running for 12.283)

LeadControllerTest STANDARD_OUT
    2026-06-23T23:14:11.417+03:00  INFO 26748 --- [mentee-power-crm] [    Test worker] t.c.s.AnnotationConfigContextLoaderUtils : Could not detect default configuration classes for test class [ru.mentee.power.crm.spring.controller.LeadControllerTest]: LeadControllerTest does not declare any static, non-private, non-final, nested classes annotated with @Configuration.
    2026-06-23T23:14:11.419+03:00  INFO 26748 --- [mentee-power-crm] [    Test worker] .b.t.c.SpringBootTestContextBootstrapper : Found @SpringBootConfiguration ru.mentee.power.crm.Application for test class ru.mentee.power.crm.spring.controller.LeadControllerTest

      .   ____          _            __ _ _
     /\\ / ___'_ __ _ _(_)_ __  __ _ \ \ \ \
    ( ( )\___ | '_ | '_| | '_ \/ _` | \ \ \ \
     \\/  ___)| |_)| | | | | || (_| |  ) ) ) )
      '  |____| .__|_| |_|_| |_\__, | / / / /
     =========|_|==============|___/=/_/_/_/

     :: Spring Boot ::                (v3.5.7)

    2026-06-23T23:14:11.442+03:00  INFO 26748 --- [mentee-power-crm] [    Test worker] r.m.p.c.s.controller.LeadControllerTest  : Starting LeadControllerTest using Java 25.0.1 with PID 26748 (started by david in C:\Users\david\Projects\backend-core)
    2026-06-23T23:14:11.442+03:00  INFO 26748 --- [mentee-power-crm] [    Test worker] r.m.p.c.s.controller.LeadControllerTest  : The following 1 profile is active: "test"
    2026-06-23T23:14:11.567+03:00  INFO 26748 --- [mentee-power-crm] [    Test worker] .s.d.r.c.RepositoryConfigurationDelegate : Bootstrapping Spring Data JPA repositories in DEFAULT mode.
    2026-06-23T23:14:11.578+03:00  INFO 26748 --- [mentee-power-crm] [    Test worker] .s.d.r.c.RepositoryConfigurationDelegate : Finished Spring Data repository scanning in 10 ms. Found 4 JPA repository interfaces.
    2026-06-23T23:14:11.630+03:00  INFO 26748 --- [mentee-power-crm] [    Test worker] com.zaxxer.hikari.HikariDataSource       : HikariPool-4 - Starting...
    2026-06-23T23:14:11.631+03:00  INFO 26748 --- [mentee-power-crm] [    Test worker] com.zaxxer.hikari.pool.HikariPool        : HikariPool-4 - Added connection conn49: url=jdbc:h2:mem:testdb user=SA
    2026-06-23T23:14:11.632+03:00  INFO 26748 --- [mentee-power-crm] [    Test worker] com.zaxxer.hikari.HikariDataSource       : HikariPool-4 - Start completed.
    2026-06-23T23:14:11.633+03:00  INFO 26748 --- [mentee-power-crm] [    Test worker] liquibase.database                       : Set default schema name to PUBLIC
    2026-06-23T23:14:11.651+03:00  INFO 26748 --- [mentee-power-crm] [    Test worker] liquibase.changelog                      : Reading from PUBLIC.DATABASECHANGELOG
    2026-06-23T23:14:11.656+03:00  INFO 26748 --- [mentee-power-crm] [    Test worker] liquibase.lockservice                    : Successfully acquired change log lock
    2026-06-23T23:14:11.657+03:00  INFO 26748 --- [mentee-power-crm] [    Test worker] liquibase.command                        : Using deploymentId: 2245651656
    2026-06-23T23:14:11.657+03:00  INFO 26748 --- [mentee-power-crm] [    Test worker] liquibase.changelog                      : Reading from PUBLIC.DATABASECHANGELOG
    2026-06-23T23:14:11.658+03:00  INFO 26748 --- [mentee-power-crm] [    Test worker] liquibase.util                           : UPDATE SUMMARY
    2026-06-23T23:14:11.658+03:00  INFO 26748 --- [mentee-power-crm] [    Test worker] liquibase.util                           : Run:                          0
    2026-06-23T23:14:11.658+03:00  INFO 26748 --- [mentee-power-crm] [    Test worker] liquibase.util                           : Previously run:               5
    2026-06-23T23:14:11.658+03:00  INFO 26748 --- [mentee-power-crm] [    Test worker] liquibase.util                           : Filtered out:                 0
    2026-06-23T23:14:11.659+03:00  INFO 26748 --- [mentee-power-crm] [    Test worker] liquibase.util                           : -------------------------------
    2026-06-23T23:14:11.659+03:00  INFO 26748 --- [mentee-power-crm] [    Test worker] liquibase.util                           : Total change sets:            5
    2026-06-23T23:14:11.659+03:00  INFO 26748 --- [mentee-power-crm] [    Test worker] liquibase.util                           : Update summary generated
    2026-06-23T23:14:11.659+03:00  INFO 26748 --- [mentee-power-crm] [    Test worker] liquibase.command                        : Update command completed successfully.
    2026-06-23T23:14:11.659+03:00  INFO 26748 --- [mentee-power-crm] [    Test worker] liquibase.ui                             : Liquibase: Update has been successful. Rows affected: 0
    2026-06-23T23:14:11.660+03:00  INFO 26748 --- [mentee-power-crm] [    Test worker] liquibase.lockservice                    : Successfully released change log lock
    2026-06-23T23:14:11.660+03:00  INFO 26748 --- [mentee-power-crm] [    Test worker] liquibase.command                        : Command execution complete
    2026-06-23T23:14:11.674+03:00  INFO 26748 --- [mentee-power-crm] [    Test worker] o.hibernate.jpa.internal.util.LogHelper  : HHH000204: Processing PersistenceUnitInfo [name: default]
    2026-06-23T23:14:11.678+03:00  INFO 26748 --- [mentee-power-crm] [    Test worker] o.h.c.internal.RegionFactoryInitiator    : HHH000026: Second-level cache disabled
    2026-06-23T23:14:11.688+03:00  INFO 26748 --- [mentee-power-crm] [    Test worker] o.s.o.j.p.SpringPersistenceUnitInfo      : No LoadTimeWeaver setup: ignoring JPA class transformer
    2026-06-23T23:14:11.690+03:00  WARN 26748 --- [mentee-power-crm] [    Test worker] org.hibernate.orm.deprecation            : HHH90000025: H2Dialect does not need to be specified explicitly using 'hibernate.dialect' (remove the property setting and it will be selected by default)
    2026-06-23T23:14:11.690+03:00  INFO 26748 --- [mentee-power-crm] [    Test worker] org.hibernate.orm.connections.pooling    : HHH10001005: Database info:
    	Database JDBC URL [Connecting through datasource 'HikariDataSource (HikariPool-4)']
    	Database driver: undefined/unknown
    	Database version: 2.3.232
    	Autocommit mode: undefined/unknown
    	Isolation level: undefined/unknown
    	Minimum pool size: undefined/unknown
    	Maximum pool size: undefined/unknown
    2026-06-23T23:14:11.738+03:00  INFO 26748 --- [mentee-power-crm] [    Test worker] o.h.e.t.j.p.i.JtaPlatformInitiator       : HHH000489: No JTA platform available (set 'hibernate.transaction.jta.platform' to enable JTA platform integration)
    2026-06-23T23:14:11.739+03:00  INFO 26748 --- [mentee-power-crm] [    Test worker] j.LocalContainerEntityManagerFactoryBean : Initialized JPA EntityManagerFactory for persistence unit 'default'
    2026-06-23T23:14:11.786+03:00  INFO 26748 --- [mentee-power-crm] [    Test worker] r.m.p.crm.spring.service.LeadService     : LeadService constructor called
    2026-06-23T23:14:11.786+03:00  INFO 26748 --- [mentee-power-crm] [    Test worker] r.m.p.crm.spring.service.LeadService     : LeadService @PostConstruct init() called - Bean lifecycle phase
    2026-06-23T23:14:11.835+03:00  WARN 26748 --- [mentee-power-crm] [    Test worker] JpaBaseConfiguration$JpaWebConfiguration : spring.jpa.open-in-view is enabled by default. Therefore, database queries may be performed during view rendering. Explicitly configure spring.jpa.open-in-view to disable this warning
    2026-06-23T23:14:11.912+03:00  INFO 26748 --- [mentee-power-crm] [    Test worker] o.s.b.a.h2.H2ConsoleAutoConfiguration    : H2 console available at '/h2-console'. Database available at 'jdbc:h2:mem:testdb'
    2026-06-23T23:14:11.928+03:00  INFO 26748 --- [mentee-power-crm] [    Test worker] o.s.b.t.m.w.SpringBootMockServletContext : Initializing Spring TestDispatcherServlet ''
    2026-06-23T23:14:11.928+03:00  INFO 26748 --- [mentee-power-crm] [    Test worker] o.s.t.web.servlet.TestDispatcherServlet  : Initializing Servlet ''
    2026-06-23T23:14:11.928+03:00  INFO 26748 --- [mentee-power-crm] [    Test worker] o.s.t.web.servlet.TestDispatcherServlet  : Completed initialization in 0 ms
    2026-06-23T23:14:11.936+03:00  INFO 26748 --- [mentee-power-crm] [    Test worker] r.m.p.c.s.controller.LeadControllerTest  : Started LeadControllerTest in 0.515 seconds (process running for 12.837)

LeadControllerTest > shouldUpdateLead() STANDARD_OUT
    2026-06-23T23:14:11.944+03:00 DEBUG 26748 --- [mentee-power-crm] [    Test worker] org.hibernate.SQL                        : 
        /* <criteria> */ select
            l1_0.id,
            l1_0.company_id,
            l1_0.created_at,
            l1_0.email,
            l1_0.name,
            l1_0.status,
            l1_0.version 
        from
            leads l1_0 
        where
            l1_0.email=?
    Hibernate: 
        /* <criteria> */ select
            l1_0.id,
            l1_0.company_id,
            l1_0.created_at,
            l1_0.email,
            l1_0.name,
            l1_0.status,
            l1_0.version 
        from
            leads l1_0 
        where
            l1_0.email=?
    2026-06-23T23:14:11.944+03:00 TRACE 26748 --- [mentee-power-crm] [    Test worker] org.hibernate.orm.jdbc.bind              : binding parameter (1:VARCHAR) <- [old@example.ru]
    2026-06-23T23:14:11.947+03:00 DEBUG 26748 --- [mentee-power-crm] [    Test worker] org.hibernate.SQL                        : 
        /* insert for
            ru.mentee.power.crm.model.Lead */insert 
        into
            leads (company_id, created_at, email, name, status, version, id) 
        values
            (?, ?, ?, ?, ?, ?, ?)
    Hibernate: 
        /* insert for
            ru.mentee.power.crm.model.Lead */insert 
        into
            leads (company_id, created_at, email, name, status, version, id) 
        values
            (?, ?, ?, ?, ?, ?, ?)
    2026-06-23T23:14:11.947+03:00 TRACE 26748 --- [mentee-power-crm] [    Test worker] org.hibernate.orm.jdbc.bind              : binding parameter (1:UUID) <- [null]
    2026-06-23T23:14:11.947+03:00 TRACE 26748 --- [mentee-power-crm] [    Test worker] org.hibernate.orm.jdbc.bind              : binding parameter (2:TIMESTAMP) <- [2026-06-23T23:14:11.947667700]
    2026-06-23T23:14:11.949+03:00 TRACE 26748 --- [mentee-power-crm] [    Test worker] org.hibernate.orm.jdbc.bind              : binding parameter (3:VARCHAR) <- [old@example.ru]
    2026-06-23T23:14:11.949+03:00 TRACE 26748 --- [mentee-power-crm] [    Test worker] org.hibernate.orm.jdbc.bind              : binding parameter (4:VARCHAR) <- [Dexter]
    2026-06-23T23:14:11.949+03:00 TRACE 26748 --- [mentee-power-crm] [    Test worker] org.hibernate.orm.jdbc.bind              : binding parameter (5:ENUM) <- [NEW]
    2026-06-23T23:14:11.949+03:00 TRACE 26748 --- [mentee-power-crm] [    Test worker] org.hibernate.orm.jdbc.bind              : binding parameter (6:BIGINT) <- [0]
    2026-06-23T23:14:11.949+03:00 TRACE 26748 --- [mentee-power-crm] [    Test worker] org.hibernate.orm.jdbc.bind              : binding parameter (7:UUID) <- [1fc40a4e-fb7a-43df-b9be-d7812bb4fc56]
    2026-06-23T23:14:11.973+03:00 DEBUG 26748 --- [mentee-power-crm] [    Test worker] org.hibernate.SQL                        : 
        select
            l1_0.id,
            l1_0.company_id,
            l1_0.created_at,
            l1_0.email,
            l1_0.name,
            l1_0.status,
            l1_0.version 
        from
            leads l1_0 
        where
            l1_0.id=?
    Hibernate: 
        select
            l1_0.id,
            l1_0.company_id,
            l1_0.created_at,
            l1_0.email,
            l1_0.name,
            l1_0.status,
            l1_0.version 
        from
            leads l1_0 
        where
            l1_0.id=?
    2026-06-23T23:14:11.973+03:00 TRACE 26748 --- [mentee-power-crm] [    Test worker] org.hibernate.orm.jdbc.bind              : binding parameter (1:UUID) <- [1fc40a4e-fb7a-43df-b9be-d7812bb4fc56]
    2026-06-23T23:14:11.981+03:00 DEBUG 26748 --- [mentee-power-crm] [    Test worker] org.hibernate.SQL                        : 
        /* update
            for ru.mentee.power.crm.model.Lead */update leads 
        set
            company_id=?,
            email=?,
            name=?,
            status=?,
            version=? 
        where
            id=? 
            and version=?
    Hibernate: 
        /* update
            for ru.mentee.power.crm.model.Lead */update leads 
        set
            company_id=?,
            email=?,
            name=?,
            status=?,
            version=? 
        where
            id=? 
            and version=?
    2026-06-23T23:14:11.982+03:00 TRACE 26748 --- [mentee-power-crm] [    Test worker] org.hibernate.orm.jdbc.bind              : binding parameter (1:UUID) <- [null]
    2026-06-23T23:14:11.982+03:00 TRACE 26748 --- [mentee-power-crm] [    Test worker] org.hibernate.orm.jdbc.bind              : binding parameter (2:VARCHAR) <- [new@example.ru]
    2026-06-23T23:14:11.982+03:00 TRACE 26748 --- [mentee-power-crm] [    Test worker] org.hibernate.orm.jdbc.bind              : binding parameter (3:VARCHAR) <- [Joys]
    2026-06-23T23:14:11.982+03:00 TRACE 26748 --- [mentee-power-crm] [    Test worker] org.hibernate.orm.jdbc.bind              : binding parameter (4:ENUM) <- [CONTACTED]
    2026-06-23T23:14:11.982+03:00 TRACE 26748 --- [mentee-power-crm] [    Test worker] org.hibernate.orm.jdbc.bind              : binding parameter (5:BIGINT) <- [1]
    2026-06-23T23:14:11.982+03:00 TRACE 26748 --- [mentee-power-crm] [    Test worker] org.hibernate.orm.jdbc.bind              : binding parameter (6:UUID) <- [1fc40a4e-fb7a-43df-b9be-d7812bb4fc56]
    2026-06-23T23:14:11.982+03:00 TRACE 26748 --- [mentee-power-crm] [    Test worker] org.hibernate.orm.jdbc.bind              : binding parameter (7:BIGINT) <- [0]
    2026-06-23T23:14:11.991+03:00 DEBUG 26748 --- [mentee-power-crm] [    Test worker] org.hibernate.SQL                        : 
        /* <criteria> */ select
            l1_0.id,
            l1_0.company_id,
            l1_0.created_at,
            l1_0.email,
            l1_0.name,
            l1_0.status,
            l1_0.version 
        from
            leads l1_0
    Hibernate: 
        /* <criteria> */ select
            l1_0.id,
            l1_0.company_id,
            l1_0.created_at,
            l1_0.email,
            l1_0.name,
            l1_0.status,
            l1_0.version 
        from
            leads l1_0

LeadControllerTest > shouldRedirectWhenAddLead() STANDARD_OUT
    2026-06-23T23:14:13.423+03:00 DEBUG 26748 --- [mentee-power-crm] [    Test worker] org.hibernate.SQL                        : 
        /* <criteria> */ select
            l1_0.id,
            l1_0.company_id,
            l1_0.created_at,
            l1_0.email,
            l1_0.name,
            l1_0.status,
            l1_0.version 
        from
            leads l1_0 
        where
            l1_0.email=?
    Hibernate: 
        /* <criteria> */ select
            l1_0.id,
            l1_0.company_id,
            l1_0.created_at,
            l1_0.email,
            l1_0.name,
            l1_0.status,
            l1_0.version 
        from
            leads l1_0 
        where
            l1_0.email=?
    2026-06-23T23:14:13.425+03:00 TRACE 26748 --- [mentee-power-crm] [    Test worker] org.hibernate.orm.jdbc.bind              : binding parameter (1:VARCHAR) <- [test@example.ru]
    2026-06-23T23:14:13.427+03:00 DEBUG 26748 --- [mentee-power-crm] [    Test worker] org.hibernate.SQL                        : 
        /* insert for
            ru.mentee.power.crm.model.Lead */insert 
        into
            leads (company_id, created_at, email, name, status, version, id) 
        values
            (?, ?, ?, ?, ?, ?, ?)
    Hibernate: 
        /* insert for
            ru.mentee.power.crm.model.Lead */insert 
        into
            leads (company_id, created_at, email, name, status, version, id) 
        values
            (?, ?, ?, ?, ?, ?, ?)
    2026-06-23T23:14:13.428+03:00 TRACE 26748 --- [mentee-power-crm] [    Test worker] org.hibernate.orm.jdbc.bind              : binding parameter (1:UUID) <- [null]
    2026-06-23T23:14:13.428+03:00 TRACE 26748 --- [mentee-power-crm] [    Test worker] org.hibernate.orm.jdbc.bind              : binding parameter (2:TIMESTAMP) <- [2026-06-23T23:14:13.426246900]
    2026-06-23T23:14:13.428+03:00 TRACE 26748 --- [mentee-power-crm] [    Test worker] org.hibernate.orm.jdbc.bind              : binding parameter (3:VARCHAR) <- [test@example.ru]
    2026-06-23T23:14:13.428+03:00 TRACE 26748 --- [mentee-power-crm] [    Test worker] org.hibernate.orm.jdbc.bind              : binding parameter (4:VARCHAR) <- [Dexter]
    2026-06-23T23:14:13.428+03:00 TRACE 26748 --- [mentee-power-crm] [    Test worker] org.hibernate.orm.jdbc.bind              : binding parameter (5:ENUM) <- [NEW]
    2026-06-23T23:14:13.428+03:00 TRACE 26748 --- [mentee-power-crm] [    Test worker] org.hibernate.orm.jdbc.bind              : binding parameter (6:BIGINT) <- [0]
    2026-06-23T23:14:13.428+03:00 TRACE 26748 --- [mentee-power-crm] [    Test worker] org.hibernate.orm.jdbc.bind              : binding parameter (7:UUID) <- [4b9719e7-7aca-4658-9cc0-ed51f4d79250]

LeadControllerTest > shouldShowEditForm() STANDARD_OUT
    2026-06-23T23:14:13.436+03:00 DEBUG 26748 --- [mentee-power-crm] [    Test worker] org.hibernate.SQL                        : 
        /* <criteria> */ select
            l1_0.id,
            l1_0.company_id,
            l1_0.created_at,
            l1_0.email,
            l1_0.name,
            l1_0.status,
            l1_0.version 
        from
            leads l1_0 
        where
            l1_0.email=?
    Hibernate: 
        /* <criteria> */ select
            l1_0.id,
            l1_0.company_id,
            l1_0.created_at,
            l1_0.email,
            l1_0.name,
            l1_0.status,
            l1_0.version 
        from
            leads l1_0 
        where
            l1_0.email=?
    2026-06-23T23:14:13.437+03:00 TRACE 26748 --- [mentee-power-crm] [    Test worker] org.hibernate.orm.jdbc.bind              : binding parameter (1:VARCHAR) <- [test1@example.ru]
    2026-06-23T23:14:13.439+03:00 DEBUG 26748 --- [mentee-power-crm] [    Test worker] org.hibernate.SQL                        : 
        /* insert for
            ru.mentee.power.crm.model.Lead */insert 
        into
            leads (company_id, created_at, email, name, status, version, id) 
        values
            (?, ?, ?, ?, ?, ?, ?)
    Hibernate: 
        /* insert for
            ru.mentee.power.crm.model.Lead */insert 
        into
            leads (company_id, created_at, email, name, status, version, id) 
        values
            (?, ?, ?, ?, ?, ?, ?)
    2026-06-23T23:14:13.439+03:00 TRACE 26748 --- [mentee-power-crm] [    Test worker] org.hibernate.orm.jdbc.bind              : binding parameter (1:UUID) <- [null]
    2026-06-23T23:14:13.439+03:00 TRACE 26748 --- [mentee-power-crm] [    Test worker] org.hibernate.orm.jdbc.bind              : binding parameter (2:TIMESTAMP) <- [2026-06-23T23:14:13.438244300]
    2026-06-23T23:14:13.439+03:00 TRACE 26748 --- [mentee-power-crm] [    Test worker] org.hibernate.orm.jdbc.bind              : binding parameter (3:VARCHAR) <- [test1@example.ru]
    2026-06-23T23:14:13.439+03:00 TRACE 26748 --- [mentee-power-crm] [    Test worker] org.hibernate.orm.jdbc.bind              : binding parameter (4:VARCHAR) <- [Dexter]
    2026-06-23T23:14:13.439+03:00 TRACE 26748 --- [mentee-power-crm] [    Test worker] org.hibernate.orm.jdbc.bind              : binding parameter (5:ENUM) <- [NEW]
    2026-06-23T23:14:13.439+03:00 TRACE 26748 --- [mentee-power-crm] [    Test worker] org.hibernate.orm.jdbc.bind              : binding parameter (6:BIGINT) <- [0]
    2026-06-23T23:14:13.439+03:00 TRACE 26748 --- [mentee-power-crm] [    Test worker] org.hibernate.orm.jdbc.bind              : binding parameter (7:UUID) <- [1a1bb7ae-c84d-4a5c-8f6b-ad1e02a60243]
    2026-06-23T23:14:13.443+03:00 DEBUG 26748 --- [mentee-power-crm] [    Test worker] org.hibernate.SQL                        : 
        select
            l1_0.id,
            l1_0.company_id,
            l1_0.created_at,
            l1_0.email,
            l1_0.name,
            l1_0.status,
            l1_0.version 
        from
            leads l1_0 
        where
            l1_0.id=?
    Hibernate: 
        select
            l1_0.id,
            l1_0.company_id,
            l1_0.created_at,
            l1_0.email,
            l1_0.name,
            l1_0.status,
            l1_0.version 
        from
            leads l1_0 
        where
            l1_0.id=?
    2026-06-23T23:14:13.444+03:00 TRACE 26748 --- [mentee-power-crm] [    Test worker] org.hibernate.orm.jdbc.bind              : binding parameter (1:UUID) <- [1a1bb7ae-c84d-4a5c-8f6b-ad1e02a60243]
    2026-06-23T23:14:13.447+03:00 DEBUG 26748 --- [mentee-power-crm] [    Test worker] org.hibernate.SQL                        : 
        /* <criteria> */ select
            c1_0.id,
            c1_0.industry,
            c1_0.name 
        from
            companies c1_0
    Hibernate: 
        /* <criteria> */ select
            c1_0.id,
            c1_0.industry,
            c1_0.name 
        from
            companies c1_0

LeadControllerTest > shouldReturn404ForNonexistentId() STANDARD_OUT
    2026-06-23T23:14:14.010+03:00  WARN 26748 --- [mentee-power-crm] [    Test worker] o.h.v.m.AbstractMessageInterpolator      : HV000168: The message descriptor '{Email обязателен' contains an unbalanced meta character '{'.
    2026-06-23T23:14:14.013+03:00 DEBUG 26748 --- [mentee-power-crm] [    Test worker] org.hibernate.SQL                        : 
        select
            l1_0.id,
            l1_0.company_id,
            l1_0.created_at,
            l1_0.email,
            l1_0.name,
            l1_0.status,
            l1_0.version 
        from
            leads l1_0 
        where
            l1_0.id=?
    Hibernate: 
        select
            l1_0.id,
            l1_0.company_id,
            l1_0.created_at,
            l1_0.email,
            l1_0.name,
            l1_0.status,
            l1_0.version 
        from
            leads l1_0 
        where
            l1_0.id=?
    2026-06-23T23:14:14.013+03:00 TRACE 26748 --- [mentee-power-crm] [    Test worker] org.hibernate.orm.jdbc.bind              : binding parameter (1:UUID) <- [db88a10f-a862-4afb-89b4-0662dd7ec290]
    2026-06-23T23:14:14.016+03:00 DEBUG 26748 --- [mentee-power-crm] [    Test worker] org.hibernate.SQL                        : 
        select
            l1_0.id,
            l1_0.company_id,
            l1_0.created_at,
            l1_0.email,
            l1_0.name,
            l1_0.status,
            l1_0.version 
        from
            leads l1_0 
        where
            l1_0.id=?
    Hibernate: 
        select
            l1_0.id,
            l1_0.company_id,
            l1_0.created_at,
            l1_0.email,
            l1_0.name,
            l1_0.status,
            l1_0.version 
        from
            leads l1_0 
        where
            l1_0.id=?
    2026-06-23T23:14:14.016+03:00 TRACE 26748 --- [mentee-power-crm] [    Test worker] org.hibernate.orm.jdbc.bind              : binding parameter (1:UUID) <- [164ac5d4-bf27-4051-a72a-e5ab971b7e2a]

LeadControllerTest > shouldReturnLeadAddFormWhenDoGetCalled() STANDARD_OUT
    2026-06-23T23:14:14.021+03:00 DEBUG 26748 --- [mentee-power-crm] [    Test worker] org.hibernate.SQL                        : 
        /* <criteria> */ select
            c1_0.id,
            c1_0.industry,
            c1_0.name 
        from
            companies c1_0
    Hibernate: 
        /* <criteria> */ select
            c1_0.id,
            c1_0.industry,
            c1_0.name 
        from
            companies c1_0

LeadControllerTest > shouldReturnHtmlTableWhenDoGetCalledWithParam(String) > [1] status=NEW STANDARD_OUT
    2026-06-23T23:14:14.673+03:00 DEBUG 26748 --- [mentee-power-crm] [    Test worker] org.hibernate.SQL                        : 
        /* <criteria> */ select
            l1_0.id,
            l1_0.company_id,
            l1_0.created_at,
            l1_0.email,
            l1_0.name,
            l1_0.status,
            l1_0.version 
        from
            leads l1_0
    Hibernate: 
        /* <criteria> */ select
            l1_0.id,
            l1_0.company_id,
            l1_0.created_at,
            l1_0.email,
            l1_0.name,
            l1_0.status,
            l1_0.version 
        from
            leads l1_0

LeadControllerTest > shouldReturnHtmlTableWhenDoGetCalledWithParam(String) > [2] status=CONTACTED STANDARD_OUT
    2026-06-23T23:14:14.684+03:00 DEBUG 26748 --- [mentee-power-crm] [    Test worker] org.hibernate.SQL                        : 
        /* <criteria> */ select
            l1_0.id,
            l1_0.company_id,
            l1_0.created_at,
            l1_0.email,
            l1_0.name,
            l1_0.status,
            l1_0.version 
        from
            leads l1_0
    Hibernate: 
        /* <criteria> */ select
            l1_0.id,
            l1_0.company_id,
            l1_0.created_at,
            l1_0.email,
            l1_0.name,
            l1_0.status,
            l1_0.version 
        from
            leads l1_0

LeadControllerTest > shouldReturnHtmlTableWhenDoGetCalledWithParam(String) > [3] status=QUALIFIED STANDARD_OUT
    2026-06-23T23:14:14.694+03:00 DEBUG 26748 --- [mentee-power-crm] [    Test worker] org.hibernate.SQL                        : 
        /* <criteria> */ select
            l1_0.id,
            l1_0.company_id,
            l1_0.created_at,
            l1_0.email,
            l1_0.name,
            l1_0.status,
            l1_0.version 
        from
            leads l1_0
    Hibernate: 
        /* <criteria> */ select
            l1_0.id,
            l1_0.company_id,
            l1_0.created_at,
            l1_0.email,
            l1_0.name,
            l1_0.status,
            l1_0.version 
        from
            leads l1_0

LeadControllerUnitTest STANDARD_OUT
    2026-06-23T23:14:14.704+03:00  INFO 26748 --- [mentee-power-crm] [    Test worker] t.c.s.AnnotationConfigContextLoaderUtils : Could not detect default configuration classes for test class [ru.mentee.power.crm.spring.controller.LeadControllerUnitTest]: LeadControllerUnitTest does not declare any static, non-private, non-final, nested classes annotated with @Configuration.
    2026-06-23T23:14:14.711+03:00  INFO 26748 --- [mentee-power-crm] [    Test worker] .b.t.c.SpringBootTestContextBootstrapper : Found @SpringBootConfiguration ru.mentee.power.crm.Application for test class ru.mentee.power.crm.spring.controller.LeadControllerUnitTest

      .   ____          _            __ _ _
     /\\ / ___'_ __ _ _(_)_ __  __ _ \ \ \ \
    ( ( )\___ | '_ | '_| | '_ \/ _` | \ \ \ \
     \\/  ___)| |_)| | | | | || (_| |  ) ) ) )
      '  |____| .__|_| |_|_| |_\__, | / / / /
     =========|_|==============|___/=/_/_/_/

     :: Spring Boot ::                (v3.5.7)

    2026-06-23T23:14:14.743+03:00  INFO 26748 --- [mentee-power-crm] [    Test worker] r.m.p.c.s.c.LeadControllerUnitTest       : Starting LeadControllerUnitTest using Java 25.0.1 with PID 26748 (started by david in C:\Users\david\Projects\backend-core)
    2026-06-23T23:14:14.743+03:00  INFO 26748 --- [mentee-power-crm] [    Test worker] r.m.p.c.s.c.LeadControllerUnitTest       : No active profile set, falling back to 1 default profile: "default"
    2026-06-23T23:14:14.978+03:00  INFO 26748 --- [mentee-power-crm] [    Test worker] o.s.b.t.m.w.SpringBootMockServletContext : Initializing Spring TestDispatcherServlet ''
    2026-06-23T23:14:14.978+03:00  INFO 26748 --- [mentee-power-crm] [    Test worker] o.s.t.web.servlet.TestDispatcherServlet  : Initializing Servlet ''
    2026-06-23T23:14:14.978+03:00  INFO 26748 --- [mentee-power-crm] [    Test worker] o.s.t.web.servlet.TestDispatcherServlet  : Completed initialization in 0 ms
    2026-06-23T23:14:14.982+03:00  INFO 26748 --- [mentee-power-crm] [    Test worker] r.m.p.c.s.c.LeadControllerUnitTest       : Started LeadControllerUnitTest in 0.268 seconds (process running for 15.883)

LeadControllerUnitTest > shouldReturnFormWithErrorWhenEmailIsBlank() STANDARD_OUT
    2026-06-23T23:14:15.018+03:00  WARN 26748 --- [mentee-power-crm] [    Test worker] o.h.v.m.AbstractMessageInterpolator      : HV000168: The message descriptor '{Email обязателен' contains an unbalanced meta character '{'.

IsolationTest STANDARD_OUT
    2026-06-23T23:14:15.549+03:00  INFO 26748 --- [mentee-power-crm] [    Test worker] t.c.s.AnnotationConfigContextLoaderUtils : Could not detect default configuration classes for test class [ru.mentee.power.crm.spring.service.IsolationTest]: IsolationTest does not declare any static, non-private, non-final, nested classes annotated with @Configuration.
    2026-06-23T23:14:15.563+03:00  INFO 26748 --- [mentee-power-crm] [    Test worker] .b.t.c.SpringBootTestContextBootstrapper : Found @SpringBootConfiguration ru.mentee.power.crm.Application for test class ru.mentee.power.crm.spring.service.IsolationTest

IsolationTest > isolationRepeatableReadPreventsNonRepeatableRead() STANDARD_OUT
    2026-06-23T23:14:15.569+03:00 DEBUG 26748 --- [mentee-power-crm] [    Test worker] org.hibernate.SQL                        : 
        /* <criteria> */ select
            l1_0.id,
            l1_0.company_id,
            l1_0.created_at,
            l1_0.email,
            l1_0.name,
            l1_0.status,
            l1_0.version 
        from
            leads l1_0
    Hibernate: 
        /* <criteria> */ select
            l1_0.id,
            l1_0.company_id,
            l1_0.created_at,
            l1_0.email,
            l1_0.name,
            l1_0.status,
            l1_0.version 
        from
            leads l1_0
    2026-06-23T23:14:15.572+03:00 DEBUG 26748 --- [mentee-power-crm] [    Test worker] org.hibernate.SQL                        : 
        /* delete for ru.mentee.power.crm.model.Lead */delete 
        from
            leads 
        where
            id=? 
            and version=?
    Hibernate: 
        /* delete for ru.mentee.power.crm.model.Lead */delete 
        from
            leads 
        where
            id=? 
            and version=?
    2026-06-23T23:14:15.572+03:00 TRACE 26748 --- [mentee-power-crm] [    Test worker] org.hibernate.orm.jdbc.bind              : binding parameter (1:UUID) <- [1fc40a4e-fb7a-43df-b9be-d7812bb4fc56]
    2026-06-23T23:14:15.572+03:00 TRACE 26748 --- [mentee-power-crm] [    Test worker] org.hibernate.orm.jdbc.bind              : binding parameter (2:BIGINT) <- [1]
    2026-06-23T23:14:15.573+03:00 DEBUG 26748 --- [mentee-power-crm] [    Test worker] org.hibernate.SQL                        : 
        /* delete for ru.mentee.power.crm.model.Lead */delete 
        from
            leads 
        where
            id=? 
            and version=?
    Hibernate: 
        /* delete for ru.mentee.power.crm.model.Lead */delete 
        from
            leads 
        where
            id=? 
            and version=?
    2026-06-23T23:14:15.573+03:00 TRACE 26748 --- [mentee-power-crm] [    Test worker] org.hibernate.orm.jdbc.bind              : binding parameter (1:UUID) <- [4b9719e7-7aca-4658-9cc0-ed51f4d79250]
    2026-06-23T23:14:15.574+03:00 TRACE 26748 --- [mentee-power-crm] [    Test worker] org.hibernate.orm.jdbc.bind              : binding parameter (2:BIGINT) <- [0]
    2026-06-23T23:14:15.574+03:00 DEBUG 26748 --- [mentee-power-crm] [    Test worker] org.hibernate.SQL                        : 
        /* delete for ru.mentee.power.crm.model.Lead */delete 
        from
            leads 
        where
            id=? 
            and version=?
    Hibernate: 
        /* delete for ru.mentee.power.crm.model.Lead */delete 
        from
            leads 
        where
            id=? 
            and version=?
    2026-06-23T23:14:15.575+03:00 TRACE 26748 --- [mentee-power-crm] [    Test worker] org.hibernate.orm.jdbc.bind              : binding parameter (1:UUID) <- [1a1bb7ae-c84d-4a5c-8f6b-ad1e02a60243]
    2026-06-23T23:14:15.575+03:00 TRACE 26748 --- [mentee-power-crm] [    Test worker] org.hibernate.orm.jdbc.bind              : binding parameter (2:BIGINT) <- [0]
    2026-06-23T23:14:15.579+03:00 DEBUG 26748 --- [mentee-power-crm] [    Test worker] org.hibernate.SQL                        : 
        /* insert for
            ru.mentee.power.crm.model.Lead */insert 
        into
            leads (company_id, created_at, email, name, status, version, id) 
        values
            (?, ?, ?, ?, ?, ?, ?)
    Hibernate: 
        /* insert for
            ru.mentee.power.crm.model.Lead */insert 
        into
            leads (company_id, created_at, email, name, status, version, id) 
        values
            (?, ?, ?, ?, ?, ?, ?)
    2026-06-23T23:14:15.579+03:00 TRACE 26748 --- [mentee-power-crm] [    Test worker] org.hibernate.orm.jdbc.bind              : binding parameter (1:UUID) <- [null]
    2026-06-23T23:14:15.580+03:00 TRACE 26748 --- [mentee-power-crm] [    Test worker] org.hibernate.orm.jdbc.bind              : binding parameter (2:TIMESTAMP) <- [2026-06-23T23:14:15.577080200]
    2026-06-23T23:14:15.580+03:00 TRACE 26748 --- [mentee-power-crm] [    Test worker] org.hibernate.orm.jdbc.bind              : binding parameter (3:VARCHAR) <- [john@test.ru]
    2026-06-23T23:14:15.580+03:00 TRACE 26748 --- [mentee-power-crm] [    Test worker] org.hibernate.orm.jdbc.bind              : binding parameter (4:VARCHAR) <- [John]
    2026-06-23T23:14:15.580+03:00 TRACE 26748 --- [mentee-power-crm] [    Test worker] org.hibernate.orm.jdbc.bind              : binding parameter (5:ENUM) <- [NEW]
    2026-06-23T23:14:15.580+03:00 TRACE 26748 --- [mentee-power-crm] [    Test worker] org.hibernate.orm.jdbc.bind              : binding parameter (6:BIGINT) <- [0]
    2026-06-23T23:14:15.580+03:00 TRACE 26748 --- [mentee-power-crm] [    Test worker] org.hibernate.orm.jdbc.bind              : binding parameter (7:UUID) <- [966b7ac9-faa2-4200-9829-612c17c3f85b]
    2026-06-23T23:14:15.586+03:00 DEBUG 26748 --- [mentee-power-crm] [onPool-worker-1] org.hibernate.SQL                        : 
        select
            l1_0.id,
            l1_0.company_id,
            l1_0.created_at,
            l1_0.email,
            l1_0.name,
            l1_0.status,
            l1_0.version 
        from
            leads l1_0 
        where
            l1_0.id=?
    Hibernate: 
        select
            l1_0.id,
            l1_0.company_id,
            l1_0.created_at,
            l1_0.email,
            l1_0.name,
            l1_0.status,
            l1_0.version 
        from
            leads l1_0 
        where
            l1_0.id=?
    2026-06-23T23:14:15.587+03:00 DEBUG 26748 --- [mentee-power-crm] [onPool-worker-2] org.hibernate.SQL                        : 
        select
            l1_0.id,
            l1_0.company_id,
            l1_0.created_at,
            l1_0.email,
            l1_0.name,
            l1_0.status,
            l1_0.version 
        from
            leads l1_0 
        where
            l1_0.id=?
    Hibernate: 
        select
            l1_0.id,
    2026-06-23T23:14:15.587+03:00 TRACE 26748 --- [mentee-power-crm] [onPool-worker-1] org.hibernate.orm.jdbc.bind              : binding parameter (1:UUID) <- [966b7ac9-faa2-4200-9829-612c17c3f85b]
            l1_0.company_id,
            l1_0.created_at,
            l1_0.email,
            l1_0.name,
            l1_0.status,
            l1_0.version 
        from
            leads l1_0 
        where
            l1_0.id=?
    2026-06-23T23:14:15.588+03:00 TRACE 26748 --- [mentee-power-crm] [onPool-worker-2] org.hibernate.orm.jdbc.bind              : binding parameter (1:UUID) <- [966b7ac9-faa2-4200-9829-612c17c3f85b]
    2026-06-23T23:14:15.591+03:00 DEBUG 26748 --- [mentee-power-crm] [onPool-worker-2] org.hibernate.SQL                        : 
        /* update
            for ru.mentee.power.crm.model.Lead */update leads 
        set
            company_id=?,
            email=?,
            name=?,
            status=?,
            version=? 
        where
            id=? 
            and version=?
    Hibernate: 
        /* update
            for ru.mentee.power.crm.model.Lead */update leads 
        set
            company_id=?,
            email=?,
            name=?,
            status=?,
            version=? 
        where
            id=? 
            and version=?
    2026-06-23T23:14:15.591+03:00 TRACE 26748 --- [mentee-power-crm] [onPool-worker-2] org.hibernate.orm.jdbc.bind              : binding parameter (1:UUID) <- [null]
    2026-06-23T23:14:15.592+03:00 TRACE 26748 --- [mentee-power-crm] [onPool-worker-2] org.hibernate.orm.jdbc.bind              : binding parameter (2:VARCHAR) <- [john@test.ru]
    2026-06-23T23:14:15.592+03:00 TRACE 26748 --- [mentee-power-crm] [onPool-worker-2] org.hibernate.orm.jdbc.bind              : binding parameter (3:VARCHAR) <- [Jane]
    2026-06-23T23:14:15.592+03:00 TRACE 26748 --- [mentee-power-crm] [onPool-worker-2] org.hibernate.orm.jdbc.bind              : binding parameter (4:ENUM) <- [NEW]
    2026-06-23T23:14:15.592+03:00 TRACE 26748 --- [mentee-power-crm] [onPool-worker-2] org.hibernate.orm.jdbc.bind              : binding parameter (5:BIGINT) <- [1]
    2026-06-23T23:14:15.592+03:00 TRACE 26748 --- [mentee-power-crm] [onPool-worker-2] org.hibernate.orm.jdbc.bind              : binding parameter (6:UUID) <- [966b7ac9-faa2-4200-9829-612c17c3f85b]
    2026-06-23T23:14:15.592+03:00 TRACE 26748 --- [mentee-power-crm] [onPool-worker-2] org.hibernate.orm.jdbc.bind              : binding parameter (7:BIGINT) <- [0]

LeadDeadlockServiceTest STANDARD_OUT
    2026-06-23T23:14:15.697+03:00  INFO 26748 --- [mentee-power-crm] [    Test worker] t.c.s.AnnotationConfigContextLoaderUtils : Could not detect default configuration classes for test class [ru.mentee.power.crm.spring.service.LeadDeadlockServiceTest]: LeadDeadlockServiceTest does not declare any static, non-private, non-final, nested classes annotated with @Configuration.
    2026-06-23T23:14:15.699+03:00  INFO 26748 --- [mentee-power-crm] [    Test worker] .b.t.c.SpringBootTestContextBootstrapper : Found @SpringBootConfiguration ru.mentee.power.crm.Application for test class ru.mentee.power.crm.spring.service.LeadDeadlockServiceTest

LeadDeadlockServiceTest > shouldTrowExceptionWhenDeadlock() STANDARD_OUT
    2026-06-23T23:14:15.708+03:00 DEBUG 26748 --- [mentee-power-crm] [    Test worker] org.hibernate.SQL                        : 
        /* insert for
            ru.mentee.power.crm.model.Lead */insert 
        into
            leads (company_id, created_at, email, name, status, version, id) 
        values
            (?, ?, ?, ?, ?, ?, ?)
    Hibernate: 
        /* insert for
            ru.mentee.power.crm.model.Lead */insert 
        into
            leads (company_id, created_at, email, name, status, version, id) 
        values
            (?, ?, ?, ?, ?, ?, ?)
    2026-06-23T23:14:15.708+03:00 TRACE 26748 --- [mentee-power-crm] [    Test worker] org.hibernate.orm.jdbc.bind              : binding parameter (1:UUID) <- [null]
    2026-06-23T23:14:15.708+03:00 TRACE 26748 --- [mentee-power-crm] [    Test worker] org.hibernate.orm.jdbc.bind              : binding parameter (2:TIMESTAMP) <- [2026-06-23T23:14:15.708926400]
    2026-06-23T23:14:15.708+03:00 TRACE 26748 --- [mentee-power-crm] [    Test worker] org.hibernate.orm.jdbc.bind              : binding parameter (3:VARCHAR) <- [optimistic@test.com]
    2026-06-23T23:14:15.708+03:00 TRACE 26748 --- [mentee-power-crm] [    Test worker] org.hibernate.orm.jdbc.bind              : binding parameter (4:VARCHAR) <- [Patrick]
    2026-06-23T23:14:15.708+03:00 TRACE 26748 --- [mentee-power-crm] [    Test worker] org.hibernate.orm.jdbc.bind              : binding parameter (5:ENUM) <- [NEW]
    2026-06-23T23:14:15.708+03:00 TRACE 26748 --- [mentee-power-crm] [    Test worker] org.hibernate.orm.jdbc.bind              : binding parameter (6:BIGINT) <- [0]
    2026-06-23T23:14:15.708+03:00 TRACE 26748 --- [mentee-power-crm] [    Test worker] org.hibernate.orm.jdbc.bind              : binding parameter (7:UUID) <- [ac8e93eb-9454-4f19-b139-0e5c5b9160bc]
    2026-06-23T23:14:15.712+03:00 DEBUG 26748 --- [mentee-power-crm] [    Test worker] org.hibernate.SQL                        : 
        /* insert for
            ru.mentee.power.crm.model.Lead */insert 
        into
            leads (company_id, created_at, email, name, status, version, id) 
        values
            (?, ?, ?, ?, ?, ?, ?)
    Hibernate: 
        /* insert for
            ru.mentee.power.crm.model.Lead */insert 
        into
            leads (company_id, created_at, email, name, status, version, id) 
        values
            (?, ?, ?, ?, ?, ?, ?)
    2026-06-23T23:14:15.712+03:00 TRACE 26748 --- [mentee-power-crm] [    Test worker] org.hibernate.orm.jdbc.bind              : binding parameter (1:UUID) <- [null]
    2026-06-23T23:14:15.712+03:00 TRACE 26748 --- [mentee-power-crm] [    Test worker] org.hibernate.orm.jdbc.bind              : binding parameter (2:TIMESTAMP) <- [2026-06-23T23:14:15.710659400]
    2026-06-23T23:14:15.712+03:00 TRACE 26748 --- [mentee-power-crm] [    Test worker] org.hibernate.orm.jdbc.bind              : binding parameter (3:VARCHAR) <- [temperance@test.com]
    2026-06-23T23:14:15.712+03:00 TRACE 26748 --- [mentee-power-crm] [    Test worker] org.hibernate.orm.jdbc.bind              : binding parameter (4:VARCHAR) <- [Branon]
    2026-06-23T23:14:15.712+03:00 TRACE 26748 --- [mentee-power-crm] [    Test worker] org.hibernate.orm.jdbc.bind              : binding parameter (5:ENUM) <- [NEW]
    2026-06-23T23:14:15.712+03:00 TRACE 26748 --- [mentee-power-crm] [    Test worker] org.hibernate.orm.jdbc.bind              : binding parameter (6:BIGINT) <- [0]
    2026-06-23T23:14:15.712+03:00 TRACE 26748 --- [mentee-power-crm] [    Test worker] org.hibernate.orm.jdbc.bind              : binding parameter (7:UUID) <- [a3c8057c-36cf-4599-88a7-1700906401a5]
    2026-06-23T23:14:15.733+03:00 DEBUG 26748 --- [mentee-power-crm] [pool-2-thread-2] org.hibernate.SQL                        : 
        /* SELECT
            l 
        FROM
            Lead l 
        WHERE
            l.id = :id */ select
                l1_0.id,
                l1_0.company_id,
                l1_0.created_at,
                l1_0.email,
                l1_0.name,
                l1_0.status,
                l1_0.version 
            from
                leads l1_0 
            where
                l1_0.id=? for update
    Hibernate: 
        /* SELECT
            l 
        FROM
            Lead l 
        WHERE
            l.id = :id */ select
                l1_0.id,
                l1_0.company_id,
                l1_0.created_at,
                l1_0.email,
                l1_0.name,
                l1_0.status,
                l1_0.version 
            from
                leads l1_0 
            where
                l1_0.id=? for update
    2026-06-23T23:14:15.733+03:00 DEBUG 26748 --- [mentee-power-crm] [pool-2-thread-1] org.hibernate.SQL                        : 
        /* SELECT
            l 
        FROM
            Lead l 
        WHERE
            l.id = :id */ select
                l1_0.id,
                l1_0.company_id,
                l1_0.created_at,
                l1_0.email,
                l1_0.name,
                l1_0.status,
                l1_0.version 
            from
                leads l1_0 
            where
                l1_0.id=? for update
    Hibernate: 
        /* SELECT
            l 
        FROM
            Lead l 
        WHERE
            l.id = :id */ select
                l1_0.id,
                l1_0.company_id,
                l1_0.created_at,
                l1_0.email,
                l1_0.name,
                l1_0.status,
                l1_0.version 
            from
                leads l1_0 
            where
                l1_0.id=? for update
    2026-06-23T23:14:15.736+03:00 TRACE 26748 --- [mentee-power-crm] [pool-2-thread-2] org.hibernate.orm.jdbc.bind              : binding parameter (1:UUID) <- [a3c8057c-36cf-4599-88a7-1700906401a5]
    2026-06-23T23:14:15.736+03:00 TRACE 26748 --- [mentee-power-crm] [pool-2-thread-1] org.hibernate.orm.jdbc.bind              : binding parameter (1:UUID) <- [ac8e93eb-9454-4f19-b139-0e5c5b9160bc]
    2026-06-23T23:14:15.791+03:00 DEBUG 26748 --- [mentee-power-crm] [pool-2-thread-2] org.hibernate.SQL                        : 
        /* SELECT
            l 
        FROM
            Lead l 
        WHERE
            l.id = :id */ select
                l1_0.id,
                l1_0.company_id,
                l1_0.created_at,
                l1_0.email,
                l1_0.name,
                l1_0.status,
                l1_0.version 
            from
                leads l1_0 
            where
                l1_0.id=? for update
    Hibernate: 
        /* SELECT
            l 
        FROM
            Lead l 
        WHERE
            l.id = :id */ select
                l1_0.id,
                l1_0.company_id,
                l1_0.created_at,
    2026-06-23T23:14:15.791+03:00 DEBUG 26748 --- [mentee-power-crm] [pool-2-thread-1] org.hibernate.SQL                        : 
                l1_0.email,
        /* SELECT
            l 
        FROM
            Lead l 
        WHERE
            l.id = :id */ select
                l1_0.id,
                l1_0.company_id,
                l1_0.name,
                l1_0.created_at,
                l1_0.email,
                l1_0.name,
                l1_0.status,
                l1_0.status,
                l1_0.version 
                l1_0.version 
            from
            from
                leads l1_0 
                leads l1_0 
            where
            where
                l1_0.id=? for update
                l1_0.id=? for update
    Hibernate: 
        /* SELECT
            l 
        FROM
            Lead l 
        WHERE
            l.id = :id */ select
                l1_0.id,
                l1_0.company_id,
                l1_0.created_at,
                l1_0.email,
                l1_0.name,
                l1_0.status,
                l1_0.version 
            from
                leads l1_0 
            where
                l1_0.id=? for update
    2026-06-23T23:14:15.791+03:00 TRACE 26748 --- [mentee-power-crm] [pool-2-thread-1] org.hibernate.orm.jdbc.bind              : binding parameter (1:UUID) <- [a3c8057c-36cf-4599-88a7-1700906401a5]
    2026-06-23T23:14:15.791+03:00 TRACE 26748 --- [mentee-power-crm] [pool-2-thread-2] org.hibernate.orm.jdbc.bind              : binding parameter (1:UUID) <- [ac8e93eb-9454-4f19-b139-0e5c5b9160bc]
    2026-06-23T23:14:15.798+03:00  WARN 26748 --- [mentee-power-crm] [pool-2-thread-2] o.h.engine.jdbc.spi.SqlExceptionHelper   : SQL Error: 40001, SQLState: 40001
    2026-06-23T23:14:15.798+03:00 ERROR 26748 --- [mentee-power-crm] [pool-2-thread-2] o.h.engine.jdbc.spi.SqlExceptionHelper   : Обнаружена взаимная блокировка потоков. Текущая транзакция была откачена. Детали: "LEADS"
    Deadlock detected. The current transaction was rolled back. Details: "LEADS"; SQL statement:
    /* SELECT l FROM Lead l WHERE l.id = :id */ select l1_0.id,l1_0.company_id,l1_0.created_at,l1_0.email,l1_0.name,l1_0.status,l1_0.versio [40001-232]

LeadLockingServiceTest STANDARD_OUT
    2026-06-23T23:14:15.808+03:00  INFO 26748 --- [mentee-power-crm] [    Test worker] t.c.s.AnnotationConfigContextLoaderUtils : Could not detect default configuration classes for test class [ru.mentee.power.crm.spring.service.LeadLockingServiceTest]: LeadLockingServiceTest does not declare any static, non-private, non-final, nested classes annotated with @Configuration.
    2026-06-23T23:14:15.809+03:00  INFO 26748 --- [mentee-power-crm] [    Test worker] .b.t.c.SpringBootTestContextBootstrapper : Found @SpringBootConfiguration ru.mentee.power.crm.Application for test class ru.mentee.power.crm.spring.service.LeadLockingServiceTest

LeadLockingServiceTest > shouldPreventLostUpdateWhenPessimisticLockUsed() STANDARD_OUT
    2026-06-23T23:14:15.813+03:00 DEBUG 26748 --- [mentee-power-crm] [    Test worker] org.hibernate.SQL                        : 
        /* insert for
            ru.mentee.power.crm.model.Lead */insert 
        into
            leads (company_id, created_at, email, name, status, version, id) 
        values
            (?, ?, ?, ?, ?, ?, ?)
    Hibernate: 
        /* insert for
            ru.mentee.power.crm.model.Lead */insert 
        into
            leads (company_id, created_at, email, name, status, version, id) 
        values
            (?, ?, ?, ?, ?, ?, ?)
    2026-06-23T23:14:15.814+03:00 TRACE 26748 --- [mentee-power-crm] [    Test worker] org.hibernate.orm.jdbc.bind              : binding parameter (1:UUID) <- [null]
    2026-06-23T23:14:15.814+03:00 TRACE 26748 --- [mentee-power-crm] [    Test worker] org.hibernate.orm.jdbc.bind              : binding parameter (2:TIMESTAMP) <- [2026-06-23T23:14:15.813008]
    2026-06-23T23:14:15.814+03:00 TRACE 26748 --- [mentee-power-crm] [    Test worker] org.hibernate.orm.jdbc.bind              : binding parameter (3:VARCHAR) <- [concurrent@test.com]
    2026-06-23T23:14:15.814+03:00 TRACE 26748 --- [mentee-power-crm] [    Test worker] org.hibernate.orm.jdbc.bind              : binding parameter (4:VARCHAR) <- [Patrick]
    2026-06-23T23:14:15.814+03:00 TRACE 26748 --- [mentee-power-crm] [    Test worker] org.hibernate.orm.jdbc.bind              : binding parameter (5:ENUM) <- [NEW]
    2026-06-23T23:14:15.814+03:00 TRACE 26748 --- [mentee-power-crm] [    Test worker] org.hibernate.orm.jdbc.bind              : binding parameter (6:BIGINT) <- [0]
    2026-06-23T23:14:15.814+03:00 TRACE 26748 --- [mentee-power-crm] [    Test worker] org.hibernate.orm.jdbc.bind              : binding parameter (7:UUID) <- [74d83197-91ab-476a-b7d3-e0519fed1f74]
    2026-06-23T23:14:15.817+03:00 DEBUG 26748 --- [mentee-power-crm] [pool-3-thread-1] org.hibernate.SQL                        : 
        /* SELECT
            l 
        FROM
            Lead l 
        WHERE
            l.id = :id */ select
                l1_0.id,
                l1_0.company_id,
                l1_0.created_at,
                l1_0.email,
                l1_0.name,
                l1_0.status,
                l1_0.version 
            from
                leads l1_0 
            where
                l1_0.id=? for update
    Hibernate: 
        /* SELECT
            l 
        FROM
            Lead l 
        WHERE
            l.id = :id */ select
                l1_0.id,
    2026-06-23T23:14:15.817+03:00 DEBUG 26748 --- [mentee-power-crm] [pool-3-thread-2] org.hibernate.SQL                        : 
                l1_0.company_id,
        /* SELECT
                l1_0.created_at,
            l 
                l1_0.email,
        FROM
                l1_0.name,
            Lead l 
                l1_0.status,
        WHERE
                l1_0.version 
            l.id = :id */ select
            from
                l1_0.id,
                leads l1_0 
                l1_0.company_id,
            where
                l1_0.created_at,
                l1_0.email,
                l1_0.name,
                l1_0.id=? for update
                l1_0.status,
                l1_0.version 
            from
                leads l1_0 
            where
                l1_0.id=? for update
    Hibernate: 
        /* SELECT
            l 
        FROM
            Lead l 
        WHERE
            l.id = :id */ select
                l1_0.id,
                l1_0.company_id,
                l1_0.created_at,
                l1_0.email,
                l1_0.name,
                l1_0.status,
                l1_0.version 
            from
                leads l1_0 
            where
                l1_0.id=? for update
    2026-06-23T23:14:15.818+03:00 TRACE 26748 --- [mentee-power-crm] [pool-3-thread-2] org.hibernate.orm.jdbc.bind              : binding parameter (1:UUID) <- [74d83197-91ab-476a-b7d3-e0519fed1f74]
    2026-06-23T23:14:15.818+03:00 TRACE 26748 --- [mentee-power-crm] [pool-3-thread-1] org.hibernate.orm.jdbc.bind              : binding parameter (1:UUID) <- [74d83197-91ab-476a-b7d3-e0519fed1f74]
    2026-06-23T23:14:15.820+03:00 DEBUG 26748 --- [mentee-power-crm] [pool-3-thread-2] org.hibernate.SQL                        : 
        /* update
            for ru.mentee.power.crm.model.Lead */update leads 
        set
            company_id=?,
            email=?,
            name=?,
            status=?,
            version=? 
        where
            id=? 
            and version=?
    Hibernate: 
        /* update
            for ru.mentee.power.crm.model.Lead */update leads 
        set
            company_id=?,
            email=?,
            name=?,
            status=?,
            version=? 
        where
            id=? 
            and version=?
    2026-06-23T23:14:15.821+03:00 TRACE 26748 --- [mentee-power-crm] [pool-3-thread-2] org.hibernate.orm.jdbc.bind              : binding parameter (1:UUID) <- [null]
    2026-06-23T23:14:15.822+03:00 TRACE 26748 --- [mentee-power-crm] [pool-3-thread-2] org.hibernate.orm.jdbc.bind              : binding parameter (2:VARCHAR) <- [concurrent@test.com]
    2026-06-23T23:14:15.822+03:00 TRACE 26748 --- [mentee-power-crm] [pool-3-thread-2] org.hibernate.orm.jdbc.bind              : binding parameter (3:VARCHAR) <- [Patrick]
    2026-06-23T23:14:15.822+03:00 TRACE 26748 --- [mentee-power-crm] [pool-3-thread-2] org.hibernate.orm.jdbc.bind              : binding parameter (4:ENUM) <- [QUALIFIED]
    2026-06-23T23:14:15.822+03:00 TRACE 26748 --- [mentee-power-crm] [pool-3-thread-2] org.hibernate.orm.jdbc.bind              : binding parameter (5:BIGINT) <- [1]
    2026-06-23T23:14:15.822+03:00 TRACE 26748 --- [mentee-power-crm] [pool-3-thread-2] org.hibernate.orm.jdbc.bind              : binding parameter (6:UUID) <- [74d83197-91ab-476a-b7d3-e0519fed1f74]
    2026-06-23T23:14:15.822+03:00 TRACE 26748 --- [mentee-power-crm] [pool-3-thread-2] org.hibernate.orm.jdbc.bind              : binding parameter (7:BIGINT) <- [0]
    2026-06-23T23:14:15.825+03:00 DEBUG 26748 --- [mentee-power-crm] [pool-3-thread-1] org.hibernate.SQL                        : 
        /* update
            for ru.mentee.power.crm.model.Lead */update leads 
        set
            company_id=?,
            email=?,
            name=?,
            status=?,
            version=? 
        where
            id=? 
            and version=?
    Hibernate: 
        /* update
            for ru.mentee.power.crm.model.Lead */update leads 
        set
            company_id=?,
            email=?,
            name=?,
            status=?,
            version=? 
        where
            id=? 
            and version=?
    2026-06-23T23:14:15.825+03:00 TRACE 26748 --- [mentee-power-crm] [pool-3-thread-1] org.hibernate.orm.jdbc.bind              : binding parameter (1:UUID) <- [null]
    2026-06-23T23:14:15.825+03:00 TRACE 26748 --- [mentee-power-crm] [pool-3-thread-1] org.hibernate.orm.jdbc.bind              : binding parameter (2:VARCHAR) <- [concurrent@test.com]
    2026-06-23T23:14:15.825+03:00 TRACE 26748 --- [mentee-power-crm] [pool-3-thread-1] org.hibernate.orm.jdbc.bind              : binding parameter (3:VARCHAR) <- [Patrick]
    2026-06-23T23:14:15.825+03:00 TRACE 26748 --- [mentee-power-crm] [pool-3-thread-1] org.hibernate.orm.jdbc.bind              : binding parameter (4:ENUM) <- [CONTACTED]
    2026-06-23T23:14:15.825+03:00 TRACE 26748 --- [mentee-power-crm] [pool-3-thread-1] org.hibernate.orm.jdbc.bind              : binding parameter (5:BIGINT) <- [2]
    2026-06-23T23:14:15.825+03:00 TRACE 26748 --- [mentee-power-crm] [pool-3-thread-1] org.hibernate.orm.jdbc.bind              : binding parameter (6:UUID) <- [74d83197-91ab-476a-b7d3-e0519fed1f74]
    2026-06-23T23:14:15.825+03:00 TRACE 26748 --- [mentee-power-crm] [pool-3-thread-1] org.hibernate.orm.jdbc.bind              : binding parameter (7:BIGINT) <- [1]
    2026-06-23T23:14:15.827+03:00 DEBUG 26748 --- [mentee-power-crm] [    Test worker] org.hibernate.SQL                        : 
        select
            l1_0.id,
            l1_0.company_id,
            l1_0.created_at,
            l1_0.email,
            l1_0.name,
            l1_0.status,
            l1_0.version 
        from
            leads l1_0 
        where
            l1_0.id=?
    Hibernate: 
        select
            l1_0.id,
            l1_0.company_id,
            l1_0.created_at,
            l1_0.email,
            l1_0.name,
            l1_0.status,
            l1_0.version 
        from
            leads l1_0 
        where
            l1_0.id=?
    2026-06-23T23:14:15.827+03:00 TRACE 26748 --- [mentee-power-crm] [    Test worker] org.hibernate.orm.jdbc.bind              : binding parameter (1:UUID) <- [74d83197-91ab-476a-b7d3-e0519fed1f74]
    2026-06-23T23:14:15.830+03:00 DEBUG 26748 --- [mentee-power-crm] [    Test worker] org.hibernate.SQL                        : 
        /* <criteria> */ select
            l1_0.id,
            l1_0.company_id,
            l1_0.created_at,
            l1_0.email,
            l1_0.name,
            l1_0.status,
            l1_0.version 
        from
            leads l1_0
    Hibernate: 
        /* <criteria> */ select
            l1_0.id,
            l1_0.company_id,
            l1_0.created_at,
            l1_0.email,
            l1_0.name,
            l1_0.status,
            l1_0.version 
        from
            leads l1_0
    2026-06-23T23:14:15.832+03:00 DEBUG 26748 --- [mentee-power-crm] [    Test worker] org.hibernate.SQL                        : 
        /* delete for ru.mentee.power.crm.model.Lead */delete 
        from
            leads 
        where
            id=? 
            and version=?
    Hibernate: 
        /* delete for ru.mentee.power.crm.model.Lead */delete 
        from
            leads 
        where
            id=? 
            and version=?
    2026-06-23T23:14:15.832+03:00 TRACE 26748 --- [mentee-power-crm] [    Test worker] org.hibernate.orm.jdbc.bind              : binding parameter (1:UUID) <- [966b7ac9-faa2-4200-9829-612c17c3f85b]
    2026-06-23T23:14:15.832+03:00 TRACE 26748 --- [mentee-power-crm] [    Test worker] org.hibernate.orm.jdbc.bind              : binding parameter (2:BIGINT) <- [1]
    2026-06-23T23:14:15.833+03:00 DEBUG 26748 --- [mentee-power-crm] [    Test worker] org.hibernate.SQL                        : 
        /* delete for ru.mentee.power.crm.model.Lead */delete 
        from
            leads 
        where
            id=? 
            and version=?
    Hibernate: 
        /* delete for ru.mentee.power.crm.model.Lead */delete 
        from
            leads 
        where
            id=? 
            and version=?
    2026-06-23T23:14:15.833+03:00 TRACE 26748 --- [mentee-power-crm] [    Test worker] org.hibernate.orm.jdbc.bind              : binding parameter (1:UUID) <- [ac8e93eb-9454-4f19-b139-0e5c5b9160bc]
    2026-06-23T23:14:15.833+03:00 TRACE 26748 --- [mentee-power-crm] [    Test worker] org.hibernate.orm.jdbc.bind              : binding parameter (2:BIGINT) <- [0]
    2026-06-23T23:14:15.834+03:00 DEBUG 26748 --- [mentee-power-crm] [    Test worker] org.hibernate.SQL                        : 
        /* delete for ru.mentee.power.crm.model.Lead */delete 
        from
            leads 
        where
            id=? 
            and version=?
    Hibernate: 
        /* delete for ru.mentee.power.crm.model.Lead */delete 
        from
            leads 
        where
            id=? 
            and version=?
    2026-06-23T23:14:15.834+03:00 TRACE 26748 --- [mentee-power-crm] [    Test worker] org.hibernate.orm.jdbc.bind              : binding parameter (1:UUID) <- [a3c8057c-36cf-4599-88a7-1700906401a5]
    2026-06-23T23:14:15.834+03:00 TRACE 26748 --- [mentee-power-crm] [    Test worker] org.hibernate.orm.jdbc.bind              : binding parameter (2:BIGINT) <- [0]
    2026-06-23T23:14:15.834+03:00 DEBUG 26748 --- [mentee-power-crm] [    Test worker] org.hibernate.SQL                        : 
        /* delete for ru.mentee.power.crm.model.Lead */delete 
        from
            leads 
        where
            id=? 
            and version=?
    Hibernate: 
        /* delete for ru.mentee.power.crm.model.Lead */delete 
        from
            leads 
        where
            id=? 
            and version=?
    2026-06-23T23:14:15.834+03:00 TRACE 26748 --- [mentee-power-crm] [    Test worker] org.hibernate.orm.jdbc.bind              : binding parameter (1:UUID) <- [74d83197-91ab-476a-b7d3-e0519fed1f74]
    2026-06-23T23:14:15.834+03:00 TRACE 26748 --- [mentee-power-crm] [    Test worker] org.hibernate.orm.jdbc.bind              : binding parameter (2:BIGINT) <- [2]

LeadLockingServiceTest > shouldThrowOptimisticLockExceptionWhenConcurrentUpdateWithoutLock() STANDARD_OUT
    2026-06-23T23:14:15.838+03:00 DEBUG 26748 --- [mentee-power-crm] [    Test worker] org.hibernate.SQL                        : 
        /* insert for
            ru.mentee.power.crm.model.Lead */insert 
        into
            leads (company_id, created_at, email, name, status, version, id) 
        values
            (?, ?, ?, ?, ?, ?, ?)
    Hibernate: 
        /* insert for
            ru.mentee.power.crm.model.Lead */insert 
        into
            leads (company_id, created_at, email, name, status, version, id) 
        values
            (?, ?, ?, ?, ?, ?, ?)
    2026-06-23T23:14:15.838+03:00 TRACE 26748 --- [mentee-power-crm] [    Test worker] org.hibernate.orm.jdbc.bind              : binding parameter (1:UUID) <- [null]
    2026-06-23T23:14:15.838+03:00 TRACE 26748 --- [mentee-power-crm] [    Test worker] org.hibernate.orm.jdbc.bind              : binding parameter (2:TIMESTAMP) <- [2026-06-23T23:14:15.838011500]
    2026-06-23T23:14:15.839+03:00 TRACE 26748 --- [mentee-power-crm] [    Test worker] org.hibernate.orm.jdbc.bind              : binding parameter (3:VARCHAR) <- [optimistic@test.com]
    2026-06-23T23:14:15.839+03:00 TRACE 26748 --- [mentee-power-crm] [    Test worker] org.hibernate.orm.jdbc.bind              : binding parameter (4:VARCHAR) <- [Patrick]
    2026-06-23T23:14:15.839+03:00 TRACE 26748 --- [mentee-power-crm] [    Test worker] org.hibernate.orm.jdbc.bind              : binding parameter (5:ENUM) <- [NEW]
    2026-06-23T23:14:15.839+03:00 TRACE 26748 --- [mentee-power-crm] [    Test worker] org.hibernate.orm.jdbc.bind              : binding parameter (6:BIGINT) <- [0]
    2026-06-23T23:14:15.839+03:00 TRACE 26748 --- [mentee-power-crm] [    Test worker] org.hibernate.orm.jdbc.bind              : binding parameter (7:UUID) <- [c2a4d882-406f-4f3e-88f3-b393c1f5a15a]
    2026-06-23T23:14:15.841+03:00 DEBUG 26748 --- [mentee-power-crm] [pool-4-thread-1] org.hibernate.SQL                        : 
        select
            l1_0.id,
            l1_0.company_id,
            l1_0.created_at,
            l1_0.email,
            l1_0.name,
            l1_0.status,
            l1_0.version 
        from
            leads l1_0 
        where
            l1_0.id=?
    Hibernate: 
        select
            l1_0.id,
            l1_0.company_id,
            l1_0.created_at,
            l1_0.email,
            l1_0.name,
            l1_0.status,
            l1_0.version 
        from
            leads l1_0 
        where
            l1_0.id=?
    2026-06-23T23:14:15.842+03:00 TRACE 26748 --- [mentee-power-crm] [pool-4-thread-1] org.hibernate.orm.jdbc.bind              : binding parameter (1:UUID) <- [c2a4d882-406f-4f3e-88f3-b393c1f5a15a]
    2026-06-23T23:14:15.891+03:00 DEBUG 26748 --- [mentee-power-crm] [pool-4-thread-2] org.hibernate.SQL                        : 
        select
            l1_0.id,
            l1_0.company_id,
            l1_0.created_at,
            l1_0.email,
            l1_0.name,
            l1_0.status,
            l1_0.version 
        from
            leads l1_0 
        where
            l1_0.id=?
    Hibernate: 
        select
            l1_0.id,
            l1_0.company_id,
            l1_0.created_at,
            l1_0.email,
            l1_0.name,
            l1_0.status,
            l1_0.version 
        from
            leads l1_0 
        where
            l1_0.id=?
    2026-06-23T23:14:15.892+03:00 TRACE 26748 --- [mentee-power-crm] [pool-4-thread-2] org.hibernate.orm.jdbc.bind              : binding parameter (1:UUID) <- [c2a4d882-406f-4f3e-88f3-b393c1f5a15a]
    2026-06-23T23:14:15.894+03:00 DEBUG 26748 --- [mentee-power-crm] [pool-4-thread-1] org.hibernate.SQL                        : 
        /* update
            for ru.mentee.power.crm.model.Lead */update leads 
        set
            company_id=?,
            email=?,
            name=?,
            status=?,
            version=? 
        where
            id=? 
            and version=?
    Hibernate: 
        /* update
            for ru.mentee.power.crm.model.Lead */update leads 
        set
            company_id=?,
            email=?,
            name=?,
            status=?,
            version=? 
        where
            id=? 
            and version=?
    2026-06-23T23:14:15.894+03:00 TRACE 26748 --- [mentee-power-crm] [pool-4-thread-1] org.hibernate.orm.jdbc.bind              : binding parameter (1:UUID) <- [null]
    2026-06-23T23:14:15.894+03:00 TRACE 26748 --- [mentee-power-crm] [pool-4-thread-1] org.hibernate.orm.jdbc.bind              : binding parameter (2:VARCHAR) <- [optimistic@test.com]
    2026-06-23T23:14:15.894+03:00 TRACE 26748 --- [mentee-power-crm] [pool-4-thread-1] org.hibernate.orm.jdbc.bind              : binding parameter (3:VARCHAR) <- [Patrick]
    2026-06-23T23:14:15.894+03:00 TRACE 26748 --- [mentee-power-crm] [pool-4-thread-1] org.hibernate.orm.jdbc.bind              : binding parameter (4:ENUM) <- [CONTACTED]
    2026-06-23T23:14:15.894+03:00 TRACE 26748 --- [mentee-power-crm] [pool-4-thread-1] org.hibernate.orm.jdbc.bind              : binding parameter (5:BIGINT) <- [1]
    2026-06-23T23:14:15.894+03:00 TRACE 26748 --- [mentee-power-crm] [pool-4-thread-1] org.hibernate.orm.jdbc.bind              : binding parameter (6:UUID) <- [c2a4d882-406f-4f3e-88f3-b393c1f5a15a]
    2026-06-23T23:14:15.894+03:00 TRACE 26748 --- [mentee-power-crm] [pool-4-thread-1] org.hibernate.orm.jdbc.bind              : binding parameter (7:BIGINT) <- [0]
    2026-06-23T23:14:15.946+03:00 DEBUG 26748 --- [mentee-power-crm] [pool-4-thread-2] org.hibernate.SQL                        : 
        /* update
            for ru.mentee.power.crm.model.Lead */update leads 
        set
            company_id=?,
            email=?,
            name=?,
            status=?,
            version=? 
        where
            id=? 
            and version=?
    Hibernate: 
        /* update
            for ru.mentee.power.crm.model.Lead */update leads 
        set
            company_id=?,
            email=?,
            name=?,
            status=?,
            version=? 
        where
            id=? 
            and version=?
    2026-06-23T23:14:15.946+03:00 TRACE 26748 --- [mentee-power-crm] [pool-4-thread-2] org.hibernate.orm.jdbc.bind              : binding parameter (1:UUID) <- [null]
    2026-06-23T23:14:15.946+03:00 TRACE 26748 --- [mentee-power-crm] [pool-4-thread-2] org.hibernate.orm.jdbc.bind              : binding parameter (2:VARCHAR) <- [optimistic@test.com]
    2026-06-23T23:14:15.947+03:00 TRACE 26748 --- [mentee-power-crm] [pool-4-thread-2] org.hibernate.orm.jdbc.bind              : binding parameter (3:VARCHAR) <- [Patrick]
    2026-06-23T23:14:15.947+03:00 TRACE 26748 --- [mentee-power-crm] [pool-4-thread-2] org.hibernate.orm.jdbc.bind              : binding parameter (4:ENUM) <- [QUALIFIED]
    2026-06-23T23:14:15.947+03:00 TRACE 26748 --- [mentee-power-crm] [pool-4-thread-2] org.hibernate.orm.jdbc.bind              : binding parameter (5:BIGINT) <- [1]
    2026-06-23T23:14:15.947+03:00 TRACE 26748 --- [mentee-power-crm] [pool-4-thread-2] org.hibernate.orm.jdbc.bind              : binding parameter (6:UUID) <- [c2a4d882-406f-4f3e-88f3-b393c1f5a15a]
    2026-06-23T23:14:15.947+03:00 TRACE 26748 --- [mentee-power-crm] [pool-4-thread-2] org.hibernate.orm.jdbc.bind              : binding parameter (7:BIGINT) <- [0]
    2026-06-23T23:14:15.951+03:00 DEBUG 26748 --- [mentee-power-crm] [pool-4-thread-2] org.hibernate.SQL                        : 
        select
            l1_0.id,
            l1_0.company_id,
            l1_0.created_at,
            l1_0.email,
            l1_0.name,
            l1_0.status,
            l1_0.version 
        from
            leads l1_0 
        where
            l1_0.id=?
    Hibernate: 
        select
            l1_0.id,
            l1_0.company_id,
            l1_0.created_at,
            l1_0.email,
            l1_0.name,
            l1_0.status,
            l1_0.version 
        from
            leads l1_0 
        where
            l1_0.id=?
    2026-06-23T23:14:15.953+03:00 TRACE 26748 --- [mentee-power-crm] [pool-4-thread-2] org.hibernate.orm.jdbc.bind              : binding parameter (1:UUID) <- [c2a4d882-406f-4f3e-88f3-b393c1f5a15a]
    2026-06-23T23:14:15.956+03:00 DEBUG 26748 --- [mentee-power-crm] [    Test worker] org.hibernate.SQL                        : 
        /* <criteria> */ select
            l1_0.id,
            l1_0.company_id,
            l1_0.created_at,
            l1_0.email,
            l1_0.name,
            l1_0.status,
            l1_0.version 
        from
            leads l1_0
    Hibernate: 
        /* <criteria> */ select
            l1_0.id,
            l1_0.company_id,
            l1_0.created_at,
            l1_0.email,
            l1_0.name,
            l1_0.status,
            l1_0.version 
        from
            leads l1_0
    2026-06-23T23:14:15.959+03:00 DEBUG 26748 --- [mentee-power-crm] [    Test worker] org.hibernate.SQL                        : 
        /* delete for ru.mentee.power.crm.model.Lead */delete 
        from
            leads 
        where
            id=? 
            and version=?
    Hibernate: 
        /* delete for ru.mentee.power.crm.model.Lead */delete 
        from
            leads 
        where
            id=? 
            and version=?
    2026-06-23T23:14:15.959+03:00 TRACE 26748 --- [mentee-power-crm] [    Test worker] org.hibernate.orm.jdbc.bind              : binding parameter (1:UUID) <- [c2a4d882-406f-4f3e-88f3-b393c1f5a15a]
    2026-06-23T23:14:15.959+03:00 TRACE 26748 --- [mentee-power-crm] [    Test worker] org.hibernate.orm.jdbc.bind              : binding parameter (2:BIGINT) <- [1]

LeadServiceMockTest > shouldFindLeadsWhenFilteredByCompany() STANDARD_OUT
    2026-06-23T23:14:16.015+03:00  INFO 26748 --- [mentee-power-crm] [    Test worker] r.m.p.crm.spring.service.LeadService     : LeadService constructor called

LeadServiceMockTest > shouldFindLeadsWhenFilteredByStatus() STANDARD_OUT
    2026-06-23T23:14:16.017+03:00  INFO 26748 --- [mentee-power-crm] [    Test worker] r.m.p.crm.spring.service.LeadService     : LeadService constructor called

LeadServiceMockTest > shouldFindByStatusesWhenItCalled() STANDARD_OUT
    2026-06-23T23:14:16.020+03:00  INFO 26748 --- [mentee-power-crm] [    Test worker] r.m.p.crm.spring.service.LeadService     : LeadService constructor called

LeadServiceMockTest > shouldFindByEmailWhenItCalled() STANDARD_OUT
    2026-06-23T23:14:16.024+03:00  INFO 26748 --- [mentee-power-crm] [    Test worker] r.m.p.crm.spring.service.LeadService     : LeadService constructor called

LeadServiceMockTest > shouldThrowExceptionWhenAddedLeadWithSaneEmail() STANDARD_OUT
    2026-06-23T23:14:16.026+03:00  INFO 26748 --- [mentee-power-crm] [    Test worker] r.m.p.crm.spring.service.LeadService     : LeadService constructor called

LeadServiceMockTest > shouldCallFindByEmailBeforeSave() STANDARD_OUT
    2026-06-23T23:14:16.029+03:00  INFO 26748 --- [mentee-power-crm] [    Test worker] r.m.p.crm.spring.service.LeadService     : LeadService constructor called

LeadServiceMockTest > shouldNotCallSaveWhenEmailExists() STANDARD_OUT
    2026-06-23T23:14:16.038+03:00  INFO 26748 --- [mentee-power-crm] [    Test worker] r.m.p.crm.spring.service.LeadService     : LeadService constructor called

LeadServiceMockTest > shouldFindLeadsWhenFilteredByName() STANDARD_OUT
    2026-06-23T23:14:16.040+03:00  INFO 26748 --- [mentee-power-crm] [    Test worker] r.m.p.crm.spring.service.LeadService     : LeadService constructor called

LeadServiceMockTest > shouldFindLeadsWithoutFilter() STANDARD_OUT
    2026-06-23T23:14:16.042+03:00  INFO 26748 --- [mentee-power-crm] [    Test worker] r.m.p.crm.spring.service.LeadService     : LeadService constructor called

LeadServiceMockTest > shouldCallDeleteWhenLeadIsExist() STANDARD_OUT
    2026-06-23T23:14:16.045+03:00  INFO 26748 --- [mentee-power-crm] [    Test worker] r.m.p.crm.spring.service.LeadService     : LeadService constructor called

LeadServiceMockTest > shouldFindByStatusWhenItCalled() STANDARD_OUT
    2026-06-23T23:14:16.047+03:00  INFO 26748 --- [mentee-power-crm] [    Test worker] r.m.p.crm.spring.service.LeadService     : LeadService constructor called

LeadServiceMockTest > shouldThrowExceptionWhenUpdateNotExistedLead() STANDARD_OUT
    2026-06-23T23:14:16.049+03:00  INFO 26748 --- [mentee-power-crm] [    Test worker] r.m.p.crm.spring.service.LeadService     : LeadService constructor called

LeadServiceMockTest > shouldCallRepositorySaveWhenAddingNewLead() STANDARD_OUT
    2026-06-23T23:14:16.051+03:00  INFO 26748 --- [mentee-power-crm] [    Test worker] r.m.p.crm.spring.service.LeadService     : LeadService constructor called

LeadServiceMockTest > shouldFindLeadsWhenFilteredByEmail() STANDARD_OUT
    2026-06-23T23:14:16.052+03:00  INFO 26748 --- [mentee-power-crm] [    Test worker] r.m.p.crm.spring.service.LeadService     : LeadService constructor called

LeadServiceMockTest > shouldThrowExceptionWhenDeleteNotExistedLead() STANDARD_OUT
    2026-06-23T23:14:16.056+03:00  INFO 26748 --- [mentee-power-crm] [    Test worker] r.m.p.crm.spring.service.LeadService     : LeadService constructor called

LeadServiceTest STANDARD_OUT
    2026-06-23T23:14:16.059+03:00  INFO 26748 --- [mentee-power-crm] [    Test worker] t.c.s.AnnotationConfigContextLoaderUtils : Could not detect default configuration classes for test class [ru.mentee.power.crm.spring.service.LeadServiceTest]: LeadServiceTest does not declare any static, non-private, non-final, nested classes annotated with @Configuration.
    2026-06-23T23:14:16.060+03:00  INFO 26748 --- [mentee-power-crm] [    Test worker] .b.t.c.SpringBootTestContextBootstrapper : Found @SpringBootConfiguration ru.mentee.power.crm.Application for test class ru.mentee.power.crm.spring.service.LeadServiceTest

LeadServiceTest > processLeadsShouldIsolateTransactionsPerLead() STANDARD_OUT
    2026-06-23T23:14:16.065+03:00 DEBUG 26748 --- [mentee-power-crm] [    Test worker] org.hibernate.SQL                        : 
        /* <criteria> */ select
            l1_0.id,
            l1_0.company_id,
            l1_0.created_at,
            l1_0.email,
            l1_0.name,
            l1_0.status,
            l1_0.version 
        from
            leads l1_0
    Hibernate: 
        /* <criteria> */ select
            l1_0.id,
            l1_0.company_id,
            l1_0.created_at,
            l1_0.email,
            l1_0.name,
            l1_0.status,
            l1_0.version 
        from
            leads l1_0
    2026-06-23T23:14:16.066+03:00 DEBUG 26748 --- [mentee-power-crm] [    Test worker] org.hibernate.SQL                        : 
        /* <criteria> */ select
            c1_0.id,
            c1_0.industry,
            c1_0.name 
        from
            companies c1_0
    Hibernate: 
        /* <criteria> */ select
            c1_0.id,
            c1_0.industry,
            c1_0.name 
        from
            companies c1_0
    2026-06-23T23:14:16.070+03:00 DEBUG 26748 --- [mentee-power-crm] [    Test worker] org.hibernate.SQL                        : 
        /* insert for
            ru.mentee.power.crm.model.Company */insert 
        into
            companies (industry, name, id) 
        values
            (?, ?, ?)
    Hibernate: 
        /* insert for
            ru.mentee.power.crm.model.Company */insert 
        into
            companies (industry, name, id) 
        values
            (?, ?, ?)
    2026-06-23T23:14:16.070+03:00 TRACE 26748 --- [mentee-power-crm] [    Test worker] org.hibernate.orm.jdbc.bind              : binding parameter (1:VARCHAR) <- [TestIndustry]
    2026-06-23T23:14:16.070+03:00 TRACE 26748 --- [mentee-power-crm] [    Test worker] org.hibernate.orm.jdbc.bind              : binding parameter (2:VARCHAR) <- [Company 1]
    2026-06-23T23:14:16.071+03:00 TRACE 26748 --- [mentee-power-crm] [    Test worker] org.hibernate.orm.jdbc.bind              : binding parameter (3:UUID) <- [04609878-2536-4055-869a-1e9eea31fbb2]
    2026-06-23T23:14:16.072+03:00 DEBUG 26748 --- [mentee-power-crm] [    Test worker] org.hibernate.SQL                        : 
        /* insert for
            ru.mentee.power.crm.model.Lead */insert 
        into
            leads (company_id, created_at, email, name, status, version, id) 
        values
            (?, ?, ?, ?, ?, ?, ?)
    Hibernate: 
        /* insert for
            ru.mentee.power.crm.model.Lead */insert 
        into
            leads (company_id, created_at, email, name, status, version, id) 
        values
            (?, ?, ?, ?, ?, ?, ?)
    2026-06-23T23:14:16.072+03:00 TRACE 26748 --- [mentee-power-crm] [    Test worker] org.hibernate.orm.jdbc.bind              : binding parameter (1:UUID) <- [04609878-2536-4055-869a-1e9eea31fbb2]
    2026-06-23T23:14:16.072+03:00 TRACE 26748 --- [mentee-power-crm] [    Test worker] org.hibernate.orm.jdbc.bind              : binding parameter (2:TIMESTAMP) <- [2026-06-23T23:14:16.069914]
    2026-06-23T23:14:16.072+03:00 TRACE 26748 --- [mentee-power-crm] [    Test worker] org.hibernate.orm.jdbc.bind              : binding parameter (3:VARCHAR) <- [lead1@example.com]
    2026-06-23T23:14:16.072+03:00 TRACE 26748 --- [mentee-power-crm] [    Test worker] org.hibernate.orm.jdbc.bind              : binding parameter (4:VARCHAR) <- [Name1]
    2026-06-23T23:14:16.072+03:00 TRACE 26748 --- [mentee-power-crm] [    Test worker] org.hibernate.orm.jdbc.bind              : binding parameter (5:ENUM) <- [NEW]
    2026-06-23T23:14:16.073+03:00 TRACE 26748 --- [mentee-power-crm] [    Test worker] org.hibernate.orm.jdbc.bind              : binding parameter (6:BIGINT) <- [0]
    2026-06-23T23:14:16.073+03:00 TRACE 26748 --- [mentee-power-crm] [    Test worker] org.hibernate.orm.jdbc.bind              : binding parameter (7:UUID) <- [c06ced36-635d-46bb-8ee1-5b8ebb1e766c]
    2026-06-23T23:14:16.074+03:00 DEBUG 26748 --- [mentee-power-crm] [    Test worker] org.hibernate.SQL                        : 
        /* insert for
            ru.mentee.power.crm.model.Company */insert 
        into
            companies (industry, name, id) 
        values
            (?, ?, ?)
    Hibernate: 
        /* insert for
            ru.mentee.power.crm.model.Company */insert 
        into
            companies (industry, name, id) 
        values
            (?, ?, ?)
    2026-06-23T23:14:16.074+03:00 TRACE 26748 --- [mentee-power-crm] [    Test worker] org.hibernate.orm.jdbc.bind              : binding parameter (1:VARCHAR) <- [TestIndustry]
    2026-06-23T23:14:16.074+03:00 TRACE 26748 --- [mentee-power-crm] [    Test worker] org.hibernate.orm.jdbc.bind              : binding parameter (2:VARCHAR) <- [Company 2]
    2026-06-23T23:14:16.075+03:00 TRACE 26748 --- [mentee-power-crm] [    Test worker] org.hibernate.orm.jdbc.bind              : binding parameter (3:UUID) <- [6e504955-674f-4a36-a592-edafb55a02d5]
    2026-06-23T23:14:16.075+03:00 DEBUG 26748 --- [mentee-power-crm] [    Test worker] org.hibernate.SQL                        : 
        /* insert for
            ru.mentee.power.crm.model.Lead */insert 
        into
            leads (company_id, created_at, email, name, status, version, id) 
        values
            (?, ?, ?, ?, ?, ?, ?)
    Hibernate: 
        /* insert for
            ru.mentee.power.crm.model.Lead */insert 
        into
            leads (company_id, created_at, email, name, status, version, id) 
        values
            (?, ?, ?, ?, ?, ?, ?)
    2026-06-23T23:14:16.075+03:00 TRACE 26748 --- [mentee-power-crm] [    Test worker] org.hibernate.orm.jdbc.bind              : binding parameter (1:UUID) <- [6e504955-674f-4a36-a592-edafb55a02d5]
    2026-06-23T23:14:16.075+03:00 TRACE 26748 --- [mentee-power-crm] [    Test worker] org.hibernate.orm.jdbc.bind              : binding parameter (2:TIMESTAMP) <- [2026-06-23T23:14:16.074911600]
    2026-06-23T23:14:16.075+03:00 TRACE 26748 --- [mentee-power-crm] [    Test worker] org.hibernate.orm.jdbc.bind              : binding parameter (3:VARCHAR) <- [lead2@example.com]
    2026-06-23T23:14:16.075+03:00 TRACE 26748 --- [mentee-power-crm] [    Test worker] org.hibernate.orm.jdbc.bind              : binding parameter (4:VARCHAR) <- [Name2]
    2026-06-23T23:14:16.075+03:00 TRACE 26748 --- [mentee-power-crm] [    Test worker] org.hibernate.orm.jdbc.bind              : binding parameter (5:ENUM) <- [NEW]
    2026-06-23T23:14:16.076+03:00 TRACE 26748 --- [mentee-power-crm] [    Test worker] org.hibernate.orm.jdbc.bind              : binding parameter (6:BIGINT) <- [0]
    2026-06-23T23:14:16.076+03:00 TRACE 26748 --- [mentee-power-crm] [    Test worker] org.hibernate.orm.jdbc.bind              : binding parameter (7:UUID) <- [3de6fe8e-6114-4057-b670-a996a591d27a]
    2026-06-23T23:14:16.078+03:00 DEBUG 26748 --- [mentee-power-crm] [    Test worker] org.hibernate.SQL                        : 
        /* insert for
            ru.mentee.power.crm.model.Company */insert 
        into
            companies (industry, name, id) 
        values
            (?, ?, ?)
    Hibernate: 
        /* insert for
            ru.mentee.power.crm.model.Company */insert 
        into
            companies (industry, name, id) 
        values
            (?, ?, ?)
    2026-06-23T23:14:16.078+03:00 TRACE 26748 --- [mentee-power-crm] [    Test worker] org.hibernate.orm.jdbc.bind              : binding parameter (1:VARCHAR) <- [TestIndustry]
    2026-06-23T23:14:16.078+03:00 TRACE 26748 --- [mentee-power-crm] [    Test worker] org.hibernate.orm.jdbc.bind              : binding parameter (2:VARCHAR) <- [Company 3]
    2026-06-23T23:14:16.078+03:00 TRACE 26748 --- [mentee-power-crm] [    Test worker] org.hibernate.orm.jdbc.bind              : binding parameter (3:UUID) <- [61f2a66c-4ac1-48b8-883e-6aafe8b9cd7f]
    2026-06-23T23:14:16.079+03:00 DEBUG 26748 --- [mentee-power-crm] [    Test worker] org.hibernate.SQL                        : 
        /* insert for
            ru.mentee.power.crm.model.Lead */insert 
        into
            leads (company_id, created_at, email, name, status, version, id) 
        values
            (?, ?, ?, ?, ?, ?, ?)
    Hibernate: 
        /* insert for
            ru.mentee.power.crm.model.Lead */insert 
        into
            leads (company_id, created_at, email, name, status, version, id) 
        values
            (?, ?, ?, ?, ?, ?, ?)
    2026-06-23T23:14:16.079+03:00 TRACE 26748 --- [mentee-power-crm] [    Test worker] org.hibernate.orm.jdbc.bind              : binding parameter (1:UUID) <- [61f2a66c-4ac1-48b8-883e-6aafe8b9cd7f]
    2026-06-23T23:14:16.079+03:00 TRACE 26748 --- [mentee-power-crm] [    Test worker] org.hibernate.orm.jdbc.bind              : binding parameter (2:TIMESTAMP) <- [2026-06-23T23:14:16.078213800]
    2026-06-23T23:14:16.079+03:00 TRACE 26748 --- [mentee-power-crm] [    Test worker] org.hibernate.orm.jdbc.bind              : binding parameter (3:VARCHAR) <- [lead3@example.com]
    2026-06-23T23:14:16.079+03:00 TRACE 26748 --- [mentee-power-crm] [    Test worker] org.hibernate.orm.jdbc.bind              : binding parameter (4:VARCHAR) <- [Name3]
    2026-06-23T23:14:16.079+03:00 TRACE 26748 --- [mentee-power-crm] [    Test worker] org.hibernate.orm.jdbc.bind              : binding parameter (5:ENUM) <- [NEW]
    2026-06-23T23:14:16.079+03:00 TRACE 26748 --- [mentee-power-crm] [    Test worker] org.hibernate.orm.jdbc.bind              : binding parameter (6:BIGINT) <- [0]
    2026-06-23T23:14:16.079+03:00 TRACE 26748 --- [mentee-power-crm] [    Test worker] org.hibernate.orm.jdbc.bind              : binding parameter (7:UUID) <- [44eca398-f87e-4c69-bd4e-b9c75789ad6e]
    2026-06-23T23:14:16.082+03:00 DEBUG 26748 --- [mentee-power-crm] [    Test worker] org.hibernate.SQL                        : 
        /* <criteria> */ select
            l1_0.id,
            l1_0.company_id,
            l1_0.created_at,
            l1_0.email,
            l1_0.name,
            l1_0.status,
            l1_0.version 
        from
            leads l1_0
    Hibernate: 
        /* <criteria> */ select
            l1_0.id,
            l1_0.company_id,
            l1_0.created_at,
            l1_0.email,
            l1_0.name,
            l1_0.status,
            l1_0.version 
        from
            leads l1_0
    2026-06-23T23:14:16.085+03:00 DEBUG 26748 --- [mentee-power-crm] [    Test worker] org.hibernate.SQL                        : 
        /* <criteria> */ select
            l1_0.id,
            l1_0.company_id,
            l1_0.created_at,
            l1_0.email,
            l1_0.name,
            l1_0.status,
            l1_0.version 
        from
            leads l1_0
    Hibernate: 
        /* <criteria> */ select
            l1_0.id,
            l1_0.company_id,
            l1_0.created_at,
            l1_0.email,
            l1_0.name,
            l1_0.status,
            l1_0.version 
        from
            leads l1_0
    2026-06-23T23:14:16.096+03:00 DEBUG 26748 --- [mentee-power-crm] [    Test worker] org.hibernate.SQL                        : 
        /* select
            count(*) 
        from
            Lead x 
        WHERE
            x.id = :id */ select
                count(*) 
            from
                leads l1_0 
            where
                l1_0.id=?
    Hibernate: 
        /* select
            count(*) 
        from
            Lead x 
        WHERE
            x.id = :id */ select
                count(*) 
            from
                leads l1_0 
            where
                l1_0.id=?
    2026-06-23T23:14:16.096+03:00 TRACE 26748 --- [mentee-power-crm] [    Test worker] org.hibernate.orm.jdbc.bind              : binding parameter (1:UUID) <- [c06ced36-635d-46bb-8ee1-5b8ebb1e766c]
    2026-06-23T23:14:16.097+03:00 DEBUG 26748 --- [mentee-power-crm] [    Test worker] org.hibernate.SQL                        : 
        select
            l1_0.id,
            l1_0.company_id,
            l1_0.created_at,
            l1_0.email,
            l1_0.name,
            l1_0.status,
            l1_0.version 
        from
            leads l1_0 
        where
            l1_0.id=?
    Hibernate: 
        select
            l1_0.id,
            l1_0.company_id,
            l1_0.created_at,
            l1_0.email,
            l1_0.name,
            l1_0.status,
            l1_0.version 
        from
            leads l1_0 
        where
            l1_0.id=?
    2026-06-23T23:14:16.098+03:00 TRACE 26748 --- [mentee-power-crm] [    Test worker] org.hibernate.orm.jdbc.bind              : binding parameter (1:UUID) <- [c06ced36-635d-46bb-8ee1-5b8ebb1e766c]
    2026-06-23T23:14:16.099+03:00 DEBUG 26748 --- [mentee-power-crm] [    Test worker] org.hibernate.SQL                        : 
        /* update
            for ru.mentee.power.crm.model.Lead */update leads 
        set
            company_id=?,
            email=?,
            name=?,
            status=?,
            version=? 
        where
            id=? 
            and version=?
    Hibernate: 
        /* update
            for ru.mentee.power.crm.model.Lead */update leads 
        set
            company_id=?,
            email=?,
            name=?,
            status=?,
            version=? 
        where
            id=? 
            and version=?
    2026-06-23T23:14:16.099+03:00 TRACE 26748 --- [mentee-power-crm] [    Test worker] org.hibernate.orm.jdbc.bind              : binding parameter (1:UUID) <- [04609878-2536-4055-869a-1e9eea31fbb2]
    2026-06-23T23:14:16.099+03:00 TRACE 26748 --- [mentee-power-crm] [    Test worker] org.hibernate.orm.jdbc.bind              : binding parameter (2:VARCHAR) <- [lead1@example.com]
    2026-06-23T23:14:16.099+03:00 TRACE 26748 --- [mentee-power-crm] [    Test worker] org.hibernate.orm.jdbc.bind              : binding parameter (3:VARCHAR) <- [Name1]
    2026-06-23T23:14:16.099+03:00 TRACE 26748 --- [mentee-power-crm] [    Test worker] org.hibernate.orm.jdbc.bind              : binding parameter (4:ENUM) <- [CONTACTED]
    2026-06-23T23:14:16.099+03:00 TRACE 26748 --- [mentee-power-crm] [    Test worker] org.hibernate.orm.jdbc.bind              : binding parameter (5:BIGINT) <- [1]
    2026-06-23T23:14:16.099+03:00 TRACE 26748 --- [mentee-power-crm] [    Test worker] org.hibernate.orm.jdbc.bind              : binding parameter (6:UUID) <- [c06ced36-635d-46bb-8ee1-5b8ebb1e766c]
    2026-06-23T23:14:16.099+03:00 TRACE 26748 --- [mentee-power-crm] [    Test worker] org.hibernate.orm.jdbc.bind              : binding parameter (7:BIGINT) <- [0]
    2026-06-23T23:14:16.101+03:00 DEBUG 26748 --- [mentee-power-crm] [    Test worker] org.hibernate.SQL                        : 
        /* select
            count(*) 
        from
            Lead x 
        WHERE
            x.id = :id */ select
                count(*) 
            from
                leads l1_0 
            where
                l1_0.id=?
    Hibernate: 
        /* select
            count(*) 
        from
            Lead x 
        WHERE
            x.id = :id */ select
                count(*) 
            from
                leads l1_0 
            where
                l1_0.id=?
    2026-06-23T23:14:16.101+03:00 TRACE 26748 --- [mentee-power-crm] [    Test worker] org.hibernate.orm.jdbc.bind              : binding parameter (1:UUID) <- [3de6fe8e-6114-4057-b670-a996a591d27a]
    2026-06-23T23:14:16.102+03:00 DEBUG 26748 --- [mentee-power-crm] [    Test worker] org.hibernate.SQL                        : 
        select
            l1_0.id,
            l1_0.company_id,
            l1_0.created_at,
            l1_0.email,
            l1_0.name,
            l1_0.status,
            l1_0.version 
        from
            leads l1_0 
        where
            l1_0.id=?
    Hibernate: 
        select
            l1_0.id,
            l1_0.company_id,
            l1_0.created_at,
            l1_0.email,
            l1_0.name,
            l1_0.status,
            l1_0.version 
        from
            leads l1_0 
        where
            l1_0.id=?
    2026-06-23T23:14:16.102+03:00 TRACE 26748 --- [mentee-power-crm] [    Test worker] org.hibernate.orm.jdbc.bind              : binding parameter (1:UUID) <- [3de6fe8e-6114-4057-b670-a996a591d27a]
    2026-06-23T23:14:16.103+03:00 DEBUG 26748 --- [mentee-power-crm] [    Test worker] org.hibernate.SQL                        : 
        /* update
            for ru.mentee.power.crm.model.Lead */update leads 
        set
            company_id=?,
            email=?,
            name=?,
            status=?,
            version=? 
        where
            id=? 
            and version=?
    Hibernate: 
        /* update
            for ru.mentee.power.crm.model.Lead */update leads 
        set
            company_id=?,
            email=?,
            name=?,
            status=?,
            version=? 
        where
            id=? 
            and version=?
    2026-06-23T23:14:16.103+03:00 TRACE 26748 --- [mentee-power-crm] [    Test worker] org.hibernate.orm.jdbc.bind              : binding parameter (1:UUID) <- [6e504955-674f-4a36-a592-edafb55a02d5]
    2026-06-23T23:14:16.103+03:00 TRACE 26748 --- [mentee-power-crm] [    Test worker] org.hibernate.orm.jdbc.bind              : binding parameter (2:VARCHAR) <- [lead2@example.com]
    2026-06-23T23:14:16.103+03:00 TRACE 26748 --- [mentee-power-crm] [    Test worker] org.hibernate.orm.jdbc.bind              : binding parameter (3:VARCHAR) <- [Name2]
    2026-06-23T23:14:16.103+03:00 TRACE 26748 --- [mentee-power-crm] [    Test worker] org.hibernate.orm.jdbc.bind              : binding parameter (4:ENUM) <- [CONTACTED]
    2026-06-23T23:14:16.103+03:00 TRACE 26748 --- [mentee-power-crm] [    Test worker] org.hibernate.orm.jdbc.bind              : binding parameter (5:BIGINT) <- [1]
    2026-06-23T23:14:16.103+03:00 TRACE 26748 --- [mentee-power-crm] [    Test worker] org.hibernate.orm.jdbc.bind              : binding parameter (6:UUID) <- [3de6fe8e-6114-4057-b670-a996a591d27a]
    2026-06-23T23:14:16.103+03:00 TRACE 26748 --- [mentee-power-crm] [    Test worker] org.hibernate.orm.jdbc.bind              : binding parameter (7:BIGINT) <- [0]
    2026-06-23T23:14:16.105+03:00 DEBUG 26748 --- [mentee-power-crm] [    Test worker] org.hibernate.SQL                        : 
        /* select
            count(*) 
        from
            Lead x 
        WHERE
            x.id = :id */ select
                count(*) 
            from
                leads l1_0 
            where
                l1_0.id=?
    Hibernate: 
        /* select
            count(*) 
        from
            Lead x 
        WHERE
            x.id = :id */ select
                count(*) 
            from
                leads l1_0 
            where
                l1_0.id=?
    2026-06-23T23:14:16.106+03:00 TRACE 26748 --- [mentee-power-crm] [    Test worker] org.hibernate.orm.jdbc.bind              : binding parameter (1:UUID) <- [44eca398-f87e-4c69-bd4e-b9c75789ad6e]
    2026-06-23T23:14:16.107+03:00 DEBUG 26748 --- [mentee-power-crm] [    Test worker] org.hibernate.SQL                        : 
        select
            l1_0.id,
            l1_0.company_id,
            l1_0.created_at,
            l1_0.email,
            l1_0.name,
            l1_0.status,
            l1_0.version 
        from
            leads l1_0 
        where
            l1_0.id=?
    Hibernate: 
        select
            l1_0.id,
            l1_0.company_id,
            l1_0.created_at,
            l1_0.email,
            l1_0.name,
            l1_0.status,
            l1_0.version 
        from
            leads l1_0 
        where
            l1_0.id=?
    2026-06-23T23:14:16.107+03:00 TRACE 26748 --- [mentee-power-crm] [    Test worker] org.hibernate.orm.jdbc.bind              : binding parameter (1:UUID) <- [44eca398-f87e-4c69-bd4e-b9c75789ad6e]
    2026-06-23T23:14:16.109+03:00 DEBUG 26748 --- [mentee-power-crm] [    Test worker] org.hibernate.SQL                        : 
        /* update
            for ru.mentee.power.crm.model.Lead */update leads 
        set
            company_id=?,
            email=?,
            name=?,
            status=?,
            version=? 
        where
            id=? 
            and version=?
    Hibernate: 
        /* update
            for ru.mentee.power.crm.model.Lead */update leads 
        set
            company_id=?,
            email=?,
            name=?,
            status=?,
            version=? 
        where
            id=? 
            and version=?
    2026-06-23T23:14:16.109+03:00 TRACE 26748 --- [mentee-power-crm] [    Test worker] org.hibernate.orm.jdbc.bind              : binding parameter (1:UUID) <- [61f2a66c-4ac1-48b8-883e-6aafe8b9cd7f]
    2026-06-23T23:14:16.109+03:00 TRACE 26748 --- [mentee-power-crm] [    Test worker] org.hibernate.orm.jdbc.bind              : binding parameter (2:VARCHAR) <- [lead3@example.com]
    2026-06-23T23:14:16.109+03:00 TRACE 26748 --- [mentee-power-crm] [    Test worker] org.hibernate.orm.jdbc.bind              : binding parameter (3:VARCHAR) <- [Name3]
    2026-06-23T23:14:16.109+03:00 TRACE 26748 --- [mentee-power-crm] [    Test worker] org.hibernate.orm.jdbc.bind              : binding parameter (4:ENUM) <- [CONTACTED]
    2026-06-23T23:14:16.109+03:00 TRACE 26748 --- [mentee-power-crm] [    Test worker] org.hibernate.orm.jdbc.bind              : binding parameter (5:BIGINT) <- [1]
    2026-06-23T23:14:16.109+03:00 TRACE 26748 --- [mentee-power-crm] [    Test worker] org.hibernate.orm.jdbc.bind              : binding parameter (6:UUID) <- [44eca398-f87e-4c69-bd4e-b9c75789ad6e]
    2026-06-23T23:14:16.109+03:00 TRACE 26748 --- [mentee-power-crm] [    Test worker] org.hibernate.orm.jdbc.bind              : binding parameter (7:BIGINT) <- [0]
    2026-06-23T23:14:16.111+03:00 DEBUG 26748 --- [mentee-power-crm] [    Test worker] org.hibernate.SQL                        : 
        /* select
            count(*) 
        from
            Lead x 
        WHERE
            x.id = :id */ select
                count(*) 
            from
                leads l1_0 
            where
                l1_0.id=?
    Hibernate: 
        /* select
            count(*) 
        from
            Lead x 
        WHERE
            x.id = :id */ select
                count(*) 
            from
                leads l1_0 
            where
                l1_0.id=?
    2026-06-23T23:14:16.111+03:00 TRACE 26748 --- [mentee-power-crm] [    Test worker] org.hibernate.orm.jdbc.bind              : binding parameter (1:UUID) <- [c8851471-ae48-48b3-bacb-394e06e583bc]
    2026-06-23T23:14:16.112+03:00  INFO 26748 --- [mentee-power-crm] [    Test worker] r.m.p.crm.spring.service.LeadService     : Failed to process lead: c8851471-ae48-48b3-bacb-394e06e583bc
    2026-06-23T23:14:16.113+03:00 DEBUG 26748 --- [mentee-power-crm] [    Test worker] org.hibernate.SQL                        : 
        /* <criteria> */ select
            l1_0.id,
            l1_0.company_id,
            l1_0.created_at,
            l1_0.email,
            l1_0.name,
            l1_0.status,
            l1_0.version 
        from
            leads l1_0
    Hibernate: 
        /* <criteria> */ select
            l1_0.id,
            l1_0.company_id,
            l1_0.created_at,
            l1_0.email,
            l1_0.name,
            l1_0.status,
            l1_0.version 
        from
            leads l1_0
    2026-06-23T23:14:16.118+03:00 DEBUG 26748 --- [mentee-power-crm] [    Test worker] org.hibernate.SQL                        : 
        /* <criteria> */ select
            l1_0.id,
            l1_0.company_id,
            l1_0.created_at,
            l1_0.email,
            l1_0.name,
            l1_0.status,
            l1_0.version 
        from
            leads l1_0
    Hibernate: 
        /* <criteria> */ select
            l1_0.id,
            l1_0.company_id,
            l1_0.created_at,
            l1_0.email,
            l1_0.name,
            l1_0.status,
            l1_0.version 
        from
            leads l1_0
    2026-06-23T23:14:16.121+03:00 DEBUG 26748 --- [mentee-power-crm] [    Test worker] org.hibernate.SQL                        : 
        /* delete for ru.mentee.power.crm.model.Lead */delete 
        from
            leads 
        where
            id=? 
            and version=?
    Hibernate: 
        /* delete for ru.mentee.power.crm.model.Lead */delete 
        from
            leads 
        where
            id=? 
            and version=?
    2026-06-23T23:14:16.121+03:00 TRACE 26748 --- [mentee-power-crm] [    Test worker] org.hibernate.orm.jdbc.bind              : binding parameter (1:UUID) <- [c06ced36-635d-46bb-8ee1-5b8ebb1e766c]
    2026-06-23T23:14:16.121+03:00 TRACE 26748 --- [mentee-power-crm] [    Test worker] org.hibernate.orm.jdbc.bind              : binding parameter (2:BIGINT) <- [1]
    2026-06-23T23:14:16.122+03:00 DEBUG 26748 --- [mentee-power-crm] [    Test worker] org.hibernate.SQL                        : 
        /* delete for ru.mentee.power.crm.model.Lead */delete 
        from
            leads 
        where
            id=? 
            and version=?
    Hibernate: 
        /* delete for ru.mentee.power.crm.model.Lead */delete 
        from
            leads 
        where
            id=? 
            and version=?
    2026-06-23T23:14:16.122+03:00 TRACE 26748 --- [mentee-power-crm] [    Test worker] org.hibernate.orm.jdbc.bind              : binding parameter (1:UUID) <- [3de6fe8e-6114-4057-b670-a996a591d27a]
    2026-06-23T23:14:16.122+03:00 TRACE 26748 --- [mentee-power-crm] [    Test worker] org.hibernate.orm.jdbc.bind              : binding parameter (2:BIGINT) <- [1]
    2026-06-23T23:14:16.122+03:00 DEBUG 26748 --- [mentee-power-crm] [    Test worker] org.hibernate.SQL                        : 
        /* delete for ru.mentee.power.crm.model.Lead */delete 
        from
            leads 
        where
            id=? 
            and version=?
    Hibernate: 
        /* delete for ru.mentee.power.crm.model.Lead */delete 
        from
            leads 
        where
            id=? 
            and version=?
    2026-06-23T23:14:16.122+03:00 TRACE 26748 --- [mentee-power-crm] [    Test worker] org.hibernate.orm.jdbc.bind              : binding parameter (1:UUID) <- [44eca398-f87e-4c69-bd4e-b9c75789ad6e]
    2026-06-23T23:14:16.122+03:00 TRACE 26748 --- [mentee-power-crm] [    Test worker] org.hibernate.orm.jdbc.bind              : binding parameter (2:BIGINT) <- [1]
    2026-06-23T23:14:16.124+03:00 DEBUG 26748 --- [mentee-power-crm] [    Test worker] org.hibernate.SQL                        : 
        /* <criteria> */ select
            c1_0.id,
            c1_0.industry,
            c1_0.name 
        from
            companies c1_0
    Hibernate: 
        /* <criteria> */ select
            c1_0.id,
            c1_0.industry,
            c1_0.name 
        from
            companies c1_0
    2026-06-23T23:14:16.128+03:00 DEBUG 26748 --- [mentee-power-crm] [    Test worker] org.hibernate.SQL                        : 
        /* delete for ru.mentee.power.crm.model.Company */delete 
        from
            companies 
        where
            id=?
    Hibernate: 
        /* delete for ru.mentee.power.crm.model.Company */delete 
        from
            companies 
        where
            id=?
    2026-06-23T23:14:16.129+03:00 TRACE 26748 --- [mentee-power-crm] [    Test worker] org.hibernate.orm.jdbc.bind              : binding parameter (1:UUID) <- [04609878-2536-4055-869a-1e9eea31fbb2]
    2026-06-23T23:14:16.129+03:00 DEBUG 26748 --- [mentee-power-crm] [    Test worker] org.hibernate.SQL                        : 
        /* delete for ru.mentee.power.crm.model.Company */delete 
        from
            companies 
        where
            id=?
    Hibernate: 
        /* delete for ru.mentee.power.crm.model.Company */delete 
        from
            companies 
        where
            id=?
    2026-06-23T23:14:16.129+03:00 TRACE 26748 --- [mentee-power-crm] [    Test worker] org.hibernate.orm.jdbc.bind              : binding parameter (1:UUID) <- [6e504955-674f-4a36-a592-edafb55a02d5]
    2026-06-23T23:14:16.130+03:00 DEBUG 26748 --- [mentee-power-crm] [    Test worker] org.hibernate.SQL                        : 
        /* delete for ru.mentee.power.crm.model.Company */delete 
        from
            companies 
        where
            id=?
    Hibernate: 
        /* delete for ru.mentee.power.crm.model.Company */delete 
        from
            companies 
        where
            id=?
    2026-06-23T23:14:16.130+03:00 TRACE 26748 --- [mentee-power-crm] [    Test worker] org.hibernate.orm.jdbc.bind              : binding parameter (1:UUID) <- [61f2a66c-4ac1-48b8-883e-6aafe8b9cd7f]

LeadServiceTest > isolationReadCommitedAllowsNonRepeatableRead() STANDARD_OUT
    2026-06-23T23:14:16.135+03:00 DEBUG 26748 --- [mentee-power-crm] [    Test worker] org.hibernate.SQL                        : 
        /* <criteria> */ select
            l1_0.id,
            l1_0.company_id,
            l1_0.created_at,
            l1_0.email,
            l1_0.name,
            l1_0.status,
            l1_0.version 
        from
            leads l1_0
    Hibernate: 
        /* <criteria> */ select
            l1_0.id,
            l1_0.company_id,
            l1_0.created_at,
            l1_0.email,
            l1_0.name,
            l1_0.status,
            l1_0.version 
        from
            leads l1_0
    2026-06-23T23:14:16.137+03:00 DEBUG 26748 --- [mentee-power-crm] [    Test worker] org.hibernate.SQL                        : 
        /* <criteria> */ select
            c1_0.id,
            c1_0.industry,
            c1_0.name 
        from
            companies c1_0
    Hibernate: 
        /* <criteria> */ select
            c1_0.id,
            c1_0.industry,
            c1_0.name 
        from
            companies c1_0
    2026-06-23T23:14:16.139+03:00 DEBUG 26748 --- [mentee-power-crm] [    Test worker] org.hibernate.SQL                        : 
        /* insert for
            ru.mentee.power.crm.model.Company */insert 
        into
            companies (industry, name, id) 
        values
            (?, ?, ?)
    Hibernate: 
        /* insert for
            ru.mentee.power.crm.model.Company */insert 
        into
            companies (industry, name, id) 
        values
            (?, ?, ?)
    2026-06-23T23:14:16.139+03:00 TRACE 26748 --- [mentee-power-crm] [    Test worker] org.hibernate.orm.jdbc.bind              : binding parameter (1:VARCHAR) <- [TestIndustry]
    2026-06-23T23:14:16.139+03:00 TRACE 26748 --- [mentee-power-crm] [    Test worker] org.hibernate.orm.jdbc.bind              : binding parameter (2:VARCHAR) <- [Company 1]
    2026-06-23T23:14:16.139+03:00 TRACE 26748 --- [mentee-power-crm] [    Test worker] org.hibernate.orm.jdbc.bind              : binding parameter (3:UUID) <- [7011efb5-fc92-49e5-b700-efeeb3211caa]
    2026-06-23T23:14:16.140+03:00 DEBUG 26748 --- [mentee-power-crm] [    Test worker] org.hibernate.SQL                        : 
        /* insert for
            ru.mentee.power.crm.model.Lead */insert 
        into
            leads (company_id, created_at, email, name, status, version, id) 
        values
            (?, ?, ?, ?, ?, ?, ?)
    Hibernate: 
        /* insert for
            ru.mentee.power.crm.model.Lead */insert 
        into
            leads (company_id, created_at, email, name, status, version, id) 
        values
            (?, ?, ?, ?, ?, ?, ?)
    2026-06-23T23:14:16.140+03:00 TRACE 26748 --- [mentee-power-crm] [    Test worker] org.hibernate.orm.jdbc.bind              : binding parameter (1:UUID) <- [7011efb5-fc92-49e5-b700-efeeb3211caa]
    2026-06-23T23:14:16.140+03:00 TRACE 26748 --- [mentee-power-crm] [    Test worker] org.hibernate.orm.jdbc.bind              : binding parameter (2:TIMESTAMP) <- [2026-06-23T23:14:16.138124600]
    2026-06-23T23:14:16.140+03:00 TRACE 26748 --- [mentee-power-crm] [    Test worker] org.hibernate.orm.jdbc.bind              : binding parameter (3:VARCHAR) <- [lead1@example.com]
    2026-06-23T23:14:16.140+03:00 TRACE 26748 --- [mentee-power-crm] [    Test worker] org.hibernate.orm.jdbc.bind              : binding parameter (4:VARCHAR) <- [Name1]
    2026-06-23T23:14:16.140+03:00 TRACE 26748 --- [mentee-power-crm] [    Test worker] org.hibernate.orm.jdbc.bind              : binding parameter (5:ENUM) <- [NEW]
    2026-06-23T23:14:16.140+03:00 TRACE 26748 --- [mentee-power-crm] [    Test worker] org.hibernate.orm.jdbc.bind              : binding parameter (6:BIGINT) <- [0]
    2026-06-23T23:14:16.140+03:00 TRACE 26748 --- [mentee-power-crm] [    Test worker] org.hibernate.orm.jdbc.bind              : binding parameter (7:UUID) <- [477ca2d6-1632-4952-adef-cdf09eb33ec1]
    2026-06-23T23:14:16.142+03:00 DEBUG 26748 --- [mentee-power-crm] [    Test worker] org.hibernate.SQL                        : 
        /* insert for
            ru.mentee.power.crm.model.Company */insert 
        into
            companies (industry, name, id) 
        values
            (?, ?, ?)
    Hibernate: 
        /* insert for
            ru.mentee.power.crm.model.Company */insert 
        into
            companies (industry, name, id) 
        values
            (?, ?, ?)
    2026-06-23T23:14:16.142+03:00 TRACE 26748 --- [mentee-power-crm] [    Test worker] org.hibernate.orm.jdbc.bind              : binding parameter (1:VARCHAR) <- [TestIndustry]
    2026-06-23T23:14:16.142+03:00 TRACE 26748 --- [mentee-power-crm] [    Test worker] org.hibernate.orm.jdbc.bind              : binding parameter (2:VARCHAR) <- [Company 2]
    2026-06-23T23:14:16.142+03:00 TRACE 26748 --- [mentee-power-crm] [    Test worker] org.hibernate.orm.jdbc.bind              : binding parameter (3:UUID) <- [cedbeeff-80d3-45f1-8aac-d717181ef5fc]
    2026-06-23T23:14:16.143+03:00 DEBUG 26748 --- [mentee-power-crm] [    Test worker] org.hibernate.SQL                        : 
        /* insert for
            ru.mentee.power.crm.model.Lead */insert 
        into
            leads (company_id, created_at, email, name, status, version, id) 
        values
            (?, ?, ?, ?, ?, ?, ?)
    Hibernate: 
        /* insert for
            ru.mentee.power.crm.model.Lead */insert 
        into
            leads (company_id, created_at, email, name, status, version, id) 
        values
            (?, ?, ?, ?, ?, ?, ?)
    2026-06-23T23:14:16.143+03:00 TRACE 26748 --- [mentee-power-crm] [    Test worker] org.hibernate.orm.jdbc.bind              : binding parameter (1:UUID) <- [cedbeeff-80d3-45f1-8aac-d717181ef5fc]
    2026-06-23T23:14:16.143+03:00 TRACE 26748 --- [mentee-power-crm] [    Test worker] org.hibernate.orm.jdbc.bind              : binding parameter (2:TIMESTAMP) <- [2026-06-23T23:14:16.141120800]
    2026-06-23T23:14:16.143+03:00 TRACE 26748 --- [mentee-power-crm] [    Test worker] org.hibernate.orm.jdbc.bind              : binding parameter (3:VARCHAR) <- [lead2@example.com]
    2026-06-23T23:14:16.143+03:00 TRACE 26748 --- [mentee-power-crm] [    Test worker] org.hibernate.orm.jdbc.bind              : binding parameter (4:VARCHAR) <- [Name2]
    2026-06-23T23:14:16.143+03:00 TRACE 26748 --- [mentee-power-crm] [    Test worker] org.hibernate.orm.jdbc.bind              : binding parameter (5:ENUM) <- [NEW]
    2026-06-23T23:14:16.143+03:00 TRACE 26748 --- [mentee-power-crm] [    Test worker] org.hibernate.orm.jdbc.bind              : binding parameter (6:BIGINT) <- [0]
    2026-06-23T23:14:16.143+03:00 TRACE 26748 --- [mentee-power-crm] [    Test worker] org.hibernate.orm.jdbc.bind              : binding parameter (7:UUID) <- [347f10f4-f349-4646-b4ba-dc6f6d6b83e1]
    2026-06-23T23:14:16.144+03:00 DEBUG 26748 --- [mentee-power-crm] [    Test worker] org.hibernate.SQL                        : 
        /* insert for
            ru.mentee.power.crm.model.Company */insert 
        into
            companies (industry, name, id) 
        values
            (?, ?, ?)
    Hibernate: 
        /* insert for
            ru.mentee.power.crm.model.Company */insert 
        into
            companies (industry, name, id) 
        values
            (?, ?, ?)
    2026-06-23T23:14:16.145+03:00 TRACE 26748 --- [mentee-power-crm] [    Test worker] org.hibernate.orm.jdbc.bind              : binding parameter (1:VARCHAR) <- [TestIndustry]
    2026-06-23T23:14:16.145+03:00 TRACE 26748 --- [mentee-power-crm] [    Test worker] org.hibernate.orm.jdbc.bind              : binding parameter (2:VARCHAR) <- [Company 3]
    2026-06-23T23:14:16.145+03:00 TRACE 26748 --- [mentee-power-crm] [    Test worker] org.hibernate.orm.jdbc.bind              : binding parameter (3:UUID) <- [8af66b1e-07b6-4a4e-af19-a5e7d1f1fcdf]
    2026-06-23T23:14:16.145+03:00 DEBUG 26748 --- [mentee-power-crm] [    Test worker] org.hibernate.SQL                        : 
        /* insert for
            ru.mentee.power.crm.model.Lead */insert 
        into
            leads (company_id, created_at, email, name, status, version, id) 
        values
            (?, ?, ?, ?, ?, ?, ?)
    Hibernate: 
        /* insert for
            ru.mentee.power.crm.model.Lead */insert 
        into
            leads (company_id, created_at, email, name, status, version, id) 
        values
            (?, ?, ?, ?, ?, ?, ?)
    2026-06-23T23:14:16.145+03:00 TRACE 26748 --- [mentee-power-crm] [    Test worker] org.hibernate.orm.jdbc.bind              : binding parameter (1:UUID) <- [8af66b1e-07b6-4a4e-af19-a5e7d1f1fcdf]
    2026-06-23T23:14:16.146+03:00 TRACE 26748 --- [mentee-power-crm] [    Test worker] org.hibernate.orm.jdbc.bind              : binding parameter (2:TIMESTAMP) <- [2026-06-23T23:14:16.144196700]
    2026-06-23T23:14:16.146+03:00 TRACE 26748 --- [mentee-power-crm] [    Test worker] org.hibernate.orm.jdbc.bind              : binding parameter (3:VARCHAR) <- [lead3@example.com]
    2026-06-23T23:14:16.146+03:00 TRACE 26748 --- [mentee-power-crm] [    Test worker] org.hibernate.orm.jdbc.bind              : binding parameter (4:VARCHAR) <- [Name3]
    2026-06-23T23:14:16.146+03:00 TRACE 26748 --- [mentee-power-crm] [    Test worker] org.hibernate.orm.jdbc.bind              : binding parameter (5:ENUM) <- [NEW]
    2026-06-23T23:14:16.146+03:00 TRACE 26748 --- [mentee-power-crm] [    Test worker] org.hibernate.orm.jdbc.bind              : binding parameter (6:BIGINT) <- [0]
    2026-06-23T23:14:16.146+03:00 TRACE 26748 --- [mentee-power-crm] [    Test worker] org.hibernate.orm.jdbc.bind              : binding parameter (7:UUID) <- [bda01d44-7951-490a-a6fb-5896cfa1fe97]
    2026-06-23T23:14:16.148+03:00 DEBUG 26748 --- [mentee-power-crm] [    Test worker] org.hibernate.SQL                        : 
        /* insert for
            ru.mentee.power.crm.model.Company */insert 
        into
            companies (industry, name, id) 
        values
            (?, ?, ?)
    Hibernate: 
        /* insert for
            ru.mentee.power.crm.model.Company */insert 
        into
            companies (industry, name, id) 
        values
            (?, ?, ?)
    2026-06-23T23:14:16.148+03:00 TRACE 26748 --- [mentee-power-crm] [    Test worker] org.hibernate.orm.jdbc.bind              : binding parameter (1:VARCHAR) <- [TestIndustry]
    2026-06-23T23:14:16.148+03:00 TRACE 26748 --- [mentee-power-crm] [    Test worker] org.hibernate.orm.jdbc.bind              : binding parameter (2:VARCHAR) <- [Company ]
    2026-06-23T23:14:16.148+03:00 TRACE 26748 --- [mentee-power-crm] [    Test worker] org.hibernate.orm.jdbc.bind              : binding parameter (3:UUID) <- [95e6eaad-3b95-40ec-989e-c4170b2ca191]
    2026-06-23T23:14:16.149+03:00 DEBUG 26748 --- [mentee-power-crm] [    Test worker] org.hibernate.SQL                        : 
        /* insert for
            ru.mentee.power.crm.model.Lead */insert 
        into
            leads (company_id, created_at, email, name, status, version, id) 
        values
            (?, ?, ?, ?, ?, ?, ?)
    Hibernate: 
        /* insert for
            ru.mentee.power.crm.model.Lead */insert 
        into
            leads (company_id, created_at, email, name, status, version, id) 
        values
            (?, ?, ?, ?, ?, ?, ?)
    2026-06-23T23:14:16.150+03:00 TRACE 26748 --- [mentee-power-crm] [    Test worker] org.hibernate.orm.jdbc.bind              : binding parameter (1:UUID) <- [95e6eaad-3b95-40ec-989e-c4170b2ca191]
    2026-06-23T23:14:16.150+03:00 TRACE 26748 --- [mentee-power-crm] [    Test worker] org.hibernate.orm.jdbc.bind              : binding parameter (2:TIMESTAMP) <- [2026-06-23T23:14:16.148187500]
    2026-06-23T23:14:16.150+03:00 TRACE 26748 --- [mentee-power-crm] [    Test worker] org.hibernate.orm.jdbc.bind              : binding parameter (3:VARCHAR) <- [john@example.com]
    2026-06-23T23:14:16.150+03:00 TRACE 26748 --- [mentee-power-crm] [    Test worker] org.hibernate.orm.jdbc.bind              : binding parameter (4:VARCHAR) <- [John]
    2026-06-23T23:14:16.150+03:00 TRACE 26748 --- [mentee-power-crm] [    Test worker] org.hibernate.orm.jdbc.bind              : binding parameter (5:ENUM) <- [NEW]
    2026-06-23T23:14:16.150+03:00 TRACE 26748 --- [mentee-power-crm] [    Test worker] org.hibernate.orm.jdbc.bind              : binding parameter (6:BIGINT) <- [0]
    2026-06-23T23:14:16.150+03:00 TRACE 26748 --- [mentee-power-crm] [    Test worker] org.hibernate.orm.jdbc.bind              : binding parameter (7:UUID) <- [d3b0ccfb-feb2-48a8-ace0-fc640b926156]
    2026-06-23T23:14:16.152+03:00 DEBUG 26748 --- [mentee-power-crm] [    Test worker] org.hibernate.SQL                        : 
        select
            l1_0.id,
            l1_0.company_id,
            l1_0.created_at,
            l1_0.email,
            l1_0.name,
            l1_0.status,
            l1_0.version 
        from
            leads l1_0 
        where
            l1_0.id=?
    Hibernate: 
        select
            l1_0.id,
            l1_0.company_id,
            l1_0.created_at,
            l1_0.email,
            l1_0.name,
            l1_0.status,
            l1_0.version 
        from
            leads l1_0 
        where
            l1_0.id=?
    2026-06-23T23:14:16.152+03:00 TRACE 26748 --- [mentee-power-crm] [    Test worker] org.hibernate.orm.jdbc.bind              : binding parameter (1:UUID) <- [d3b0ccfb-feb2-48a8-ace0-fc640b926156]
    2026-06-23T23:14:16.155+03:00 DEBUG 26748 --- [mentee-power-crm] [    Test worker] org.hibernate.SQL                        : 
        /* update
            for ru.mentee.power.crm.model.Lead */update leads 
        set
            company_id=?,
            email=?,
            name=?,
            status=?,
            version=? 
        where
            id=? 
            and version=?
    Hibernate: 
        /* update
            for ru.mentee.power.crm.model.Lead */update leads 
        set
            company_id=?,
            email=?,
            name=?,
            status=?,
            version=? 
        where
            id=? 
            and version=?
    2026-06-23T23:14:16.155+03:00 TRACE 26748 --- [mentee-power-crm] [    Test worker] org.hibernate.orm.jdbc.bind              : binding parameter (1:UUID) <- [95e6eaad-3b95-40ec-989e-c4170b2ca191]
    2026-06-23T23:14:16.155+03:00 TRACE 26748 --- [mentee-power-crm] [    Test worker] org.hibernate.orm.jdbc.bind              : binding parameter (2:VARCHAR) <- [john@example.com]
    2026-06-23T23:14:16.155+03:00 TRACE 26748 --- [mentee-power-crm] [    Test worker] org.hibernate.orm.jdbc.bind              : binding parameter (3:VARCHAR) <- [Jane]
    2026-06-23T23:14:16.155+03:00 TRACE 26748 --- [mentee-power-crm] [    Test worker] org.hibernate.orm.jdbc.bind              : binding parameter (4:ENUM) <- [NEW]
    2026-06-23T23:14:16.155+03:00 TRACE 26748 --- [mentee-power-crm] [    Test worker] org.hibernate.orm.jdbc.bind              : binding parameter (5:BIGINT) <- [1]
    2026-06-23T23:14:16.155+03:00 TRACE 26748 --- [mentee-power-crm] [    Test worker] org.hibernate.orm.jdbc.bind              : binding parameter (6:UUID) <- [d3b0ccfb-feb2-48a8-ace0-fc640b926156]
    2026-06-23T23:14:16.155+03:00 TRACE 26748 --- [mentee-power-crm] [    Test worker] org.hibernate.orm.jdbc.bind              : binding parameter (7:BIGINT) <- [0]
    2026-06-23T23:14:16.157+03:00 DEBUG 26748 --- [mentee-power-crm] [    Test worker] org.hibernate.SQL                        : 
        /* <criteria> */ select
            l1_0.id,
            l1_0.company_id,
            l1_0.created_at,
            l1_0.email,
            l1_0.name,
            l1_0.status,
            l1_0.version 
        from
            leads l1_0
    Hibernate: 
        /* <criteria> */ select
            l1_0.id,
            l1_0.company_id,
            l1_0.created_at,
            l1_0.email,
            l1_0.name,
            l1_0.status,
            l1_0.version 
        from
            leads l1_0
    2026-06-23T23:14:16.159+03:00 DEBUG 26748 --- [mentee-power-crm] [    Test worker] org.hibernate.SQL                        : 
        /* delete for ru.mentee.power.crm.model.Lead */delete 
        from
            leads 
        where
            id=? 
            and version=?
    Hibernate: 
        /* delete for ru.mentee.power.crm.model.Lead */delete 
        from
            leads 
        where
            id=? 
            and version=?
    2026-06-23T23:14:16.159+03:00 TRACE 26748 --- [mentee-power-crm] [    Test worker] org.hibernate.orm.jdbc.bind              : binding parameter (1:UUID) <- [477ca2d6-1632-4952-adef-cdf09eb33ec1]
    2026-06-23T23:14:16.159+03:00 TRACE 26748 --- [mentee-power-crm] [    Test worker] org.hibernate.orm.jdbc.bind              : binding parameter (2:BIGINT) <- [0]
    2026-06-23T23:14:16.160+03:00 DEBUG 26748 --- [mentee-power-crm] [    Test worker] org.hibernate.SQL                        : 
        /* delete for ru.mentee.power.crm.model.Lead */delete 
        from
            leads 
        where
            id=? 
            and version=?
    Hibernate: 
        /* delete for ru.mentee.power.crm.model.Lead */delete 
        from
            leads 
        where
            id=? 
            and version=?
    2026-06-23T23:14:16.160+03:00 TRACE 26748 --- [mentee-power-crm] [    Test worker] org.hibernate.orm.jdbc.bind              : binding parameter (1:UUID) <- [347f10f4-f349-4646-b4ba-dc6f6d6b83e1]
    2026-06-23T23:14:16.160+03:00 TRACE 26748 --- [mentee-power-crm] [    Test worker] org.hibernate.orm.jdbc.bind              : binding parameter (2:BIGINT) <- [0]
    2026-06-23T23:14:16.160+03:00 DEBUG 26748 --- [mentee-power-crm] [    Test worker] org.hibernate.SQL                        : 
        /* delete for ru.mentee.power.crm.model.Lead */delete 
        from
            leads 
        where
            id=? 
            and version=?
    Hibernate: 
        /* delete for ru.mentee.power.crm.model.Lead */delete 
        from
            leads 
        where
            id=? 
            and version=?
    2026-06-23T23:14:16.160+03:00 TRACE 26748 --- [mentee-power-crm] [    Test worker] org.hibernate.orm.jdbc.bind              : binding parameter (1:UUID) <- [bda01d44-7951-490a-a6fb-5896cfa1fe97]
    2026-06-23T23:14:16.160+03:00 TRACE 26748 --- [mentee-power-crm] [    Test worker] org.hibernate.orm.jdbc.bind              : binding parameter (2:BIGINT) <- [0]
    2026-06-23T23:14:16.161+03:00 DEBUG 26748 --- [mentee-power-crm] [    Test worker] org.hibernate.SQL                        : 
        /* delete for ru.mentee.power.crm.model.Lead */delete 
        from
            leads 
        where
            id=? 
            and version=?
    Hibernate: 
        /* delete for ru.mentee.power.crm.model.Lead */delete 
        from
            leads 
        where
            id=? 
            and version=?
    2026-06-23T23:14:16.161+03:00 TRACE 26748 --- [mentee-power-crm] [    Test worker] org.hibernate.orm.jdbc.bind              : binding parameter (1:UUID) <- [d3b0ccfb-feb2-48a8-ace0-fc640b926156]
    2026-06-23T23:14:16.161+03:00 TRACE 26748 --- [mentee-power-crm] [    Test worker] org.hibernate.orm.jdbc.bind              : binding parameter (2:BIGINT) <- [1]
    2026-06-23T23:14:16.162+03:00 DEBUG 26748 --- [mentee-power-crm] [    Test worker] org.hibernate.SQL                        : 
        /* <criteria> */ select
            c1_0.id,
            c1_0.industry,
            c1_0.name 
        from
            companies c1_0
    Hibernate: 
        /* <criteria> */ select
            c1_0.id,
            c1_0.industry,
            c1_0.name 
        from
            companies c1_0
    2026-06-23T23:14:16.163+03:00 DEBUG 26748 --- [mentee-power-crm] [    Test worker] org.hibernate.SQL                        : 
        /* delete for ru.mentee.power.crm.model.Company */delete 
        from
            companies 
        where
            id=?
    Hibernate: 
        /* delete for ru.mentee.power.crm.model.Company */delete 
        from
            companies 
        where
            id=?
    2026-06-23T23:14:16.164+03:00 TRACE 26748 --- [mentee-power-crm] [    Test worker] org.hibernate.orm.jdbc.bind              : binding parameter (1:UUID) <- [7011efb5-fc92-49e5-b700-efeeb3211caa]
    2026-06-23T23:14:16.164+03:00 DEBUG 26748 --- [mentee-power-crm] [    Test worker] org.hibernate.SQL                        : 
        /* delete for ru.mentee.power.crm.model.Company */delete 
        from
            companies 
        where
            id=?
    Hibernate: 
        /* delete for ru.mentee.power.crm.model.Company */delete 
        from
            companies 
        where
            id=?
    2026-06-23T23:14:16.164+03:00 TRACE 26748 --- [mentee-power-crm] [    Test worker] org.hibernate.orm.jdbc.bind              : binding parameter (1:UUID) <- [cedbeeff-80d3-45f1-8aac-d717181ef5fc]
    2026-06-23T23:14:16.165+03:00 DEBUG 26748 --- [mentee-power-crm] [    Test worker] org.hibernate.SQL                        : 
        /* delete for ru.mentee.power.crm.model.Company */delete 
        from
            companies 
        where
            id=?
    Hibernate: 
        /* delete for ru.mentee.power.crm.model.Company */delete 
        from
            companies 
        where
            id=?
    2026-06-23T23:14:16.165+03:00 TRACE 26748 --- [mentee-power-crm] [    Test worker] org.hibernate.orm.jdbc.bind              : binding parameter (1:UUID) <- [8af66b1e-07b6-4a4e-af19-a5e7d1f1fcdf]
    2026-06-23T23:14:16.165+03:00 DEBUG 26748 --- [mentee-power-crm] [    Test worker] org.hibernate.SQL                        : 
        /* delete for ru.mentee.power.crm.model.Company */delete 
        from
            companies 
        where
            id=?
    Hibernate: 
        /* delete for ru.mentee.power.crm.model.Company */delete 
        from
            companies 
        where
            id=?
    2026-06-23T23:14:16.165+03:00 TRACE 26748 --- [mentee-power-crm] [    Test worker] org.hibernate.orm.jdbc.bind              : binding parameter (1:UUID) <- [95e6eaad-3b95-40ec-989e-c4170b2ca191]

LeadServiceTest > demonstrateSelfInvocationProblem() STANDARD_OUT
    2026-06-23T23:14:16.169+03:00 DEBUG 26748 --- [mentee-power-crm] [    Test worker] org.hibernate.SQL                        : 
        /* <criteria> */ select
            l1_0.id,
            l1_0.company_id,
            l1_0.created_at,
            l1_0.email,
            l1_0.name,
            l1_0.status,
            l1_0.version 
        from
            leads l1_0
    Hibernate: 
        /* <criteria> */ select
            l1_0.id,
            l1_0.company_id,
            l1_0.created_at,
            l1_0.email,
            l1_0.name,
            l1_0.status,
            l1_0.version 
        from
            leads l1_0
    2026-06-23T23:14:16.171+03:00 DEBUG 26748 --- [mentee-power-crm] [    Test worker] org.hibernate.SQL                        : 
        /* <criteria> */ select
            c1_0.id,
            c1_0.industry,
            c1_0.name 
        from
            companies c1_0
    Hibernate: 
        /* <criteria> */ select
            c1_0.id,
            c1_0.industry,
            c1_0.name 
        from
            companies c1_0
    2026-06-23T23:14:16.173+03:00 DEBUG 26748 --- [mentee-power-crm] [    Test worker] org.hibernate.SQL                        : 
        /* insert for
            ru.mentee.power.crm.model.Company */insert 
        into
            companies (industry, name, id) 
        values
            (?, ?, ?)
    Hibernate: 
        /* insert for
            ru.mentee.power.crm.model.Company */insert 
        into
            companies (industry, name, id) 
        values
            (?, ?, ?)
    2026-06-23T23:14:16.173+03:00 TRACE 26748 --- [mentee-power-crm] [    Test worker] org.hibernate.orm.jdbc.bind              : binding parameter (1:VARCHAR) <- [TestIndustry]
    2026-06-23T23:14:16.173+03:00 TRACE 26748 --- [mentee-power-crm] [    Test worker] org.hibernate.orm.jdbc.bind              : binding parameter (2:VARCHAR) <- [Company 1]
    2026-06-23T23:14:16.173+03:00 TRACE 26748 --- [mentee-power-crm] [    Test worker] org.hibernate.orm.jdbc.bind              : binding parameter (3:UUID) <- [cdda2af7-bb53-4d77-a397-e1658802cf7a]
    2026-06-23T23:14:16.174+03:00 DEBUG 26748 --- [mentee-power-crm] [    Test worker] org.hibernate.SQL                        : 
        /* insert for
            ru.mentee.power.crm.model.Lead */insert 
        into
            leads (company_id, created_at, email, name, status, version, id) 
        values
            (?, ?, ?, ?, ?, ?, ?)
    Hibernate: 
        /* insert for
            ru.mentee.power.crm.model.Lead */insert 
        into
            leads (company_id, created_at, email, name, status, version, id) 
        values
            (?, ?, ?, ?, ?, ?, ?)
    2026-06-23T23:14:16.174+03:00 TRACE 26748 --- [mentee-power-crm] [    Test worker] org.hibernate.orm.jdbc.bind              : binding parameter (1:UUID) <- [cdda2af7-bb53-4d77-a397-e1658802cf7a]
    2026-06-23T23:14:16.174+03:00 TRACE 26748 --- [mentee-power-crm] [    Test worker] org.hibernate.orm.jdbc.bind              : binding parameter (2:TIMESTAMP) <- [2026-06-23T23:14:16.173804]
    2026-06-23T23:14:16.174+03:00 TRACE 26748 --- [mentee-power-crm] [    Test worker] org.hibernate.orm.jdbc.bind              : binding parameter (3:VARCHAR) <- [lead1@example.com]
    2026-06-23T23:14:16.174+03:00 TRACE 26748 --- [mentee-power-crm] [    Test worker] org.hibernate.orm.jdbc.bind              : binding parameter (4:VARCHAR) <- [Name1]
    2026-06-23T23:14:16.174+03:00 TRACE 26748 --- [mentee-power-crm] [    Test worker] org.hibernate.orm.jdbc.bind              : binding parameter (5:ENUM) <- [NEW]
    2026-06-23T23:14:16.174+03:00 TRACE 26748 --- [mentee-power-crm] [    Test worker] org.hibernate.orm.jdbc.bind              : binding parameter (6:BIGINT) <- [0]
    2026-06-23T23:14:16.174+03:00 TRACE 26748 --- [mentee-power-crm] [    Test worker] org.hibernate.orm.jdbc.bind              : binding parameter (7:UUID) <- [a578e244-74e9-48d6-b85a-ecef57f2ea99]
    2026-06-23T23:14:16.177+03:00 DEBUG 26748 --- [mentee-power-crm] [    Test worker] org.hibernate.SQL                        : 
        /* insert for
            ru.mentee.power.crm.model.Company */insert 
        into
            companies (industry, name, id) 
        values
            (?, ?, ?)
    Hibernate: 
        /* insert for
            ru.mentee.power.crm.model.Company */insert 
        into
            companies (industry, name, id) 
        values
            (?, ?, ?)
    2026-06-23T23:14:16.177+03:00 TRACE 26748 --- [mentee-power-crm] [    Test worker] org.hibernate.orm.jdbc.bind              : binding parameter (1:VARCHAR) <- [TestIndustry]
    2026-06-23T23:14:16.177+03:00 TRACE 26748 --- [mentee-power-crm] [    Test worker] org.hibernate.orm.jdbc.bind              : binding parameter (2:VARCHAR) <- [Company 2]
    2026-06-23T23:14:16.177+03:00 TRACE 26748 --- [mentee-power-crm] [    Test worker] org.hibernate.orm.jdbc.bind              : binding parameter (3:UUID) <- [4cacd3fa-ce6b-4c66-a417-811679bccc0e]
    2026-06-23T23:14:16.178+03:00 DEBUG 26748 --- [mentee-power-crm] [    Test worker] org.hibernate.SQL                        : 
        /* insert for
            ru.mentee.power.crm.model.Lead */insert 
        into
            leads (company_id, created_at, email, name, status, version, id) 
        values
            (?, ?, ?, ?, ?, ?, ?)
    Hibernate: 
        /* insert for
            ru.mentee.power.crm.model.Lead */insert 
        into
            leads (company_id, created_at, email, name, status, version, id) 
        values
            (?, ?, ?, ?, ?, ?, ?)
    2026-06-23T23:14:16.178+03:00 TRACE 26748 --- [mentee-power-crm] [    Test worker] org.hibernate.orm.jdbc.bind              : binding parameter (1:UUID) <- [4cacd3fa-ce6b-4c66-a417-811679bccc0e]
    2026-06-23T23:14:16.178+03:00 TRACE 26748 --- [mentee-power-crm] [    Test worker] org.hibernate.orm.jdbc.bind              : binding parameter (2:TIMESTAMP) <- [2026-06-23T23:14:16.176002]
    2026-06-23T23:14:16.178+03:00 TRACE 26748 --- [mentee-power-crm] [    Test worker] org.hibernate.orm.jdbc.bind              : binding parameter (3:VARCHAR) <- [lead2@example.com]
    2026-06-23T23:14:16.178+03:00 TRACE 26748 --- [mentee-power-crm] [    Test worker] org.hibernate.orm.jdbc.bind              : binding parameter (4:VARCHAR) <- [Name2]
    2026-06-23T23:14:16.178+03:00 TRACE 26748 --- [mentee-power-crm] [    Test worker] org.hibernate.orm.jdbc.bind              : binding parameter (5:ENUM) <- [NEW]
    2026-06-23T23:14:16.178+03:00 TRACE 26748 --- [mentee-power-crm] [    Test worker] org.hibernate.orm.jdbc.bind              : binding parameter (6:BIGINT) <- [0]
    2026-06-23T23:14:16.178+03:00 TRACE 26748 --- [mentee-power-crm] [    Test worker] org.hibernate.orm.jdbc.bind              : binding parameter (7:UUID) <- [2ce1e455-2a7c-4af7-a3b8-6cee08ceddf6]
    2026-06-23T23:14:16.180+03:00 DEBUG 26748 --- [mentee-power-crm] [    Test worker] org.hibernate.SQL                        : 
        /* insert for
            ru.mentee.power.crm.model.Company */insert 
        into
            companies (industry, name, id) 
        values
            (?, ?, ?)
    Hibernate: 
        /* insert for
            ru.mentee.power.crm.model.Company */insert 
        into
            companies (industry, name, id) 
        values
            (?, ?, ?)
    2026-06-23T23:14:16.180+03:00 TRACE 26748 --- [mentee-power-crm] [    Test worker] org.hibernate.orm.jdbc.bind              : binding parameter (1:VARCHAR) <- [TestIndustry]
    2026-06-23T23:14:16.180+03:00 TRACE 26748 --- [mentee-power-crm] [    Test worker] org.hibernate.orm.jdbc.bind              : binding parameter (2:VARCHAR) <- [Company 3]
    2026-06-23T23:14:16.180+03:00 TRACE 26748 --- [mentee-power-crm] [    Test worker] org.hibernate.orm.jdbc.bind              : binding parameter (3:UUID) <- [b0d63277-7d19-4b45-8af2-4e4956745afb]
    2026-06-23T23:14:16.181+03:00 DEBUG 26748 --- [mentee-power-crm] [    Test worker] org.hibernate.SQL                        : 
        /* insert for
            ru.mentee.power.crm.model.Lead */insert 
        into
            leads (company_id, created_at, email, name, status, version, id) 
        values
            (?, ?, ?, ?, ?, ?, ?)
    Hibernate: 
        /* insert for
            ru.mentee.power.crm.model.Lead */insert 
        into
            leads (company_id, created_at, email, name, status, version, id) 
        values
            (?, ?, ?, ?, ?, ?, ?)
    2026-06-23T23:14:16.181+03:00 TRACE 26748 --- [mentee-power-crm] [    Test worker] org.hibernate.orm.jdbc.bind              : binding parameter (1:UUID) <- [b0d63277-7d19-4b45-8af2-4e4956745afb]
    2026-06-23T23:14:16.181+03:00 TRACE 26748 --- [mentee-power-crm] [    Test worker] org.hibernate.orm.jdbc.bind              : binding parameter (2:TIMESTAMP) <- [2026-06-23T23:14:16.180003600]
    2026-06-23T23:14:16.181+03:00 TRACE 26748 --- [mentee-power-crm] [    Test worker] org.hibernate.orm.jdbc.bind              : binding parameter (3:VARCHAR) <- [lead3@example.com]
    2026-06-23T23:14:16.181+03:00 TRACE 26748 --- [mentee-power-crm] [    Test worker] org.hibernate.orm.jdbc.bind              : binding parameter (4:VARCHAR) <- [Name3]
    2026-06-23T23:14:16.181+03:00 TRACE 26748 --- [mentee-power-crm] [    Test worker] org.hibernate.orm.jdbc.bind              : binding parameter (5:ENUM) <- [NEW]
    2026-06-23T23:14:16.181+03:00 TRACE 26748 --- [mentee-power-crm] [    Test worker] org.hibernate.orm.jdbc.bind              : binding parameter (6:BIGINT) <- [0]
    2026-06-23T23:14:16.181+03:00 TRACE 26748 --- [mentee-power-crm] [    Test worker] org.hibernate.orm.jdbc.bind              : binding parameter (7:UUID) <- [d968efa6-50d0-4cb6-a23f-ef02737f896c]
    2026-06-23T23:14:16.184+03:00 DEBUG 26748 --- [mentee-power-crm] [    Test worker] org.hibernate.SQL                        : 
        /* <criteria> */ select
            l1_0.id,
            l1_0.company_id,
            l1_0.created_at,
            l1_0.email,
            l1_0.name,
            l1_0.status,
            l1_0.version 
        from
            leads l1_0
    Hibernate: 
        /* <criteria> */ select
            l1_0.id,
            l1_0.company_id,
            l1_0.created_at,
            l1_0.email,
            l1_0.name,
            l1_0.status,
            l1_0.version 
        from
            leads l1_0
    2026-06-23T23:14:16.186+03:00 DEBUG 26748 --- [mentee-power-crm] [    Test worker] org.hibernate.SQL                        : 
        /* <criteria> */ select
            l1_0.id,
            l1_0.company_id,
            l1_0.created_at,
            l1_0.email,
            l1_0.name,
            l1_0.status,
            l1_0.version 
        from
            leads l1_0
    Hibernate: 
        /* <criteria> */ select
            l1_0.id,
            l1_0.company_id,
            l1_0.created_at,
            l1_0.email,
            l1_0.name,
            l1_0.status,
            l1_0.version 
        from
            leads l1_0
    2026-06-23T23:14:16.189+03:00 DEBUG 26748 --- [mentee-power-crm] [    Test worker] org.hibernate.SQL                        : 
        /* select
            count(*) 
        from
            Lead x 
        WHERE
            x.id = :id */ select
                count(*) 
            from
                leads l1_0 
            where
                l1_0.id=?
    Hibernate: 
        /* select
            count(*) 
        from
            Lead x 
        WHERE
            x.id = :id */ select
                count(*) 
            from
                leads l1_0 
            where
                l1_0.id=?
    2026-06-23T23:14:16.189+03:00 TRACE 26748 --- [mentee-power-crm] [    Test worker] org.hibernate.orm.jdbc.bind              : binding parameter (1:UUID) <- [a578e244-74e9-48d6-b85a-ecef57f2ea99]
    2026-06-23T23:14:16.190+03:00 DEBUG 26748 --- [mentee-power-crm] [    Test worker] org.hibernate.SQL                        : 
        select
            l1_0.id,
            l1_0.company_id,
            l1_0.created_at,
            l1_0.email,
            l1_0.name,
            l1_0.status,
            l1_0.version 
        from
            leads l1_0 
        where
            l1_0.id=?
    Hibernate: 
        select
            l1_0.id,
            l1_0.company_id,
            l1_0.created_at,
            l1_0.email,
            l1_0.name,
            l1_0.status,
            l1_0.version 
        from
            leads l1_0 
        where
            l1_0.id=?
    2026-06-23T23:14:16.191+03:00 TRACE 26748 --- [mentee-power-crm] [    Test worker] org.hibernate.orm.jdbc.bind              : binding parameter (1:UUID) <- [a578e244-74e9-48d6-b85a-ecef57f2ea99]
    2026-06-23T23:14:16.193+03:00 DEBUG 26748 --- [mentee-power-crm] [    Test worker] org.hibernate.SQL                        : 
        /* select
            count(*) 
        from
            Lead x 
        WHERE
            x.id = :id */ select
                count(*) 
            from
                leads l1_0 
            where
                l1_0.id=?
    Hibernate: 
        /* select
            count(*) 
        from
            Lead x 
        WHERE
            x.id = :id */ select
                count(*) 
            from
                leads l1_0 
            where
                l1_0.id=?
    2026-06-23T23:14:16.193+03:00 TRACE 26748 --- [mentee-power-crm] [    Test worker] org.hibernate.orm.jdbc.bind              : binding parameter (1:UUID) <- [2ce1e455-2a7c-4af7-a3b8-6cee08ceddf6]
    2026-06-23T23:14:16.194+03:00 DEBUG 26748 --- [mentee-power-crm] [    Test worker] org.hibernate.SQL                        : 
        select
            l1_0.id,
            l1_0.company_id,
            l1_0.created_at,
            l1_0.email,
            l1_0.name,
            l1_0.status,
            l1_0.version 
        from
            leads l1_0 
        where
            l1_0.id=?
    Hibernate: 
        select
            l1_0.id,
            l1_0.company_id,
            l1_0.created_at,
            l1_0.email,
            l1_0.name,
            l1_0.status,
            l1_0.version 
        from
            leads l1_0 
        where
            l1_0.id=?
    2026-06-23T23:14:16.194+03:00 TRACE 26748 --- [mentee-power-crm] [    Test worker] org.hibernate.orm.jdbc.bind              : binding parameter (1:UUID) <- [2ce1e455-2a7c-4af7-a3b8-6cee08ceddf6]
    2026-06-23T23:14:16.196+03:00 DEBUG 26748 --- [mentee-power-crm] [    Test worker] org.hibernate.SQL                        : 
        /* select
            count(*) 
        from
            Lead x 
        WHERE
            x.id = :id */ select
                count(*) 
            from
                leads l1_0 
            where
                l1_0.id=?
    Hibernate: 
        /* select
            count(*) 
        from
            Lead x 
        WHERE
            x.id = :id */ select
                count(*) 
            from
                leads l1_0 
            where
                l1_0.id=?
    2026-06-23T23:14:16.196+03:00 TRACE 26748 --- [mentee-power-crm] [    Test worker] org.hibernate.orm.jdbc.bind              : binding parameter (1:UUID) <- [d968efa6-50d0-4cb6-a23f-ef02737f896c]
    2026-06-23T23:14:16.197+03:00 DEBUG 26748 --- [mentee-power-crm] [    Test worker] org.hibernate.SQL                        : 
        select
            l1_0.id,
            l1_0.company_id,
            l1_0.created_at,
            l1_0.email,
            l1_0.name,
            l1_0.status,
            l1_0.version 
        from
            leads l1_0 
        where
            l1_0.id=?
    Hibernate: 
        select
            l1_0.id,
            l1_0.company_id,
            l1_0.created_at,
            l1_0.email,
            l1_0.name,
            l1_0.status,
            l1_0.version 
        from
            leads l1_0 
        where
            l1_0.id=?
    2026-06-23T23:14:16.198+03:00 TRACE 26748 --- [mentee-power-crm] [    Test worker] org.hibernate.orm.jdbc.bind              : binding parameter (1:UUID) <- [d968efa6-50d0-4cb6-a23f-ef02737f896c]
    2026-06-23T23:14:16.200+03:00 DEBUG 26748 --- [mentee-power-crm] [    Test worker] org.hibernate.SQL                        : 
        /* select
            count(*) 
        from
            Lead x 
        WHERE
            x.id = :id */ select
                count(*) 
            from
                leads l1_0 
            where
                l1_0.id=?
    Hibernate: 
        /* select
            count(*) 
        from
            Lead x 
        WHERE
            x.id = :id */ select
                count(*) 
            from
                leads l1_0 
            where
                l1_0.id=?
    2026-06-23T23:14:16.200+03:00 TRACE 26748 --- [mentee-power-crm] [    Test worker] org.hibernate.orm.jdbc.bind              : binding parameter (1:UUID) <- [d55cd33e-93a1-4299-b375-166cb9731d9b]
    2026-06-23T23:14:16.200+03:00  INFO 26748 --- [mentee-power-crm] [    Test worker] r.m.p.crm.spring.service.LeadService     : Failed to process lead: d55cd33e-93a1-4299-b375-166cb9731d9b
    2026-06-23T23:14:16.202+03:00 DEBUG 26748 --- [mentee-power-crm] [    Test worker] org.hibernate.SQL                        : 
        /* <criteria> */ select
            l1_0.id,
            l1_0.company_id,
            l1_0.created_at,
            l1_0.email,
            l1_0.name,
            l1_0.status,
            l1_0.version 
        from
            leads l1_0
    Hibernate: 
        /* <criteria> */ select
            l1_0.id,
            l1_0.company_id,
            l1_0.created_at,
            l1_0.email,
            l1_0.name,
            l1_0.status,
            l1_0.version 
        from
            leads l1_0
    2026-06-23T23:14:16.205+03:00 DEBUG 26748 --- [mentee-power-crm] [    Test worker] org.hibernate.SQL                        : 
        /* <criteria> */ select
            l1_0.id,
            l1_0.company_id,
            l1_0.created_at,
            l1_0.email,
            l1_0.name,
            l1_0.status,
            l1_0.version 
        from
            leads l1_0
    Hibernate: 
        /* <criteria> */ select
            l1_0.id,
            l1_0.company_id,
            l1_0.created_at,
            l1_0.email,
            l1_0.name,
            l1_0.status,
            l1_0.version 
        from
            leads l1_0
    2026-06-23T23:14:16.206+03:00 DEBUG 26748 --- [mentee-power-crm] [    Test worker] org.hibernate.SQL                        : 
        /* delete for ru.mentee.power.crm.model.Lead */delete 
        from
            leads 
        where
            id=? 
            and version=?
    Hibernate: 
        /* delete for ru.mentee.power.crm.model.Lead */delete 
        from
            leads 
        where
            id=? 
            and version=?
    2026-06-23T23:14:16.207+03:00 TRACE 26748 --- [mentee-power-crm] [    Test worker] org.hibernate.orm.jdbc.bind              : binding parameter (1:UUID) <- [a578e244-74e9-48d6-b85a-ecef57f2ea99]
    2026-06-23T23:14:16.207+03:00 TRACE 26748 --- [mentee-power-crm] [    Test worker] org.hibernate.orm.jdbc.bind              : binding parameter (2:BIGINT) <- [0]
    2026-06-23T23:14:16.207+03:00 DEBUG 26748 --- [mentee-power-crm] [    Test worker] org.hibernate.SQL                        : 
        /* delete for ru.mentee.power.crm.model.Lead */delete 
        from
            leads 
        where
            id=? 
            and version=?
    Hibernate: 
        /* delete for ru.mentee.power.crm.model.Lead */delete 
        from
            leads 
        where
            id=? 
            and version=?
    2026-06-23T23:14:16.207+03:00 TRACE 26748 --- [mentee-power-crm] [    Test worker] org.hibernate.orm.jdbc.bind              : binding parameter (1:UUID) <- [2ce1e455-2a7c-4af7-a3b8-6cee08ceddf6]
    2026-06-23T23:14:16.207+03:00 TRACE 26748 --- [mentee-power-crm] [    Test worker] org.hibernate.orm.jdbc.bind              : binding parameter (2:BIGINT) <- [0]
    2026-06-23T23:14:16.208+03:00 DEBUG 26748 --- [mentee-power-crm] [    Test worker] org.hibernate.SQL                        : 
        /* delete for ru.mentee.power.crm.model.Lead */delete 
        from
            leads 
        where
            id=? 
            and version=?
    Hibernate: 
        /* delete for ru.mentee.power.crm.model.Lead */delete 
        from
            leads 
        where
            id=? 
            and version=?
    2026-06-23T23:14:16.208+03:00 TRACE 26748 --- [mentee-power-crm] [    Test worker] org.hibernate.orm.jdbc.bind              : binding parameter (1:UUID) <- [d968efa6-50d0-4cb6-a23f-ef02737f896c]
    2026-06-23T23:14:16.208+03:00 TRACE 26748 --- [mentee-power-crm] [    Test worker] org.hibernate.orm.jdbc.bind              : binding parameter (2:BIGINT) <- [0]
    2026-06-23T23:14:16.209+03:00 DEBUG 26748 --- [mentee-power-crm] [    Test worker] org.hibernate.SQL                        : 
        /* <criteria> */ select
            c1_0.id,
            c1_0.industry,
            c1_0.name 
        from
            companies c1_0
    Hibernate: 
        /* <criteria> */ select
            c1_0.id,
            c1_0.industry,
            c1_0.name 
        from
            companies c1_0
    2026-06-23T23:14:16.211+03:00 DEBUG 26748 --- [mentee-power-crm] [    Test worker] org.hibernate.SQL                        : 
        /* delete for ru.mentee.power.crm.model.Company */delete 
        from
            companies 
        where
            id=?
    Hibernate: 
        /* delete for ru.mentee.power.crm.model.Company */delete 
        from
            companies 
        where
            id=?
    2026-06-23T23:14:16.211+03:00 TRACE 26748 --- [mentee-power-crm] [    Test worker] org.hibernate.orm.jdbc.bind              : binding parameter (1:UUID) <- [cdda2af7-bb53-4d77-a397-e1658802cf7a]
    2026-06-23T23:14:16.211+03:00 DEBUG 26748 --- [mentee-power-crm] [    Test worker] org.hibernate.SQL                        : 
        /* delete for ru.mentee.power.crm.model.Company */delete 
        from
            companies 
        where
            id=?
    Hibernate: 
        /* delete for ru.mentee.power.crm.model.Company */delete 
        from
            companies 
        where
            id=?
    2026-06-23T23:14:16.212+03:00 TRACE 26748 --- [mentee-power-crm] [    Test worker] org.hibernate.orm.jdbc.bind              : binding parameter (1:UUID) <- [4cacd3fa-ce6b-4c66-a417-811679bccc0e]
    2026-06-23T23:14:16.212+03:00 DEBUG 26748 --- [mentee-power-crm] [    Test worker] org.hibernate.SQL                        : 
        /* delete for ru.mentee.power.crm.model.Company */delete 
        from
            companies 
        where
            id=?
    Hibernate: 
        /* delete for ru.mentee.power.crm.model.Company */delete 
        from
            companies 
        where
            id=?
    2026-06-23T23:14:16.212+03:00 TRACE 26748 --- [mentee-power-crm] [    Test worker] org.hibernate.orm.jdbc.bind              : binding parameter (1:UUID) <- [b0d63277-7d19-4b45-8af2-4e4956745afb]

LeadServiceTest > archiveOldLeadsShouldArchivedMultipleLeads() STANDARD_OUT
    2026-06-23T23:14:16.216+03:00 DEBUG 26748 --- [mentee-power-crm] [    Test worker] org.hibernate.SQL                        : 
        /* <criteria> */ select
            l1_0.id,
            l1_0.company_id,
            l1_0.created_at,
            l1_0.email,
            l1_0.name,
            l1_0.status,
            l1_0.version 
        from
            leads l1_0
    Hibernate: 
        /* <criteria> */ select
            l1_0.id,
            l1_0.company_id,
            l1_0.created_at,
            l1_0.email,
            l1_0.name,
            l1_0.status,
            l1_0.version 
        from
            leads l1_0
    2026-06-23T23:14:16.218+03:00 DEBUG 26748 --- [mentee-power-crm] [    Test worker] org.hibernate.SQL                        : 
        /* <criteria> */ select
            c1_0.id,
            c1_0.industry,
            c1_0.name 
        from
            companies c1_0
    Hibernate: 
        /* <criteria> */ select
            c1_0.id,
            c1_0.industry,
            c1_0.name 
        from
            companies c1_0
    2026-06-23T23:14:16.221+03:00 DEBUG 26748 --- [mentee-power-crm] [    Test worker] org.hibernate.SQL                        : 
        /* insert for
            ru.mentee.power.crm.model.Company */insert 
        into
            companies (industry, name, id) 
        values
            (?, ?, ?)
    Hibernate: 
        /* insert for
            ru.mentee.power.crm.model.Company */insert 
        into
            companies (industry, name, id) 
        values
            (?, ?, ?)
    2026-06-23T23:14:16.221+03:00 TRACE 26748 --- [mentee-power-crm] [    Test worker] org.hibernate.orm.jdbc.bind              : binding parameter (1:VARCHAR) <- [TestIndustry]
    2026-06-23T23:14:16.221+03:00 TRACE 26748 --- [mentee-power-crm] [    Test worker] org.hibernate.orm.jdbc.bind              : binding parameter (2:VARCHAR) <- [Company 1]
    2026-06-23T23:14:16.221+03:00 TRACE 26748 --- [mentee-power-crm] [    Test worker] org.hibernate.orm.jdbc.bind              : binding parameter (3:UUID) <- [9ac85ddf-cfd9-4b7c-8222-8a9c6e684ce5]
    2026-06-23T23:14:16.222+03:00 DEBUG 26748 --- [mentee-power-crm] [    Test worker] org.hibernate.SQL                        : 
        /* insert for
            ru.mentee.power.crm.model.Lead */insert 
        into
            leads (company_id, created_at, email, name, status, version, id) 
        values
            (?, ?, ?, ?, ?, ?, ?)
    Hibernate: 
        /* insert for
            ru.mentee.power.crm.model.Lead */insert 
        into
            leads (company_id, created_at, email, name, status, version, id) 
        values
            (?, ?, ?, ?, ?, ?, ?)
    2026-06-23T23:14:16.222+03:00 TRACE 26748 --- [mentee-power-crm] [    Test worker] org.hibernate.orm.jdbc.bind              : binding parameter (1:UUID) <- [9ac85ddf-cfd9-4b7c-8222-8a9c6e684ce5]
    2026-06-23T23:14:16.222+03:00 TRACE 26748 --- [mentee-power-crm] [    Test worker] org.hibernate.orm.jdbc.bind              : binding parameter (2:TIMESTAMP) <- [2026-06-23T23:14:16.219536800]
    2026-06-23T23:14:16.222+03:00 TRACE 26748 --- [mentee-power-crm] [    Test worker] org.hibernate.orm.jdbc.bind              : binding parameter (3:VARCHAR) <- [lead1@example.com]
    2026-06-23T23:14:16.222+03:00 TRACE 26748 --- [mentee-power-crm] [    Test worker] org.hibernate.orm.jdbc.bind              : binding parameter (4:VARCHAR) <- [Name1]
    2026-06-23T23:14:16.222+03:00 TRACE 26748 --- [mentee-power-crm] [    Test worker] org.hibernate.orm.jdbc.bind              : binding parameter (5:ENUM) <- [NEW]
    2026-06-23T23:14:16.222+03:00 TRACE 26748 --- [mentee-power-crm] [    Test worker] org.hibernate.orm.jdbc.bind              : binding parameter (6:BIGINT) <- [0]
    2026-06-23T23:14:16.222+03:00 TRACE 26748 --- [mentee-power-crm] [    Test worker] org.hibernate.orm.jdbc.bind              : binding parameter (7:UUID) <- [0b90ca77-12ad-44f9-afde-b96e6cf4687b]
    2026-06-23T23:14:16.224+03:00 DEBUG 26748 --- [mentee-power-crm] [    Test worker] org.hibernate.SQL                        : 
        /* insert for
            ru.mentee.power.crm.model.Company */insert 
        into
            companies (industry, name, id) 
        values
            (?, ?, ?)
    Hibernate: 
        /* insert for
            ru.mentee.power.crm.model.Company */insert 
        into
            companies (industry, name, id) 
        values
            (?, ?, ?)
    2026-06-23T23:14:16.224+03:00 TRACE 26748 --- [mentee-power-crm] [    Test worker] org.hibernate.orm.jdbc.bind              : binding parameter (1:VARCHAR) <- [TestIndustry]
    2026-06-23T23:14:16.224+03:00 TRACE 26748 --- [mentee-power-crm] [    Test worker] org.hibernate.orm.jdbc.bind              : binding parameter (2:VARCHAR) <- [Company 2]
    2026-06-23T23:14:16.224+03:00 TRACE 26748 --- [mentee-power-crm] [    Test worker] org.hibernate.orm.jdbc.bind              : binding parameter (3:UUID) <- [eac7b491-0364-4cff-9530-637ba29f1dba]
    2026-06-23T23:14:16.225+03:00 DEBUG 26748 --- [mentee-power-crm] [    Test worker] org.hibernate.SQL                        : 
        /* insert for
            ru.mentee.power.crm.model.Lead */insert 
        into
            leads (company_id, created_at, email, name, status, version, id) 
        values
            (?, ?, ?, ?, ?, ?, ?)
    Hibernate: 
        /* insert for
            ru.mentee.power.crm.model.Lead */insert 
        into
            leads (company_id, created_at, email, name, status, version, id) 
        values
            (?, ?, ?, ?, ?, ?, ?)
    2026-06-23T23:14:16.225+03:00 TRACE 26748 --- [mentee-power-crm] [    Test worker] org.hibernate.orm.jdbc.bind              : binding parameter (1:UUID) <- [eac7b491-0364-4cff-9530-637ba29f1dba]
    2026-06-23T23:14:16.225+03:00 TRACE 26748 --- [mentee-power-crm] [    Test worker] org.hibernate.orm.jdbc.bind              : binding parameter (2:TIMESTAMP) <- [2026-06-23T23:14:16.224526400]
    2026-06-23T23:14:16.225+03:00 TRACE 26748 --- [mentee-power-crm] [    Test worker] org.hibernate.orm.jdbc.bind              : binding parameter (3:VARCHAR) <- [lead2@example.com]
    2026-06-23T23:14:16.225+03:00 TRACE 26748 --- [mentee-power-crm] [    Test worker] org.hibernate.orm.jdbc.bind              : binding parameter (4:VARCHAR) <- [Name2]
    2026-06-23T23:14:16.225+03:00 TRACE 26748 --- [mentee-power-crm] [    Test worker] org.hibernate.orm.jdbc.bind              : binding parameter (5:ENUM) <- [NEW]
    2026-06-23T23:14:16.225+03:00 TRACE 26748 --- [mentee-power-crm] [    Test worker] org.hibernate.orm.jdbc.bind              : binding parameter (6:BIGINT) <- [0]
    2026-06-23T23:14:16.225+03:00 TRACE 26748 --- [mentee-power-crm] [    Test worker] org.hibernate.orm.jdbc.bind              : binding parameter (7:UUID) <- [c90d0664-a388-41da-9e9c-4d9a2077db3a]
    2026-06-23T23:14:16.227+03:00 DEBUG 26748 --- [mentee-power-crm] [    Test worker] org.hibernate.SQL                        : 
        /* insert for
            ru.mentee.power.crm.model.Company */insert 
        into
            companies (industry, name, id) 
        values
            (?, ?, ?)
    Hibernate: 
        /* insert for
            ru.mentee.power.crm.model.Company */insert 
        into
            companies (industry, name, id) 
        values
            (?, ?, ?)
    2026-06-23T23:14:16.227+03:00 TRACE 26748 --- [mentee-power-crm] [    Test worker] org.hibernate.orm.jdbc.bind              : binding parameter (1:VARCHAR) <- [TestIndustry]
    2026-06-23T23:14:16.227+03:00 TRACE 26748 --- [mentee-power-crm] [    Test worker] org.hibernate.orm.jdbc.bind              : binding parameter (2:VARCHAR) <- [Company 3]
    2026-06-23T23:14:16.227+03:00 TRACE 26748 --- [mentee-power-crm] [    Test worker] org.hibernate.orm.jdbc.bind              : binding parameter (3:UUID) <- [5c2f4cf9-95c6-4eac-809c-7e5dc96867fa]
    2026-06-23T23:14:16.228+03:00 DEBUG 26748 --- [mentee-power-crm] [    Test worker] org.hibernate.SQL                        : 
        /* insert for
            ru.mentee.power.crm.model.Lead */insert 
        into
            leads (company_id, created_at, email, name, status, version, id) 
        values
            (?, ?, ?, ?, ?, ?, ?)
    Hibernate: 
        /* insert for
            ru.mentee.power.crm.model.Lead */insert 
        into
            leads (company_id, created_at, email, name, status, version, id) 
        values
            (?, ?, ?, ?, ?, ?, ?)
    2026-06-23T23:14:16.228+03:00 TRACE 26748 --- [mentee-power-crm] [    Test worker] org.hibernate.orm.jdbc.bind              : binding parameter (1:UUID) <- [5c2f4cf9-95c6-4eac-809c-7e5dc96867fa]
    2026-06-23T23:14:16.228+03:00 TRACE 26748 --- [mentee-power-crm] [    Test worker] org.hibernate.orm.jdbc.bind              : binding parameter (2:TIMESTAMP) <- [2026-06-23T23:14:16.226527600]
    2026-06-23T23:14:16.229+03:00 TRACE 26748 --- [mentee-power-crm] [    Test worker] org.hibernate.orm.jdbc.bind              : binding parameter (3:VARCHAR) <- [lead3@example.com]
    2026-06-23T23:14:16.229+03:00 TRACE 26748 --- [mentee-power-crm] [    Test worker] org.hibernate.orm.jdbc.bind              : binding parameter (4:VARCHAR) <- [Name3]
    2026-06-23T23:14:16.229+03:00 TRACE 26748 --- [mentee-power-crm] [    Test worker] org.hibernate.orm.jdbc.bind              : binding parameter (5:ENUM) <- [NEW]
    2026-06-23T23:14:16.229+03:00 TRACE 26748 --- [mentee-power-crm] [    Test worker] org.hibernate.orm.jdbc.bind              : binding parameter (6:BIGINT) <- [0]
    2026-06-23T23:14:16.229+03:00 TRACE 26748 --- [mentee-power-crm] [    Test worker] org.hibernate.orm.jdbc.bind              : binding parameter (7:UUID) <- [f5bce798-d0c0-4e60-b5cb-cb87da07190c]
    2026-06-23T23:14:16.276+03:00 DEBUG 26748 --- [mentee-power-crm] [    Test worker] org.hibernate.SQL                        : 
        /* <criteria> */ select
            l1_0.id,
            l1_0.company_id,
            l1_0.created_at,
            l1_0.email,
            l1_0.name,
            l1_0.status,
            l1_0.version 
        from
            leads l1_0 
        where
            l1_0.status=?
    Hibernate: 
        /* <criteria> */ select
            l1_0.id,
            l1_0.company_id,
            l1_0.created_at,
            l1_0.email,
            l1_0.name,
            l1_0.status,
            l1_0.version 
        from
            leads l1_0 
        where
            l1_0.status=?
    2026-06-23T23:14:16.276+03:00 TRACE 26748 --- [mentee-power-crm] [    Test worker] org.hibernate.orm.jdbc.bind              : binding parameter (1:ENUM) <- [NEW]
    2026-06-23T23:14:16.288+03:00 DEBUG 26748 --- [mentee-power-crm] [    Test worker] org.hibernate.SQL                        : 
        /* DELETE 
        FROM
            Lead l 
        WHERE
            l.status = :status */ delete 
        from
            leads l1_0 
        where
            l1_0.status=?
    Hibernate: 
        /* DELETE 
        FROM
            Lead l 
        WHERE
            l.status = :status */ delete 
        from
            leads l1_0 
        where
            l1_0.status=?
    2026-06-23T23:14:16.289+03:00 TRACE 26748 --- [mentee-power-crm] [    Test worker] org.hibernate.orm.jdbc.bind              : binding parameter (1:ENUM) <- [NEW]
    2026-06-23T23:14:16.292+03:00 DEBUG 26748 --- [mentee-power-crm] [    Test worker] org.hibernate.SQL                        : 
        /* <criteria> */ select
            count(l1_0.id) 
        from
            leads l1_0 
        where
            l1_0.status=?
    Hibernate: 
        /* <criteria> */ select
            count(l1_0.id) 
        from
            leads l1_0 
        where
            l1_0.status=?
    2026-06-23T23:14:16.293+03:00 TRACE 26748 --- [mentee-power-crm] [    Test worker] org.hibernate.orm.jdbc.bind              : binding parameter (1:ENUM) <- [NEW]
    2026-06-23T23:14:16.295+03:00 DEBUG 26748 --- [mentee-power-crm] [    Test worker] org.hibernate.SQL                        : 
        /* <criteria> */ select
            l1_0.id,
            l1_0.company_id,
            l1_0.created_at,
            l1_0.email,
            l1_0.name,
            l1_0.status,
            l1_0.version 
        from
            leads l1_0
    Hibernate: 
        /* <criteria> */ select
            l1_0.id,
            l1_0.company_id,
            l1_0.created_at,
            l1_0.email,
            l1_0.name,
            l1_0.status,
            l1_0.version 
        from
            leads l1_0
    2026-06-23T23:14:16.297+03:00 DEBUG 26748 --- [mentee-power-crm] [    Test worker] org.hibernate.SQL                        : 
        /* <criteria> */ select
            c1_0.id,
            c1_0.industry,
            c1_0.name 
        from
            companies c1_0
    Hibernate: 
        /* <criteria> */ select
            c1_0.id,
            c1_0.industry,
            c1_0.name 
        from
            companies c1_0
    2026-06-23T23:14:16.298+03:00 DEBUG 26748 --- [mentee-power-crm] [    Test worker] org.hibernate.SQL                        : 
        /* delete for ru.mentee.power.crm.model.Company */delete 
        from
            companies 
        where
            id=?
    Hibernate: 
        /* delete for ru.mentee.power.crm.model.Company */delete 
        from
            companies 
        where
            id=?
    2026-06-23T23:14:16.298+03:00 TRACE 26748 --- [mentee-power-crm] [    Test worker] org.hibernate.orm.jdbc.bind              : binding parameter (1:UUID) <- [9ac85ddf-cfd9-4b7c-8222-8a9c6e684ce5]
    2026-06-23T23:14:16.298+03:00 DEBUG 26748 --- [mentee-power-crm] [    Test worker] org.hibernate.SQL                        : 
        /* delete for ru.mentee.power.crm.model.Company */delete 
        from
            companies 
        where
            id=?
    Hibernate: 
        /* delete for ru.mentee.power.crm.model.Company */delete 
        from
            companies 
        where
            id=?
    2026-06-23T23:14:16.298+03:00 TRACE 26748 --- [mentee-power-crm] [    Test worker] org.hibernate.orm.jdbc.bind              : binding parameter (1:UUID) <- [eac7b491-0364-4cff-9530-637ba29f1dba]
    2026-06-23T23:14:16.300+03:00 DEBUG 26748 --- [mentee-power-crm] [    Test worker] org.hibernate.SQL                        : 
        /* delete for ru.mentee.power.crm.model.Company */delete 
        from
            companies 
        where
            id=?
    Hibernate: 
        /* delete for ru.mentee.power.crm.model.Company */delete 
        from
            companies 
        where
            id=?
    2026-06-23T23:14:16.300+03:00 TRACE 26748 --- [mentee-power-crm] [    Test worker] org.hibernate.orm.jdbc.bind              : binding parameter (1:UUID) <- [5c2f4cf9-95c6-4eac-809c-7e5dc96867fa]

LeadServiceTest > convertNewToContactedShouldUpdateMultipleLeads() STANDARD_OUT
    2026-06-23T23:14:16.304+03:00 DEBUG 26748 --- [mentee-power-crm] [    Test worker] org.hibernate.SQL                        : 
        /* <criteria> */ select
            l1_0.id,
            l1_0.company_id,
            l1_0.created_at,
            l1_0.email,
            l1_0.name,
            l1_0.status,
            l1_0.version 
        from
            leads l1_0
    Hibernate: 
        /* <criteria> */ select
            l1_0.id,
            l1_0.company_id,
            l1_0.created_at,
            l1_0.email,
            l1_0.name,
            l1_0.status,
            l1_0.version 
        from
            leads l1_0
    2026-06-23T23:14:16.306+03:00 DEBUG 26748 --- [mentee-power-crm] [    Test worker] org.hibernate.SQL                        : 
        /* <criteria> */ select
            c1_0.id,
            c1_0.industry,
            c1_0.name 
        from
            companies c1_0
    Hibernate: 
        /* <criteria> */ select
            c1_0.id,
            c1_0.industry,
            c1_0.name 
        from
            companies c1_0
    2026-06-23T23:14:16.308+03:00 DEBUG 26748 --- [mentee-power-crm] [    Test worker] org.hibernate.SQL                        : 
        /* insert for
            ru.mentee.power.crm.model.Company */insert 
        into
            companies (industry, name, id) 
        values
            (?, ?, ?)
    Hibernate: 
        /* insert for
            ru.mentee.power.crm.model.Company */insert 
        into
            companies (industry, name, id) 
        values
            (?, ?, ?)
    2026-06-23T23:14:16.309+03:00 TRACE 26748 --- [mentee-power-crm] [    Test worker] org.hibernate.orm.jdbc.bind              : binding parameter (1:VARCHAR) <- [TestIndustry]
    2026-06-23T23:14:16.309+03:00 TRACE 26748 --- [mentee-power-crm] [    Test worker] org.hibernate.orm.jdbc.bind              : binding parameter (2:VARCHAR) <- [Company 1]
    2026-06-23T23:14:16.309+03:00 TRACE 26748 --- [mentee-power-crm] [    Test worker] org.hibernate.orm.jdbc.bind              : binding parameter (3:UUID) <- [ba6ce442-f7cc-4dde-9e26-2830ed57da0d]
    2026-06-23T23:14:16.309+03:00 DEBUG 26748 --- [mentee-power-crm] [    Test worker] org.hibernate.SQL                        : 
        /* insert for
            ru.mentee.power.crm.model.Lead */insert 
        into
            leads (company_id, created_at, email, name, status, version, id) 
        values
            (?, ?, ?, ?, ?, ?, ?)
    Hibernate: 
        /* insert for
            ru.mentee.power.crm.model.Lead */insert 
        into
            leads (company_id, created_at, email, name, status, version, id) 
        values
            (?, ?, ?, ?, ?, ?, ?)
    2026-06-23T23:14:16.309+03:00 TRACE 26748 --- [mentee-power-crm] [    Test worker] org.hibernate.orm.jdbc.bind              : binding parameter (1:UUID) <- [ba6ce442-f7cc-4dde-9e26-2830ed57da0d]
    2026-06-23T23:14:16.309+03:00 TRACE 26748 --- [mentee-power-crm] [    Test worker] org.hibernate.orm.jdbc.bind              : binding parameter (2:TIMESTAMP) <- [2026-06-23T23:14:16.308150800]
    2026-06-23T23:14:16.310+03:00 TRACE 26748 --- [mentee-power-crm] [    Test worker] org.hibernate.orm.jdbc.bind              : binding parameter (3:VARCHAR) <- [lead1@example.com]
    2026-06-23T23:14:16.310+03:00 TRACE 26748 --- [mentee-power-crm] [    Test worker] org.hibernate.orm.jdbc.bind              : binding parameter (4:VARCHAR) <- [Name1]
    2026-06-23T23:14:16.310+03:00 TRACE 26748 --- [mentee-power-crm] [    Test worker] org.hibernate.orm.jdbc.bind              : binding parameter (5:ENUM) <- [NEW]
    2026-06-23T23:14:16.310+03:00 TRACE 26748 --- [mentee-power-crm] [    Test worker] org.hibernate.orm.jdbc.bind              : binding parameter (6:BIGINT) <- [0]
    2026-06-23T23:14:16.310+03:00 TRACE 26748 --- [mentee-power-crm] [    Test worker] org.hibernate.orm.jdbc.bind              : binding parameter (7:UUID) <- [91093d4e-b244-42f1-8ec5-b9a935291db6]
    2026-06-23T23:14:16.311+03:00 DEBUG 26748 --- [mentee-power-crm] [    Test worker] org.hibernate.SQL                        : 
        /* insert for
            ru.mentee.power.crm.model.Company */insert 
        into
            companies (industry, name, id) 
        values
            (?, ?, ?)
    Hibernate: 
        /* insert for
            ru.mentee.power.crm.model.Company */insert 
        into
            companies (industry, name, id) 
        values
            (?, ?, ?)
    2026-06-23T23:14:16.311+03:00 TRACE 26748 --- [mentee-power-crm] [    Test worker] org.hibernate.orm.jdbc.bind              : binding parameter (1:VARCHAR) <- [TestIndustry]
    2026-06-23T23:14:16.311+03:00 TRACE 26748 --- [mentee-power-crm] [    Test worker] org.hibernate.orm.jdbc.bind              : binding parameter (2:VARCHAR) <- [Company 2]
    2026-06-23T23:14:16.311+03:00 TRACE 26748 --- [mentee-power-crm] [    Test worker] org.hibernate.orm.jdbc.bind              : binding parameter (3:UUID) <- [e733ad65-86ad-4e3c-8c88-6134eeefdb91]
    2026-06-23T23:14:16.312+03:00 DEBUG 26748 --- [mentee-power-crm] [    Test worker] org.hibernate.SQL                        : 
        /* insert for
            ru.mentee.power.crm.model.Lead */insert 
        into
            leads (company_id, created_at, email, name, status, version, id) 
        values
            (?, ?, ?, ?, ?, ?, ?)
    Hibernate: 
        /* insert for
            ru.mentee.power.crm.model.Lead */insert 
        into
            leads (company_id, created_at, email, name, status, version, id) 
        values
            (?, ?, ?, ?, ?, ?, ?)
    2026-06-23T23:14:16.312+03:00 TRACE 26748 --- [mentee-power-crm] [    Test worker] org.hibernate.orm.jdbc.bind              : binding parameter (1:UUID) <- [e733ad65-86ad-4e3c-8c88-6134eeefdb91]
    2026-06-23T23:14:16.312+03:00 TRACE 26748 --- [mentee-power-crm] [    Test worker] org.hibernate.orm.jdbc.bind              : binding parameter (2:TIMESTAMP) <- [2026-06-23T23:14:16.311095300]
    2026-06-23T23:14:16.312+03:00 TRACE 26748 --- [mentee-power-crm] [    Test worker] org.hibernate.orm.jdbc.bind              : binding parameter (3:VARCHAR) <- [lead2@example.com]
    2026-06-23T23:14:16.312+03:00 TRACE 26748 --- [mentee-power-crm] [    Test worker] org.hibernate.orm.jdbc.bind              : binding parameter (4:VARCHAR) <- [Name2]
    2026-06-23T23:14:16.312+03:00 TRACE 26748 --- [mentee-power-crm] [    Test worker] org.hibernate.orm.jdbc.bind              : binding parameter (5:ENUM) <- [NEW]
    2026-06-23T23:14:16.312+03:00 TRACE 26748 --- [mentee-power-crm] [    Test worker] org.hibernate.orm.jdbc.bind              : binding parameter (6:BIGINT) <- [0]
    2026-06-23T23:14:16.312+03:00 TRACE 26748 --- [mentee-power-crm] [    Test worker] org.hibernate.orm.jdbc.bind              : binding parameter (7:UUID) <- [ec0c4fda-73d2-4aab-b9ad-3c59845d6422]
    2026-06-23T23:14:16.314+03:00 DEBUG 26748 --- [mentee-power-crm] [    Test worker] org.hibernate.SQL                        : 
        /* insert for
            ru.mentee.power.crm.model.Company */insert 
        into
            companies (industry, name, id) 
        values
            (?, ?, ?)
    Hibernate: 
        /* insert for
            ru.mentee.power.crm.model.Company */insert 
        into
            companies (industry, name, id) 
        values
            (?, ?, ?)
    2026-06-23T23:14:16.315+03:00 TRACE 26748 --- [mentee-power-crm] [    Test worker] org.hibernate.orm.jdbc.bind              : binding parameter (1:VARCHAR) <- [TestIndustry]
    2026-06-23T23:14:16.315+03:00 TRACE 26748 --- [mentee-power-crm] [    Test worker] org.hibernate.orm.jdbc.bind              : binding parameter (2:VARCHAR) <- [Company 3]
    2026-06-23T23:14:16.315+03:00 TRACE 26748 --- [mentee-power-crm] [    Test worker] org.hibernate.orm.jdbc.bind              : binding parameter (3:UUID) <- [16a58eb0-af1c-4149-8169-3637550160c7]
    2026-06-23T23:14:16.315+03:00 DEBUG 26748 --- [mentee-power-crm] [    Test worker] org.hibernate.SQL                        : 
        /* insert for
            ru.mentee.power.crm.model.Lead */insert 
        into
            leads (company_id, created_at, email, name, status, version, id) 
        values
            (?, ?, ?, ?, ?, ?, ?)
    Hibernate: 
        /* insert for
            ru.mentee.power.crm.model.Lead */insert 
        into
            leads (company_id, created_at, email, name, status, version, id) 
        values
            (?, ?, ?, ?, ?, ?, ?)
    2026-06-23T23:14:16.316+03:00 TRACE 26748 --- [mentee-power-crm] [    Test worker] org.hibernate.orm.jdbc.bind              : binding parameter (1:UUID) <- [16a58eb0-af1c-4149-8169-3637550160c7]
    2026-06-23T23:14:16.316+03:00 TRACE 26748 --- [mentee-power-crm] [    Test worker] org.hibernate.orm.jdbc.bind              : binding parameter (2:TIMESTAMP) <- [2026-06-23T23:14:16.314099700]
    2026-06-23T23:14:16.316+03:00 TRACE 26748 --- [mentee-power-crm] [    Test worker] org.hibernate.orm.jdbc.bind              : binding parameter (3:VARCHAR) <- [lead3@example.com]
    2026-06-23T23:14:16.316+03:00 TRACE 26748 --- [mentee-power-crm] [    Test worker] org.hibernate.orm.jdbc.bind              : binding parameter (4:VARCHAR) <- [Name3]
    2026-06-23T23:14:16.316+03:00 TRACE 26748 --- [mentee-power-crm] [    Test worker] org.hibernate.orm.jdbc.bind              : binding parameter (5:ENUM) <- [NEW]
    2026-06-23T23:14:16.316+03:00 TRACE 26748 --- [mentee-power-crm] [    Test worker] org.hibernate.orm.jdbc.bind              : binding parameter (6:BIGINT) <- [0]
    2026-06-23T23:14:16.316+03:00 TRACE 26748 --- [mentee-power-crm] [    Test worker] org.hibernate.orm.jdbc.bind              : binding parameter (7:UUID) <- [9a35f5c1-8b13-48b4-8628-35184be5f3fb]
    2026-06-23T23:14:16.318+03:00 DEBUG 26748 --- [mentee-power-crm] [    Test worker] org.hibernate.SQL                        : 
        /* UPDATE
            Lead l 
        SET
            l.status = :newStatus 
        WHERE
            l.status = :oldStatus */ update leads l1_0 
        set
            status=? 
        where
            l1_0.status=?
    Hibernate: 
        /* UPDATE
            Lead l 
        SET
            l.status = :newStatus 
        WHERE
            l.status = :oldStatus */ update leads l1_0 
        set
            status=? 
        where
            l1_0.status=?
    2026-06-23T23:14:16.319+03:00 TRACE 26748 --- [mentee-power-crm] [    Test worker] org.hibernate.orm.jdbc.bind              : binding parameter (1:ENUM) <- [CONTACTED]
    2026-06-23T23:14:16.319+03:00 TRACE 26748 --- [mentee-power-crm] [    Test worker] org.hibernate.orm.jdbc.bind              : binding parameter (2:ENUM) <- [NEW]
    2026-06-23T23:14:16.319+03:00  INFO 26748 --- [mentee-power-crm] [    Test worker] r.m.p.crm.spring.service.LeadService     : Converted %d leads from NEW to CONTACTED%n
    2026-06-23T23:14:16.321+03:00 DEBUG 26748 --- [mentee-power-crm] [    Test worker] org.hibernate.SQL                        : 
        /* <criteria> */ select
            count(l1_0.id) 
        from
            leads l1_0 
        where
            l1_0.status=?
    Hibernate: 
        /* <criteria> */ select
            count(l1_0.id) 
        from
            leads l1_0 
        where
            l1_0.status=?
    2026-06-23T23:14:16.321+03:00 TRACE 26748 --- [mentee-power-crm] [    Test worker] org.hibernate.orm.jdbc.bind              : binding parameter (1:ENUM) <- [CONTACTED]
    2026-06-23T23:14:16.323+03:00 DEBUG 26748 --- [mentee-power-crm] [    Test worker] org.hibernate.SQL                        : 
        /* <criteria> */ select
            count(l1_0.id) 
        from
            leads l1_0 
        where
            l1_0.status=?
    Hibernate: 
        /* <criteria> */ select
            count(l1_0.id) 
        from
            leads l1_0 
        where
            l1_0.status=?
    2026-06-23T23:14:16.323+03:00 TRACE 26748 --- [mentee-power-crm] [    Test worker] org.hibernate.orm.jdbc.bind              : binding parameter (1:ENUM) <- [NEW]
    2026-06-23T23:14:16.325+03:00 DEBUG 26748 --- [mentee-power-crm] [    Test worker] org.hibernate.SQL                        : 
        /* <criteria> */ select
            l1_0.id,
            l1_0.company_id,
            l1_0.created_at,
            l1_0.email,
            l1_0.name,
            l1_0.status,
            l1_0.version 
        from
            leads l1_0
    Hibernate: 
        /* <criteria> */ select
            l1_0.id,
            l1_0.company_id,
            l1_0.created_at,
            l1_0.email,
            l1_0.name,
            l1_0.status,
            l1_0.version 
        from
            leads l1_0
    2026-06-23T23:14:16.328+03:00 DEBUG 26748 --- [mentee-power-crm] [    Test worker] org.hibernate.SQL                        : 
        /* delete for ru.mentee.power.crm.model.Lead */delete 
        from
            leads 
        where
            id=? 
            and version=?
    Hibernate: 
        /* delete for ru.mentee.power.crm.model.Lead */delete 
        from
            leads 
        where
            id=? 
            and version=?
    2026-06-23T23:14:16.328+03:00 TRACE 26748 --- [mentee-power-crm] [    Test worker] org.hibernate.orm.jdbc.bind              : binding parameter (1:UUID) <- [91093d4e-b244-42f1-8ec5-b9a935291db6]
    2026-06-23T23:14:16.328+03:00 TRACE 26748 --- [mentee-power-crm] [    Test worker] org.hibernate.orm.jdbc.bind              : binding parameter (2:BIGINT) <- [0]
    2026-06-23T23:14:16.329+03:00 DEBUG 26748 --- [mentee-power-crm] [    Test worker] org.hibernate.SQL                        : 
        /* delete for ru.mentee.power.crm.model.Lead */delete 
        from
            leads 
        where
            id=? 
            and version=?
    Hibernate: 
        /* delete for ru.mentee.power.crm.model.Lead */delete 
        from
            leads 
        where
            id=? 
            and version=?
    2026-06-23T23:14:16.329+03:00 TRACE 26748 --- [mentee-power-crm] [    Test worker] org.hibernate.orm.jdbc.bind              : binding parameter (1:UUID) <- [ec0c4fda-73d2-4aab-b9ad-3c59845d6422]
    2026-06-23T23:14:16.329+03:00 TRACE 26748 --- [mentee-power-crm] [    Test worker] org.hibernate.orm.jdbc.bind              : binding parameter (2:BIGINT) <- [0]
    2026-06-23T23:14:16.330+03:00 DEBUG 26748 --- [mentee-power-crm] [    Test worker] org.hibernate.SQL                        : 
        /* delete for ru.mentee.power.crm.model.Lead */delete 
        from
            leads 
        where
            id=? 
            and version=?
    Hibernate: 
        /* delete for ru.mentee.power.crm.model.Lead */delete 
        from
            leads 
        where
            id=? 
            and version=?
    2026-06-23T23:14:16.330+03:00 TRACE 26748 --- [mentee-power-crm] [    Test worker] org.hibernate.orm.jdbc.bind              : binding parameter (1:UUID) <- [9a35f5c1-8b13-48b4-8628-35184be5f3fb]
    2026-06-23T23:14:16.330+03:00 TRACE 26748 --- [mentee-power-crm] [    Test worker] org.hibernate.orm.jdbc.bind              : binding parameter (2:BIGINT) <- [0]
    2026-06-23T23:14:16.332+03:00 DEBUG 26748 --- [mentee-power-crm] [    Test worker] org.hibernate.SQL                        : 
        /* <criteria> */ select
            c1_0.id,
            c1_0.industry,
            c1_0.name 
        from
            companies c1_0
    Hibernate: 
        /* <criteria> */ select
            c1_0.id,
            c1_0.industry,
            c1_0.name 
        from
            companies c1_0
    2026-06-23T23:14:16.333+03:00 DEBUG 26748 --- [mentee-power-crm] [    Test worker] org.hibernate.SQL                        : 
        /* delete for ru.mentee.power.crm.model.Company */delete 
        from
            companies 
        where
            id=?
    Hibernate: 
        /* delete for ru.mentee.power.crm.model.Company */delete 
        from
            companies 
        where
            id=?
    2026-06-23T23:14:16.334+03:00 TRACE 26748 --- [mentee-power-crm] [    Test worker] org.hibernate.orm.jdbc.bind              : binding parameter (1:UUID) <- [ba6ce442-f7cc-4dde-9e26-2830ed57da0d]
    2026-06-23T23:14:16.334+03:00 DEBUG 26748 --- [mentee-power-crm] [    Test worker] org.hibernate.SQL                        : 
        /* delete for ru.mentee.power.crm.model.Company */delete 
        from
            companies 
        where
            id=?
    Hibernate: 
        /* delete for ru.mentee.power.crm.model.Company */delete 
        from
            companies 
        where
            id=?
    2026-06-23T23:14:16.334+03:00 TRACE 26748 --- [mentee-power-crm] [    Test worker] org.hibernate.orm.jdbc.bind              : binding parameter (1:UUID) <- [e733ad65-86ad-4e3c-8c88-6134eeefdb91]
    2026-06-23T23:14:16.335+03:00 DEBUG 26748 --- [mentee-power-crm] [    Test worker] org.hibernate.SQL                        : 
        /* delete for ru.mentee.power.crm.model.Company */delete 
        from
            companies 
        where
            id=?
    Hibernate: 
        /* delete for ru.mentee.power.crm.model.Company */delete 
        from
            companies 
        where
            id=?
    2026-06-23T23:14:16.335+03:00 TRACE 26748 --- [mentee-power-crm] [    Test worker] org.hibernate.orm.jdbc.bind              : binding parameter (1:UUID) <- [16a58eb0-af1c-4149-8169-3637550160c7]

LeadServiceTest > getFirstPageShouldReturnFirstPage() STANDARD_OUT
    2026-06-23T23:14:16.341+03:00 DEBUG 26748 --- [mentee-power-crm] [    Test worker] org.hibernate.SQL                        : 
        /* <criteria> */ select
            l1_0.id,
            l1_0.company_id,
            l1_0.created_at,
            l1_0.email,
            l1_0.name,
            l1_0.status,
            l1_0.version 
        from
            leads l1_0
    Hibernate: 
        /* <criteria> */ select
            l1_0.id,
            l1_0.company_id,
            l1_0.created_at,
            l1_0.email,
            l1_0.name,
            l1_0.status,
            l1_0.version 
        from
            leads l1_0
    2026-06-23T23:14:16.344+03:00 DEBUG 26748 --- [mentee-power-crm] [    Test worker] org.hibernate.SQL                        : 
        /* <criteria> */ select
            c1_0.id,
            c1_0.industry,
            c1_0.name 
        from
            companies c1_0
    Hibernate: 
        /* <criteria> */ select
            c1_0.id,
            c1_0.industry,
            c1_0.name 
        from
            companies c1_0
    2026-06-23T23:14:16.346+03:00 DEBUG 26748 --- [mentee-power-crm] [    Test worker] org.hibernate.SQL                        : 
        /* insert for
            ru.mentee.power.crm.model.Company */insert 
        into
            companies (industry, name, id) 
        values
            (?, ?, ?)
    Hibernate: 
        /* insert for
            ru.mentee.power.crm.model.Company */insert 
        into
            companies (industry, name, id) 
        values
            (?, ?, ?)
    2026-06-23T23:14:16.347+03:00 TRACE 26748 --- [mentee-power-crm] [    Test worker] org.hibernate.orm.jdbc.bind              : binding parameter (1:VARCHAR) <- [TestIndustry]
    2026-06-23T23:14:16.347+03:00 TRACE 26748 --- [mentee-power-crm] [    Test worker] org.hibernate.orm.jdbc.bind              : binding parameter (2:VARCHAR) <- [Company 1]
    2026-06-23T23:14:16.347+03:00 TRACE 26748 --- [mentee-power-crm] [    Test worker] org.hibernate.orm.jdbc.bind              : binding parameter (3:UUID) <- [cdb274ac-0465-4dc6-b338-e5453cf79b6d]
    2026-06-23T23:14:16.348+03:00 DEBUG 26748 --- [mentee-power-crm] [    Test worker] org.hibernate.SQL                        : 
        /* insert for
            ru.mentee.power.crm.model.Lead */insert 
        into
            leads (company_id, created_at, email, name, status, version, id) 
        values
            (?, ?, ?, ?, ?, ?, ?)
    Hibernate: 
        /* insert for
            ru.mentee.power.crm.model.Lead */insert 
        into
            leads (company_id, created_at, email, name, status, version, id) 
        values
            (?, ?, ?, ?, ?, ?, ?)
    2026-06-23T23:14:16.348+03:00 TRACE 26748 --- [mentee-power-crm] [    Test worker] org.hibernate.orm.jdbc.bind              : binding parameter (1:UUID) <- [cdb274ac-0465-4dc6-b338-e5453cf79b6d]
    2026-06-23T23:14:16.349+03:00 TRACE 26748 --- [mentee-power-crm] [    Test worker] org.hibernate.orm.jdbc.bind              : binding parameter (2:TIMESTAMP) <- [2026-06-23T23:14:16.345483500]
    2026-06-23T23:14:16.349+03:00 TRACE 26748 --- [mentee-power-crm] [    Test worker] org.hibernate.orm.jdbc.bind              : binding parameter (3:VARCHAR) <- [lead1@example.com]
    2026-06-23T23:14:16.349+03:00 TRACE 26748 --- [mentee-power-crm] [    Test worker] org.hibernate.orm.jdbc.bind              : binding parameter (4:VARCHAR) <- [Name1]
    2026-06-23T23:14:16.349+03:00 TRACE 26748 --- [mentee-power-crm] [    Test worker] org.hibernate.orm.jdbc.bind              : binding parameter (5:ENUM) <- [NEW]
    2026-06-23T23:14:16.349+03:00 TRACE 26748 --- [mentee-power-crm] [    Test worker] org.hibernate.orm.jdbc.bind              : binding parameter (6:BIGINT) <- [0]
    2026-06-23T23:14:16.349+03:00 TRACE 26748 --- [mentee-power-crm] [    Test worker] org.hibernate.orm.jdbc.bind              : binding parameter (7:UUID) <- [97f1cb26-646d-434c-8053-a7ed0086a921]
    2026-06-23T23:14:16.352+03:00 DEBUG 26748 --- [mentee-power-crm] [    Test worker] org.hibernate.SQL                        : 
        /* insert for
            ru.mentee.power.crm.model.Company */insert 
        into
            companies (industry, name, id) 
        values
            (?, ?, ?)
    Hibernate: 
        /* insert for
            ru.mentee.power.crm.model.Company */insert 
        into
            companies (industry, name, id) 
        values
            (?, ?, ?)
    2026-06-23T23:14:16.353+03:00 TRACE 26748 --- [mentee-power-crm] [    Test worker] org.hibernate.orm.jdbc.bind              : binding parameter (1:VARCHAR) <- [TestIndustry]
    2026-06-23T23:14:16.353+03:00 TRACE 26748 --- [mentee-power-crm] [    Test worker] org.hibernate.orm.jdbc.bind              : binding parameter (2:VARCHAR) <- [Company 2]
    2026-06-23T23:14:16.353+03:00 TRACE 26748 --- [mentee-power-crm] [    Test worker] org.hibernate.orm.jdbc.bind              : binding parameter (3:UUID) <- [0f376149-4e34-4ae3-a5a6-02874ccc4cb2]
    2026-06-23T23:14:16.355+03:00 DEBUG 26748 --- [mentee-power-crm] [    Test worker] org.hibernate.SQL                        : 
        /* insert for
            ru.mentee.power.crm.model.Lead */insert 
        into
            leads (company_id, created_at, email, name, status, version, id) 
        values
            (?, ?, ?, ?, ?, ?, ?)
    Hibernate: 
        /* insert for
            ru.mentee.power.crm.model.Lead */insert 
        into
            leads (company_id, created_at, email, name, status, version, id) 
        values
            (?, ?, ?, ?, ?, ?, ?)
    2026-06-23T23:14:16.355+03:00 TRACE 26748 --- [mentee-power-crm] [    Test worker] org.hibernate.orm.jdbc.bind              : binding parameter (1:UUID) <- [0f376149-4e34-4ae3-a5a6-02874ccc4cb2]
    2026-06-23T23:14:16.355+03:00 TRACE 26748 --- [mentee-power-crm] [    Test worker] org.hibernate.orm.jdbc.bind              : binding parameter (2:TIMESTAMP) <- [2026-06-23T23:14:16.352098200]
    2026-06-23T23:14:16.355+03:00 TRACE 26748 --- [mentee-power-crm] [    Test worker] org.hibernate.orm.jdbc.bind              : binding parameter (3:VARCHAR) <- [lead2@example.com]
    2026-06-23T23:14:16.356+03:00 TRACE 26748 --- [mentee-power-crm] [    Test worker] org.hibernate.orm.jdbc.bind              : binding parameter (4:VARCHAR) <- [Name2]
    2026-06-23T23:14:16.356+03:00 TRACE 26748 --- [mentee-power-crm] [    Test worker] org.hibernate.orm.jdbc.bind              : binding parameter (5:ENUM) <- [NEW]
    2026-06-23T23:14:16.356+03:00 TRACE 26748 --- [mentee-power-crm] [    Test worker] org.hibernate.orm.jdbc.bind              : binding parameter (6:BIGINT) <- [0]
    2026-06-23T23:14:16.356+03:00 TRACE 26748 --- [mentee-power-crm] [    Test worker] org.hibernate.orm.jdbc.bind              : binding parameter (7:UUID) <- [3e4ac2ce-7502-4e47-bfdb-59b3ab1ed5d5]
    2026-06-23T23:14:16.358+03:00 DEBUG 26748 --- [mentee-power-crm] [    Test worker] org.hibernate.SQL                        : 
        /* insert for
            ru.mentee.power.crm.model.Company */insert 
        into
            companies (industry, name, id) 
        values
            (?, ?, ?)
    Hibernate: 
        /* insert for
            ru.mentee.power.crm.model.Company */insert 
        into
            companies (industry, name, id) 
        values
            (?, ?, ?)
    2026-06-23T23:14:16.358+03:00 TRACE 26748 --- [mentee-power-crm] [    Test worker] org.hibernate.orm.jdbc.bind              : binding parameter (1:VARCHAR) <- [TestIndustry]
    2026-06-23T23:14:16.358+03:00 TRACE 26748 --- [mentee-power-crm] [    Test worker] org.hibernate.orm.jdbc.bind              : binding parameter (2:VARCHAR) <- [Company 3]
    2026-06-23T23:14:16.358+03:00 TRACE 26748 --- [mentee-power-crm] [    Test worker] org.hibernate.orm.jdbc.bind              : binding parameter (3:UUID) <- [5dfb99a5-11a8-4422-a825-de6c49302948]
    2026-06-23T23:14:16.360+03:00 DEBUG 26748 --- [mentee-power-crm] [    Test worker] org.hibernate.SQL                        : 
        /* insert for
            ru.mentee.power.crm.model.Lead */insert 
        into
            leads (company_id, created_at, email, name, status, version, id) 
        values
            (?, ?, ?, ?, ?, ?, ?)
    Hibernate: 
        /* insert for
            ru.mentee.power.crm.model.Lead */insert 
        into
            leads (company_id, created_at, email, name, status, version, id) 
        values
            (?, ?, ?, ?, ?, ?, ?)
    2026-06-23T23:14:16.360+03:00 TRACE 26748 --- [mentee-power-crm] [    Test worker] org.hibernate.orm.jdbc.bind              : binding parameter (1:UUID) <- [5dfb99a5-11a8-4422-a825-de6c49302948]
    2026-06-23T23:14:16.360+03:00 TRACE 26748 --- [mentee-power-crm] [    Test worker] org.hibernate.orm.jdbc.bind              : binding parameter (2:TIMESTAMP) <- [2026-06-23T23:14:16.358573]
    2026-06-23T23:14:16.360+03:00 TRACE 26748 --- [mentee-power-crm] [    Test worker] org.hibernate.orm.jdbc.bind              : binding parameter (3:VARCHAR) <- [lead3@example.com]
    2026-06-23T23:14:16.360+03:00 TRACE 26748 --- [mentee-power-crm] [    Test worker] org.hibernate.orm.jdbc.bind              : binding parameter (4:VARCHAR) <- [Name3]
    2026-06-23T23:14:16.360+03:00 TRACE 26748 --- [mentee-power-crm] [    Test worker] org.hibernate.orm.jdbc.bind              : binding parameter (5:ENUM) <- [NEW]
    2026-06-23T23:14:16.360+03:00 TRACE 26748 --- [mentee-power-crm] [    Test worker] org.hibernate.orm.jdbc.bind              : binding parameter (6:BIGINT) <- [0]
    2026-06-23T23:14:16.360+03:00 TRACE 26748 --- [mentee-power-crm] [    Test worker] org.hibernate.orm.jdbc.bind              : binding parameter (7:UUID) <- [b055582b-915f-4816-a4fd-6237fe3aa366]
    2026-06-23T23:14:16.368+03:00 DEBUG 26748 --- [mentee-power-crm] [    Test worker] org.hibernate.SQL                        : 
        /* <criteria> */ select
            l1_0.id,
            l1_0.company_id,
            l1_0.created_at,
            l1_0.email,
            l1_0.name,
            l1_0.status,
            l1_0.version 
        from
            leads l1_0 
        order by
            l1_0.created_at desc 
        offset
            ? rows 
        fetch
            first ? rows only
    Hibernate: 
        /* <criteria> */ select
            l1_0.id,
            l1_0.company_id,
            l1_0.created_at,
            l1_0.email,
            l1_0.name,
            l1_0.status,
            l1_0.version 
        from
            leads l1_0 
        order by
            l1_0.created_at desc 
        offset
            ? rows 
        fetch
            first ? rows only
    2026-06-23T23:14:16.369+03:00 TRACE 26748 --- [mentee-power-crm] [    Test worker] org.hibernate.orm.jdbc.bind              : binding parameter (1:INTEGER) <- [0]
    2026-06-23T23:14:16.369+03:00 TRACE 26748 --- [mentee-power-crm] [    Test worker] org.hibernate.orm.jdbc.bind              : binding parameter (2:INTEGER) <- [1]
    2026-06-23T23:14:16.373+03:00 DEBUG 26748 --- [mentee-power-crm] [    Test worker] org.hibernate.SQL                        : 
        /* <criteria> */ select
            count(l1_0.id) 
        from
            leads l1_0
    Hibernate: 
        /* <criteria> */ select
            count(l1_0.id) 
        from
            leads l1_0
    2026-06-23T23:14:16.376+03:00 DEBUG 26748 --- [mentee-power-crm] [    Test worker] org.hibernate.SQL                        : 
        /* <criteria> */ select
            l1_0.id,
            l1_0.company_id,
            l1_0.created_at,
            l1_0.email,
            l1_0.name,
            l1_0.status,
            l1_0.version 
        from
            leads l1_0
    Hibernate: 
        /* <criteria> */ select
            l1_0.id,
            l1_0.company_id,
            l1_0.created_at,
            l1_0.email,
            l1_0.name,
            l1_0.status,
            l1_0.version 
        from
            leads l1_0
    2026-06-23T23:14:16.378+03:00 DEBUG 26748 --- [mentee-power-crm] [    Test worker] org.hibernate.SQL                        : 
        /* delete for ru.mentee.power.crm.model.Lead */delete 
        from
            leads 
        where
            id=? 
            and version=?
    Hibernate: 
        /* delete for ru.mentee.power.crm.model.Lead */delete 
        from
            leads 
        where
            id=? 
            and version=?
    2026-06-23T23:14:16.379+03:00 TRACE 26748 --- [mentee-power-crm] [    Test worker] org.hibernate.orm.jdbc.bind              : binding parameter (1:UUID) <- [97f1cb26-646d-434c-8053-a7ed0086a921]
    2026-06-23T23:14:16.379+03:00 TRACE 26748 --- [mentee-power-crm] [    Test worker] org.hibernate.orm.jdbc.bind              : binding parameter (2:BIGINT) <- [0]
    2026-06-23T23:14:16.380+03:00 DEBUG 26748 --- [mentee-power-crm] [    Test worker] org.hibernate.SQL                        : 
        /* delete for ru.mentee.power.crm.model.Lead */delete 
        from
            leads 
        where
            id=? 
            and version=?
    Hibernate: 
        /* delete for ru.mentee.power.crm.model.Lead */delete 
        from
            leads 
        where
            id=? 
            and version=?
    2026-06-23T23:14:16.380+03:00 TRACE 26748 --- [mentee-power-crm] [    Test worker] org.hibernate.orm.jdbc.bind              : binding parameter (1:UUID) <- [3e4ac2ce-7502-4e47-bfdb-59b3ab1ed5d5]
    2026-06-23T23:14:16.380+03:00 TRACE 26748 --- [mentee-power-crm] [    Test worker] org.hibernate.orm.jdbc.bind              : binding parameter (2:BIGINT) <- [0]
    2026-06-23T23:14:16.380+03:00 DEBUG 26748 --- [mentee-power-crm] [    Test worker] org.hibernate.SQL                        : 
        /* delete for ru.mentee.power.crm.model.Lead */delete 
        from
            leads 
        where
            id=? 
            and version=?
    Hibernate: 
        /* delete for ru.mentee.power.crm.model.Lead */delete 
        from
            leads 
        where
            id=? 
            and version=?
    2026-06-23T23:14:16.381+03:00 TRACE 26748 --- [mentee-power-crm] [    Test worker] org.hibernate.orm.jdbc.bind              : binding parameter (1:UUID) <- [b055582b-915f-4816-a4fd-6237fe3aa366]
    2026-06-23T23:14:16.381+03:00 TRACE 26748 --- [mentee-power-crm] [    Test worker] org.hibernate.orm.jdbc.bind              : binding parameter (2:BIGINT) <- [0]
    2026-06-23T23:14:16.382+03:00 DEBUG 26748 --- [mentee-power-crm] [    Test worker] org.hibernate.SQL                        : 
        /* <criteria> */ select
            c1_0.id,
            c1_0.industry,
            c1_0.name 
        from
            companies c1_0
    Hibernate: 
        /* <criteria> */ select
            c1_0.id,
            c1_0.industry,
            c1_0.name 
        from
            companies c1_0
    2026-06-23T23:14:16.385+03:00 DEBUG 26748 --- [mentee-power-crm] [    Test worker] org.hibernate.SQL                        : 
        /* delete for ru.mentee.power.crm.model.Company */delete 
        from
            companies 
        where
            id=?
    Hibernate: 
        /* delete for ru.mentee.power.crm.model.Company */delete 
        from
            companies 
        where
            id=?
    2026-06-23T23:14:16.385+03:00 TRACE 26748 --- [mentee-power-crm] [    Test worker] org.hibernate.orm.jdbc.bind              : binding parameter (1:UUID) <- [cdb274ac-0465-4dc6-b338-e5453cf79b6d]
    2026-06-23T23:14:16.386+03:00 DEBUG 26748 --- [mentee-power-crm] [    Test worker] org.hibernate.SQL                        : 
        /* delete for ru.mentee.power.crm.model.Company */delete 
        from
            companies 
        where
            id=?
    Hibernate: 
        /* delete for ru.mentee.power.crm.model.Company */delete 
        from
            companies 
        where
            id=?
    2026-06-23T23:14:16.386+03:00 TRACE 26748 --- [mentee-power-crm] [    Test worker] org.hibernate.orm.jdbc.bind              : binding parameter (1:UUID) <- [0f376149-4e34-4ae3-a5a6-02874ccc4cb2]
    2026-06-23T23:14:16.387+03:00 DEBUG 26748 --- [mentee-power-crm] [    Test worker] org.hibernate.SQL                        : 
        /* delete for ru.mentee.power.crm.model.Company */delete 
        from
            companies 
        where
            id=?
    Hibernate: 
        /* delete for ru.mentee.power.crm.model.Company */delete 
        from
            companies 
        where
            id=?
    2026-06-23T23:14:16.387+03:00 TRACE 26748 --- [mentee-power-crm] [    Test worker] org.hibernate.orm.jdbc.bind              : binding parameter (1:UUID) <- [5dfb99a5-11a8-4422-a825-de6c49302948]

LeadServiceTest > testPropagation(Propagation) > [1] propagation=REQUIRED STANDARD_OUT
    2026-06-23T23:14:16.395+03:00 DEBUG 26748 --- [mentee-power-crm] [    Test worker] org.hibernate.SQL                        : 
        /* <criteria> */ select
            l1_0.id,
            l1_0.company_id,
            l1_0.created_at,
            l1_0.email,
            l1_0.name,
            l1_0.status,
            l1_0.version 
        from
            leads l1_0
    Hibernate: 
        /* <criteria> */ select
            l1_0.id,
            l1_0.company_id,
            l1_0.created_at,
            l1_0.email,
            l1_0.name,
            l1_0.status,
            l1_0.version 
        from
            leads l1_0
    2026-06-23T23:14:16.397+03:00 DEBUG 26748 --- [mentee-power-crm] [    Test worker] org.hibernate.SQL                        : 
        /* <criteria> */ select
            c1_0.id,
            c1_0.industry,
            c1_0.name 
        from
            companies c1_0
    Hibernate: 
        /* <criteria> */ select
            c1_0.id,
            c1_0.industry,
            c1_0.name 
        from
            companies c1_0
    2026-06-23T23:14:16.400+03:00 DEBUG 26748 --- [mentee-power-crm] [    Test worker] org.hibernate.SQL                        : 
        /* insert for
            ru.mentee.power.crm.model.Company */insert 
        into
            companies (industry, name, id) 
        values
            (?, ?, ?)
    Hibernate: 
        /* insert for
            ru.mentee.power.crm.model.Company */insert 
        into
            companies (industry, name, id) 
        values
            (?, ?, ?)
    2026-06-23T23:14:16.401+03:00 TRACE 26748 --- [mentee-power-crm] [    Test worker] org.hibernate.orm.jdbc.bind              : binding parameter (1:VARCHAR) <- [TestIndustry]
    2026-06-23T23:14:16.401+03:00 TRACE 26748 --- [mentee-power-crm] [    Test worker] org.hibernate.orm.jdbc.bind              : binding parameter (2:VARCHAR) <- [Company 1]
    2026-06-23T23:14:16.401+03:00 TRACE 26748 --- [mentee-power-crm] [    Test worker] org.hibernate.orm.jdbc.bind              : binding parameter (3:UUID) <- [02e6a7d1-8dca-4af9-9d14-0a7aa093b5b3]
    2026-06-23T23:14:16.401+03:00 DEBUG 26748 --- [mentee-power-crm] [    Test worker] org.hibernate.SQL                        : 
        /* insert for
            ru.mentee.power.crm.model.Lead */insert 
        into
            leads (company_id, created_at, email, name, status, version, id) 
        values
            (?, ?, ?, ?, ?, ?, ?)
    Hibernate: 
        /* insert for
            ru.mentee.power.crm.model.Lead */insert 
        into
            leads (company_id, created_at, email, name, status, version, id) 
        values
            (?, ?, ?, ?, ?, ?, ?)
    2026-06-23T23:14:16.401+03:00 TRACE 26748 --- [mentee-power-crm] [    Test worker] org.hibernate.orm.jdbc.bind              : binding parameter (1:UUID) <- [02e6a7d1-8dca-4af9-9d14-0a7aa093b5b3]
    2026-06-23T23:14:16.401+03:00 TRACE 26748 --- [mentee-power-crm] [    Test worker] org.hibernate.orm.jdbc.bind              : binding parameter (2:TIMESTAMP) <- [2026-06-23T23:14:16.398601300]
    2026-06-23T23:14:16.402+03:00 TRACE 26748 --- [mentee-power-crm] [    Test worker] org.hibernate.orm.jdbc.bind              : binding parameter (3:VARCHAR) <- [lead1@example.com]
    2026-06-23T23:14:16.402+03:00 TRACE 26748 --- [mentee-power-crm] [    Test worker] org.hibernate.orm.jdbc.bind              : binding parameter (4:VARCHAR) <- [Name1]
    2026-06-23T23:14:16.402+03:00 TRACE 26748 --- [mentee-power-crm] [    Test worker] org.hibernate.orm.jdbc.bind              : binding parameter (5:ENUM) <- [NEW]
    2026-06-23T23:14:16.402+03:00 TRACE 26748 --- [mentee-power-crm] [    Test worker] org.hibernate.orm.jdbc.bind              : binding parameter (6:BIGINT) <- [0]
    2026-06-23T23:14:16.402+03:00 TRACE 26748 --- [mentee-power-crm] [    Test worker] org.hibernate.orm.jdbc.bind              : binding parameter (7:UUID) <- [c42225f6-9656-4e2d-a4fa-62bc0cf25898]
    2026-06-23T23:14:16.402+03:00 DEBUG 26748 --- [mentee-power-crm] [    Test worker] org.hibernate.SQL                        : 
        /* insert for
            ru.mentee.power.crm.model.Company */insert 
        into
            companies (industry, name, id) 
        values
            (?, ?, ?)
    Hibernate: 
        /* insert for
            ru.mentee.power.crm.model.Company */insert 
        into
            companies (industry, name, id) 
        values
            (?, ?, ?)
    2026-06-23T23:14:16.402+03:00 TRACE 26748 --- [mentee-power-crm] [    Test worker] org.hibernate.orm.jdbc.bind              : binding parameter (1:VARCHAR) <- [TestIndustry]
    2026-06-23T23:14:16.402+03:00 TRACE 26748 --- [mentee-power-crm] [    Test worker] org.hibernate.orm.jdbc.bind              : binding parameter (2:VARCHAR) <- [Company 2]
    2026-06-23T23:14:16.402+03:00 TRACE 26748 --- [mentee-power-crm] [    Test worker] org.hibernate.orm.jdbc.bind              : binding parameter (3:UUID) <- [22b78fb3-f1a6-4b27-9c48-1ab5ae3d96ad]
    2026-06-23T23:14:16.402+03:00 DEBUG 26748 --- [mentee-power-crm] [    Test worker] org.hibernate.SQL                        : 
        /* insert for
            ru.mentee.power.crm.model.Lead */insert 
        into
            leads (company_id, created_at, email, name, status, version, id) 
        values
            (?, ?, ?, ?, ?, ?, ?)
    Hibernate: 
        /* insert for
            ru.mentee.power.crm.model.Lead */insert 
        into
            leads (company_id, created_at, email, name, status, version, id) 
        values
            (?, ?, ?, ?, ?, ?, ?)
    2026-06-23T23:14:16.402+03:00 TRACE 26748 --- [mentee-power-crm] [    Test worker] org.hibernate.orm.jdbc.bind              : binding parameter (1:UUID) <- [22b78fb3-f1a6-4b27-9c48-1ab5ae3d96ad]
    2026-06-23T23:14:16.404+03:00 TRACE 26748 --- [mentee-power-crm] [    Test worker] org.hibernate.orm.jdbc.bind              : binding parameter (2:TIMESTAMP) <- [2026-06-23T23:14:16.398601300]
    2026-06-23T23:14:16.404+03:00 TRACE 26748 --- [mentee-power-crm] [    Test worker] org.hibernate.orm.jdbc.bind              : binding parameter (3:VARCHAR) <- [lead2@example.com]
    2026-06-23T23:14:16.404+03:00 TRACE 26748 --- [mentee-power-crm] [    Test worker] org.hibernate.orm.jdbc.bind              : binding parameter (4:VARCHAR) <- [Name2]
    2026-06-23T23:14:16.404+03:00 TRACE 26748 --- [mentee-power-crm] [    Test worker] org.hibernate.orm.jdbc.bind              : binding parameter (5:ENUM) <- [NEW]
    2026-06-23T23:14:16.404+03:00 TRACE 26748 --- [mentee-power-crm] [    Test worker] org.hibernate.orm.jdbc.bind              : binding parameter (6:BIGINT) <- [0]
    2026-06-23T23:14:16.404+03:00 TRACE 26748 --- [mentee-power-crm] [    Test worker] org.hibernate.orm.jdbc.bind              : binding parameter (7:UUID) <- [d618c899-705c-4ab7-aee8-e9c9b6032751]
    2026-06-23T23:14:16.404+03:00 DEBUG 26748 --- [mentee-power-crm] [    Test worker] org.hibernate.SQL                        : 
        /* insert for
            ru.mentee.power.crm.model.Company */insert 
        into
            companies (industry, name, id) 
        values
            (?, ?, ?)
    Hibernate: 
        /* insert for
            ru.mentee.power.crm.model.Company */insert 
        into
            companies (industry, name, id) 
        values
            (?, ?, ?)
    2026-06-23T23:14:16.404+03:00 TRACE 26748 --- [mentee-power-crm] [    Test worker] org.hibernate.orm.jdbc.bind              : binding parameter (1:VARCHAR) <- [TestIndustry]
    2026-06-23T23:14:16.405+03:00 TRACE 26748 --- [mentee-power-crm] [    Test worker] org.hibernate.orm.jdbc.bind              : binding parameter (2:VARCHAR) <- [Company 3]
    2026-06-23T23:14:16.405+03:00 TRACE 26748 --- [mentee-power-crm] [    Test worker] org.hibernate.orm.jdbc.bind              : binding parameter (3:UUID) <- [a8020aa7-6981-4095-96e4-624e74e72efa]
    2026-06-23T23:14:16.406+03:00 DEBUG 26748 --- [mentee-power-crm] [    Test worker] org.hibernate.SQL                        : 
        /* insert for
            ru.mentee.power.crm.model.Lead */insert 
        into
            leads (company_id, created_at, email, name, status, version, id) 
        values
            (?, ?, ?, ?, ?, ?, ?)
    Hibernate: 
        /* insert for
            ru.mentee.power.crm.model.Lead */insert 
        into
            leads (company_id, created_at, email, name, status, version, id) 
        values
            (?, ?, ?, ?, ?, ?, ?)
    2026-06-23T23:14:16.406+03:00 TRACE 26748 --- [mentee-power-crm] [    Test worker] org.hibernate.orm.jdbc.bind              : binding parameter (1:UUID) <- [a8020aa7-6981-4095-96e4-624e74e72efa]
    2026-06-23T23:14:16.406+03:00 TRACE 26748 --- [mentee-power-crm] [    Test worker] org.hibernate.orm.jdbc.bind              : binding parameter (2:TIMESTAMP) <- [2026-06-23T23:14:16.399600200]
    2026-06-23T23:14:16.406+03:00 TRACE 26748 --- [mentee-power-crm] [    Test worker] org.hibernate.orm.jdbc.bind              : binding parameter (3:VARCHAR) <- [lead3@example.com]
    2026-06-23T23:14:16.406+03:00 TRACE 26748 --- [mentee-power-crm] [    Test worker] org.hibernate.orm.jdbc.bind              : binding parameter (4:VARCHAR) <- [Name3]
    2026-06-23T23:14:16.406+03:00 TRACE 26748 --- [mentee-power-crm] [    Test worker] org.hibernate.orm.jdbc.bind              : binding parameter (5:ENUM) <- [NEW]
    2026-06-23T23:14:16.406+03:00 TRACE 26748 --- [mentee-power-crm] [    Test worker] org.hibernate.orm.jdbc.bind              : binding parameter (6:BIGINT) <- [0]
    2026-06-23T23:14:16.406+03:00 TRACE 26748 --- [mentee-power-crm] [    Test worker] org.hibernate.orm.jdbc.bind              : binding parameter (7:UUID) <- [2d340e81-bedb-4c2d-80a7-64f67ec8467e]
    2026-06-23T23:14:16.407+03:00 DEBUG 26748 --- [mentee-power-crm] [    Test worker] org.hibernate.SQL                        : 
        /* <criteria> */ select
            l1_0.id,
            l1_0.company_id,
            l1_0.created_at,
            l1_0.email,
            l1_0.name,
            l1_0.status,
            l1_0.version 
        from
            leads l1_0
    Hibernate: 
        /* <criteria> */ select
            l1_0.id,
            l1_0.company_id,
            l1_0.created_at,
            l1_0.email,
            l1_0.name,
            l1_0.status,
            l1_0.version 
        from
            leads l1_0
    2026-06-23T23:14:16.410+03:00 DEBUG 26748 --- [mentee-power-crm] [    Test worker] org.hibernate.SQL                        : 
        /* select
            count(*) 
        from
            Lead x 
        WHERE
            x.id = :id */ select
                count(*) 
            from
                leads l1_0 
            where
                l1_0.id=?
    Hibernate: 
        /* select
            count(*) 
        from
            Lead x 
        WHERE
            x.id = :id */ select
                count(*) 
            from
                leads l1_0 
            where
                l1_0.id=?
    2026-06-23T23:14:16.411+03:00 TRACE 26748 --- [mentee-power-crm] [    Test worker] org.hibernate.orm.jdbc.bind              : binding parameter (1:UUID) <- [c42225f6-9656-4e2d-a4fa-62bc0cf25898]
    2026-06-23T23:14:16.414+03:00 DEBUG 26748 --- [mentee-power-crm] [    Test worker] org.hibernate.SQL                        : 
        /* update
            for ru.mentee.power.crm.model.Lead */update leads 
        set
            company_id=?,
            email=?,
            name=?,
            status=?,
            version=? 
        where
            id=? 
            and version=?
    Hibernate: 
        /* update
            for ru.mentee.power.crm.model.Lead */update leads 
        set
            company_id=?,
            email=?,
            name=?,
            status=?,
            version=? 
        where
            id=? 
            and version=?
    2026-06-23T23:14:16.414+03:00 TRACE 26748 --- [mentee-power-crm] [    Test worker] org.hibernate.orm.jdbc.bind              : binding parameter (1:UUID) <- [02e6a7d1-8dca-4af9-9d14-0a7aa093b5b3]
    2026-06-23T23:14:16.414+03:00 TRACE 26748 --- [mentee-power-crm] [    Test worker] org.hibernate.orm.jdbc.bind              : binding parameter (2:VARCHAR) <- [lead1@example.com]
    2026-06-23T23:14:16.415+03:00 TRACE 26748 --- [mentee-power-crm] [    Test worker] org.hibernate.orm.jdbc.bind              : binding parameter (3:VARCHAR) <- [Name1]
    2026-06-23T23:14:16.415+03:00 TRACE 26748 --- [mentee-power-crm] [    Test worker] org.hibernate.orm.jdbc.bind              : binding parameter (4:ENUM) <- [CONTACTED]
    2026-06-23T23:14:16.415+03:00 TRACE 26748 --- [mentee-power-crm] [    Test worker] org.hibernate.orm.jdbc.bind              : binding parameter (5:BIGINT) <- [1]
    2026-06-23T23:14:16.415+03:00 TRACE 26748 --- [mentee-power-crm] [    Test worker] org.hibernate.orm.jdbc.bind              : binding parameter (6:UUID) <- [c42225f6-9656-4e2d-a4fa-62bc0cf25898]
    2026-06-23T23:14:16.415+03:00 TRACE 26748 --- [mentee-power-crm] [    Test worker] org.hibernate.orm.jdbc.bind              : binding parameter (7:BIGINT) <- [0]
    2026-06-23T23:14:16.416+03:00 DEBUG 26748 --- [mentee-power-crm] [    Test worker] org.hibernate.SQL                        : 
        /* select
            count(*) 
        from
            Lead x 
        WHERE
            x.id = :id */ select
                count(*) 
            from
                leads l1_0 
            where
                l1_0.id=?
    Hibernate: 
        /* select
            count(*) 
        from
            Lead x 
        WHERE
            x.id = :id */ select
                count(*) 
            from
                leads l1_0 
            where
                l1_0.id=?
    2026-06-23T23:14:16.416+03:00 TRACE 26748 --- [mentee-power-crm] [    Test worker] org.hibernate.orm.jdbc.bind              : binding parameter (1:UUID) <- [d618c899-705c-4ab7-aee8-e9c9b6032751]
    2026-06-23T23:14:16.419+03:00 DEBUG 26748 --- [mentee-power-crm] [    Test worker] org.hibernate.SQL                        : 
        /* update
            for ru.mentee.power.crm.model.Lead */update leads 
        set
            company_id=?,
            email=?,
            name=?,
            status=?,
            version=? 
        where
            id=? 
            and version=?
    Hibernate: 
        /* update
            for ru.mentee.power.crm.model.Lead */update leads 
        set
            company_id=?,
            email=?,
            name=?,
            status=?,
            version=? 
        where
            id=? 
            and version=?
    2026-06-23T23:14:16.419+03:00 TRACE 26748 --- [mentee-power-crm] [    Test worker] org.hibernate.orm.jdbc.bind              : binding parameter (1:UUID) <- [22b78fb3-f1a6-4b27-9c48-1ab5ae3d96ad]
    2026-06-23T23:14:16.419+03:00 TRACE 26748 --- [mentee-power-crm] [    Test worker] org.hibernate.orm.jdbc.bind              : binding parameter (2:VARCHAR) <- [lead2@example.com]
    2026-06-23T23:14:16.419+03:00 TRACE 26748 --- [mentee-power-crm] [    Test worker] org.hibernate.orm.jdbc.bind              : binding parameter (3:VARCHAR) <- [Name2]
    2026-06-23T23:14:16.419+03:00 TRACE 26748 --- [mentee-power-crm] [    Test worker] org.hibernate.orm.jdbc.bind              : binding parameter (4:ENUM) <- [CONTACTED]
    2026-06-23T23:14:16.419+03:00 TRACE 26748 --- [mentee-power-crm] [    Test worker] org.hibernate.orm.jdbc.bind              : binding parameter (5:BIGINT) <- [1]
    2026-06-23T23:14:16.419+03:00 TRACE 26748 --- [mentee-power-crm] [    Test worker] org.hibernate.orm.jdbc.bind              : binding parameter (6:UUID) <- [d618c899-705c-4ab7-aee8-e9c9b6032751]
    2026-06-23T23:14:16.419+03:00 TRACE 26748 --- [mentee-power-crm] [    Test worker] org.hibernate.orm.jdbc.bind              : binding parameter (7:BIGINT) <- [0]
    2026-06-23T23:14:16.420+03:00 DEBUG 26748 --- [mentee-power-crm] [    Test worker] org.hibernate.SQL                        : 
        /* select
            count(*) 
        from
            Lead x 
        WHERE
            x.id = :id */ select
                count(*) 
            from
                leads l1_0 
            where
                l1_0.id=?
    Hibernate: 
        /* select
            count(*) 
        from
            Lead x 
        WHERE
            x.id = :id */ select
                count(*) 
            from
                leads l1_0 
            where
                l1_0.id=?
    2026-06-23T23:14:16.420+03:00 TRACE 26748 --- [mentee-power-crm] [    Test worker] org.hibernate.orm.jdbc.bind              : binding parameter (1:UUID) <- [2d340e81-bedb-4c2d-80a7-64f67ec8467e]
    2026-06-23T23:14:16.423+03:00 DEBUG 26748 --- [mentee-power-crm] [    Test worker] org.hibernate.SQL                        : 
        /* update
            for ru.mentee.power.crm.model.Lead */update leads 
        set
            company_id=?,
            email=?,
            name=?,
            status=?,
            version=? 
        where
            id=? 
            and version=?
    Hibernate: 
        /* update
            for ru.mentee.power.crm.model.Lead */update leads 
        set
            company_id=?,
            email=?,
            name=?,
            status=?,
            version=? 
        where
            id=? 
            and version=?
    2026-06-23T23:14:16.423+03:00 TRACE 26748 --- [mentee-power-crm] [    Test worker] org.hibernate.orm.jdbc.bind              : binding parameter (1:UUID) <- [a8020aa7-6981-4095-96e4-624e74e72efa]
    2026-06-23T23:14:16.424+03:00 TRACE 26748 --- [mentee-power-crm] [    Test worker] org.hibernate.orm.jdbc.bind              : binding parameter (2:VARCHAR) <- [lead3@example.com]
    2026-06-23T23:14:16.424+03:00 TRACE 26748 --- [mentee-power-crm] [    Test worker] org.hibernate.orm.jdbc.bind              : binding parameter (3:VARCHAR) <- [Name3]
    2026-06-23T23:14:16.424+03:00 TRACE 26748 --- [mentee-power-crm] [    Test worker] org.hibernate.orm.jdbc.bind              : binding parameter (4:ENUM) <- [CONTACTED]
    2026-06-23T23:14:16.424+03:00 TRACE 26748 --- [mentee-power-crm] [    Test worker] org.hibernate.orm.jdbc.bind              : binding parameter (5:BIGINT) <- [1]
    2026-06-23T23:14:16.424+03:00 TRACE 26748 --- [mentee-power-crm] [    Test worker] org.hibernate.orm.jdbc.bind              : binding parameter (6:UUID) <- [2d340e81-bedb-4c2d-80a7-64f67ec8467e]
    2026-06-23T23:14:16.424+03:00 TRACE 26748 --- [mentee-power-crm] [    Test worker] org.hibernate.orm.jdbc.bind              : binding parameter (7:BIGINT) <- [0]
    2026-06-23T23:14:16.424+03:00 DEBUG 26748 --- [mentee-power-crm] [    Test worker] org.hibernate.SQL                        : 
        /* <criteria> */ select
            l1_0.id,
            l1_0.company_id,
            l1_0.created_at,
            l1_0.email,
            l1_0.name,
            l1_0.status,
            l1_0.version 
        from
            leads l1_0
    Hibernate: 
        /* <criteria> */ select
            l1_0.id,
            l1_0.company_id,
            l1_0.created_at,
            l1_0.email,
            l1_0.name,
            l1_0.status,
            l1_0.version 
        from
            leads l1_0
    2026-06-23T23:14:16.426+03:00 DEBUG 26748 --- [mentee-power-crm] [    Test worker] org.hibernate.SQL                        : 
        /* <criteria> */ select
            c1_0.id,
            c1_0.industry,
            c1_0.name 
        from
            companies c1_0
    Hibernate: 
        /* <criteria> */ select
            c1_0.id,
            c1_0.industry,
            c1_0.name 
        from
            companies c1_0

LeadServiceTest > testPropagation(Propagation) > [2] propagation=MANDATORY STANDARD_OUT
    2026-06-23T23:14:16.432+03:00 DEBUG 26748 --- [mentee-power-crm] [    Test worker] org.hibernate.SQL                        : 
        /* <criteria> */ select
            l1_0.id,
            l1_0.company_id,
            l1_0.created_at,
            l1_0.email,
            l1_0.name,
            l1_0.status,
            l1_0.version 
        from
            leads l1_0
    Hibernate: 
        /* <criteria> */ select
            l1_0.id,
            l1_0.company_id,
            l1_0.created_at,
            l1_0.email,
            l1_0.name,
            l1_0.status,
            l1_0.version 
        from
            leads l1_0
    2026-06-23T23:14:16.434+03:00 DEBUG 26748 --- [mentee-power-crm] [    Test worker] org.hibernate.SQL                        : 
        /* <criteria> */ select
            c1_0.id,
            c1_0.industry,
            c1_0.name 
        from
            companies c1_0
    Hibernate: 
        /* <criteria> */ select
            c1_0.id,
            c1_0.industry,
            c1_0.name 
        from
            companies c1_0
    2026-06-23T23:14:16.439+03:00 DEBUG 26748 --- [mentee-power-crm] [    Test worker] org.hibernate.SQL                        : 
        /* insert for
            ru.mentee.power.crm.model.Company */insert 
        into
            companies (industry, name, id) 
        values
            (?, ?, ?)
    Hibernate: 
        /* insert for
            ru.mentee.power.crm.model.Company */insert 
        into
            companies (industry, name, id) 
        values
            (?, ?, ?)
    2026-06-23T23:14:16.440+03:00 TRACE 26748 --- [mentee-power-crm] [    Test worker] org.hibernate.orm.jdbc.bind              : binding parameter (1:VARCHAR) <- [TestIndustry]
    2026-06-23T23:14:16.440+03:00 TRACE 26748 --- [mentee-power-crm] [    Test worker] org.hibernate.orm.jdbc.bind              : binding parameter (2:VARCHAR) <- [Company 1]
    2026-06-23T23:14:16.440+03:00 TRACE 26748 --- [mentee-power-crm] [    Test worker] org.hibernate.orm.jdbc.bind              : binding parameter (3:UUID) <- [1399fa6e-67bd-47e6-9548-40ac036f3091]
    2026-06-23T23:14:16.441+03:00 DEBUG 26748 --- [mentee-power-crm] [    Test worker] org.hibernate.SQL                        : 
        /* insert for
            ru.mentee.power.crm.model.Lead */insert 
        into
            leads (company_id, created_at, email, name, status, version, id) 
        values
            (?, ?, ?, ?, ?, ?, ?)
    Hibernate: 
        /* insert for
            ru.mentee.power.crm.model.Lead */insert 
        into
            leads (company_id, created_at, email, name, status, version, id) 
        values
            (?, ?, ?, ?, ?, ?, ?)
    2026-06-23T23:14:16.441+03:00 TRACE 26748 --- [mentee-power-crm] [    Test worker] org.hibernate.orm.jdbc.bind              : binding parameter (1:UUID) <- [1399fa6e-67bd-47e6-9548-40ac036f3091]
    2026-06-23T23:14:16.441+03:00 TRACE 26748 --- [mentee-power-crm] [    Test worker] org.hibernate.orm.jdbc.bind              : binding parameter (2:TIMESTAMP) <- [2026-06-23T23:14:16.435604]
    2026-06-23T23:14:16.441+03:00 TRACE 26748 --- [mentee-power-crm] [    Test worker] org.hibernate.orm.jdbc.bind              : binding parameter (3:VARCHAR) <- [lead1@example.com]
    2026-06-23T23:14:16.441+03:00 TRACE 26748 --- [mentee-power-crm] [    Test worker] org.hibernate.orm.jdbc.bind              : binding parameter (4:VARCHAR) <- [Name1]
    2026-06-23T23:14:16.441+03:00 TRACE 26748 --- [mentee-power-crm] [    Test worker] org.hibernate.orm.jdbc.bind              : binding parameter (5:ENUM) <- [NEW]
    2026-06-23T23:14:16.441+03:00 TRACE 26748 --- [mentee-power-crm] [    Test worker] org.hibernate.orm.jdbc.bind              : binding parameter (6:BIGINT) <- [0]
    2026-06-23T23:14:16.441+03:00 TRACE 26748 --- [mentee-power-crm] [    Test worker] org.hibernate.orm.jdbc.bind              : binding parameter (7:UUID) <- [73983320-dfa6-44f9-8d7f-bcbd209dbb90]
    2026-06-23T23:14:16.442+03:00 DEBUG 26748 --- [mentee-power-crm] [    Test worker] org.hibernate.SQL                        : 
        /* insert for
            ru.mentee.power.crm.model.Company */insert 
        into
            companies (industry, name, id) 
        values
            (?, ?, ?)
    Hibernate: 
        /* insert for
            ru.mentee.power.crm.model.Company */insert 
        into
            companies (industry, name, id) 
        values
            (?, ?, ?)
    2026-06-23T23:14:16.442+03:00 TRACE 26748 --- [mentee-power-crm] [    Test worker] org.hibernate.orm.jdbc.bind              : binding parameter (1:VARCHAR) <- [TestIndustry]
    2026-06-23T23:14:16.442+03:00 TRACE 26748 --- [mentee-power-crm] [    Test worker] org.hibernate.orm.jdbc.bind              : binding parameter (2:VARCHAR) <- [Company 2]
    2026-06-23T23:14:16.442+03:00 TRACE 26748 --- [mentee-power-crm] [    Test worker] org.hibernate.orm.jdbc.bind              : binding parameter (3:UUID) <- [8769516b-4dc8-40a3-8bd7-2b85ccd785e8]
    2026-06-23T23:14:16.443+03:00 DEBUG 26748 --- [mentee-power-crm] [    Test worker] org.hibernate.SQL                        : 
        /* insert for
            ru.mentee.power.crm.model.Lead */insert 
        into
            leads (company_id, created_at, email, name, status, version, id) 
        values
            (?, ?, ?, ?, ?, ?, ?)
    Hibernate: 
        /* insert for
            ru.mentee.power.crm.model.Lead */insert 
        into
            leads (company_id, created_at, email, name, status, version, id) 
        values
            (?, ?, ?, ?, ?, ?, ?)
    2026-06-23T23:14:16.443+03:00 TRACE 26748 --- [mentee-power-crm] [    Test worker] org.hibernate.orm.jdbc.bind              : binding parameter (1:UUID) <- [8769516b-4dc8-40a3-8bd7-2b85ccd785e8]
    2026-06-23T23:14:16.443+03:00 TRACE 26748 --- [mentee-power-crm] [    Test worker] org.hibernate.orm.jdbc.bind              : binding parameter (2:TIMESTAMP) <- [2026-06-23T23:14:16.436603600]
    2026-06-23T23:14:16.443+03:00 TRACE 26748 --- [mentee-power-crm] [    Test worker] org.hibernate.orm.jdbc.bind              : binding parameter (3:VARCHAR) <- [lead2@example.com]
    2026-06-23T23:14:16.443+03:00 TRACE 26748 --- [mentee-power-crm] [    Test worker] org.hibernate.orm.jdbc.bind              : binding parameter (4:VARCHAR) <- [Name2]
    2026-06-23T23:14:16.443+03:00 TRACE 26748 --- [mentee-power-crm] [    Test worker] org.hibernate.orm.jdbc.bind              : binding parameter (5:ENUM) <- [NEW]
    2026-06-23T23:14:16.443+03:00 TRACE 26748 --- [mentee-power-crm] [    Test worker] org.hibernate.orm.jdbc.bind              : binding parameter (6:BIGINT) <- [0]
    2026-06-23T23:14:16.443+03:00 TRACE 26748 --- [mentee-power-crm] [    Test worker] org.hibernate.orm.jdbc.bind              : binding parameter (7:UUID) <- [b84b6b63-a05a-4ba1-a0b0-7e584537ede6]
    2026-06-23T23:14:16.445+03:00 DEBUG 26748 --- [mentee-power-crm] [    Test worker] org.hibernate.SQL                        : 
        /* insert for
            ru.mentee.power.crm.model.Company */insert 
        into
            companies (industry, name, id) 
        values
            (?, ?, ?)
    Hibernate: 
        /* insert for
            ru.mentee.power.crm.model.Company */insert 
        into
            companies (industry, name, id) 
        values
            (?, ?, ?)
    2026-06-23T23:14:16.446+03:00 TRACE 26748 --- [mentee-power-crm] [    Test worker] org.hibernate.orm.jdbc.bind              : binding parameter (1:VARCHAR) <- [TestIndustry]
    2026-06-23T23:14:16.446+03:00 TRACE 26748 --- [mentee-power-crm] [    Test worker] org.hibernate.orm.jdbc.bind              : binding parameter (2:VARCHAR) <- [Company 3]
    2026-06-23T23:14:16.446+03:00 TRACE 26748 --- [mentee-power-crm] [    Test worker] org.hibernate.orm.jdbc.bind              : binding parameter (3:UUID) <- [293a7597-392e-440b-be38-7cbf469bc830]
    2026-06-23T23:14:16.446+03:00 DEBUG 26748 --- [mentee-power-crm] [    Test worker] org.hibernate.SQL                        : 
        /* insert for
            ru.mentee.power.crm.model.Lead */insert 
        into
            leads (company_id, created_at, email, name, status, version, id) 
        values
            (?, ?, ?, ?, ?, ?, ?)
    Hibernate: 
        /* insert for
            ru.mentee.power.crm.model.Lead */insert 
        into
            leads (company_id, created_at, email, name, status, version, id) 
        values
            (?, ?, ?, ?, ?, ?, ?)
    2026-06-23T23:14:16.447+03:00 TRACE 26748 --- [mentee-power-crm] [    Test worker] org.hibernate.orm.jdbc.bind              : binding parameter (1:UUID) <- [293a7597-392e-440b-be38-7cbf469bc830]
    2026-06-23T23:14:16.447+03:00 TRACE 26748 --- [mentee-power-crm] [    Test worker] org.hibernate.orm.jdbc.bind              : binding parameter (2:TIMESTAMP) <- [2026-06-23T23:14:16.436603600]
    2026-06-23T23:14:16.447+03:00 TRACE 26748 --- [mentee-power-crm] [    Test worker] org.hibernate.orm.jdbc.bind              : binding parameter (3:VARCHAR) <- [lead3@example.com]
    2026-06-23T23:14:16.447+03:00 TRACE 26748 --- [mentee-power-crm] [    Test worker] org.hibernate.orm.jdbc.bind              : binding parameter (4:VARCHAR) <- [Name3]
    2026-06-23T23:14:16.447+03:00 TRACE 26748 --- [mentee-power-crm] [    Test worker] org.hibernate.orm.jdbc.bind              : binding parameter (5:ENUM) <- [NEW]
    2026-06-23T23:14:16.447+03:00 TRACE 26748 --- [mentee-power-crm] [    Test worker] org.hibernate.orm.jdbc.bind              : binding parameter (6:BIGINT) <- [0]
    2026-06-23T23:14:16.447+03:00 TRACE 26748 --- [mentee-power-crm] [    Test worker] org.hibernate.orm.jdbc.bind              : binding parameter (7:UUID) <- [3789034a-88e6-4726-a4d5-2e200ac6e435]
    2026-06-23T23:14:16.448+03:00 DEBUG 26748 --- [mentee-power-crm] [    Test worker] org.hibernate.SQL                        : 
        /* <criteria> */ select
            l1_0.id,
            l1_0.company_id,
            l1_0.created_at,
            l1_0.email,
            l1_0.name,
            l1_0.status,
            l1_0.version 
        from
            leads l1_0
    Hibernate: 
        /* <criteria> */ select
            l1_0.id,
            l1_0.company_id,
            l1_0.created_at,
            l1_0.email,
            l1_0.name,
            l1_0.status,
            l1_0.version 
        from
            leads l1_0
    2026-06-23T23:14:16.451+03:00 DEBUG 26748 --- [mentee-power-crm] [    Test worker] org.hibernate.SQL                        : 
        /* select
            count(*) 
        from
            Lead x 
        WHERE
            x.id = :id */ select
                count(*) 
            from
                leads l1_0 
            where
                l1_0.id=?
    Hibernate: 
        /* select
            count(*) 
        from
            Lead x 
        WHERE
            x.id = :id */ select
                count(*) 
            from
                leads l1_0 
            where
                l1_0.id=?
    2026-06-23T23:14:16.451+03:00 TRACE 26748 --- [mentee-power-crm] [    Test worker] org.hibernate.orm.jdbc.bind              : binding parameter (1:UUID) <- [73983320-dfa6-44f9-8d7f-bcbd209dbb90]
    2026-06-23T23:14:16.454+03:00 DEBUG 26748 --- [mentee-power-crm] [    Test worker] org.hibernate.SQL                        : 
        /* update
            for ru.mentee.power.crm.model.Lead */update leads 
        set
            company_id=?,
            email=?,
            name=?,
            status=?,
            version=? 
        where
            id=? 
            and version=?
    Hibernate: 
        /* update
            for ru.mentee.power.crm.model.Lead */update leads 
        set
            company_id=?,
            email=?,
            name=?,
            status=?,
            version=? 
        where
            id=? 
            and version=?
    2026-06-23T23:14:16.454+03:00 TRACE 26748 --- [mentee-power-crm] [    Test worker] org.hibernate.orm.jdbc.bind              : binding parameter (1:UUID) <- [1399fa6e-67bd-47e6-9548-40ac036f3091]
    2026-06-23T23:14:16.455+03:00 TRACE 26748 --- [mentee-power-crm] [    Test worker] org.hibernate.orm.jdbc.bind              : binding parameter (2:VARCHAR) <- [lead1@example.com]
    2026-06-23T23:14:16.455+03:00 TRACE 26748 --- [mentee-power-crm] [    Test worker] org.hibernate.orm.jdbc.bind              : binding parameter (3:VARCHAR) <- [Name1]
    2026-06-23T23:14:16.455+03:00 TRACE 26748 --- [mentee-power-crm] [    Test worker] org.hibernate.orm.jdbc.bind              : binding parameter (4:ENUM) <- [CONTACTED]
    2026-06-23T23:14:16.455+03:00 TRACE 26748 --- [mentee-power-crm] [    Test worker] org.hibernate.orm.jdbc.bind              : binding parameter (5:BIGINT) <- [1]
    2026-06-23T23:14:16.455+03:00 TRACE 26748 --- [mentee-power-crm] [    Test worker] org.hibernate.orm.jdbc.bind              : binding parameter (6:UUID) <- [73983320-dfa6-44f9-8d7f-bcbd209dbb90]
    2026-06-23T23:14:16.455+03:00 TRACE 26748 --- [mentee-power-crm] [    Test worker] org.hibernate.orm.jdbc.bind              : binding parameter (7:BIGINT) <- [0]
    2026-06-23T23:14:16.456+03:00 DEBUG 26748 --- [mentee-power-crm] [    Test worker] org.hibernate.SQL                        : 
        /* select
            count(*) 
        from
            Lead x 
        WHERE
            x.id = :id */ select
                count(*) 
            from
                leads l1_0 
            where
                l1_0.id=?
    Hibernate: 
        /* select
            count(*) 
        from
            Lead x 
        WHERE
            x.id = :id */ select
                count(*) 
            from
                leads l1_0 
            where
                l1_0.id=?
    2026-06-23T23:14:16.456+03:00 TRACE 26748 --- [mentee-power-crm] [    Test worker] org.hibernate.orm.jdbc.bind              : binding parameter (1:UUID) <- [b84b6b63-a05a-4ba1-a0b0-7e584537ede6]
    2026-06-23T23:14:16.459+03:00 DEBUG 26748 --- [mentee-power-crm] [    Test worker] org.hibernate.SQL                        : 
        /* update
            for ru.mentee.power.crm.model.Lead */update leads 
        set
            company_id=?,
            email=?,
            name=?,
            status=?,
            version=? 
        where
            id=? 
            and version=?
    Hibernate: 
        /* update
            for ru.mentee.power.crm.model.Lead */update leads 
        set
            company_id=?,
            email=?,
            name=?,
            status=?,
            version=? 
        where
            id=? 
            and version=?
    2026-06-23T23:14:16.459+03:00 TRACE 26748 --- [mentee-power-crm] [    Test worker] org.hibernate.orm.jdbc.bind              : binding parameter (1:UUID) <- [8769516b-4dc8-40a3-8bd7-2b85ccd785e8]
    2026-06-23T23:14:16.459+03:00 TRACE 26748 --- [mentee-power-crm] [    Test worker] org.hibernate.orm.jdbc.bind              : binding parameter (2:VARCHAR) <- [lead2@example.com]
    2026-06-23T23:14:16.459+03:00 TRACE 26748 --- [mentee-power-crm] [    Test worker] org.hibernate.orm.jdbc.bind              : binding parameter (3:VARCHAR) <- [Name2]
    2026-06-23T23:14:16.459+03:00 TRACE 26748 --- [mentee-power-crm] [    Test worker] org.hibernate.orm.jdbc.bind              : binding parameter (4:ENUM) <- [CONTACTED]
    2026-06-23T23:14:16.459+03:00 TRACE 26748 --- [mentee-power-crm] [    Test worker] org.hibernate.orm.jdbc.bind              : binding parameter (5:BIGINT) <- [1]
    2026-06-23T23:14:16.459+03:00 TRACE 26748 --- [mentee-power-crm] [    Test worker] org.hibernate.orm.jdbc.bind              : binding parameter (6:UUID) <- [b84b6b63-a05a-4ba1-a0b0-7e584537ede6]
    2026-06-23T23:14:16.459+03:00 TRACE 26748 --- [mentee-power-crm] [    Test worker] org.hibernate.orm.jdbc.bind              : binding parameter (7:BIGINT) <- [0]
    2026-06-23T23:14:16.460+03:00 DEBUG 26748 --- [mentee-power-crm] [    Test worker] org.hibernate.SQL                        : 
        /* select
            count(*) 
        from
            Lead x 
        WHERE
            x.id = :id */ select
                count(*) 
            from
                leads l1_0 
            where
                l1_0.id=?
    Hibernate: 
        /* select
            count(*) 
        from
            Lead x 
        WHERE
            x.id = :id */ select
                count(*) 
            from
                leads l1_0 
            where
                l1_0.id=?
    2026-06-23T23:14:16.461+03:00 TRACE 26748 --- [mentee-power-crm] [    Test worker] org.hibernate.orm.jdbc.bind              : binding parameter (1:UUID) <- [3789034a-88e6-4726-a4d5-2e200ac6e435]
    2026-06-23T23:14:16.466+03:00 DEBUG 26748 --- [mentee-power-crm] [    Test worker] org.hibernate.SQL                        : 
        /* update
            for ru.mentee.power.crm.model.Lead */update leads 
        set
            company_id=?,
            email=?,
            name=?,
            status=?,
            version=? 
        where
            id=? 
            and version=?
    Hibernate: 
        /* update
            for ru.mentee.power.crm.model.Lead */update leads 
        set
            company_id=?,
            email=?,
            name=?,
            status=?,
            version=? 
        where
            id=? 
            and version=?
    2026-06-23T23:14:16.467+03:00 TRACE 26748 --- [mentee-power-crm] [    Test worker] org.hibernate.orm.jdbc.bind              : binding parameter (1:UUID) <- [293a7597-392e-440b-be38-7cbf469bc830]
    2026-06-23T23:14:16.467+03:00 TRACE 26748 --- [mentee-power-crm] [    Test worker] org.hibernate.orm.jdbc.bind              : binding parameter (2:VARCHAR) <- [lead3@example.com]
    2026-06-23T23:14:16.467+03:00 TRACE 26748 --- [mentee-power-crm] [    Test worker] org.hibernate.orm.jdbc.bind              : binding parameter (3:VARCHAR) <- [Name3]
    2026-06-23T23:14:16.467+03:00 TRACE 26748 --- [mentee-power-crm] [    Test worker] org.hibernate.orm.jdbc.bind              : binding parameter (4:ENUM) <- [CONTACTED]
    2026-06-23T23:14:16.467+03:00 TRACE 26748 --- [mentee-power-crm] [    Test worker] org.hibernate.orm.jdbc.bind              : binding parameter (5:BIGINT) <- [1]
    2026-06-23T23:14:16.467+03:00 TRACE 26748 --- [mentee-power-crm] [    Test worker] org.hibernate.orm.jdbc.bind              : binding parameter (6:UUID) <- [3789034a-88e6-4726-a4d5-2e200ac6e435]
    2026-06-23T23:14:16.467+03:00 TRACE 26748 --- [mentee-power-crm] [    Test worker] org.hibernate.orm.jdbc.bind              : binding parameter (7:BIGINT) <- [0]
    2026-06-23T23:14:16.468+03:00 DEBUG 26748 --- [mentee-power-crm] [    Test worker] org.hibernate.SQL                        : 
        /* <criteria> */ select
            l1_0.id,
            l1_0.company_id,
            l1_0.created_at,
            l1_0.email,
            l1_0.name,
            l1_0.status,
            l1_0.version 
        from
            leads l1_0
    Hibernate: 
        /* <criteria> */ select
            l1_0.id,
            l1_0.company_id,
            l1_0.created_at,
            l1_0.email,
            l1_0.name,
            l1_0.status,
            l1_0.version 
        from
            leads l1_0
    2026-06-23T23:14:16.472+03:00 DEBUG 26748 --- [mentee-power-crm] [    Test worker] org.hibernate.SQL                        : 
        /* <criteria> */ select
            c1_0.id,
            c1_0.industry,
            c1_0.name 
        from
            companies c1_0
    Hibernate: 
        /* <criteria> */ select
            c1_0.id,
            c1_0.industry,
            c1_0.name 
        from
            companies c1_0

LeadServiceTest > convertLeadToDealShouldRollbackOnConstraintViolation() STANDARD_OUT
    2026-06-23T23:14:16.482+03:00 DEBUG 26748 --- [mentee-power-crm] [    Test worker] org.hibernate.SQL                        : 
        /* <criteria> */ select
            l1_0.id,
            l1_0.company_id,
            l1_0.created_at,
            l1_0.email,
            l1_0.name,
            l1_0.status,
            l1_0.version 
        from
            leads l1_0
    Hibernate: 
        /* <criteria> */ select
            l1_0.id,
            l1_0.company_id,
            l1_0.created_at,
            l1_0.email,
            l1_0.name,
            l1_0.status,
            l1_0.version 
        from
            leads l1_0
    2026-06-23T23:14:16.484+03:00 DEBUG 26748 --- [mentee-power-crm] [    Test worker] org.hibernate.SQL                        : 
        /* <criteria> */ select
            c1_0.id,
            c1_0.industry,
            c1_0.name 
        from
            companies c1_0
    Hibernate: 
        /* <criteria> */ select
            c1_0.id,
            c1_0.industry,
            c1_0.name 
        from
            companies c1_0
    2026-06-23T23:14:16.489+03:00 DEBUG 26748 --- [mentee-power-crm] [    Test worker] org.hibernate.SQL                        : 
        select
            l1_0.id,
            l1_0.company_id,
            l1_0.created_at,
            l1_0.email,
            l1_0.name,
            l1_0.status,
            l1_0.version 
        from
            leads l1_0 
        where
            l1_0.id=?
    Hibernate: 
        select
            l1_0.id,
            l1_0.company_id,
            l1_0.created_at,
            l1_0.email,
            l1_0.name,
            l1_0.status,
            l1_0.version 
        from
            leads l1_0 
        where
            l1_0.id=?
    2026-06-23T23:14:16.490+03:00 TRACE 26748 --- [mentee-power-crm] [    Test worker] org.hibernate.orm.jdbc.bind              : binding parameter (1:UUID) <- [e2d15f5c-a564-4430-9173-41f602234ade]
    2026-06-23T23:14:16.495+03:00 DEBUG 26748 --- [mentee-power-crm] [    Test worker] org.hibernate.SQL                        : 
        /* insert for
            ru.mentee.power.crm.model.Company */insert 
        into
            companies (industry, name, id) 
        values
            (?, ?, ?)
    Hibernate: 
        /* insert for
            ru.mentee.power.crm.model.Company */insert 
        into
            companies (industry, name, id) 
        values
            (?, ?, ?)
    2026-06-23T23:14:16.495+03:00 TRACE 26748 --- [mentee-power-crm] [    Test worker] org.hibernate.orm.jdbc.bind              : binding parameter (1:VARCHAR) <- [TestIndustry]
    2026-06-23T23:14:16.495+03:00 TRACE 26748 --- [mentee-power-crm] [    Test worker] org.hibernate.orm.jdbc.bind              : binding parameter (2:VARCHAR) <- [Company 1]
    2026-06-23T23:14:16.495+03:00 TRACE 26748 --- [mentee-power-crm] [    Test worker] org.hibernate.orm.jdbc.bind              : binding parameter (3:UUID) <- [d8494b41-1022-4de4-b197-d6142afa9451]
    2026-06-23T23:14:16.496+03:00 DEBUG 26748 --- [mentee-power-crm] [    Test worker] org.hibernate.SQL                        : 
        /* insert for
            ru.mentee.power.crm.model.Lead */insert 
        into
            leads (company_id, created_at, email, name, status, version, id) 
        values
            (?, ?, ?, ?, ?, ?, ?)
    Hibernate: 
        /* insert for
            ru.mentee.power.crm.model.Lead */insert 
        into
            leads (company_id, created_at, email, name, status, version, id) 
        values
            (?, ?, ?, ?, ?, ?, ?)
    2026-06-23T23:14:16.497+03:00 TRACE 26748 --- [mentee-power-crm] [    Test worker] org.hibernate.orm.jdbc.bind              : binding parameter (1:UUID) <- [d8494b41-1022-4de4-b197-d6142afa9451]
    2026-06-23T23:14:16.497+03:00 TRACE 26748 --- [mentee-power-crm] [    Test worker] org.hibernate.orm.jdbc.bind              : binding parameter (2:TIMESTAMP) <- [2026-06-23T23:14:16.485984600]
    2026-06-23T23:14:16.497+03:00 TRACE 26748 --- [mentee-power-crm] [    Test worker] org.hibernate.orm.jdbc.bind              : binding parameter (3:VARCHAR) <- [lead1@example.com]
    2026-06-23T23:14:16.498+03:00 TRACE 26748 --- [mentee-power-crm] [    Test worker] org.hibernate.orm.jdbc.bind              : binding parameter (4:VARCHAR) <- [Name1]
    2026-06-23T23:14:16.498+03:00 TRACE 26748 --- [mentee-power-crm] [    Test worker] org.hibernate.orm.jdbc.bind              : binding parameter (5:ENUM) <- [NEW]
    2026-06-23T23:14:16.498+03:00 TRACE 26748 --- [mentee-power-crm] [    Test worker] org.hibernate.orm.jdbc.bind              : binding parameter (6:BIGINT) <- [0]
    2026-06-23T23:14:16.498+03:00 TRACE 26748 --- [mentee-power-crm] [    Test worker] org.hibernate.orm.jdbc.bind              : binding parameter (7:UUID) <- [49603967-ed08-43ca-9425-f234b32c2992]
    2026-06-23T23:14:16.509+03:00 DEBUG 26748 --- [mentee-power-crm] [    Test worker] org.hibernate.SQL                        : 
        /* insert for
            ru.mentee.power.crm.model.Company */insert 
        into
            companies (industry, name, id) 
        values
            (?, ?, ?)
    Hibernate: 
        /* insert for
            ru.mentee.power.crm.model.Company */insert 
        into
            companies (industry, name, id) 
        values
            (?, ?, ?)
    2026-06-23T23:14:16.510+03:00 TRACE 26748 --- [mentee-power-crm] [    Test worker] org.hibernate.orm.jdbc.bind              : binding parameter (1:VARCHAR) <- [TestIndustry]
    2026-06-23T23:14:16.510+03:00 TRACE 26748 --- [mentee-power-crm] [    Test worker] org.hibernate.orm.jdbc.bind              : binding parameter (2:VARCHAR) <- [Company 2]
    2026-06-23T23:14:16.510+03:00 TRACE 26748 --- [mentee-power-crm] [    Test worker] org.hibernate.orm.jdbc.bind              : binding parameter (3:UUID) <- [3e50bf96-bd1b-4650-91db-673fde9a6345]
    2026-06-23T23:14:16.511+03:00 DEBUG 26748 --- [mentee-power-crm] [    Test worker] org.hibernate.SQL                        : 
        /* insert for
            ru.mentee.power.crm.model.Lead */insert 
        into
            leads (company_id, created_at, email, name, status, version, id) 
        values
            (?, ?, ?, ?, ?, ?, ?)
    Hibernate: 
        /* insert for
            ru.mentee.power.crm.model.Lead */insert 
        into
            leads (company_id, created_at, email, name, status, version, id) 
        values
            (?, ?, ?, ?, ?, ?, ?)
    2026-06-23T23:14:16.511+03:00 TRACE 26748 --- [mentee-power-crm] [    Test worker] org.hibernate.orm.jdbc.bind              : binding parameter (1:UUID) <- [3e50bf96-bd1b-4650-91db-673fde9a6345]
    2026-06-23T23:14:16.511+03:00 TRACE 26748 --- [mentee-power-crm] [    Test worker] org.hibernate.orm.jdbc.bind              : binding parameter (2:TIMESTAMP) <- [2026-06-23T23:14:16.486980900]
    2026-06-23T23:14:16.511+03:00 TRACE 26748 --- [mentee-power-crm] [    Test worker] org.hibernate.orm.jdbc.bind              : binding parameter (3:VARCHAR) <- [lead2@example.com]
    2026-06-23T23:14:16.511+03:00 TRACE 26748 --- [mentee-power-crm] [    Test worker] org.hibernate.orm.jdbc.bind              : binding parameter (4:VARCHAR) <- [Name2]
    2026-06-23T23:14:16.511+03:00 TRACE 26748 --- [mentee-power-crm] [    Test worker] org.hibernate.orm.jdbc.bind              : binding parameter (5:ENUM) <- [NEW]
    2026-06-23T23:14:16.511+03:00 TRACE 26748 --- [mentee-power-crm] [    Test worker] org.hibernate.orm.jdbc.bind              : binding parameter (6:BIGINT) <- [0]
    2026-06-23T23:14:16.511+03:00 TRACE 26748 --- [mentee-power-crm] [    Test worker] org.hibernate.orm.jdbc.bind              : binding parameter (7:UUID) <- [c65245e6-f510-4a82-9940-f885bcad84ec]
    2026-06-23T23:14:16.512+03:00 DEBUG 26748 --- [mentee-power-crm] [    Test worker] org.hibernate.SQL                        : 
        /* insert for
            ru.mentee.power.crm.model.Company */insert 
        into
            companies (industry, name, id) 
        values
            (?, ?, ?)
    Hibernate: 
        /* insert for
            ru.mentee.power.crm.model.Company */insert 
        into
            companies (industry, name, id) 
        values
            (?, ?, ?)
    2026-06-23T23:14:16.512+03:00 TRACE 26748 --- [mentee-power-crm] [    Test worker] org.hibernate.orm.jdbc.bind              : binding parameter (1:VARCHAR) <- [TestIndustry]
    2026-06-23T23:14:16.512+03:00 TRACE 26748 --- [mentee-power-crm] [    Test worker] org.hibernate.orm.jdbc.bind              : binding parameter (2:VARCHAR) <- [Company 3]
    2026-06-23T23:14:16.512+03:00 TRACE 26748 --- [mentee-power-crm] [    Test worker] org.hibernate.orm.jdbc.bind              : binding parameter (3:UUID) <- [75e9d13a-3d9c-40b1-9470-acbbb6e48281]
    2026-06-23T23:14:16.513+03:00 DEBUG 26748 --- [mentee-power-crm] [    Test worker] org.hibernate.SQL                        : 
        /* insert for
            ru.mentee.power.crm.model.Lead */insert 
        into
            leads (company_id, created_at, email, name, status, version, id) 
        values
            (?, ?, ?, ?, ?, ?, ?)
    Hibernate: 
        /* insert for
            ru.mentee.power.crm.model.Lead */insert 
        into
            leads (company_id, created_at, email, name, status, version, id) 
        values
            (?, ?, ?, ?, ?, ?, ?)
    2026-06-23T23:14:16.513+03:00 TRACE 26748 --- [mentee-power-crm] [    Test worker] org.hibernate.orm.jdbc.bind              : binding parameter (1:UUID) <- [75e9d13a-3d9c-40b1-9470-acbbb6e48281]
    2026-06-23T23:14:16.513+03:00 TRACE 26748 --- [mentee-power-crm] [    Test worker] org.hibernate.orm.jdbc.bind              : binding parameter (2:TIMESTAMP) <- [2026-06-23T23:14:16.486980900]
    2026-06-23T23:14:16.513+03:00 TRACE 26748 --- [mentee-power-crm] [    Test worker] org.hibernate.orm.jdbc.bind              : binding parameter (3:VARCHAR) <- [lead3@example.com]
    2026-06-23T23:14:16.513+03:00 TRACE 26748 --- [mentee-power-crm] [    Test worker] org.hibernate.orm.jdbc.bind              : binding parameter (4:VARCHAR) <- [Name3]
    2026-06-23T23:14:16.513+03:00 TRACE 26748 --- [mentee-power-crm] [    Test worker] org.hibernate.orm.jdbc.bind              : binding parameter (5:ENUM) <- [NEW]
    2026-06-23T23:14:16.513+03:00 TRACE 26748 --- [mentee-power-crm] [    Test worker] org.hibernate.orm.jdbc.bind              : binding parameter (6:BIGINT) <- [0]
    2026-06-23T23:14:16.513+03:00 TRACE 26748 --- [mentee-power-crm] [    Test worker] org.hibernate.orm.jdbc.bind              : binding parameter (7:UUID) <- [ef706c0b-f5c8-44dd-95cc-a736dcd4a35f]
    2026-06-23T23:14:16.513+03:00 DEBUG 26748 --- [mentee-power-crm] [    Test worker] org.hibernate.SQL                        : 
        /* <criteria> */ select
            l1_0.id,
            l1_0.company_id,
            l1_0.created_at,
            l1_0.email,
            l1_0.name,
            l1_0.status,
            l1_0.version 
        from
            leads l1_0
    Hibernate: 
        /* <criteria> */ select
            l1_0.id,
            l1_0.company_id,
            l1_0.created_at,
            l1_0.email,
            l1_0.name,
            l1_0.status,
            l1_0.version 
        from
            leads l1_0
    2026-06-23T23:14:16.516+03:00 DEBUG 26748 --- [mentee-power-crm] [    Test worker] org.hibernate.SQL                        : 
        /* <criteria> */ select
            c1_0.id,
            c1_0.industry,
            c1_0.name 
        from
            companies c1_0
    Hibernate: 
        /* <criteria> */ select
            c1_0.id,
            c1_0.industry,
            c1_0.name 
        from
            companies c1_0

LeadServiceTest > convertLeadToDealShouldCommitOnSuccess() STANDARD_OUT
    2026-06-23T23:14:16.521+03:00 DEBUG 26748 --- [mentee-power-crm] [    Test worker] org.hibernate.SQL                        : 
        /* <criteria> */ select
            l1_0.id,
            l1_0.company_id,
            l1_0.created_at,
            l1_0.email,
            l1_0.name,
            l1_0.status,
            l1_0.version 
        from
            leads l1_0
    Hibernate: 
        /* <criteria> */ select
            l1_0.id,
            l1_0.company_id,
            l1_0.created_at,
            l1_0.email,
            l1_0.name,
            l1_0.status,
            l1_0.version 
        from
            leads l1_0
    2026-06-23T23:14:16.523+03:00 DEBUG 26748 --- [mentee-power-crm] [    Test worker] org.hibernate.SQL                        : 
        /* <criteria> */ select
            c1_0.id,
            c1_0.industry,
            c1_0.name 
        from
            companies c1_0
    Hibernate: 
        /* <criteria> */ select
            c1_0.id,
            c1_0.industry,
            c1_0.name 
        from
            companies c1_0
    2026-06-23T23:14:16.525+03:00 DEBUG 26748 --- [mentee-power-crm] [    Test worker] org.hibernate.SQL                        : 
        /* insert for
            ru.mentee.power.crm.model.Company */insert 
        into
            companies (industry, name, id) 
        values
            (?, ?, ?)
    Hibernate: 
        /* insert for
            ru.mentee.power.crm.model.Company */insert 
        into
            companies (industry, name, id) 
        values
            (?, ?, ?)
    2026-06-23T23:14:16.526+03:00 TRACE 26748 --- [mentee-power-crm] [    Test worker] org.hibernate.orm.jdbc.bind              : binding parameter (1:VARCHAR) <- [TestIndustry]
    2026-06-23T23:14:16.526+03:00 TRACE 26748 --- [mentee-power-crm] [    Test worker] org.hibernate.orm.jdbc.bind              : binding parameter (2:VARCHAR) <- [Company 1]
    2026-06-23T23:14:16.526+03:00 TRACE 26748 --- [mentee-power-crm] [    Test worker] org.hibernate.orm.jdbc.bind              : binding parameter (3:UUID) <- [a663cadc-4029-43eb-bdf0-a09d068f6263]
    2026-06-23T23:14:16.527+03:00 DEBUG 26748 --- [mentee-power-crm] [    Test worker] org.hibernate.SQL                        : 
        /* insert for
            ru.mentee.power.crm.model.Lead */insert 
        into
            leads (company_id, created_at, email, name, status, version, id) 
        values
            (?, ?, ?, ?, ?, ?, ?)
    Hibernate: 
        /* insert for
            ru.mentee.power.crm.model.Lead */insert 
        into
            leads (company_id, created_at, email, name, status, version, id) 
        values
            (?, ?, ?, ?, ?, ?, ?)
    2026-06-23T23:14:16.527+03:00 TRACE 26748 --- [mentee-power-crm] [    Test worker] org.hibernate.orm.jdbc.bind              : binding parameter (1:UUID) <- [a663cadc-4029-43eb-bdf0-a09d068f6263]
    2026-06-23T23:14:16.527+03:00 TRACE 26748 --- [mentee-power-crm] [    Test worker] org.hibernate.orm.jdbc.bind              : binding parameter (2:TIMESTAMP) <- [2026-06-23T23:14:16.525556200]
    2026-06-23T23:14:16.527+03:00 TRACE 26748 --- [mentee-power-crm] [    Test worker] org.hibernate.orm.jdbc.bind              : binding parameter (3:VARCHAR) <- [lead1@example.com]
    2026-06-23T23:14:16.527+03:00 TRACE 26748 --- [mentee-power-crm] [    Test worker] org.hibernate.orm.jdbc.bind              : binding parameter (4:VARCHAR) <- [Name1]
    2026-06-23T23:14:16.527+03:00 TRACE 26748 --- [mentee-power-crm] [    Test worker] org.hibernate.orm.jdbc.bind              : binding parameter (5:ENUM) <- [NEW]
    2026-06-23T23:14:16.527+03:00 TRACE 26748 --- [mentee-power-crm] [    Test worker] org.hibernate.orm.jdbc.bind              : binding parameter (6:BIGINT) <- [0]
    2026-06-23T23:14:16.527+03:00 TRACE 26748 --- [mentee-power-crm] [    Test worker] org.hibernate.orm.jdbc.bind              : binding parameter (7:UUID) <- [7754c4d6-c4cc-4105-888b-968630ac15d4]
    2026-06-23T23:14:16.529+03:00 DEBUG 26748 --- [mentee-power-crm] [    Test worker] org.hibernate.SQL                        : 
        /* insert for
            ru.mentee.power.crm.model.Company */insert 
        into
            companies (industry, name, id) 
        values
            (?, ?, ?)
    Hibernate: 
        /* insert for
            ru.mentee.power.crm.model.Company */insert 
        into
            companies (industry, name, id) 
        values
            (?, ?, ?)
    2026-06-23T23:14:16.530+03:00 TRACE 26748 --- [mentee-power-crm] [    Test worker] org.hibernate.orm.jdbc.bind              : binding parameter (1:VARCHAR) <- [TestIndustry]
    2026-06-23T23:14:16.530+03:00 TRACE 26748 --- [mentee-power-crm] [    Test worker] org.hibernate.orm.jdbc.bind              : binding parameter (2:VARCHAR) <- [Company 2]
    2026-06-23T23:14:16.530+03:00 TRACE 26748 --- [mentee-power-crm] [    Test worker] org.hibernate.orm.jdbc.bind              : binding parameter (3:UUID) <- [3b0c7f85-339f-47f2-ac30-6a8ee57641ed]
    2026-06-23T23:14:16.530+03:00 DEBUG 26748 --- [mentee-power-crm] [    Test worker] org.hibernate.SQL                        : 
        /* insert for
            ru.mentee.power.crm.model.Lead */insert 
        into
            leads (company_id, created_at, email, name, status, version, id) 
        values
            (?, ?, ?, ?, ?, ?, ?)
    Hibernate: 
        /* insert for
            ru.mentee.power.crm.model.Lead */insert 
        into
            leads (company_id, created_at, email, name, status, version, id) 
        values
            (?, ?, ?, ?, ?, ?, ?)
    2026-06-23T23:14:16.531+03:00 TRACE 26748 --- [mentee-power-crm] [    Test worker] org.hibernate.orm.jdbc.bind              : binding parameter (1:UUID) <- [3b0c7f85-339f-47f2-ac30-6a8ee57641ed]
    2026-06-23T23:14:16.531+03:00 TRACE 26748 --- [mentee-power-crm] [    Test worker] org.hibernate.orm.jdbc.bind              : binding parameter (2:TIMESTAMP) <- [2026-06-23T23:14:16.529571900]
    2026-06-23T23:14:16.531+03:00 TRACE 26748 --- [mentee-power-crm] [    Test worker] org.hibernate.orm.jdbc.bind              : binding parameter (3:VARCHAR) <- [lead2@example.com]
    2026-06-23T23:14:16.531+03:00 TRACE 26748 --- [mentee-power-crm] [    Test worker] org.hibernate.orm.jdbc.bind              : binding parameter (4:VARCHAR) <- [Name2]
    2026-06-23T23:14:16.531+03:00 TRACE 26748 --- [mentee-power-crm] [    Test worker] org.hibernate.orm.jdbc.bind              : binding parameter (5:ENUM) <- [NEW]
    2026-06-23T23:14:16.531+03:00 TRACE 26748 --- [mentee-power-crm] [    Test worker] org.hibernate.orm.jdbc.bind              : binding parameter (6:BIGINT) <- [0]
    2026-06-23T23:14:16.531+03:00 TRACE 26748 --- [mentee-power-crm] [    Test worker] org.hibernate.orm.jdbc.bind              : binding parameter (7:UUID) <- [03cae307-91d1-41bc-a706-6989e4d6e854]
    2026-06-23T23:14:16.533+03:00 DEBUG 26748 --- [mentee-power-crm] [    Test worker] org.hibernate.SQL                        : 
        /* insert for
            ru.mentee.power.crm.model.Company */insert 
        into
            companies (industry, name, id) 
        values
            (?, ?, ?)
    Hibernate: 
        /* insert for
            ru.mentee.power.crm.model.Company */insert 
        into
            companies (industry, name, id) 
        values
            (?, ?, ?)
    2026-06-23T23:14:16.533+03:00 TRACE 26748 --- [mentee-power-crm] [    Test worker] org.hibernate.orm.jdbc.bind              : binding parameter (1:VARCHAR) <- [TestIndustry]
    2026-06-23T23:14:16.533+03:00 TRACE 26748 --- [mentee-power-crm] [    Test worker] org.hibernate.orm.jdbc.bind              : binding parameter (2:VARCHAR) <- [Company 3]
    2026-06-23T23:14:16.533+03:00 TRACE 26748 --- [mentee-power-crm] [    Test worker] org.hibernate.orm.jdbc.bind              : binding parameter (3:UUID) <- [3a2d2eae-3c73-4b8b-a2ff-78830469a377]
    2026-06-23T23:14:16.534+03:00 DEBUG 26748 --- [mentee-power-crm] [    Test worker] org.hibernate.SQL                        : 
        /* insert for
            ru.mentee.power.crm.model.Lead */insert 
        into
            leads (company_id, created_at, email, name, status, version, id) 
        values
            (?, ?, ?, ?, ?, ?, ?)
    Hibernate: 
        /* insert for
            ru.mentee.power.crm.model.Lead */insert 
        into
            leads (company_id, created_at, email, name, status, version, id) 
        values
            (?, ?, ?, ?, ?, ?, ?)
    2026-06-23T23:14:16.534+03:00 TRACE 26748 --- [mentee-power-crm] [    Test worker] org.hibernate.orm.jdbc.bind              : binding parameter (1:UUID) <- [3a2d2eae-3c73-4b8b-a2ff-78830469a377]
    2026-06-23T23:14:16.534+03:00 TRACE 26748 --- [mentee-power-crm] [    Test worker] org.hibernate.orm.jdbc.bind              : binding parameter (2:TIMESTAMP) <- [2026-06-23T23:14:16.532582400]
    2026-06-23T23:14:16.534+03:00 TRACE 26748 --- [mentee-power-crm] [    Test worker] org.hibernate.orm.jdbc.bind              : binding parameter (3:VARCHAR) <- [lead3@example.com]
    2026-06-23T23:14:16.534+03:00 TRACE 26748 --- [mentee-power-crm] [    Test worker] org.hibernate.orm.jdbc.bind              : binding parameter (4:VARCHAR) <- [Name3]
    2026-06-23T23:14:16.534+03:00 TRACE 26748 --- [mentee-power-crm] [    Test worker] org.hibernate.orm.jdbc.bind              : binding parameter (5:ENUM) <- [NEW]
    2026-06-23T23:14:16.535+03:00 TRACE 26748 --- [mentee-power-crm] [    Test worker] org.hibernate.orm.jdbc.bind              : binding parameter (6:BIGINT) <- [0]
    2026-06-23T23:14:16.535+03:00 TRACE 26748 --- [mentee-power-crm] [    Test worker] org.hibernate.orm.jdbc.bind              : binding parameter (7:UUID) <- [2a776124-fded-4ed6-82f3-35eea9670a79]
    2026-06-23T23:14:16.537+03:00 DEBUG 26748 --- [mentee-power-crm] [    Test worker] org.hibernate.SQL                        : 
        /* <criteria> */ select
            l1_0.id,
            l1_0.company_id,
            l1_0.created_at,
            l1_0.email,
            l1_0.name,
            l1_0.status,
            l1_0.version 
        from
            leads l1_0
    Hibernate: 
        /* <criteria> */ select
            l1_0.id,
            l1_0.company_id,
            l1_0.created_at,
            l1_0.email,
            l1_0.name,
            l1_0.status,
            l1_0.version 
        from
            leads l1_0
    2026-06-23T23:14:16.540+03:00 DEBUG 26748 --- [mentee-power-crm] [    Test worker] org.hibernate.SQL                        : 
        select
            l1_0.id,
            l1_0.company_id,
            l1_0.created_at,
            l1_0.email,
            l1_0.name,
            l1_0.status,
            l1_0.version 
        from
            leads l1_0 
        where
            l1_0.id=?
    Hibernate: 
        select
            l1_0.id,
            l1_0.company_id,
            l1_0.created_at,
            l1_0.email,
            l1_0.name,
            l1_0.status,
            l1_0.version 
        from
            leads l1_0 
        where
            l1_0.id=?
    2026-06-23T23:14:16.540+03:00 TRACE 26748 --- [mentee-power-crm] [    Test worker] org.hibernate.orm.jdbc.bind              : binding parameter (1:UUID) <- [7754c4d6-c4cc-4105-888b-968630ac15d4]
    2026-06-23T23:14:16.543+03:00 DEBUG 26748 --- [mentee-power-crm] [    Test worker] org.hibernate.SQL                        : 
        /* insert for
            ru.mentee.power.crm.model.Deal */insert 
        into
            deals (amount, created_at, lead_id, stage, id) 
        values
            (?, ?, ?, ?, ?)
    Hibernate: 
        /* insert for
            ru.mentee.power.crm.model.Deal */insert 
        into
            deals (amount, created_at, lead_id, stage, id) 
        values
            (?, ?, ?, ?, ?)
    2026-06-23T23:14:16.544+03:00 TRACE 26748 --- [mentee-power-crm] [    Test worker] org.hibernate.orm.jdbc.bind              : binding parameter (1:NUMERIC) <- [10000]
    2026-06-23T23:14:16.544+03:00 TRACE 26748 --- [mentee-power-crm] [    Test worker] org.hibernate.orm.jdbc.bind              : binding parameter (2:TIMESTAMP) <- [2026-06-23T23:14:16.542082800]
    2026-06-23T23:14:16.544+03:00 TRACE 26748 --- [mentee-power-crm] [    Test worker] org.hibernate.orm.jdbc.bind              : binding parameter (3:UUID) <- [7754c4d6-c4cc-4105-888b-968630ac15d4]
    2026-06-23T23:14:16.544+03:00 TRACE 26748 --- [mentee-power-crm] [    Test worker] org.hibernate.orm.jdbc.bind              : binding parameter (4:ENUM) <- [NEW]
    2026-06-23T23:14:16.544+03:00 TRACE 26748 --- [mentee-power-crm] [    Test worker] org.hibernate.orm.jdbc.bind              : binding parameter (5:UUID) <- [0c199935-9e87-401c-92c7-5e605be002d5]
    2026-06-23T23:14:16.545+03:00 DEBUG 26748 --- [mentee-power-crm] [    Test worker] org.hibernate.SQL                        : 
        /* update
            for ru.mentee.power.crm.model.Lead */update leads 
        set
            company_id=?,
            email=?,
            name=?,
            status=?,
            version=? 
        where
            id=? 
            and version=?
    Hibernate: 
        /* update
            for ru.mentee.power.crm.model.Lead */update leads 
        set
            company_id=?,
            email=?,
            name=?,
            status=?,
            version=? 
        where
            id=? 
            and version=?
    2026-06-23T23:14:16.546+03:00 TRACE 26748 --- [mentee-power-crm] [    Test worker] org.hibernate.orm.jdbc.bind              : binding parameter (1:UUID) <- [a663cadc-4029-43eb-bdf0-a09d068f6263]
    2026-06-23T23:14:16.546+03:00 TRACE 26748 --- [mentee-power-crm] [    Test worker] org.hibernate.orm.jdbc.bind              : binding parameter (2:VARCHAR) <- [lead1@example.com]
    2026-06-23T23:14:16.546+03:00 TRACE 26748 --- [mentee-power-crm] [    Test worker] org.hibernate.orm.jdbc.bind              : binding parameter (3:VARCHAR) <- [Name1]
    2026-06-23T23:14:16.546+03:00 TRACE 26748 --- [mentee-power-crm] [    Test worker] org.hibernate.orm.jdbc.bind              : binding parameter (4:ENUM) <- [CONTACTED]
    2026-06-23T23:14:16.546+03:00 TRACE 26748 --- [mentee-power-crm] [    Test worker] org.hibernate.orm.jdbc.bind              : binding parameter (5:BIGINT) <- [1]
    2026-06-23T23:14:16.546+03:00 TRACE 26748 --- [mentee-power-crm] [    Test worker] org.hibernate.orm.jdbc.bind              : binding parameter (6:UUID) <- [7754c4d6-c4cc-4105-888b-968630ac15d4]
    2026-06-23T23:14:16.546+03:00 TRACE 26748 --- [mentee-power-crm] [    Test worker] org.hibernate.orm.jdbc.bind              : binding parameter (7:BIGINT) <- [0]
    2026-06-23T23:14:16.548+03:00 DEBUG 26748 --- [mentee-power-crm] [    Test worker] org.hibernate.SQL                        : 
        select
            l1_0.id,
            l1_0.company_id,
            l1_0.created_at,
            l1_0.email,
            l1_0.name,
            l1_0.status,
            l1_0.version 
        from
            leads l1_0 
        where
            l1_0.id=?
    Hibernate: 
        select
            l1_0.id,
            l1_0.company_id,
            l1_0.created_at,
            l1_0.email,
            l1_0.name,
            l1_0.status,
            l1_0.version 
        from
            leads l1_0 
        where
            l1_0.id=?
    2026-06-23T23:14:16.548+03:00 TRACE 26748 --- [mentee-power-crm] [    Test worker] org.hibernate.orm.jdbc.bind              : binding parameter (1:UUID) <- [7754c4d6-c4cc-4105-888b-968630ac15d4]
    2026-06-23T23:14:16.551+03:00 DEBUG 26748 --- [mentee-power-crm] [    Test worker] org.hibernate.SQL                        : 
        /* <criteria> */ select
            l1_0.id,
            l1_0.company_id,
            l1_0.created_at,
            l1_0.email,
            l1_0.name,
            l1_0.status,
            l1_0.version 
        from
            leads l1_0
    Hibernate: 
        /* <criteria> */ select
            l1_0.id,
            l1_0.company_id,
            l1_0.created_at,
            l1_0.email,
            l1_0.name,
            l1_0.status,
            l1_0.version 
        from
            leads l1_0
    2026-06-23T23:14:16.554+03:00 DEBUG 26748 --- [mentee-power-crm] [    Test worker] org.hibernate.SQL                        : 
        /* delete for ru.mentee.power.crm.model.Lead */delete 
        from
            leads 
        where
            id=? 
            and version=?
    Hibernate: 
        /* delete for ru.mentee.power.crm.model.Lead */delete 
        from
            leads 
        where
            id=? 
            and version=?
    2026-06-23T23:14:16.554+03:00 TRACE 26748 --- [mentee-power-crm] [    Test worker] org.hibernate.orm.jdbc.bind              : binding parameter (1:UUID) <- [7754c4d6-c4cc-4105-888b-968630ac15d4]
    2026-06-23T23:14:16.554+03:00 TRACE 26748 --- [mentee-power-crm] [    Test worker] org.hibernate.orm.jdbc.bind              : binding parameter (2:BIGINT) <- [1]
    2026-06-23T23:14:16.556+03:00  WARN 26748 --- [mentee-power-crm] [    Test worker] o.h.engine.jdbc.spi.SqlExceptionHelper   : SQL Error: 23503, SQLState: 23503
    2026-06-23T23:14:16.556+03:00 ERROR 26748 --- [mentee-power-crm] [    Test worker] o.h.engine.jdbc.spi.SqlExceptionHelper   : Нарушение ссылочной целостности: "CONSTRAINT_3D: PUBLIC.DEALS FOREIGN KEY(LEAD_ID) REFERENCES PUBLIC.LEADS(ID) (UUID '7754c4d6-c4cc-4105-888b-968630ac15d4')"
    Referential integrity constraint violation: "CONSTRAINT_3D: PUBLIC.DEALS FOREIGN KEY(LEAD_ID) REFERENCES PUBLIC.LEADS(ID) (UUID '7754c4d6-c4cc-4105-888b-968630ac15d4')"; SQL statement:
    /* delete for ru.mentee.power.crm.model.Le [23503-232]

LeadServiceTest > convertLeadToDealShouldCommitOnSuccess() FAILED
    org.springframework.dao.DataIntegrityViolationException: could not execute statement [Нарушение ссылочной целостности: "CONSTRAINT_3D: PUBLIC.DEALS FOREIGN KEY(LEAD_ID) REFERENCES PUBLIC.LEADS(ID) (UUID '7754c4d6-c4cc-4105-888b-968630ac15d4')"
    Referential integrity constraint violation: "CONSTRAINT_3D: PUBLIC.DEALS FOREIGN KEY(LEAD_ID) REFERENCES PUBLIC.LEADS(ID) (UUID '7754c4d6-c4cc-4105-888b-968630ac15d4')"; SQL statement:
    /* delete for ru.mentee.power.crm.model.Le [23503-232]] [/* delete for ru.mentee.power.crm.model.Lead */delete from leads where id=? and version=?]; SQL [/* delete for ru.mentee.power.crm.model.Lead */delete from leads where id=? and version=?]; constraint [CONSTRAINT_3D: PUBLIC.DEALS FOREIGN KEY(LEAD_ID) REFERENCES PUBLIC.LEADS(ID) (UUID '7754c4d6-c4cc-4105-888b-968630ac15d4'); SQL statement:
    /* delete for ru.mentee.power.crm.model.Le [23503-232]]
        at app//org.springframework.orm.jpa.vendor.HibernateJpaDialect.convertHibernateAccessException(HibernateJpaDialect.java:294)
        at app//org.springframework.orm.jpa.vendor.HibernateJpaDialect.convertHibernateAccessException(HibernateJpaDialect.java:256)
        at app//org.springframework.orm.jpa.vendor.HibernateJpaDialect.translateExceptionIfPossible(HibernateJpaDialect.java:241)
        at app//org.springframework.orm.jpa.JpaTransactionManager.doCommit(JpaTransactionManager.java:567)
        at app//org.springframework.transaction.support.AbstractPlatformTransactionManager.processCommit(AbstractPlatformTransactionManager.java:795)
        at app//org.springframework.transaction.support.AbstractPlatformTransactionManager.commit(AbstractPlatformTransactionManager.java:758)
        at app//org.springframework.transaction.interceptor.TransactionAspectSupport.commitTransactionAfterReturning(TransactionAspectSupport.java:698)
        at app//org.springframework.transaction.interceptor.TransactionAspectSupport.invokeWithinTransaction(TransactionAspectSupport.java:416)
        at app//org.springframework.transaction.interceptor.TransactionInterceptor.invoke(TransactionInterceptor.java:119)
        at app//org.springframework.aop.framework.ReflectiveMethodInvocation.proceed(ReflectiveMethodInvocation.java:184)
        at app//org.springframework.dao.support.PersistenceExceptionTranslationInterceptor.invoke(PersistenceExceptionTranslationInterceptor.java:138)
        at app//org.springframework.aop.framework.ReflectiveMethodInvocation.proceed(ReflectiveMethodInvocation.java:184)
        at app//org.springframework.data.jpa.repository.support.CrudMethodMetadataPostProcessor$CrudMethodMetadataPopulatingMethodInterceptor.invoke(CrudMethodMetadataPostProcessor.java:165)
        at app//org.springframework.aop.framework.ReflectiveMethodInvocation.proceed(ReflectiveMethodInvocation.java:184)
        at app//org.springframework.aop.framework.JdkDynamicAopProxy.invoke(JdkDynamicAopProxy.java:223)
        at app/jdk.proxy3/jdk.proxy3.$Proxy170.deleteAll(Unknown Source)
        at app//ru.mentee.power.crm.spring.service.LeadServiceTest.tearDown(LeadServiceTest.java:64)

        Caused by:
        org.hibernate.exception.ConstraintViolationException: could not execute statement [Нарушение ссылочной целостности: "CONSTRAINT_3D: PUBLIC.DEALS FOREIGN KEY(LEAD_ID) REFERENCES PUBLIC.LEADS(ID) (UUID '7754c4d6-c4cc-4105-888b-968630ac15d4')"
        Referential integrity constraint violation: "CONSTRAINT_3D: PUBLIC.DEALS FOREIGN KEY(LEAD_ID) REFERENCES PUBLIC.LEADS(ID) (UUID '7754c4d6-c4cc-4105-888b-968630ac15d4')"; SQL statement:
        /* delete for ru.mentee.power.crm.model.Le [23503-232]] [/* delete for ru.mentee.power.crm.model.Lead */delete from leads where id=? and version=?]
            at app//org.hibernate.exception.internal.SQLExceptionTypeDelegate.convert(SQLExceptionTypeDelegate.java:62)
            at app//org.hibernate.exception.internal.StandardSQLExceptionConverter.convert(StandardSQLExceptionConverter.java:58)
            at app//org.hibernate.engine.jdbc.spi.SqlExceptionHelper.convert(SqlExceptionHelper.java:108)
            at app//org.hibernate.engine.jdbc.internal.ResultSetReturnImpl.executeUpdate(ResultSetReturnImpl.java:197)
            at app//org.hibernate.engine.jdbc.mutation.internal.AbstractMutationExecutor.performNonBatchedMutation(AbstractMutationExecutor.java:134)
            at app//org.hibernate.engine.jdbc.mutation.internal.MutationExecutorSingleNonBatched.performNonBatchedOperations(MutationExecutorSingleNonBatched.java:55)
            at app//org.hibernate.engine.jdbc.mutation.internal.AbstractMutationExecutor.execute(AbstractMutationExecutor.java:55)
            at app//org.hibernate.persister.entity.mutation.AbstractDeleteCoordinator.doStaticDelete(AbstractDeleteCoordinator.java:280)
            at app//org.hibernate.persister.entity.mutation.AbstractDeleteCoordinator.delete(AbstractDeleteCoordinator.java:87)
            at app//org.hibernate.action.internal.EntityDeleteAction.execute(EntityDeleteAction.java:131)
            at app//org.hibernate.engine.spi.ActionQueue.executeActions(ActionQueue.java:644)
            at app//org.hibernate.engine.spi.ActionQueue.executeActions(ActionQueue.java:511)
            at app//org.hibernate.event.internal.AbstractFlushingEventListener.performExecutions(AbstractFlushingEventListener.java:414)
            at app//org.hibernate.event.internal.DefaultFlushEventListener.onFlush(DefaultFlushEventListener.java:41)
            at app//org.hibernate.event.service.internal.EventListenerGroupImpl.fireEventOnEachListener(EventListenerGroupImpl.java:127)
            at app//org.hibernate.internal.SessionImpl.doFlush(SessionImpl.java:1429)
            at app//org.hibernate.internal.SessionImpl.managedFlush(SessionImpl.java:491)
            at app//org.hibernate.internal.SessionImpl.flushBeforeTransactionCompletion(SessionImpl.java:2354)
            at app//org.hibernate.internal.SessionImpl.beforeTransactionCompletion(SessionImpl.java:1978)
            at app//org.hibernate.engine.jdbc.internal.JdbcCoordinatorImpl.beforeTransactionCompletion(JdbcCoordinatorImpl.java:439)
            at app//org.hibernate.resource.transaction.backend.jdbc.internal.JdbcResourceLocalTransactionCoordinatorImpl.beforeCompletionCallback(JdbcResourceLocalTransactionCoordinatorImpl.java:169)
            at app//org.hibernate.resource.transaction.backend.jdbc.internal.JdbcResourceLocalTransactionCoordinatorImpl$TransactionDriverControlImpl.commit(JdbcResourceLocalTransactionCoordinatorImpl.java:267)
            at app//org.hibernate.engine.transaction.internal.TransactionImpl.commit(TransactionImpl.java:101)
            at app//org.springframework.orm.jpa.JpaTransactionManager.doCommit(JpaTransactionManager.java:563)
            ... 13 more

            Caused by:
            org.h2.jdbc.JdbcSQLIntegrityConstraintViolationException: Нарушение ссылочной целостности: "CONSTRAINT_3D: PUBLIC.DEALS FOREIGN KEY(LEAD_ID) REFERENCES PUBLIC.LEADS(ID) (UUID '7754c4d6-c4cc-4105-888b-968630ac15d4')"
            Referential integrity constraint violation: "CONSTRAINT_3D: PUBLIC.DEALS FOREIGN KEY(LEAD_ID) REFERENCES PUBLIC.LEADS(ID) (UUID '7754c4d6-c4cc-4105-888b-968630ac15d4')"; SQL statement:
            /* delete for ru.mentee.power.crm.model.Le [23503-232]
                at app//org.h2.message.DbException.getJdbcSQLException(DbException.java:520)
                at app//org.h2.message.DbException.getJdbcSQLException(DbException.java:489)
                at app//org.h2.message.DbException.get(DbException.java:223)
                at app//org.h2.message.DbException.get(DbException.java:199)
                at app//org.h2.constraint.ConstraintReferential.checkRow(ConstraintReferential.java:362)
                at app//org.h2.constraint.ConstraintReferential.checkRowRefTable(ConstraintReferential.java:379)
                at app//org.h2.constraint.ConstraintReferential.checkRow(ConstraintReferential.java:253)
                at app//org.h2.table.Table.fireConstraints(Table.java:1227)
                at app//org.h2.table.Table.fireAfterRow(Table.java:1245)
                at app//org.h2.command.dml.Delete.update(Delete.java:92)
                at app//org.h2.command.dml.DataChangeStatement.update(DataChangeStatement.java:74)
                at app//org.h2.command.CommandContainer.update(CommandContainer.java:139)
                at app//org.h2.command.Command.executeUpdate(Command.java:304)
                at app//org.h2.command.Command.executeUpdate(Command.java:248)
                at app//org.h2.jdbc.JdbcPreparedStatement.executeUpdateInternal(JdbcPreparedStatement.java:213)
                at app//org.h2.jdbc.JdbcPreparedStatement.executeUpdate(JdbcPreparedStatement.java:172)
                at app//com.zaxxer.hikari.pool.ProxyPreparedStatement.executeUpdate(ProxyPreparedStatement.java:61)
                at app//com.zaxxer.hikari.pool.HikariProxyPreparedStatement.executeUpdate(HikariProxyPreparedStatement.java)
                at app//org.hibernate.engine.jdbc.internal.ResultSetReturnImpl.executeUpdate(ResultSetReturnImpl.java:194)
                ... 33 more

LeadServiceTest > testPropagationMandatoryMethodShouldTrowExceptionWithoutTransaction() STANDARD_OUT
    2026-06-23T23:14:16.570+03:00 DEBUG 26748 --- [mentee-power-crm] [    Test worker] org.hibernate.SQL                        : 
        /* <criteria> */ select
            l1_0.id,
            l1_0.company_id,
            l1_0.created_at,
            l1_0.email,
            l1_0.name,
            l1_0.status,
            l1_0.version 
        from
            leads l1_0
    Hibernate: 
        /* <criteria> */ select
            l1_0.id,
            l1_0.company_id,
            l1_0.created_at,
            l1_0.email,
            l1_0.name,
            l1_0.status,
            l1_0.version 
        from
            leads l1_0
    2026-06-23T23:14:16.573+03:00 DEBUG 26748 --- [mentee-power-crm] [    Test worker] org.hibernate.SQL                        : 
        /* delete for ru.mentee.power.crm.model.Lead */delete 
        from
            leads 
        where
            id=? 
            and version=?
    Hibernate: 
        /* delete for ru.mentee.power.crm.model.Lead */delete 
        from
            leads 
        where
            id=? 
            and version=?
    2026-06-23T23:14:16.573+03:00 TRACE 26748 --- [mentee-power-crm] [    Test worker] org.hibernate.orm.jdbc.bind              : binding parameter (1:UUID) <- [7754c4d6-c4cc-4105-888b-968630ac15d4]
    2026-06-23T23:14:16.573+03:00 TRACE 26748 --- [mentee-power-crm] [    Test worker] org.hibernate.orm.jdbc.bind              : binding parameter (2:BIGINT) <- [1]
    2026-06-23T23:14:16.574+03:00  WARN 26748 --- [mentee-power-crm] [    Test worker] o.h.engine.jdbc.spi.SqlExceptionHelper   : SQL Error: 23503, SQLState: 23503
    2026-06-23T23:14:16.574+03:00 ERROR 26748 --- [mentee-power-crm] [    Test worker] o.h.engine.jdbc.spi.SqlExceptionHelper   : Нарушение ссылочной целостности: "CONSTRAINT_3D: PUBLIC.DEALS FOREIGN KEY(LEAD_ID) REFERENCES PUBLIC.LEADS(ID) (UUID '7754c4d6-c4cc-4105-888b-968630ac15d4')"
    Referential integrity constraint violation: "CONSTRAINT_3D: PUBLIC.DEALS FOREIGN KEY(LEAD_ID) REFERENCES PUBLIC.LEADS(ID) (UUID '7754c4d6-c4cc-4105-888b-968630ac15d4')"; SQL statement:
    /* delete for ru.mentee.power.crm.model.Le [23503-232]
    2026-06-23T23:14:16.576+03:00 DEBUG 26748 --- [mentee-power-crm] [    Test worker] org.hibernate.SQL                        : 
        /* <criteria> */ select
            l1_0.id,
            l1_0.company_id,
            l1_0.created_at,
            l1_0.email,
            l1_0.name,
            l1_0.status,
            l1_0.version 
        from
            leads l1_0
    Hibernate: 
        /* <criteria> */ select
            l1_0.id,
            l1_0.company_id,
            l1_0.created_at,
            l1_0.email,
            l1_0.name,
            l1_0.status,
            l1_0.version 
        from
            leads l1_0
    2026-06-23T23:14:16.578+03:00 DEBUG 26748 --- [mentee-power-crm] [    Test worker] org.hibernate.SQL                        : 
        /* delete for ru.mentee.power.crm.model.Lead */delete 
        from
            leads 
        where
            id=? 
            and version=?
    Hibernate: 
        /* delete for ru.mentee.power.crm.model.Lead */delete 
        from
            leads 
        where
            id=? 
            and version=?
    2026-06-23T23:14:16.578+03:00 TRACE 26748 --- [mentee-power-crm] [    Test worker] org.hibernate.orm.jdbc.bind              : binding parameter (1:UUID) <- [7754c4d6-c4cc-4105-888b-968630ac15d4]
    2026-06-23T23:14:16.578+03:00 TRACE 26748 --- [mentee-power-crm] [    Test worker] org.hibernate.orm.jdbc.bind              : binding parameter (2:BIGINT) <- [1]
    2026-06-23T23:14:16.578+03:00  WARN 26748 --- [mentee-power-crm] [    Test worker] o.h.engine.jdbc.spi.SqlExceptionHelper   : SQL Error: 23503, SQLState: 23503
    2026-06-23T23:14:16.578+03:00 ERROR 26748 --- [mentee-power-crm] [    Test worker] o.h.engine.jdbc.spi.SqlExceptionHelper   : Нарушение ссылочной целостности: "CONSTRAINT_3D: PUBLIC.DEALS FOREIGN KEY(LEAD_ID) REFERENCES PUBLIC.LEADS(ID) (UUID '7754c4d6-c4cc-4105-888b-968630ac15d4')"
    Referential integrity constraint violation: "CONSTRAINT_3D: PUBLIC.DEALS FOREIGN KEY(LEAD_ID) REFERENCES PUBLIC.LEADS(ID) (UUID '7754c4d6-c4cc-4105-888b-968630ac15d4')"; SQL statement:
    /* delete for ru.mentee.power.crm.model.Le [23503-232]

LeadServiceTest > testPropagationMandatoryMethodShouldTrowExceptionWithoutTransaction() FAILED
    org.springframework.dao.DataIntegrityViolationException: could not execute statement [Нарушение ссылочной целостности: "CONSTRAINT_3D: PUBLIC.DEALS FOREIGN KEY(LEAD_ID) REFERENCES PUBLIC.LEADS(ID) (UUID '7754c4d6-c4cc-4105-888b-968630ac15d4')"
    Referential integrity constraint violation: "CONSTRAINT_3D: PUBLIC.DEALS FOREIGN KEY(LEAD_ID) REFERENCES PUBLIC.LEADS(ID) (UUID '7754c4d6-c4cc-4105-888b-968630ac15d4')"; SQL statement:
    /* delete for ru.mentee.power.crm.model.Le [23503-232]] [/* delete for ru.mentee.power.crm.model.Lead */delete from leads where id=? and version=?]; SQL [/* delete for ru.mentee.power.crm.model.Lead */delete from leads where id=? and version=?]; constraint [CONSTRAINT_3D: PUBLIC.DEALS FOREIGN KEY(LEAD_ID) REFERENCES PUBLIC.LEADS(ID) (UUID '7754c4d6-c4cc-4105-888b-968630ac15d4'); SQL statement:
    /* delete for ru.mentee.power.crm.model.Le [23503-232]]
        at app//org.springframework.orm.jpa.vendor.HibernateJpaDialect.convertHibernateAccessException(HibernateJpaDialect.java:294)
        at app//org.springframework.orm.jpa.vendor.HibernateJpaDialect.convertHibernateAccessException(HibernateJpaDialect.java:256)
        at app//org.springframework.orm.jpa.vendor.HibernateJpaDialect.translateExceptionIfPossible(HibernateJpaDialect.java:241)
        at app//org.springframework.orm.jpa.JpaTransactionManager.doCommit(JpaTransactionManager.java:567)
        at app//org.springframework.transaction.support.AbstractPlatformTransactionManager.processCommit(AbstractPlatformTransactionManager.java:795)
        at app//org.springframework.transaction.support.AbstractPlatformTransactionManager.commit(AbstractPlatformTransactionManager.java:758)
        at app//org.springframework.transaction.interceptor.TransactionAspectSupport.commitTransactionAfterReturning(TransactionAspectSupport.java:698)
        at app//org.springframework.transaction.interceptor.TransactionAspectSupport.invokeWithinTransaction(TransactionAspectSupport.java:416)
        at app//org.springframework.transaction.interceptor.TransactionInterceptor.invoke(TransactionInterceptor.java:119)
        at app//org.springframework.aop.framework.ReflectiveMethodInvocation.proceed(ReflectiveMethodInvocation.java:184)
        at app//org.springframework.dao.support.PersistenceExceptionTranslationInterceptor.invoke(PersistenceExceptionTranslationInterceptor.java:138)
        at app//org.springframework.aop.framework.ReflectiveMethodInvocation.proceed(ReflectiveMethodInvocation.java:184)
        at app//org.springframework.data.jpa.repository.support.CrudMethodMetadataPostProcessor$CrudMethodMetadataPopulatingMethodInterceptor.invoke(CrudMethodMetadataPostProcessor.java:165)
        at app//org.springframework.aop.framework.ReflectiveMethodInvocation.proceed(ReflectiveMethodInvocation.java:184)
        at app//org.springframework.aop.framework.JdkDynamicAopProxy.invoke(JdkDynamicAopProxy.java:223)
        at app/jdk.proxy3/jdk.proxy3.$Proxy170.deleteAll(Unknown Source)
        at app//ru.mentee.power.crm.spring.service.LeadServiceTest.setUp(LeadServiceTest.java:46)

        Caused by:
        org.hibernate.exception.ConstraintViolationException: could not execute statement [Нарушение ссылочной целостности: "CONSTRAINT_3D: PUBLIC.DEALS FOREIGN KEY(LEAD_ID) REFERENCES PUBLIC.LEADS(ID) (UUID '7754c4d6-c4cc-4105-888b-968630ac15d4')"
        Referential integrity constraint violation: "CONSTRAINT_3D: PUBLIC.DEALS FOREIGN KEY(LEAD_ID) REFERENCES PUBLIC.LEADS(ID) (UUID '7754c4d6-c4cc-4105-888b-968630ac15d4')"; SQL statement:
        /* delete for ru.mentee.power.crm.model.Le [23503-232]] [/* delete for ru.mentee.power.crm.model.Lead */delete from leads where id=? and version=?]
            at app//org.hibernate.exception.internal.SQLExceptionTypeDelegate.convert(SQLExceptionTypeDelegate.java:62)
            at app//org.hibernate.exception.internal.StandardSQLExceptionConverter.convert(StandardSQLExceptionConverter.java:58)
            at app//org.hibernate.engine.jdbc.spi.SqlExceptionHelper.convert(SqlExceptionHelper.java:108)
            at app//org.hibernate.engine.jdbc.internal.ResultSetReturnImpl.executeUpdate(ResultSetReturnImpl.java:197)
            at app//org.hibernate.engine.jdbc.mutation.internal.AbstractMutationExecutor.performNonBatchedMutation(AbstractMutationExecutor.java:134)
            at app//org.hibernate.engine.jdbc.mutation.internal.MutationExecutorSingleNonBatched.performNonBatchedOperations(MutationExecutorSingleNonBatched.java:55)
            at app//org.hibernate.engine.jdbc.mutation.internal.AbstractMutationExecutor.execute(AbstractMutationExecutor.java:55)
            at app//org.hibernate.persister.entity.mutation.AbstractDeleteCoordinator.doStaticDelete(AbstractDeleteCoordinator.java:280)
            at app//org.hibernate.persister.entity.mutation.AbstractDeleteCoordinator.delete(AbstractDeleteCoordinator.java:87)
            at app//org.hibernate.action.internal.EntityDeleteAction.execute(EntityDeleteAction.java:131)
            at app//org.hibernate.engine.spi.ActionQueue.executeActions(ActionQueue.java:644)
            at app//org.hibernate.engine.spi.ActionQueue.executeActions(ActionQueue.java:511)
            at app//org.hibernate.event.internal.AbstractFlushingEventListener.performExecutions(AbstractFlushingEventListener.java:414)
            at app//org.hibernate.event.internal.DefaultFlushEventListener.onFlush(DefaultFlushEventListener.java:41)
            at app//org.hibernate.event.service.internal.EventListenerGroupImpl.fireEventOnEachListener(EventListenerGroupImpl.java:127)
            at app//org.hibernate.internal.SessionImpl.doFlush(SessionImpl.java:1429)
            at app//org.hibernate.internal.SessionImpl.managedFlush(SessionImpl.java:491)
            at app//org.hibernate.internal.SessionImpl.flushBeforeTransactionCompletion(SessionImpl.java:2354)
            at app//org.hibernate.internal.SessionImpl.beforeTransactionCompletion(SessionImpl.java:1978)
            at app//org.hibernate.engine.jdbc.internal.JdbcCoordinatorImpl.beforeTransactionCompletion(JdbcCoordinatorImpl.java:439)
            at app//org.hibernate.resource.transaction.backend.jdbc.internal.JdbcResourceLocalTransactionCoordinatorImpl.beforeCompletionCallback(JdbcResourceLocalTransactionCoordinatorImpl.java:169)
            at app//org.hibernate.resource.transaction.backend.jdbc.internal.JdbcResourceLocalTransactionCoordinatorImpl$TransactionDriverControlImpl.commit(JdbcResourceLocalTransactionCoordinatorImpl.java:267)
            at app//org.hibernate.engine.transaction.internal.TransactionImpl.commit(TransactionImpl.java:101)
            at app//org.springframework.orm.jpa.JpaTransactionManager.doCommit(JpaTransactionManager.java:563)
            ... 13 more

            Caused by:
            org.h2.jdbc.JdbcSQLIntegrityConstraintViolationException: Нарушение ссылочной целостности: "CONSTRAINT_3D: PUBLIC.DEALS FOREIGN KEY(LEAD_ID) REFERENCES PUBLIC.LEADS(ID) (UUID '7754c4d6-c4cc-4105-888b-968630ac15d4')"
            Referential integrity constraint violation: "CONSTRAINT_3D: PUBLIC.DEALS FOREIGN KEY(LEAD_ID) REFERENCES PUBLIC.LEADS(ID) (UUID '7754c4d6-c4cc-4105-888b-968630ac15d4')"; SQL statement:
            /* delete for ru.mentee.power.crm.model.Le [23503-232]
                at app//org.h2.message.DbException.getJdbcSQLException(DbException.java:520)
                at app//org.h2.message.DbException.getJdbcSQLException(DbException.java:489)
                at app//org.h2.message.DbException.get(DbException.java:223)
                at app//org.h2.message.DbException.get(DbException.java:199)
                at app//org.h2.constraint.ConstraintReferential.checkRow(ConstraintReferential.java:362)
                at app//org.h2.constraint.ConstraintReferential.checkRowRefTable(ConstraintReferential.java:379)
                at app//org.h2.constraint.ConstraintReferential.checkRow(ConstraintReferential.java:253)
                at app//org.h2.table.Table.fireConstraints(Table.java:1227)
                at app//org.h2.table.Table.fireAfterRow(Table.java:1245)
                at app//org.h2.command.dml.Delete.update(Delete.java:92)
                at app//org.h2.command.dml.DataChangeStatement.update(DataChangeStatement.java:74)
                at app//org.h2.command.CommandContainer.update(CommandContainer.java:139)
                at app//org.h2.command.Command.executeUpdate(Command.java:304)
                at app//org.h2.command.Command.executeUpdate(Command.java:248)
                at app//org.h2.jdbc.JdbcPreparedStatement.executeUpdateInternal(JdbcPreparedStatement.java:213)
                at app//org.h2.jdbc.JdbcPreparedStatement.executeUpdate(JdbcPreparedStatement.java:172)
                at app//com.zaxxer.hikari.pool.ProxyPreparedStatement.executeUpdate(ProxyPreparedStatement.java:61)
                at app//com.zaxxer.hikari.pool.HikariProxyPreparedStatement.executeUpdate(HikariProxyPreparedStatement.java)
                at app//org.hibernate.engine.jdbc.internal.ResultSetReturnImpl.executeUpdate(ResultSetReturnImpl.java:194)
                ... 33 more

LeadServiceTest > searchByCompanyShouldReturnPage() STANDARD_OUT
    2026-06-23T23:14:16.584+03:00 DEBUG 26748 --- [mentee-power-crm] [    Test worker] org.hibernate.SQL                        : 
        /* <criteria> */ select
            l1_0.id,
            l1_0.company_id,
            l1_0.created_at,
            l1_0.email,
            l1_0.name,
            l1_0.status,
            l1_0.version 
        from
            leads l1_0
    Hibernate: 
        /* <criteria> */ select
            l1_0.id,
            l1_0.company_id,
            l1_0.created_at,
            l1_0.email,
            l1_0.name,
            l1_0.status,
            l1_0.version 
        from
            leads l1_0
    2026-06-23T23:14:16.586+03:00 DEBUG 26748 --- [mentee-power-crm] [    Test worker] org.hibernate.SQL                        : 
        /* delete for ru.mentee.power.crm.model.Lead */delete 
        from
            leads 
        where
            id=? 
            and version=?
    Hibernate: 
        /* delete for ru.mentee.power.crm.model.Lead */delete 
        from
            leads 
        where
            id=? 
            and version=?
    2026-06-23T23:14:16.586+03:00 TRACE 26748 --- [mentee-power-crm] [    Test worker] org.hibernate.orm.jdbc.bind              : binding parameter (1:UUID) <- [7754c4d6-c4cc-4105-888b-968630ac15d4]
    2026-06-23T23:14:16.586+03:00 TRACE 26748 --- [mentee-power-crm] [    Test worker] org.hibernate.orm.jdbc.bind              : binding parameter (2:BIGINT) <- [1]
    2026-06-23T23:14:16.587+03:00  WARN 26748 --- [mentee-power-crm] [    Test worker] o.h.engine.jdbc.spi.SqlExceptionHelper   : SQL Error: 23503, SQLState: 23503
    2026-06-23T23:14:16.587+03:00 ERROR 26748 --- [mentee-power-crm] [    Test worker] o.h.engine.jdbc.spi.SqlExceptionHelper   : Нарушение ссылочной целостности: "CONSTRAINT_3D: PUBLIC.DEALS FOREIGN KEY(LEAD_ID) REFERENCES PUBLIC.LEADS(ID) (UUID '7754c4d6-c4cc-4105-888b-968630ac15d4')"
    Referential integrity constraint violation: "CONSTRAINT_3D: PUBLIC.DEALS FOREIGN KEY(LEAD_ID) REFERENCES PUBLIC.LEADS(ID) (UUID '7754c4d6-c4cc-4105-888b-968630ac15d4')"; SQL statement:
    /* delete for ru.mentee.power.crm.model.Le [23503-232]
    2026-06-23T23:14:16.589+03:00 DEBUG 26748 --- [mentee-power-crm] [    Test worker] org.hibernate.SQL                        : 
        /* <criteria> */ select
            l1_0.id,
            l1_0.company_id,
            l1_0.created_at,
            l1_0.email,
            l1_0.name,
            l1_0.status,
            l1_0.version 
        from
            leads l1_0
    Hibernate: 
        /* <criteria> */ select
            l1_0.id,
            l1_0.company_id,
            l1_0.created_at,
            l1_0.email,
            l1_0.name,
            l1_0.status,
            l1_0.version 
        from
            leads l1_0
    2026-06-23T23:14:16.592+03:00 DEBUG 26748 --- [mentee-power-crm] [    Test worker] org.hibernate.SQL                        : 
        /* delete for ru.mentee.power.crm.model.Lead */delete 
        from
            leads 
        where
            id=? 
            and version=?
    Hibernate: 
        /* delete for ru.mentee.power.crm.model.Lead */delete 
        from
            leads 
        where
            id=? 
            and version=?
    2026-06-23T23:14:16.592+03:00 TRACE 26748 --- [mentee-power-crm] [    Test worker] org.hibernate.orm.jdbc.bind              : binding parameter (1:UUID) <- [7754c4d6-c4cc-4105-888b-968630ac15d4]
    2026-06-23T23:14:16.592+03:00 TRACE 26748 --- [mentee-power-crm] [    Test worker] org.hibernate.orm.jdbc.bind              : binding parameter (2:BIGINT) <- [1]
    2026-06-23T23:14:16.593+03:00  WARN 26748 --- [mentee-power-crm] [    Test worker] o.h.engine.jdbc.spi.SqlExceptionHelper   : SQL Error: 23503, SQLState: 23503
    2026-06-23T23:14:16.593+03:00 ERROR 26748 --- [mentee-power-crm] [    Test worker] o.h.engine.jdbc.spi.SqlExceptionHelper   : Нарушение ссылочной целостности: "CONSTRAINT_3D: PUBLIC.DEALS FOREIGN KEY(LEAD_ID) REFERENCES PUBLIC.LEADS(ID) (UUID '7754c4d6-c4cc-4105-888b-968630ac15d4')"
    Referential integrity constraint violation: "CONSTRAINT_3D: PUBLIC.DEALS FOREIGN KEY(LEAD_ID) REFERENCES PUBLIC.LEADS(ID) (UUID '7754c4d6-c4cc-4105-888b-968630ac15d4')"; SQL statement:
    /* delete for ru.mentee.power.crm.model.Le [23503-232]

LeadServiceTest > searchByCompanyShouldReturnPage() FAILED
    org.springframework.dao.DataIntegrityViolationException: could not execute statement [Нарушение ссылочной целостности: "CONSTRAINT_3D: PUBLIC.DEALS FOREIGN KEY(LEAD_ID) REFERENCES PUBLIC.LEADS(ID) (UUID '7754c4d6-c4cc-4105-888b-968630ac15d4')"
    Referential integrity constraint violation: "CONSTRAINT_3D: PUBLIC.DEALS FOREIGN KEY(LEAD_ID) REFERENCES PUBLIC.LEADS(ID) (UUID '7754c4d6-c4cc-4105-888b-968630ac15d4')"; SQL statement:
    /* delete for ru.mentee.power.crm.model.Le [23503-232]] [/* delete for ru.mentee.power.crm.model.Lead */delete from leads where id=? and version=?]; SQL [/* delete for ru.mentee.power.crm.model.Lead */delete from leads where id=? and version=?]; constraint [CONSTRAINT_3D: PUBLIC.DEALS FOREIGN KEY(LEAD_ID) REFERENCES PUBLIC.LEADS(ID) (UUID '7754c4d6-c4cc-4105-888b-968630ac15d4'); SQL statement:
    /* delete for ru.mentee.power.crm.model.Le [23503-232]]
        at app//org.springframework.orm.jpa.vendor.HibernateJpaDialect.convertHibernateAccessException(HibernateJpaDialect.java:294)
        at app//org.springframework.orm.jpa.vendor.HibernateJpaDialect.convertHibernateAccessException(HibernateJpaDialect.java:256)
        at app//org.springframework.orm.jpa.vendor.HibernateJpaDialect.translateExceptionIfPossible(HibernateJpaDialect.java:241)
        at app//org.springframework.orm.jpa.JpaTransactionManager.doCommit(JpaTransactionManager.java:567)
        at app//org.springframework.transaction.support.AbstractPlatformTransactionManager.processCommit(AbstractPlatformTransactionManager.java:795)
        at app//org.springframework.transaction.support.AbstractPlatformTransactionManager.commit(AbstractPlatformTransactionManager.java:758)
        at app//org.springframework.transaction.interceptor.TransactionAspectSupport.commitTransactionAfterReturning(TransactionAspectSupport.java:698)
        at app//org.springframework.transaction.interceptor.TransactionAspectSupport.invokeWithinTransaction(TransactionAspectSupport.java:416)
        at app//org.springframework.transaction.interceptor.TransactionInterceptor.invoke(TransactionInterceptor.java:119)
        at app//org.springframework.aop.framework.ReflectiveMethodInvocation.proceed(ReflectiveMethodInvocation.java:184)
        at app//org.springframework.dao.support.PersistenceExceptionTranslationInterceptor.invoke(PersistenceExceptionTranslationInterceptor.java:138)
        at app//org.springframework.aop.framework.ReflectiveMethodInvocation.proceed(ReflectiveMethodInvocation.java:184)
        at app//org.springframework.data.jpa.repository.support.CrudMethodMetadataPostProcessor$CrudMethodMetadataPopulatingMethodInterceptor.invoke(CrudMethodMetadataPostProcessor.java:165)
        at app//org.springframework.aop.framework.ReflectiveMethodInvocation.proceed(ReflectiveMethodInvocation.java:184)
        at app//org.springframework.aop.framework.JdkDynamicAopProxy.invoke(JdkDynamicAopProxy.java:223)
        at app/jdk.proxy3/jdk.proxy3.$Proxy170.deleteAll(Unknown Source)
        at app//ru.mentee.power.crm.spring.service.LeadServiceTest.setUp(LeadServiceTest.java:46)

        Caused by:

Gradle Test Executor 10 finished executing tests.
2026-06-23T23:14:16.638+03:00  INFO 26748 --- [mentee-power-crm] [ionShutdownHook] j.LocalContainerEntityManagerFactoryBean : Closing JPA EntityManagerFactory for persistence unit 'default'
2026-06-23T23:14:16.642+03:00  INFO 26748 --- [mentee-power-crm] [ionShutdownHook] com.zaxxer.hikari.HikariDataSource       : HikariPool-1 - Shutdown initiated...
2026-06-23T23:14:16.644+03:00  INFO 26748 --- [mentee-power-crm] [ionShutdownHook] com.zaxxer.hikari.HikariDataSource       : HikariPool-1 - Shutdown completed.
2026-06-23T23:14:16.646+03:00  INFO 26748 --- [mentee-power-crm] [ionShutdownHook] j.LocalContainerEntityManagerFactoryBean : Closing JPA EntityManagerFactory for persistence unit 'default'
2026-06-23T23:14:16.647+03:00  INFO 26748 --- [mentee-power-crm] [ionShutdownHook] j.LocalContainerEntityManagerFactoryBean : Closing JPA EntityManagerFactory for persistence unit 'default'
2026-06-23T23:14:16.648+03:00  INFO 26748 --- [mentee-power-crm] [ionShutdownHook] com.zaxxer.hikari.HikariDataSource       : HikariPool-2 - Shutdown initiated...
2026-06-23T23:14:16.649+03:00  INFO 26748 --- [mentee-power-crm] [ionShutdownHook] com.zaxxer.hikari.HikariDataSource       : HikariPool-2 - Shutdown completed.
2026-06-23T23:14:16.651+03:00  INFO 26748 --- [mentee-power-crm] [ionShutdownHook] j.LocalContainerEntityManagerFactoryBean : Closing JPA EntityManagerFactory for persistence unit 'default'
2026-06-23T23:14:16.652+03:00  INFO 26748 --- [mentee-power-crm] [ionShutdownHook] com.zaxxer.hikari.HikariDataSource       : HikariPool-3 - Shutdown initiated...
2026-06-23T23:14:16.653+03:00  INFO 26748 --- [mentee-power-crm] [ionShutdownHook] com.zaxxer.hikari.HikariDataSource       : HikariPool-3 - Shutdown completed.
2026-06-23T23:14:16.656+03:00  INFO 26748 --- [mentee-power-crm] [ionShutdownHook] j.LocalContainerEntityManagerFactoryBean : Closing JPA EntityManagerFactory for persistence unit 'default'
2026-06-23T23:14:16.657+03:00  INFO 26748 --- [mentee-power-crm] [ionShutdownHook] com.zaxxer.hikari.HikariDataSource       : HikariPool-4 - Shutdown initiated...
2026-06-23T23:14:16.658+03:00  INFO 26748 --- [mentee-power-crm] [ionShutdownHook] com.zaxxer.hikari.HikariDataSource       : HikariPool-4 - Shutdown completed.

> Task :test FAILED
        org.hibernate.exception.ConstraintViolationException: could not execute statement [Нарушение ссылочной целостности: "CONSTRAINT_3D: PUBLIC.DEALS FOREIGN KEY(LEAD_ID) REFERENCES PUBLIC.LEADS(ID) (UUID '7754c4d6-c4cc-4105-888b-968630ac15d4')"
        Referential integrity constraint violation: "CONSTRAINT_3D: PUBLIC.DEALS FOREIGN KEY(LEAD_ID) REFERENCES PUBLIC.LEADS(ID) (UUID '7754c4d6-c4cc-4105-888b-968630ac15d4')"; SQL statement:
        /* delete for ru.mentee.power.crm.model.Le [23503-232]] [/* delete for ru.mentee.power.crm.model.Lead */delete from leads where id=? and version=?]
            at app//org.hibernate.exception.internal.SQLExceptionTypeDelegate.convert(SQLExceptionTypeDelegate.java:62)
            at app//org.hibernate.exception.internal.StandardSQLExceptionConverter.convert(StandardSQLExceptionConverter.java:58)
            at app//org.hibernate.engine.jdbc.spi.SqlExceptionHelper.convert(SqlExceptionHelper.java:108)
            at app//org.hibernate.engine.jdbc.internal.ResultSetReturnImpl.executeUpdate(ResultSetReturnImpl.java:197)
            at app//org.hibernate.engine.jdbc.mutation.internal.AbstractMutationExecutor.performNonBatchedMutation(AbstractMutationExecutor.java:134)
            at app//org.hibernate.engine.jdbc.mutation.internal.MutationExecutorSingleNonBatched.performNonBatchedOperations(MutationExecutorSingleNonBatched.java:55)
            at app//org.hibernate.engine.jdbc.mutation.internal.AbstractMutationExecutor.execute(AbstractMutationExecutor.java:55)
            at app//org.hibernate.persister.entity.mutation.AbstractDeleteCoordinator.doStaticDelete(AbstractDeleteCoordinator.java:280)
            at app//org.hibernate.persister.entity.mutation.AbstractDeleteCoordinator.delete(AbstractDeleteCoordinator.java:87)
            at app//org.hibernate.action.internal.EntityDeleteAction.execute(EntityDeleteAction.java:131)
            at app//org.hibernate.engine.spi.ActionQueue.executeActions(ActionQueue.java:644)
            at app//org.hibernate.engine.spi.ActionQueue.executeActions(ActionQueue.java:511)
            at app//org.hibernate.event.internal.AbstractFlushingEventListener.performExecutions(AbstractFlushingEventListener.java:414)
            at app//org.hibernate.event.internal.DefaultFlushEventListener.onFlush(DefaultFlushEventListener.java:41)
            at app//org.hibernate.event.service.internal.EventListenerGroupImpl.fireEventOnEachListener(EventListenerGroupImpl.java:127)
            at app//org.hibernate.internal.SessionImpl.doFlush(SessionImpl.java:1429)
            at app//org.hibernate.internal.SessionImpl.managedFlush(SessionImpl.java:491)
            at app//org.hibernate.internal.SessionImpl.flushBeforeTransactionCompletion(SessionImpl.java:2354)
            at app//org.hibernate.internal.SessionImpl.beforeTransactionCompletion(SessionImpl.java:1978)
            at app//org.hibernate.engine.jdbc.internal.JdbcCoordinatorImpl.beforeTransactionCompletion(JdbcCoordinatorImpl.java:439)
            at app//org.hibernate.resource.transaction.backend.jdbc.internal.JdbcResourceLocalTransactionCoordinatorImpl.beforeCompletionCallback(JdbcResourceLocalTransactionCoordinatorImpl.java:169)
            at app//org.hibernate.resource.transaction.backend.jdbc.internal.JdbcResourceLocalTransactionCoordinatorImpl$TransactionDriverControlImpl.commit(JdbcResourceLocalTransactionCoordinatorImpl.java:267)
            at app//org.hibernate.engine.transaction.internal.TransactionImpl.commit(TransactionImpl.java:101)
            at app//org.springframework.orm.jpa.JpaTransactionManager.doCommit(JpaTransactionManager.java:563)
            ... 13 more

            Caused by:
            org.h2.jdbc.JdbcSQLIntegrityConstraintViolationException: Нарушение ссылочной целостности: "CONSTRAINT_3D: PUBLIC.DEALS FOREIGN KEY(LEAD_ID) REFERENCES PUBLIC.LEADS(ID) (UUID '7754c4d6-c4cc-4105-888b-968630ac15d4')"
            Referential integrity constraint violation: "CONSTRAINT_3D: PUBLIC.DEALS FOREIGN KEY(LEAD_ID) REFERENCES PUBLIC.LEADS(ID) (UUID '7754c4d6-c4cc-4105-888b-968630ac15d4')"; SQL statement:
            /* delete for ru.mentee.power.crm.model.Le [23503-232]
                at app//org.h2.message.DbException.getJdbcSQLException(DbException.java:520)
                at app//org.h2.message.DbException.getJdbcSQLException(DbException.java:489)
                at app//org.h2.message.DbException.get(DbException.java:223)
                at app//org.h2.message.DbException.get(DbException.java:199)
                at app//org.h2.constraint.ConstraintReferential.checkRow(ConstraintReferential.java:362)
                at app//org.h2.constraint.ConstraintReferential.checkRowRefTable(ConstraintReferential.java:379)
                at app//org.h2.constraint.ConstraintReferential.checkRow(ConstraintReferential.java:253)
                at app//org.h2.table.Table.fireConstraints(Table.java:1227)
                at app//org.h2.table.Table.fireAfterRow(Table.java:1245)
                at app//org.h2.command.dml.Delete.update(Delete.java:92)
                at app//org.h2.command.dml.DataChangeStatement.update(DataChangeStatement.java:74)
                at app//org.h2.command.CommandContainer.update(CommandContainer.java:139)
                at app//org.h2.command.Command.executeUpdate(Command.java:304)
                at app//org.h2.command.Command.executeUpdate(Command.java:248)
                at app//org.h2.jdbc.JdbcPreparedStatement.executeUpdateInternal(JdbcPreparedStatement.java:213)
                at app//org.h2.jdbc.JdbcPreparedStatement.executeUpdate(JdbcPreparedStatement.java:172)
                at app//com.zaxxer.hikari.pool.ProxyPreparedStatement.executeUpdate(ProxyPreparedStatement.java:61)
                at app//com.zaxxer.hikari.pool.HikariProxyPreparedStatement.executeUpdate(HikariProxyPreparedStatement.java)
                at app//org.hibernate.engine.jdbc.internal.ResultSetReturnImpl.executeUpdate(ResultSetReturnImpl.java:194)
                ... 33 more

162 tests completed, 3 failed
Finished generating test XML results (0.051 secs) into: C:\Users\david\Projects\backend-core\build\test-results\test
Generating HTML test report...
Finished generating test html results (0.035 secs) into: C:\Users\david\Projects\backend-core\build\reports\tests\test

[Incubating] Problems report is available at: file:///C:/Users/david/Projects/backend-core/build/reports/problems/problems-report.html

FAILURE: Build failed with an exception.

* What went wrong:
Execution failed for task ':test'.
> There were failing tests. See the report at: file:///C:/Users/david/Projects/backend-core/build/reports/tests/test/index.html

* Try:
> Run with --scan to generate a Build Scan (powered by Develocity).

Deprecated Gradle features were used in this build, making it incompatible with Gradle 10.

You can use '--warning-mode all' to show the individual deprecation warnings and determine if they come from your own scripts or plugins.

For more on this, please refer to https://docs.gradle.org/9.2.1/userguide/command_line_interface.html#sec:command_line_warnings in the Gradle documentation.

BUILD FAILED in 21s
9 actionable tasks: 8 executed, 1 up-to-date
Watched directory hierarchies: [C:\Users\david\Projects\backend-core]
